2025-08-28T11:27:36.3776859Z Current runner version: '2.328.0'
2025-08-28T11:27:36.3830592Z ##[group]Runner Image Provisioner
2025-08-28T11:27:36.3831927Z Hosted Compute Agent
2025-08-28T11:27:36.3832730Z Version: 20250825.382
2025-08-28T11:27:36.3833919Z Commit: 7109f2abf901479dac39397456e363ac0cca0730
2025-08-28T11:27:36.3835206Z Build Date: 2025-08-25T22:55:50Z
2025-08-28T11:27:36.3836112Z ##[endgroup]
2025-08-28T11:27:36.3836912Z ##[group]Operating System
2025-08-28T11:27:36.3837898Z Ubuntu
2025-08-28T11:27:36.3838647Z 24.04.3
2025-08-28T11:27:36.3839374Z LTS
2025-08-28T11:27:36.3840334Z ##[endgroup]
2025-08-28T11:27:36.3841168Z ##[group]Runner Image
2025-08-28T11:27:36.3842116Z Image: ubuntu-24.04
2025-08-28T11:27:36.3844302Z Version: 20250824.1.0
2025-08-28T11:27:36.3846048Z Included Software: https://github.com/actions/runner-images/blob/ubuntu24/20250824.1/images/ubuntu/Ubuntu2404-Readme.md
2025-08-28T11:27:36.3848632Z Image Release: https://github.com/actions/runner-images/releases/tag/ubuntu24%2F20250824.1
2025-08-28T11:27:36.3850449Z ##[endgroup]
2025-08-28T11:27:36.3852765Z ##[group]GITHUB_TOKEN Permissions
2025-08-28T11:27:36.3866556Z Contents: read
2025-08-28T11:27:36.3867395Z Metadata: read
2025-08-28T11:27:36.3868321Z Packages: read
2025-08-28T11:27:36.3869175Z ##[endgroup]
2025-08-28T11:27:36.3872251Z Secret source: Actions
2025-08-28T11:27:36.3882453Z Prepare workflow directory
2025-08-28T11:27:36.4477138Z Prepare all required actions
2025-08-28T11:27:36.4534234Z Getting action download info
2025-08-28T11:27:36.7732509Z Download action repository 'actions/checkout@v4' (SHA:08eba0b27e820071cde6df949e0beb9ba4906955)
2025-08-28T11:27:36.8594464Z Download action repository 'shivammathur/setup-php@v2' (SHA:ec406be512d7077f68eed36e63f4d91bc006edc4)
2025-08-28T11:27:37.1550621Z Download action repository 'actions/setup-node@v4' (SHA:49933ea5288caeca8642d1e84afbd3f7d6820020)
2025-08-28T11:27:37.3388958Z Complete job name: backend-tests
2025-08-28T11:27:37.3899630Z ##[group]Checking docker version
2025-08-28T11:27:37.3914885Z ##[command]/usr/bin/docker version --format '{{.Server.APIVersion}}'
2025-08-28T11:27:37.4710062Z '1.48'
2025-08-28T11:27:37.4725360Z Docker daemon API version: '1.48'
2025-08-28T11:27:37.4726233Z ##[command]/usr/bin/docker version --format '{{.Client.APIVersion}}'
2025-08-28T11:27:37.4898491Z '1.48'
2025-08-28T11:27:37.4912457Z Docker client API version: '1.48'
2025-08-28T11:27:37.4918538Z ##[endgroup]
2025-08-28T11:27:37.4922274Z ##[group]Clean up resources from previous jobs
2025-08-28T11:27:37.4927989Z ##[command]/usr/bin/docker ps --all --quiet --no-trunc --filter "label=61faff"
2025-08-28T11:27:37.5077862Z ##[command]/usr/bin/docker network prune --force --filter "label=61faff"
2025-08-28T11:27:37.5211894Z ##[endgroup]
2025-08-28T11:27:37.5212431Z ##[group]Create local container network
2025-08-28T11:27:37.5223332Z ##[command]/usr/bin/docker network create --label 61faff github_network_b760c3d7f2dc4c2a869869fdd4c271d7
2025-08-28T11:27:37.5997383Z d4e4442cfe9876f3833090fb85087b2a1b5695b7985548cd6377bba5c0b7b055
2025-08-28T11:27:37.6017885Z ##[endgroup]
2025-08-28T11:27:37.6041935Z ##[group]Starting postgres service container
2025-08-28T11:27:37.6061205Z ##[command]/usr/bin/docker pull postgres:17
2025-08-28T11:27:37.9051825Z 17: Pulling from library/postgres
2025-08-28T11:27:37.9664046Z 396b1da7636e: Pulling fs layer
2025-08-28T11:27:37.9666994Z f5465e2fc020: Pulling fs layer
2025-08-28T11:27:37.9667978Z c166c949e1c3: Pulling fs layer
2025-08-28T11:27:37.9668716Z 7fa725c973af: Pulling fs layer
2025-08-28T11:27:37.9669467Z 1f6dfcaad4e9: Pulling fs layer
2025-08-28T11:27:37.9670181Z b7a79609094c: Pulling fs layer
2025-08-28T11:27:37.9670921Z 901a9540064a: Pulling fs layer
2025-08-28T11:27:37.9671652Z 085f0a899c07: Pulling fs layer
2025-08-28T11:27:37.9672365Z 5d91a345d79a: Pulling fs layer
2025-08-28T11:27:37.9673459Z f7f2afaa1b41: Pulling fs layer
2025-08-28T11:27:37.9674225Z 36b4e7f51364: Pulling fs layer
2025-08-28T11:27:37.9675018Z 85558a023eea: Pulling fs layer
2025-08-28T11:27:37.9675740Z be9fdbdba096: Pulling fs layer
2025-08-28T11:27:37.9677376Z ae28e2b99a62: Pulling fs layer
2025-08-28T11:27:37.9678655Z 085f0a899c07: Waiting
2025-08-28T11:27:37.9679818Z 5d91a345d79a: Waiting
2025-08-28T11:27:37.9680969Z f7f2afaa1b41: Waiting
2025-08-28T11:27:37.9682103Z 36b4e7f51364: Waiting
2025-08-28T11:27:37.9683394Z 85558a023eea: Waiting
2025-08-28T11:27:37.9684618Z be9fdbdba096: Waiting
2025-08-28T11:27:37.9685826Z ae28e2b99a62: Waiting
2025-08-28T11:27:37.9687057Z 1f6dfcaad4e9: Waiting
2025-08-28T11:27:37.9688271Z b7a79609094c: Waiting
2025-08-28T11:27:37.9689527Z 901a9540064a: Waiting
2025-08-28T11:27:37.9690687Z 7fa725c973af: Waiting
2025-08-28T11:27:38.0550368Z f5465e2fc020: Verifying Checksum
2025-08-28T11:27:38.0555409Z f5465e2fc020: Download complete
2025-08-28T11:27:38.1092135Z c166c949e1c3: Verifying Checksum
2025-08-28T11:27:38.1095740Z c166c949e1c3: Download complete
2025-08-28T11:27:38.1523910Z 7fa725c973af: Download complete
2025-08-28T11:27:38.2042855Z 396b1da7636e: Verifying Checksum
2025-08-28T11:27:38.2046572Z 396b1da7636e: Download complete
2025-08-28T11:27:38.2660644Z 1f6dfcaad4e9: Verifying Checksum
2025-08-28T11:27:38.2664731Z 1f6dfcaad4e9: Download complete
2025-08-28T11:27:38.2898436Z 901a9540064a: Verifying Checksum
2025-08-28T11:27:38.2904332Z 901a9540064a: Download complete
2025-08-28T11:27:38.3472179Z 085f0a899c07: Download complete
2025-08-28T11:27:38.5307870Z b7a79609094c: Verifying Checksum
2025-08-28T11:27:38.5311386Z b7a79609094c: Download complete
2025-08-28T11:27:38.5313809Z f7f2afaa1b41: Verifying Checksum
2025-08-28T11:27:38.5315922Z f7f2afaa1b41: Download complete
2025-08-28T11:27:38.5317941Z 36b4e7f51364: Verifying Checksum
2025-08-28T11:27:38.5319950Z 36b4e7f51364: Download complete
2025-08-28T11:27:38.5340078Z 85558a023eea: Verifying Checksum
2025-08-28T11:27:38.5344558Z 85558a023eea: Download complete
2025-08-28T11:27:38.5979761Z be9fdbdba096: Verifying Checksum
2025-08-28T11:27:38.5985097Z be9fdbdba096: Download complete
2025-08-28T11:27:38.6061398Z ae28e2b99a62: Verifying Checksum
2025-08-28T11:27:38.6064869Z ae28e2b99a62: Download complete
2025-08-28T11:27:39.4839134Z 5d91a345d79a: Verifying Checksum
2025-08-28T11:27:39.4841644Z 5d91a345d79a: Download complete
2025-08-28T11:27:39.9231982Z 396b1da7636e: Pull complete
2025-08-28T11:27:41.9327862Z f5465e2fc020: Pull complete
2025-08-28T11:27:42.1296108Z c166c949e1c3: Pull complete
2025-08-28T11:27:42.1876183Z 7fa725c973af: Pull complete
2025-08-28T11:27:42.5201921Z 1f6dfcaad4e9: Pull complete
2025-08-28T11:27:42.6183536Z b7a79609094c: Pull complete
2025-08-28T11:27:42.6307429Z 901a9540064a: Pull complete
2025-08-28T11:27:42.6426798Z 085f0a899c07: Pull complete
2025-08-28T11:27:46.8293758Z 5d91a345d79a: Pull complete
2025-08-28T11:27:46.8526783Z f7f2afaa1b41: Pull complete
2025-08-28T11:27:46.8787353Z 36b4e7f51364: Pull complete
2025-08-28T11:27:46.8940418Z 85558a023eea: Pull complete
2025-08-28T11:27:46.9056531Z be9fdbdba096: Pull complete
2025-08-28T11:27:46.9194174Z ae28e2b99a62: Pull complete
2025-08-28T11:27:46.9239678Z Digest: sha256:29e0bb09c8e7e7fc265ea9f4367de9622e55bae6b0b97e7cce740c2d63c2ebc0
2025-08-28T11:27:46.9262650Z Status: Downloaded newer image for postgres:17
2025-08-28T11:27:46.9268625Z docker.io/library/postgres:17
2025-08-28T11:27:46.9335822Z ##[command]/usr/bin/docker create --name 3c61d57abe6c46f5baa94ad22e033a84_postgres17_ab2933 --label 61faff --network github_network_b760c3d7f2dc4c2a869869fdd4c271d7 --network-alias postgres -p 5432:5432 --health-cmd pg_isready --health-interval 10s --health-timeout 5s --health-retries 5 -e "POSTGRES_USER=postgres" -e "POSTGRES_PASSWORD=postgres" -e "POSTGRES_DB=testing" -e GITHUB_ACTIONS=true -e CI=true postgres:17
2025-08-28T11:27:46.9604728Z fbad97637e628eb3ae30fe7c96937a85ea585ce63aeeb648645ccd01f1a518b0
2025-08-28T11:27:46.9628550Z ##[command]/usr/bin/docker start fbad97637e628eb3ae30fe7c96937a85ea585ce63aeeb648645ccd01f1a518b0
2025-08-28T11:27:47.3252935Z fbad97637e628eb3ae30fe7c96937a85ea585ce63aeeb648645ccd01f1a518b0
2025-08-28T11:27:47.3279315Z ##[command]/usr/bin/docker ps --all --filter id=fbad97637e628eb3ae30fe7c96937a85ea585ce63aeeb648645ccd01f1a518b0 --filter status=running --no-trunc --format "{{.ID}} {{.Status}}"
2025-08-28T11:27:47.3484308Z fbad97637e628eb3ae30fe7c96937a85ea585ce63aeeb648645ccd01f1a518b0 Up Less than a second (health: starting)
2025-08-28T11:27:47.3508471Z ##[command]/usr/bin/docker port fbad97637e628eb3ae30fe7c96937a85ea585ce63aeeb648645ccd01f1a518b0
2025-08-28T11:27:47.3732948Z 5432/tcp -> 0.0.0.0:5432
2025-08-28T11:27:47.3734578Z 5432/tcp -> [::]:5432
2025-08-28T11:27:47.3785539Z ##[endgroup]
2025-08-28T11:27:47.3799911Z ##[group]Waiting for all services to be ready
2025-08-28T11:27:47.3819144Z ##[command]/usr/bin/docker inspect --format="{{if .Config.Healthcheck}}{{print .State.Health.Status}}{{end}}" fbad97637e628eb3ae30fe7c96937a85ea585ce63aeeb648645ccd01f1a518b0
2025-08-28T11:27:47.4054253Z starting
2025-08-28T11:27:47.4088388Z postgres service is starting, waiting 2 seconds before checking again.
2025-08-28T11:27:49.4097479Z ##[command]/usr/bin/docker inspect --format="{{if .Config.Healthcheck}}{{print .State.Health.Status}}{{end}}" fbad97637e628eb3ae30fe7c96937a85ea585ce63aeeb648645ccd01f1a518b0
2025-08-28T11:27:49.4226356Z starting
2025-08-28T11:27:49.4240336Z postgres service is starting, waiting 4 seconds before checking again.
2025-08-28T11:27:53.6017874Z ##[command]/usr/bin/docker inspect --format="{{if .Config.Healthcheck}}{{print .State.Health.Status}}{{end}}" fbad97637e628eb3ae30fe7c96937a85ea585ce63aeeb648645ccd01f1a518b0
2025-08-28T11:27:53.6160617Z starting
2025-08-28T11:27:53.6175050Z postgres service is starting, waiting 7 seconds before checking again.
2025-08-28T11:28:00.9250237Z ##[command]/usr/bin/docker inspect --format="{{if .Config.Healthcheck}}{{print .State.Health.Status}}{{end}}" fbad97637e628eb3ae30fe7c96937a85ea585ce63aeeb648645ccd01f1a518b0
2025-08-28T11:28:00.9377718Z healthy
2025-08-28T11:28:00.9395382Z postgres service is healthy.
2025-08-28T11:28:00.9396035Z ##[endgroup]
2025-08-28T11:28:00.9642918Z ##[group]Run actions/checkout@v4
2025-08-28T11:28:00.9643862Z with:
2025-08-28T11:28:00.9644074Z   repository: rusmanplatd/baselaravel12
2025-08-28T11:28:00.9644449Z   token: ***
2025-08-28T11:28:00.9644636Z   ssh-strict: true
2025-08-28T11:28:00.9644807Z   ssh-user: git
2025-08-28T11:28:00.9645005Z   persist-credentials: true
2025-08-28T11:28:00.9645208Z   clean: true
2025-08-28T11:28:00.9645391Z   sparse-checkout-cone-mode: true
2025-08-28T11:28:00.9645608Z   fetch-depth: 1
2025-08-28T11:28:00.9645776Z   fetch-tags: false
2025-08-28T11:28:00.9645953Z   show-progress: true
2025-08-28T11:28:00.9646124Z   lfs: false
2025-08-28T11:28:00.9646280Z   submodules: false
2025-08-28T11:28:00.9646449Z   set-safe-directory: true
2025-08-28T11:28:00.9646850Z ##[endgroup]
2025-08-28T11:28:01.0778673Z Syncing repository: rusmanplatd/baselaravel12
2025-08-28T11:28:01.0780546Z ##[group]Getting Git version info
2025-08-28T11:28:01.0781284Z Working directory is '/home/runner/work/baselaravel12/baselaravel12'
2025-08-28T11:28:01.0782291Z [command]/usr/bin/git version
2025-08-28T11:28:01.0853814Z git version 2.51.0
2025-08-28T11:28:01.0972296Z ##[endgroup]
2025-08-28T11:28:01.0978720Z Temporarily overriding HOME='/home/runner/work/_temp/0ee9acfd-71b7-4eae-831e-e05a70eb0467' before making global git config changes
2025-08-28T11:28:01.0979833Z Adding repository directory to the temporary git global config as a safe directory
2025-08-28T11:28:01.0980784Z [command]/usr/bin/git config --global --add safe.directory /home/runner/work/baselaravel12/baselaravel12
2025-08-28T11:28:01.0982394Z Deleting the contents of '/home/runner/work/baselaravel12/baselaravel12'
2025-08-28T11:28:01.0983584Z ##[group]Initializing the repository
2025-08-28T11:28:01.0984350Z [command]/usr/bin/git init /home/runner/work/baselaravel12/baselaravel12
2025-08-28T11:28:01.1053630Z hint: Using 'master' as the name for the initial branch. This default branch name
2025-08-28T11:28:01.1055626Z hint: is subject to change. To configure the initial branch name to use in all
2025-08-28T11:28:01.1056701Z hint: of your new repositories, which will suppress this warning, call:
2025-08-28T11:28:01.1057279Z hint:
2025-08-28T11:28:01.1057723Z hint: 	git config --global init.defaultBranch <name>
2025-08-28T11:28:01.1058191Z hint:
2025-08-28T11:28:01.1058662Z hint: Names commonly chosen instead of 'master' are 'main', 'trunk' and
2025-08-28T11:28:01.1059442Z hint: 'development'. The just-created branch can be renamed via this command:
2025-08-28T11:28:01.1060616Z hint:
2025-08-28T11:28:01.1060981Z hint: 	git branch -m <name>
2025-08-28T11:28:01.1061344Z hint:
2025-08-28T11:28:01.1061839Z hint: Disable this message with "git config set advice.defaultBranchName false"
2025-08-28T11:28:01.1062741Z Initialized empty Git repository in /home/runner/work/baselaravel12/baselaravel12/.git/
2025-08-28T11:28:01.1068610Z [command]/usr/bin/git remote add origin https://github.com/rusmanplatd/baselaravel12
2025-08-28T11:28:01.1106169Z ##[endgroup]
2025-08-28T11:28:01.1110093Z ##[group]Disabling automatic garbage collection
2025-08-28T11:28:01.1112353Z [command]/usr/bin/git config --local gc.auto 0
2025-08-28T11:28:01.1144797Z ##[endgroup]
2025-08-28T11:28:01.1146659Z ##[group]Setting up auth
2025-08-28T11:28:01.1152019Z [command]/usr/bin/git config --local --name-only --get-regexp core\.sshCommand
2025-08-28T11:28:01.1184700Z [command]/usr/bin/git submodule foreach --recursive sh -c "git config --local --name-only --get-regexp 'core\.sshCommand' && git config --local --unset-all 'core.sshCommand' || :"
2025-08-28T11:28:01.1488494Z [command]/usr/bin/git config --local --name-only --get-regexp http\.https\:\/\/github\.com\/\.extraheader
2025-08-28T11:28:01.1521175Z [command]/usr/bin/git submodule foreach --recursive sh -c "git config --local --name-only --get-regexp 'http\.https\:\/\/github\.com\/\.extraheader' && git config --local --unset-all 'http.https://github.com/.extraheader' || :"
2025-08-28T11:28:01.1752798Z [command]/usr/bin/git config --local http.https://github.com/.extraheader AUTHORIZATION: basic ***
2025-08-28T11:28:01.1790670Z ##[endgroup]
2025-08-28T11:28:01.1792671Z ##[group]Fetching the repository
2025-08-28T11:28:01.1799542Z [command]/usr/bin/git -c protocol.version=2 fetch --no-tags --prune --no-recurse-submodules --depth=1 origin +c189ce32aa00e135d83e381e15765d993b72e34e:refs/remotes/origin/master
2025-08-28T11:28:01.6670451Z From https://github.com/rusmanplatd/baselaravel12
2025-08-28T11:28:01.6671103Z  * [new ref]         c189ce32aa00e135d83e381e15765d993b72e34e -> origin/master
2025-08-28T11:28:01.6694862Z ##[endgroup]
2025-08-28T11:28:01.6696536Z ##[group]Determining the checkout info
2025-08-28T11:28:01.6698395Z ##[endgroup]
2025-08-28T11:28:01.6702424Z [command]/usr/bin/git sparse-checkout disable
2025-08-28T11:28:01.6748864Z [command]/usr/bin/git config --local --unset-all extensions.worktreeConfig
2025-08-28T11:28:01.6772736Z ##[group]Checking out the ref
2025-08-28T11:28:01.6776515Z [command]/usr/bin/git checkout --progress --force -B master refs/remotes/origin/master
2025-08-28T11:28:01.7401011Z Reset branch 'master'
2025-08-28T11:28:01.7402551Z branch 'master' set up to track 'origin/master'.
2025-08-28T11:28:01.7406052Z ##[endgroup]
2025-08-28T11:28:01.7445024Z [command]/usr/bin/git log -1 --format=%H
2025-08-28T11:28:01.7468609Z c189ce32aa00e135d83e381e15765d993b72e34e
2025-08-28T11:28:01.7643721Z ##[group]Run shivammathur/setup-php@v2
2025-08-28T11:28:01.7644006Z with:
2025-08-28T11:28:01.7644186Z   php-version: 8.3
2025-08-28T11:28:01.7644554Z   extensions: dom, curl, libxml, mbstring, zip, pcntl, pdo, pdo_pgsql, bcmath, soap, intl, gd, exif, iconv
2025-08-28T11:28:01.7644967Z   coverage: xdebug
2025-08-28T11:28:01.7645149Z   ini-file: production
2025-08-28T11:28:01.7645484Z   github-token: ***
2025-08-28T11:28:01.7645672Z ##[endgroup]
2025-08-28T11:28:01.8379298Z [command]/usr/bin/bash /home/runner/work/_actions/shivammathur/setup-php/v2/src/scripts/run.sh
2025-08-28T11:28:01.8691111Z
2025-08-28T11:28:01.8691636Z [90;1m==> [0m[37;1mSetup PHP[0m
2025-08-28T11:28:05.6135359Z [32;1m✓ [0m[34;1mPHP [0m[90;1mUpdated to PHP 8.3.24[0m
2025-08-28T11:28:05.6139621Z
2025-08-28T11:28:05.6141115Z [90;1m==> [0m[37;1mSetup Extensions[0m
2025-08-28T11:28:05.6640027Z [32;1m✓ [0m[34;1mdom [0m[90;1mEnabled[0m
2025-08-28T11:28:05.6671061Z [32;1m✓ [0m[34;1mcurl [0m[90;1mEnabled[0m
2025-08-28T11:28:05.6701559Z [32;1m✓ [0m[34;1mlibxml [0m[90;1mEnabled[0m
2025-08-28T11:28:05.6735806Z [32;1m✓ [0m[34;1mmbstring [0m[90;1mEnabled[0m
2025-08-28T11:28:05.6766433Z [32;1m✓ [0m[34;1mzip [0m[90;1mEnabled[0m
2025-08-28T11:28:05.6796007Z [32;1m✓ [0m[34;1mpcntl [0m[90;1mEnabled[0m
2025-08-28T11:28:05.6828801Z [32;1m✓ [0m[34;1mpdo [0m[90;1mEnabled[0m
2025-08-28T11:28:05.6846086Z [32;1m✓ [0m[34;1mpdo_pgsql [0m[90;1mEnabled[0m
2025-08-28T11:28:05.6875722Z [32;1m✓ [0m[34;1mbcmath [0m[90;1mEnabled[0m
2025-08-28T11:28:05.6906539Z [32;1m✓ [0m[34;1msoap [0m[90;1mEnabled[0m
2025-08-28T11:28:05.6937780Z [32;1m✓ [0m[34;1mintl [0m[90;1mEnabled[0m
2025-08-28T11:28:05.6967480Z [32;1m✓ [0m[34;1mgd [0m[90;1mEnabled[0m
2025-08-28T11:28:05.6999282Z [32;1m✓ [0m[34;1mexif [0m[90;1mEnabled[0m
2025-08-28T11:28:05.7029592Z [32;1m✓ [0m[34;1miconv [0m[90;1mEnabled[0m
2025-08-28T11:28:05.7033678Z
2025-08-28T11:28:05.7034026Z [90;1m==> [0m[37;1mSetup Tools[0m
2025-08-28T11:28:05.9645733Z [32;1m✓ [0m[34;1mcomposer [0m[90;1mAdded composer 2.8.11[0m
2025-08-28T11:28:05.9646531Z
2025-08-28T11:28:05.9648005Z [90;1m==> [0m[37;1mSetup Coverage[0m
2025-08-28T11:28:06.0682556Z [32;1m✓ [0m[34;1mxdebug [0m[90;1mXdebug 3.4.5 enabled as coverage driver[0m
2025-08-28T11:28:06.0687215Z
2025-08-28T11:28:06.0690778Z [90;1m==> [0m[37;1mSponsor setup-php[0m
2025-08-28T11:28:06.0692863Z [32;1m✓ [0m[34;1msetup-php [0m[90;1mhttps://setup-php.com/sponsor[0m
2025-08-28T11:28:06.0910067Z ##[group]Run actions/setup-node@v4
2025-08-28T11:28:06.0910326Z with:
2025-08-28T11:28:06.0910494Z   node-version: 22
2025-08-28T11:28:06.0910671Z   cache: npm
2025-08-28T11:28:06.0910860Z   always-auth: false
2025-08-28T11:28:06.0911049Z   check-latest: false
2025-08-28T11:28:06.0911352Z   token: ***
2025-08-28T11:28:06.0911523Z env:
2025-08-28T11:28:06.0911692Z   COMPOSER_PROCESS_TIMEOUT: 0
2025-08-28T11:28:06.0911919Z   COMPOSER_NO_INTERACTION: 1
2025-08-28T11:28:06.0912125Z   COMPOSER_NO_AUDIT: 1
2025-08-28T11:28:06.0912310Z ##[endgroup]
2025-08-28T11:28:06.2701813Z Found in cache @ /opt/hostedtoolcache/node/22.18.0/x64
2025-08-28T11:28:06.2706779Z ##[group]Environment details
2025-08-28T11:28:06.6834555Z node: v22.18.0
2025-08-28T11:28:06.6836376Z npm: 10.9.3
2025-08-28T11:28:06.6836677Z yarn: 1.22.22
2025-08-28T11:28:06.6837890Z ##[endgroup]
2025-08-28T11:28:06.6862405Z [command]/opt/hostedtoolcache/node/22.18.0/x64/bin/npm config get cache
2025-08-28T11:28:06.8457593Z /home/runner/.npm
2025-08-28T11:28:06.9446681Z npm cache is not found
2025-08-28T11:28:06.9561393Z ##[group]Run npm ci
2025-08-28T11:28:06.9561650Z [36;1mnpm ci[0m
2025-08-28T11:28:06.9613930Z shell: /usr/bin/bash -e {0}
2025-08-28T11:28:06.9614186Z env:
2025-08-28T11:28:06.9614365Z   COMPOSER_PROCESS_TIMEOUT: 0
2025-08-28T11:28:06.9614588Z   COMPOSER_NO_INTERACTION: 1
2025-08-28T11:28:06.9614795Z   COMPOSER_NO_AUDIT: 1
2025-08-28T11:28:06.9614976Z ##[endgroup]
2025-08-28T11:28:21.6978589Z
2025-08-28T11:28:21.6999835Z added 541 packages, and audited 542 packages in 15s
2025-08-28T11:28:21.7000525Z
2025-08-28T11:28:21.7000872Z 150 packages are looking for funding
2025-08-28T11:28:21.7001377Z   run `npm fund` for details
2025-08-28T11:28:21.7001701Z
2025-08-28T11:28:21.7001923Z found 0 vulnerabilities
2025-08-28T11:28:21.7685494Z ##[group]Run npm run build
2025-08-28T11:28:21.7685766Z [36;1mnpm run build[0m
2025-08-28T11:28:21.7720003Z shell: /usr/bin/bash -e {0}
2025-08-28T11:28:21.7720233Z env:
2025-08-28T11:28:21.7720408Z   COMPOSER_PROCESS_TIMEOUT: 0
2025-08-28T11:28:21.7720641Z   COMPOSER_NO_INTERACTION: 1
2025-08-28T11:28:21.7720846Z   COMPOSER_NO_AUDIT: 1
2025-08-28T11:28:21.7721030Z ##[endgroup]
2025-08-28T11:28:21.8794741Z
2025-08-28T11:28:21.8796676Z > build
2025-08-28T11:28:21.8798700Z > vite build
2025-08-28T11:28:21.8798920Z
2025-08-28T11:28:22.5576382Z [36mvite v7.1.2 [32mbuilding for production...[36m[39m
2025-08-28T11:28:23.0039935Z transforming...
2025-08-28T11:28:29.9067093Z [32m✓[39m 3735 modules transformed.
2025-08-28T11:28:30.5140934Z rendering chunks...
2025-08-28T11:28:30.8439855Z computing gzip size...
2025-08-28T11:28:30.8882311Z [2mpublic/build/[22m[32mmanifest.json                                 [39m[1m[2m 67.22 kB[22m[1m[22m[2m │ gzip:   5.51 kB[22m
2025-08-28T11:28:30.8908526Z [2mpublic/build/[22m[2massets/[22m[35mapp-FycXEOZg.css                       [39m[1m[2m142.48 kB[22m[1m[22m[2m │ gzip:  23.86 kB[22m
2025-08-28T11:28:30.8910820Z [2mpublic/build/[22m[2massets/[22m[36mindex-139m0cn-.js                      [39m[1m[2m  0.09 kB[22m[1m[22m[2m │ gzip:   0.10 kB[22m
2025-08-28T11:28:30.8912640Z [2mpublic/build/[22m[2massets/[22m[36mindex-Ddg1oI00.js                      [39m[1m[2m  0.23 kB[22m[1m[22m[2m │ gzip:   0.17 kB[22m
2025-08-28T11:28:30.8914941Z [2mpublic/build/[22m[2massets/[22m[36minput-error-Db32oykL.js                [39m[1m[2m  0.24 kB[22m[1m[22m[2m │ gzip:   0.20 kB[22m
2025-08-28T11:28:30.8916980Z [2mpublic/build/[22m[2massets/[22m[36mheading-small-BKQ0Sadq.js              [39m[1m[2m  0.26 kB[22m[1m[22m[2m │ gzip:   0.21 kB[22m
2025-08-28T11:28:30.8939452Z [2mpublic/build/[22m[2massets/[22m[36mcheck-COMBYwVL.js                      [39m[1m[2m  0.29 kB[22m[1m[22m[2m │ gzip:   0.24 kB[22m
2025-08-28T11:28:30.8941190Z [2mpublic/build/[22m[2massets/[22m[36mchevron-down-BRGZai-A.js               [39m[1m[2m  0.30 kB[22m[1m[22m[2m │ gzip:   0.24 kB[22m
2025-08-28T11:28:30.8942943Z [2mpublic/build/[22m[2massets/[22m[36mloader-circle-C3DUPD_N.js              [39m[1m[2m  0.32 kB[22m[1m[22m[2m │ gzip:   0.26 kB[22m
2025-08-28T11:28:30.8944967Z [2mpublic/build/[22m[2massets/[22m[36mplus-je1_Zts_.js                       [39m[1m[2m  0.33 kB[22m[1m[22m[2m │ gzip:   0.25 kB[22m
2025-08-28T11:28:30.8946756Z [2mpublic/build/[22m[2massets/[22m[36mfilter-DZCQrTSo.js                     [39m[1m[2m  0.34 kB[22m[1m[22m[2m │ gzip:   0.26 kB[22m
2025-08-28T11:28:30.8948199Z [2mpublic/build/[22m[2massets/[22m[36marrow-left-D2CS8BF0.js                 [39m[1m[2m  0.34 kB[22m[1m[22m[2m │ gzip:   0.27 kB[22m
2025-08-28T11:28:30.8949667Z [2mpublic/build/[22m[2massets/[22m[36msearch-CqcQOkVg.js                     [39m[1m[2m  0.34 kB[22m[1m[22m[2m │ gzip:   0.27 kB[22m
2025-08-28T11:28:30.8951062Z [2mpublic/build/[22m[2massets/[22m[36mclock-CeaPt--J.js                      [39m[1m[2m  0.35 kB[22m[1m[22m[2m │ gzip:   0.27 kB[22m
2025-08-28T11:28:30.8952395Z [2mpublic/build/[22m[2massets/[22m[36mtext-link-BirtkcXM.js                  [39m[1m[2m  0.36 kB[22m[1m[22m[2m │ gzip:   0.25 kB[22m
2025-08-28T11:28:30.8953998Z [2mpublic/build/[22m[2massets/[22m[36mcircle-check-big-D7lO_XQg.js           [39m[1m[2m  0.36 kB[22m[1m[22m[2m │ gzip:   0.28 kB[22m
2025-08-28T11:28:30.8955329Z [2mpublic/build/[22m[2massets/[22m[36muser-DSqc8MSa.js                       [39m[1m[2m  0.37 kB[22m[1m[22m[2m │ gzip:   0.28 kB[22m
2025-08-28T11:28:30.8956612Z [2mpublic/build/[22m[2massets/[22m[36msmartphone-BQlHtNVX.js                 [39m[1m[2m  0.37 kB[22m[1m[22m[2m │ gzip:   0.29 kB[22m
2025-08-28T11:28:30.8958377Z [2mpublic/build/[22m[2massets/[22m[36minfo-C6q7FHeB.js                       [39m[1m[2m  0.37 kB[22m[1m[22m[2m │ gzip:   0.28 kB[22m
2025-08-28T11:28:30.8959732Z [2mpublic/build/[22m[2massets/[22m[36mcircle-x-B-mL9S9-.js                   [39m[1m[2m  0.38 kB[22m[1m[22m[2m │ gzip:   0.28 kB[22m
2025-08-28T11:28:30.8961195Z [2mpublic/build/[22m[2massets/[22m[36mtablet-BeqvXuEf.js                     [39m[1m[2m  0.39 kB[22m[1m[22m[2m │ gzip:   0.30 kB[22m
2025-08-28T11:28:30.9004249Z [2mpublic/build/[22m[2massets/[22m[36mdollar-sign-BdeqPs7N.js                [39m[1m[2m  0.39 kB[22m[1m[22m[2m │ gzip:   0.30 kB[22m
2025-08-28T11:28:30.9006112Z [2mpublic/build/[22m[2massets/[22m[36mbriefcase-DaN5ufBh.js                  [39m[1m[2m  0.39 kB[22m[1m[22m[2m │ gzip:   0.30 kB[22m
2025-08-28T11:28:30.9007765Z [2mpublic/build/[22m[2massets/[22m[36mcopy-ClS2t11u.js                       [39m[1m[2m  0.41 kB[22m[1m[22m[2m │ gzip:   0.31 kB[22m
2025-08-28T11:28:30.9009525Z [2mpublic/build/[22m[2massets/[22m[36mglobe-DheUOo_Y.js                      [39m[1m[2m  0.41 kB[22m[1m[22m[2m │ gzip:   0.29 kB[22m
2025-08-28T11:28:30.9011145Z [2mpublic/build/[22m[2massets/[22m[36mchart-column-K9CLa7Ku.js               [39m[1m[2m  0.42 kB[22m[1m[22m[2m │ gzip:   0.30 kB[22m
2025-08-28T11:28:30.9012814Z [2mpublic/build/[22m[2massets/[22m[36mexternal-link-DLxabMCX.js              [39m[1m[2m  0.42 kB[22m[1m[22m[2m │ gzip:   0.30 kB[22m
2025-08-28T11:28:30.9014634Z [2mpublic/build/[22m[2massets/[22m[36meye-CMV36x9T.js                        [39m[1m[2m  0.43 kB[22m[1m[22m[2m │ gzip:   0.30 kB[22m
2025-08-28T11:28:30.9016210Z [2mpublic/build/[22m[2massets/[22m[36mmap-pin-DIh6DEwS.js                    [39m[1m[2m  0.43 kB[22m[1m[22m[2m │ gzip:   0.33 kB[22m
2025-08-28T11:28:30.9017791Z [2mpublic/build/[22m[2massets/[22m[36mcalendar-C6H_rRGa.js                   [39m[1m[2m  0.43 kB[22m[1m[22m[2m │ gzip:   0.30 kB[22m
2025-08-28T11:28:30.9019366Z [2mpublic/build/[22m[2massets/[22m[36mkey-Bj1gQ1cs.js                        [39m[1m[2m  0.43 kB[22m[1m[22m[2m │ gzip:   0.32 kB[22m
2025-08-28T11:28:30.9020952Z [2mpublic/build/[22m[2massets/[22m[36mmonitor-5KjfjIWH.js                    [39m[1m[2m  0.43 kB[22m[1m[22m[2m │ gzip:   0.31 kB[22m
2025-08-28T11:28:30.9022611Z [2mpublic/build/[22m[2massets/[22m[36mdownload-BZQegrTz.js                   [39m[1m[2m  0.44 kB[22m[1m[22m[2m │ gzip:   0.32 kB[22m
2025-08-28T11:28:30.9024480Z [2mpublic/build/[22m[2massets/[22m[36mtriangle-alert-B89wvP4J.js             [39m[1m[2m  0.44 kB[22m[1m[22m[2m │ gzip:   0.32 kB[22m
2025-08-28T11:28:30.9026232Z [2mpublic/build/[22m[2massets/[22m[36mshield-CcB5j00W.js                     [39m[1m[2m  0.44 kB[22m[1m[22m[2m │ gzip:   0.33 kB[22m
2025-08-28T11:28:30.9027964Z [2mpublic/build/[22m[2massets/[22m[36msquare-pen-BnqZ2cg2.js                 [39m[1m[2m  0.49 kB[22m[1m[22m[2m │ gzip:   0.34 kB[22m
2025-08-28T11:28:30.9029684Z [2mpublic/build/[22m[2massets/[22m[36msave-CoP4AtIy.js                       [39m[1m[2m  0.50 kB[22m[1m[22m[2m │ gzip:   0.33 kB[22m
2025-08-28T11:28:30.9031359Z [2mpublic/build/[22m[2massets/[22m[36mfile-text-C7RK5Tlu.js                  [39m[1m[2m  0.51 kB[22m[1m[22m[2m │ gzip:   0.32 kB[22m
2025-08-28T11:28:30.9034163Z [2mpublic/build/[22m[2massets/[22m[36mtrash-2-Co6n23yC.js                    [39m[1m[2m  0.53 kB[22m[1m[22m[2m │ gzip:   0.35 kB[22m
2025-08-28T11:28:30.9036016Z [2mpublic/build/[22m[2massets/[22m[36mindex-CVYabO_u.js                      [39m[1m[2m  0.56 kB[22m[1m[22m[2m │ gzip:   0.40 kB[22m
2025-08-28T11:28:30.9037766Z [2mpublic/build/[22m[2massets/[22m[36mbuilding-2-6QJ30Fdv.js                 [39m[1m[2m  0.61 kB[22m[1m[22m[2m │ gzip:   0.35 kB[22m
2025-08-28T11:28:30.9039766Z [2mpublic/build/[22m[2massets/[22m[36mtextarea-BNDK3RXj.js                   [39m[1m[2m  0.65 kB[22m[1m[22m[2m │ gzip:   0.40 kB[22m
2025-08-28T11:28:30.9041463Z [2mpublic/build/[22m[2massets/[22m[36mlabel-Dl8cBNZ5.js                      [39m[1m[2m  0.68 kB[22m[1m[22m[2m │ gzip:   0.43 kB[22m
2025-08-28T11:28:30.9043336Z [2mpublic/build/[22m[2massets/[22m[36mseparator-CcqS32W_.js                  [39m[1m[2m  0.80 kB[22m[1m[22m[2m │ gzip:   0.43 kB[22m
2025-08-28T11:28:30.9045112Z [2mpublic/build/[22m[2massets/[22m[36minput-CAHaX4Y5.js                      [39m[1m[2m  0.84 kB[22m[1m[22m[2m │ gzip:   0.46 kB[22m
2025-08-28T11:28:30.9047084Z [2mpublic/build/[22m[2massets/[22m[36mapp-logo-icon-CumUU6RB.js              [39m[1m[2m  0.87 kB[22m[1m[22m[2m │ gzip:   0.49 kB[22m
2025-08-28T11:28:30.9048713Z [2mpublic/build/[22m[2massets/[22m[36malert-CGq1g-Vv.js                      [39m[1m[2m  0.89 kB[22m[1m[22m[2m │ gzip:   0.48 kB[22m
2025-08-28T11:28:30.9050304Z [2mpublic/build/[22m[2massets/[22m[36mcard-BEpUDQ30.js                       [39m[1m[2m  0.93 kB[22m[1m[22m[2m │ gzip:   0.40 kB[22m
2025-08-28T11:28:30.9051868Z [2mpublic/build/[22m[2massets/[22m[36mplay-BDgwudEq.js                       [39m[1m[2m  0.97 kB[22m[1m[22m[2m │ gzip:   0.39 kB[22m
2025-08-28T11:28:30.9053845Z [2mpublic/build/[22m[2massets/[22m[36mauth-layout-CCZ0bhYF.js                [39m[1m[2m  1.10 kB[22m[1m[22m[2m │ gzip:   0.46 kB[22m
2025-08-28T11:28:30.9055545Z [2mpublic/build/[22m[2massets/[22m[36mverify-email-DCNizZwN.js               [39m[1m[2m  1.12 kB[22m[1m[22m[2m │ gzip:   0.62 kB[22m
2025-08-28T11:28:30.9057198Z [2mpublic/build/[22m[2massets/[22m[36mtable-C6ugg5ib.js                      [39m[1m[2m  1.22 kB[22m[1m[22m[2m │ gzip:   0.48 kB[22m
2025-08-28T11:28:30.9058882Z [2mpublic/build/[22m[2massets/[22m[36mconfirm-password-CaQxfZQM.js           [39m[1m[2m  1.27 kB[22m[1m[22m[2m │ gzip:   0.64 kB[22m
2025-08-28T11:28:30.9060523Z [2mpublic/build/[22m[2massets/[22m[36mbadge-BzXPTv7Z.js                      [39m[1m[2m  1.33 kB[22m[1m[22m[2m │ gzip:   0.61 kB[22m
2025-08-28T11:28:30.9062101Z [2mpublic/build/[22m[2massets/[22m[36mlayout-CxN5lEsH.js                     [39m[1m[2m  1.47 kB[22m[1m[22m[2m │ gzip:   0.69 kB[22m
2025-08-28T11:28:30.9064774Z [2mpublic/build/[22m[2massets/[22m[36mforgot-password-CgeYNxk2.js            [39m[1m[2m  1.56 kB[22m[1m[22m[2m │ gzip:   0.77 kB[22m
2025-08-28T11:28:30.9066750Z [2mpublic/build/[22m[2massets/[22m[36mtoAuthenticatorAttachment-BAxCDoik.js  [39m[1m[2m  1.58 kB[22m[1m[22m[2m │ gzip:   0.78 kB[22m
2025-08-28T11:28:30.9068633Z [2mpublic/build/[22m[2massets/[22m[36mreset-password-BiXMT2hJ.js             [39m[1m[2m  1.88 kB[22m[1m[22m[2m │ gzip:   0.74 kB[22m
2025-08-28T11:28:30.9070408Z [2mpublic/build/[22m[2massets/[22m[36mdashboard-DdGZpgh8.js                  [39m[1m[2m  2.02 kB[22m[1m[22m[2m │ gzip:   0.70 kB[22m
2025-08-28T11:28:30.9072129Z [2mpublic/build/[22m[2massets/[22m[36mformatDistanceToNow-Csm8duiP.js        [39m[1m[2m  2.30 kB[22m[1m[22m[2m │ gzip:   0.93 kB[22m
2025-08-28T11:28:30.9074032Z [2mpublic/build/[22m[2massets/[22m[36mregister-C_riAU33.js                   [39m[1m[2m  2.35 kB[22m[1m[22m[2m │ gzip:   0.90 kB[22m
2025-08-28T11:28:30.9075650Z [2mpublic/build/[22m[2massets/[22m[36mdialog-BDU8JbV8.js                     [39m[1m[2m  2.40 kB[22m[1m[22m[2m │ gzip:   0.88 kB[22m
2025-08-28T11:28:30.9077284Z [2mpublic/build/[22m[2massets/[22m[36mappearance-CU4z1Fsl.js                 [39m[1m[2m  2.47 kB[22m[1m[22m[2m │ gzip:   1.12 kB[22m
2025-08-28T11:28:30.9078898Z [2mpublic/build/[22m[2massets/[22m[36mpassword-DsiSMcw4.js                   [39m[1m[2m  2.66 kB[22m[1m[22m[2m │ gzip:   1.01 kB[22m
2025-08-28T11:28:30.9080517Z [2mpublic/build/[22m[2massets/[22m[36mswitch-BtgHkX9i.js                     [39m[1m[2m  2.67 kB[22m[1m[22m[2m │ gzip:   1.31 kB[22m
2025-08-28T11:28:30.9082295Z [2mpublic/build/[22m[2massets/[22m[36mIndex-CqJvt7O0.js                      [39m[1m[2m  3.26 kB[22m[1m[22m[2m │ gzip:   1.13 kB[22m
2025-08-28T11:28:30.9084089Z [2mpublic/build/[22m[2massets/[22m[36mCreate-BMduOk8k.js                     [39m[1m[2m  3.49 kB[22m[1m[22m[2m │ gzip:   1.17 kB[22m
2025-08-28T11:28:30.9085897Z [2mpublic/build/[22m[2massets/[22m[36mMfaChallenge-h3NeXTKp.js               [39m[1m[2m  3.49 kB[22m[1m[22m[2m │ gzip:   1.40 kB[22m
2025-08-28T11:28:30.9087912Z [2mpublic/build/[22m[2massets/[22m[36mSelect-BweVuExM.js                     [39m[1m[2m  3.56 kB[22m[1m[22m[2m │ gzip:   1.33 kB[22m
2025-08-28T11:28:30.9089638Z [2mpublic/build/[22m[2massets/[22m[36mtabs-8-7v0OU9.js                       [39m[1m[2m  3.57 kB[22m[1m[22m[2m │ gzip:   1.53 kB[22m
2025-08-28T11:28:30.9091283Z [2mpublic/build/[22m[2massets/[22m[36mEdit-kvRAdc0N.js                       [39m[1m[2m  3.61 kB[22m[1m[22m[2m │ gzip:   1.22 kB[22m
2025-08-28T11:28:30.9092941Z [2mpublic/build/[22m[2massets/[22m[36mIndex-19Ajvz85.js                      [39m[1m[2m  3.65 kB[22m[1m[22m[2m │ gzip:   1.21 kB[22m
2025-08-28T11:28:30.9094858Z [2mpublic/build/[22m[2massets/[22m[36mEdit-FHAhuZ8Y.js                       [39m[1m[2m  4.04 kB[22m[1m[22m[2m │ gzip:   1.48 kB[22m
2025-08-28T11:28:30.9096480Z [2mpublic/build/[22m[2massets/[22m[36mShow-CmwxNWlx.js                       [39m[1m[2m  4.10 kB[22m[1m[22m[2m │ gzip:   1.29 kB[22m
2025-08-28T11:28:30.9098121Z [2mpublic/build/[22m[2massets/[22m[36mTestCallback-CS3XpNeQ.js               [39m[1m[2m  4.13 kB[22m[1m[22m[2m │ gzip:   1.38 kB[22m
2025-08-28T11:28:30.9099754Z [2mpublic/build/[22m[2massets/[22m[36mIndex-4-pzI_2q.js                      [39m[1m[2m  4.14 kB[22m[1m[22m[2m │ gzip:   1.63 kB[22m
2025-08-28T11:28:30.9101395Z [2mpublic/build/[22m[2massets/[22m[36mcheckbox-fgDOMwtD.js                   [39m[1m[2m  4.20 kB[22m[1m[22m[2m │ gzip:   1.81 kB[22m
2025-08-28T11:28:30.9103263Z [2mpublic/build/[22m[2massets/[22m[36mEdit-uNiPDuPS.js                       [39m[1m[2m  4.24 kB[22m[1m[22m[2m │ gzip:   1.70 kB[22m
2025-08-28T11:28:30.9105033Z [2mpublic/build/[22m[2massets/[22m[36mCreate-zj8iw0tM.js                     [39m[1m[2m  4.40 kB[22m[1m[22m[2m │ gzip:   1.67 kB[22m
2025-08-28T11:28:30.9106752Z [2mpublic/build/[22m[2massets/[22m[36mCreate-H2HSt5mJ.js                     [39m[1m[2m  4.45 kB[22m[1m[22m[2m │ gzip:   1.78 kB[22m
2025-08-28T11:28:30.9108434Z [2mpublic/build/[22m[2massets/[22m[36mShow-DGN55mqX.js                       [39m[1m[2m  4.50 kB[22m[1m[22m[2m │ gzip:   1.23 kB[22m
2025-08-28T11:28:30.9109998Z [2mpublic/build/[22m[2massets/[22m[36mEdit-DrrhbMrQ.js                       [39m[1m[2m  4.51 kB[22m[1m[22m[2m │ gzip:   1.66 kB[22m
2025-08-28T11:28:30.9111571Z [2mpublic/build/[22m[2massets/[22m[36mIndex-BII7B6Ph.js                      [39m[1m[2m  4.55 kB[22m[1m[22m[2m │ gzip:   1.75 kB[22m
2025-08-28T11:28:30.9113428Z [2mpublic/build/[22m[2massets/[22m[36mCreate-W2a_P0Wl.js                     [39m[1m[2m  4.57 kB[22m[1m[22m[2m │ gzip:   1.42 kB[22m
2025-08-28T11:28:30.9115053Z [2mpublic/build/[22m[2massets/[22m[36mIndex-BBTgZaz7.js                      [39m[1m[2m  4.63 kB[22m[1m[22m[2m │ gzip:   1.74 kB[22m
2025-08-28T11:28:30.9116623Z [2mpublic/build/[22m[2massets/[22m[36mEdit-5gI2jlUA.js                       [39m[1m[2m  4.63 kB[22m[1m[22m[2m │ gzip:   1.47 kB[22m
2025-08-28T11:28:30.9118223Z [2mpublic/build/[22m[2massets/[22m[36malert-dialog-DJ6Jz6OG.js               [39m[1m[2m  4.74 kB[22m[1m[22m[2m │ gzip:   1.72 kB[22m
2025-08-28T11:28:30.9119821Z [2mpublic/build/[22m[2massets/[22m[36mindex-BE7hM5zI.js                      [39m[1m[2m  4.91 kB[22m[1m[22m[2m │ gzip:   2.07 kB[22m
2025-08-28T11:28:30.9121583Z [2mpublic/build/[22m[2massets/[22m[36mBoardMembers-BzEL0NPy.js               [39m[1m[2m  4.99 kB[22m[1m[22m[2m │ gzip:   1.67 kB[22m
2025-08-28T11:28:30.9123416Z [2mpublic/build/[22m[2massets/[22m[36mAuthorize-BygX7beF.js                  [39m[1m[2m  5.09 kB[22m[1m[22m[2m │ gzip:   1.89 kB[22m
2025-08-28T11:28:30.9125229Z [2mpublic/build/[22m[2massets/[22m[36mRoles-CBamqhgB.js                      [39m[1m[2m  5.09 kB[22m[1m[22m[2m │ gzip:   1.90 kB[22m
2025-08-28T11:28:30.9126924Z [2mpublic/build/[22m[2massets/[22m[36mShow-CEkJV3-l.js                       [39m[1m[2m  5.15 kB[22m[1m[22m[2m │ gzip:   1.47 kB[22m
2025-08-28T11:28:30.9128736Z [2mpublic/build/[22m[2massets/[22m[36mtrust-device-mnnNdMdU.js               [39m[1m[2m  5.61 kB[22m[1m[22m[2m │ gzip:   2.10 kB[22m
2025-08-28T11:28:30.9130343Z [2mpublic/build/[22m[2massets/[22m[36mShow-CYfporlo.js                       [39m[1m[2m  5.95 kB[22m[1m[22m[2m │ gzip:   1.64 kB[22m
2025-08-28T11:28:30.9131978Z [2mpublic/build/[22m[2massets/[22m[36mMembers-k4pBSQbQ.js                    [39m[1m[2m  6.09 kB[22m[1m[22m[2m │ gzip:   2.28 kB[22m
2025-08-28T11:28:30.9133797Z [2mpublic/build/[22m[2massets/[22m[36mAnalytics-5NmatWkC.js                  [39m[1m[2m  6.40 kB[22m[1m[22m[2m │ gzip:   1.70 kB[22m
2025-08-28T11:28:30.9135435Z [2mpublic/build/[22m[2massets/[22m[36mHierarchy-CxbDL9wE.js                  [39m[1m[2m  6.41 kB[22m[1m[22m[2m │ gzip:   2.02 kB[22m
2025-08-28T11:28:30.9137088Z [2mpublic/build/[22m[2massets/[22m[36mExecutives-tjdV1orO.js                 [39m[1m[2m  6.74 kB[22m[1m[22m[2m │ gzip:   2.32 kB[22m
2025-08-28T11:28:30.9138683Z [2mpublic/build/[22m[2massets/[22m[36mShow-DGcreG7-.js                       [39m[1m[2m  6.78 kB[22m[1m[22m[2m │ gzip:   2.01 kB[22m
2025-08-28T11:28:30.9140225Z [2mpublic/build/[22m[2massets/[22m[36mIndex-DSqXdYOa.js                      [39m[1m[2m  7.09 kB[22m[1m[22m[2m │ gzip:   2.18 kB[22m
2025-08-28T11:28:30.9141786Z [2mpublic/build/[22m[2massets/[22m[36mCreate-DervwzW7.js                     [39m[1m[2m  7.12 kB[22m[1m[22m[2m │ gzip:   1.95 kB[22m
2025-08-28T11:28:30.9143550Z [2mpublic/build/[22m[2massets/[22m[36mTestClient-Bv-YXXpt.js                 [39m[1m[2m  7.15 kB[22m[1m[22m[2m │ gzip:   2.43 kB[22m
2025-08-28T11:28:30.9145185Z [2mpublic/build/[22m[2massets/[22m[36mEdit-Dgxt3GBz.js                       [39m[1m[2m  7.61 kB[22m[1m[22m[2m │ gzip:   2.09 kB[22m
2025-08-28T11:28:30.9146756Z [2mpublic/build/[22m[2massets/[22m[36men-US-DIdCsyf3.js                      [39m[1m[2m  7.64 kB[22m[1m[22m[2m │ gzip:   2.72 kB[22m
2025-08-28T11:28:30.9148325Z [2mpublic/build/[22m[2massets/[22m[36mlogin-DVXepxiT.js                      [39m[1m[2m  8.16 kB[22m[1m[22m[2m │ gzip:   3.46 kB[22m
2025-08-28T11:28:30.9149865Z [2mpublic/build/[22m[2massets/[22m[36mShow-D7_oO_iT.js                       [39m[1m[2m  8.18 kB[22m[1m[22m[2m │ gzip:   2.32 kB[22m
2025-08-28T11:28:30.9151394Z [2mpublic/build/[22m[2massets/[22m[36mShow-Jm5hO6cA.js                       [39m[1m[2m  8.22 kB[22m[1m[22m[2m │ gzip:   1.95 kB[22m
2025-08-28T11:28:30.9152953Z [2mpublic/build/[22m[2massets/[22m[36mGovernance-SOcC_d__.js                 [39m[1m[2m  8.45 kB[22m[1m[22m[2m │ gzip:   2.24 kB[22m
2025-08-28T11:28:30.9154695Z [2mpublic/build/[22m[2massets/[22m[36mIndex-MCc5R65V.js                      [39m[1m[2m  8.54 kB[22m[1m[22m[2m │ gzip:   2.58 kB[22m
2025-08-28T11:28:30.9156274Z [2mpublic/build/[22m[2massets/[22m[36mCreate-DnIO_IeM.js                     [39m[1m[2m  8.74 kB[22m[1m[22m[2m │ gzip:   2.35 kB[22m
2025-08-28T11:28:30.9157825Z [2mpublic/build/[22m[2massets/[22m[36mEdit-2swspbTN.js                       [39m[1m[2m  8.92 kB[22m[1m[22m[2m │ gzip:   2.42 kB[22m
2025-08-28T11:28:30.9159399Z [2mpublic/build/[22m[2massets/[22m[36mCreate-DrrqMv00.js                     [39m[1m[2m  8.92 kB[22m[1m[22m[2m │ gzip:   2.41 kB[22m
2025-08-28T11:28:30.9161154Z [2mpublic/build/[22m[2massets/[22m[36mOperational-CwD4_qRN.js                [39m[1m[2m  9.12 kB[22m[1m[22m[2m │ gzip:   2.43 kB[22m
2025-08-28T11:28:30.9162749Z [2mpublic/build/[22m[2massets/[22m[36mEdit-Q-yLOIqX.js                       [39m[1m[2m  9.14 kB[22m[1m[22m[2m │ gzip:   2.54 kB[22m
2025-08-28T11:28:30.9164533Z [2mpublic/build/[22m[2massets/[22m[36mIndex-BVy85R8Y.js                      [39m[1m[2m  9.26 kB[22m[1m[22m[2m │ gzip:   2.78 kB[22m
2025-08-28T11:28:30.9166136Z [2mpublic/build/[22m[2massets/[22m[36mShow-CLbQw5k6.js                       [39m[1m[2m  9.42 kB[22m[1m[22m[2m │ gzip:   2.24 kB[22m
2025-08-28T11:28:30.9167599Z [2mpublic/build/[22m[2massets/[22m[36mtrusted-devices-Dd7iOdFT.js            [39m[1m[2m 10.04 kB[22m[1m[22m[2m │ gzip:   3.07 kB[22m
2025-08-28T11:28:30.9169078Z [2mpublic/build/[22m[2massets/[22m[36mprofile-DdHcyONK.js                    [39m[1m[2m 10.53 kB[22m[1m[22m[2m │ gzip:   3.91 kB[22m
2025-08-28T11:28:30.9170486Z [2mpublic/build/[22m[2massets/[22m[36mShow-C1Ppt2Hc.js                       [39m[1m[2m 11.40 kB[22m[1m[22m[2m │ gzip:   2.57 kB[22m
2025-08-28T11:28:30.9171960Z [2mpublic/build/[22m[2massets/[22m[36msessions-cMziar_Z.js                   [39m[1m[2m 11.58 kB[22m[1m[22m[2m │ gzip:   3.23 kB[22m
2025-08-28T11:28:30.9173724Z [2mpublic/build/[22m[2massets/[22m[36mformat-DwKfTZIm.js                     [39m[1m[2m 12.18 kB[22m[1m[22m[2m │ gzip:   3.26 kB[22m
2025-08-28T11:28:30.9175144Z [2mpublic/build/[22m[2massets/[22m[36msecurity-Znlhu4DP.js                   [39m[1m[2m 13.75 kB[22m[1m[22m[2m │ gzip:   4.08 kB[22m
2025-08-28T11:28:30.9176561Z [2mpublic/build/[22m[2massets/[22m[36mtransition-CLnpNiUo.js                 [39m[1m[2m 14.15 kB[22m[1m[22m[2m │ gzip:   5.63 kB[22m
2025-08-28T11:28:30.9178000Z [2mpublic/build/[22m[2massets/[22m[36mClients-Bas3NalN.js                    [39m[1m[2m 14.23 kB[22m[1m[22m[2m │ gzip:   4.15 kB[22m
2025-08-28T11:28:30.9179526Z [2mpublic/build/[22m[2massets/[22m[36mindex-BffLzI5g.js                      [39m[1m[2m 18.96 kB[22m[1m[22m[2m │ gzip:   4.44 kB[22m
2025-08-28T11:28:30.9181055Z [2mpublic/build/[22m[2massets/[22m[36mIndex-D5j7fFzl.js                      [39m[1m[2m 18.99 kB[22m[1m[22m[2m │ gzip:   5.11 kB[22m
2025-08-28T11:28:30.9182578Z [2mpublic/build/[22m[2massets/[22m[36mselect-CNTj7Mmf.js                     [39m[1m[2m 21.77 kB[22m[1m[22m[2m │ gzip:   7.65 kB[22m
2025-08-28T11:28:30.9184304Z [2mpublic/build/[22m[2massets/[22m[36mbutton-qao4e4Uu.js                     [39m[1m[2m 30.47 kB[22m[1m[22m[2m │ gzip:  10.04 kB[22m
2025-08-28T11:28:30.9185862Z [2mpublic/build/[22m[2massets/[22m[36mMfaSetup-CCalv0BC.js                   [39m[1m[2m 42.57 kB[22m[1m[22m[2m │ gzip:  15.00 kB[22m
2025-08-28T11:28:30.9187435Z [2mpublic/build/[22m[2massets/[22m[36mwelcome-Def841BQ.js                    [39m[1m[2m 48.16 kB[22m[1m[22m[2m │ gzip:   8.64 kB[22m
2025-08-28T11:28:30.9188975Z [2mpublic/build/[22m[2massets/[22m[36mlodash-ty5jHXjC.js                     [39m[1m[2m 72.04 kB[22m[1m[22m[2m │ gzip:  26.68 kB[22m
2025-08-28T11:28:30.9190519Z [2mpublic/build/[22m[2massets/[22m[36mschemas-BnGMgAv4.js                    [39m[1m[2m 72.63 kB[22m[1m[22m[2m │ gzip:  22.32 kB[22m
2025-08-28T11:28:30.9192096Z [2mpublic/build/[22m[2massets/[22m[36mapp-layout-cWkka0Se.js                 [39m[1m[2m136.36 kB[22m[1m[22m[2m │ gzip:  44.41 kB[22m
2025-08-28T11:28:30.9193808Z [2mpublic/build/[22m[2massets/[22m[36mchat-CQ7XPoii.js                       [39m[1m[2m179.32 kB[22m[1m[22m[2m │ gzip:  45.06 kB[22m
2025-08-28T11:28:30.9195200Z [2mpublic/build/[22m[2massets/[22m[36mapp-BwX3tcxY.js                        [39m[1m[2m341.33 kB[22m[1m[22m[2m │ gzip: 110.61 kB[22m
2025-08-28T11:28:30.9195979Z [32m✓ built in 8.30s[39m
2025-08-28T11:28:30.9944686Z ##[group]Run cp .env.example .env
2025-08-28T11:28:30.9945170Z [36;1mcp .env.example .env[0m
2025-08-28T11:28:30.9983980Z shell: /usr/bin/bash -e {0}
2025-08-28T11:28:30.9984209Z env:
2025-08-28T11:28:30.9984380Z   COMPOSER_PROCESS_TIMEOUT: 0
2025-08-28T11:28:30.9984621Z   COMPOSER_NO_INTERACTION: 1
2025-08-28T11:28:30.9984833Z   COMPOSER_NO_AUDIT: 1
2025-08-28T11:28:30.9985023Z ##[endgroup]
2025-08-28T11:28:31.0119467Z ##[group]Run composer install --no-progress --prefer-dist --optimize-autoloader
2025-08-28T11:28:31.0120663Z [36;1mcomposer install --no-progress --prefer-dist --optimize-autoloader[0m
2025-08-28T11:28:31.0161412Z shell: /usr/bin/bash -e {0}
2025-08-28T11:28:31.0161789Z env:
2025-08-28T11:28:31.0162079Z   COMPOSER_PROCESS_TIMEOUT: 0
2025-08-28T11:28:31.0162471Z   COMPOSER_NO_INTERACTION: 1
2025-08-28T11:28:31.0162835Z   COMPOSER_NO_AUDIT: 1
2025-08-28T11:28:31.0163368Z ##[endgroup]
2025-08-28T11:28:31.2141103Z Installing dependencies from lock file (including require-dev)
2025-08-28T11:28:31.2231554Z Verifying lock file contents can be installed on current platform.
2025-08-28T11:28:31.2538010Z Package operations: 203 installs, 0 updates, 0 removals
2025-08-28T11:28:31.2559847Z   - Downloading php-http/discovery (1.20.0)
2025-08-28T11:28:31.2569809Z   - Downloading pestphp/pest-plugin (v4.0.0)
2025-08-28T11:28:31.2573662Z   - Downloading aws/aws-crt-php (v1.2.7)
2025-08-28T11:28:31.2577072Z   - Downloading dasprid/enum (1.0.6)
2025-08-28T11:28:31.2580545Z   - Downloading bacon/bacon-qr-code (v3.0.1)
2025-08-28T11:28:31.2584807Z   - Downloading voku/portable-ascii (2.0.3)
2025-08-28T11:28:31.2588089Z   - Downloading symfony/polyfill-php80 (v1.33.0)
2025-08-28T11:28:31.2591650Z   - Downloading symfony/polyfill-mbstring (v1.33.0)
2025-08-28T11:28:31.2594315Z   - Downloading symfony/polyfill-ctype (v1.33.0)
2025-08-28T11:28:31.2597693Z   - Downloading phpoption/phpoption (1.9.4)
2025-08-28T11:28:31.2601210Z   - Downloading graham-campbell/result-type (v1.1.3)
2025-08-28T11:28:31.2604853Z   - Downloading vlucas/phpdotenv (v5.6.2)
2025-08-28T11:28:31.2608254Z   - Downloading symfony/css-selector (v7.3.0)
2025-08-28T11:28:31.2609215Z   - Downloading tijsverkoyen/css-to-inline-styles (v2.3.0)
2025-08-28T11:28:31.2611362Z   - Downloading symfony/deprecation-contracts (v3.6.0)
2025-08-28T11:28:31.2616619Z   - Downloading symfony/var-dumper (v7.3.2)
2025-08-28T11:28:31.2619122Z   - Downloading symfony/polyfill-uuid (v1.33.0)
2025-08-28T11:28:31.2621742Z   - Downloading symfony/uid (v7.3.1)
2025-08-28T11:28:31.2622270Z   - Downloading symfony/routing (v7.3.2)
2025-08-28T11:28:31.2625637Z   - Downloading symfony/process (v7.3.0)
2025-08-28T11:28:31.2626281Z   - Downloading symfony/polyfill-php85 (v1.33.0)
2025-08-28T11:28:31.2626949Z   - Downloading symfony/polyfill-php84 (v1.33.0)
2025-08-28T11:28:31.2627549Z   - Downloading symfony/polyfill-php83 (v1.33.0)
2025-08-28T11:28:31.2628787Z   - Downloading symfony/polyfill-intl-normalizer (v1.33.0)
2025-08-28T11:28:31.2630005Z   - Downloading symfony/polyfill-intl-idn (v1.33.0)
2025-08-28T11:28:31.2632251Z   - Downloading symfony/mime (v7.3.2)
2025-08-28T11:28:31.2633335Z   - Downloading psr/container (2.0.2)
2025-08-28T11:28:31.2634373Z   - Downloading symfony/service-contracts (v3.6.0)
2025-08-28T11:28:31.2636121Z   - Downloading psr/event-dispatcher (1.0.0)
2025-08-28T11:28:31.2638097Z   - Downloading symfony/event-dispatcher-contracts (v3.6.0)
2025-08-28T11:28:31.2639904Z   - Downloading symfony/event-dispatcher (v7.3.0)
2025-08-28T11:28:31.2641734Z   - Downloading psr/log (3.0.2)
2025-08-28T11:28:31.2644943Z   - Downloading doctrine/lexer (3.0.1)
2025-08-28T11:28:31.2648013Z   - Downloading egulias/email-validator (4.0.4)
2025-08-28T11:28:31.2650000Z   - Downloading symfony/mailer (v7.3.2)
2025-08-28T11:28:31.2652057Z   - Downloading symfony/http-foundation (v7.3.2)
2025-08-28T11:28:31.2654319Z   - Downloading symfony/error-handler (v7.3.2)
2025-08-28T11:28:31.2655619Z   - Downloading symfony/http-kernel (v7.3.2)
2025-08-28T11:28:31.2657643Z   - Downloading symfony/finder (v7.3.2)
2025-08-28T11:28:31.2659761Z   - Downloading symfony/polyfill-intl-grapheme (v1.33.0)
2025-08-28T11:28:31.2661183Z   - Downloading symfony/string (v7.3.2)
2025-08-28T11:28:31.2662938Z   - Downloading symfony/console (v7.3.2)
2025-08-28T11:28:31.2665895Z   - Downloading ramsey/collection (2.1.1)
2025-08-28T11:28:31.2667876Z   - Downloading brick/math (0.13.1)
2025-08-28T11:28:31.2670269Z   - Downloading ramsey/uuid (4.9.0)
2025-08-28T11:28:31.2671604Z   - Downloading psr/simple-cache (3.0.0)
2025-08-28T11:28:31.2673928Z   - Downloading nunomaduro/termwind (v2.3.1)
2025-08-28T11:28:31.2675595Z   - Downloading symfony/translation-contracts (v3.6.0)
2025-08-28T11:28:31.2677445Z   - Downloading symfony/translation (v7.3.2)
2025-08-28T11:28:31.2678722Z   - Downloading psr/clock (1.0.0)
2025-08-28T11:28:31.2680505Z   - Downloading symfony/clock (v7.3.0)
2025-08-28T11:28:31.2682959Z   - Downloading carbonphp/carbon-doctrine-types (3.2.0)
2025-08-28T11:28:31.2685991Z   - Downloading nesbot/carbon (3.10.2)
2025-08-28T11:28:31.2688848Z   - Downloading monolog/monolog (3.9.0)
2025-08-28T11:28:31.2690184Z   - Downloading psr/http-message (2.0)
2025-08-28T11:28:31.2692120Z   - Downloading psr/http-factory (1.1.0)
2025-08-28T11:28:31.2694576Z   - Downloading league/uri-interfaces (7.5.0)
2025-08-28T11:28:31.2696581Z   - Downloading league/uri (7.5.1)
2025-08-28T11:28:31.2698170Z   - Downloading league/mime-type-detection (1.16.0)
2025-08-28T11:28:31.2699894Z   - Downloading league/flysystem-local (3.30.0)
2025-08-28T11:28:31.2701389Z   - Downloading league/flysystem (3.30.0)
2025-08-28T11:28:31.2703737Z   - Downloading nette/utils (v4.0.8)
2025-08-28T11:28:31.2705555Z   - Downloading nette/schema (v1.3.2)
2025-08-28T11:28:31.2708259Z   - Downloading dflydev/dot-access-data (v3.0.3)
2025-08-28T11:28:31.2710529Z   - Downloading league/config (v1.2.0)
2025-08-28T11:28:31.2712032Z   - Downloading league/commonmark (2.7.1)
2025-08-28T11:28:31.2714440Z   - Downloading laravel/serializable-closure (v2.0.4)
2025-08-28T11:28:31.2717024Z   - Downloading laravel/prompts (v0.3.6)
2025-08-28T11:28:31.2718859Z   - Downloading guzzlehttp/uri-template (v1.0.5)
2025-08-28T11:28:31.2721042Z   - Downloading psr/http-client (1.0.3)
2025-08-28T11:28:31.2723293Z   - Downloading ralouphie/getallheaders (3.0.3)
2025-08-28T11:28:31.2725120Z   - Downloading guzzlehttp/psr7 (2.8.0)
2025-08-28T11:28:31.2726702Z   - Downloading guzzlehttp/promises (2.3.0)
2025-08-28T11:28:31.2728379Z   - Downloading guzzlehttp/guzzle (7.10.0)
2025-08-28T11:28:31.2730792Z   - Downloading fruitcake/php-cors (v1.3.0)
2025-08-28T11:28:31.2733232Z   - Downloading webmozart/assert (1.11.0)
2025-08-28T11:28:31.2736457Z   - Downloading dragonmantank/cron-expression (v3.4.0)
2025-08-28T11:28:31.2738598Z   - Downloading doctrine/inflector (2.1.0)
2025-08-28T11:28:31.2740249Z   - Downloading laravel/framework (v12.26.3)
2025-08-28T11:28:31.2742818Z   - Downloading masterminds/html5 (2.10.0)
2025-08-28T11:28:31.2745646Z   - Downloading sabberworm/php-css-parser (v8.9.0)
2025-08-28T11:28:31.2747982Z   - Downloading dompdf/php-svg-lib (1.0.0)
2025-08-28T11:28:31.2750236Z   - Downloading dompdf/php-font-lib (1.0.1)
2025-08-28T11:28:31.2751384Z   - Downloading dompdf/dompdf (v3.1.0)
2025-08-28T11:28:31.2754049Z   - Downloading barryvdh/laravel-dompdf (v3.1.1)
2025-08-28T11:28:31.2756352Z   - Downloading sebastian/environment (8.0.3)
2025-08-28T11:28:31.2758766Z   - Downloading staabm/side-effects-detector (1.0.5)
2025-08-28T11:28:31.2760899Z   - Downloading sebastian/version (6.0.0)
2025-08-28T11:28:31.2762290Z   - Downloading sebastian/type (6.0.3)
2025-08-28T11:28:31.2764566Z   - Downloading sebastian/recursion-context (7.0.1)
2025-08-28T11:28:31.2766410Z   - Downloading sebastian/object-reflector (5.0.0)
2025-08-28T11:28:31.2767573Z   - Downloading sebastian/object-enumerator (7.0.0)
2025-08-28T11:28:31.2769935Z   - Downloading sebastian/global-state (8.0.0)
2025-08-28T11:28:31.2771342Z   - Downloading sebastian/exporter (7.0.0)
2025-08-28T11:28:31.2773582Z   - Downloading sebastian/diff (7.0.0)
2025-08-28T11:28:31.2774875Z   - Downloading sebastian/comparator (7.1.3)
2025-08-28T11:28:31.2777179Z   - Downloading sebastian/cli-parser (4.0.0)
2025-08-28T11:28:31.2779039Z   - Downloading phpunit/php-timer (8.0.0)
2025-08-28T11:28:31.2781344Z   - Downloading phpunit/php-text-template (5.0.0)
2025-08-28T11:28:31.2782515Z   - Downloading phpunit/php-invoker (6.0.0)
2025-08-28T11:28:31.2785315Z   - Downloading phpunit/php-file-iterator (6.0.0)
2025-08-28T11:28:31.2786782Z   - Downloading theseer/tokenizer (1.2.3)
2025-08-28T11:28:31.2789221Z   - Downloading nikic/php-parser (v5.6.1)
2025-08-28T11:28:31.2791493Z   - Downloading sebastian/lines-of-code (4.0.0)
2025-08-28T11:28:31.2795267Z   - Downloading sebastian/complexity (5.0.0)
2025-08-28T11:28:31.2797512Z   - Downloading phpunit/php-code-coverage (12.3.3)
2025-08-28T11:28:31.2799328Z   - Downloading phar-io/version (3.2.1)
2025-08-28T11:28:31.2801604Z   - Downloading phar-io/manifest (2.0.4)
2025-08-28T11:28:31.2803612Z   - Downloading myclabs/deep-copy (1.13.4)
2025-08-28T11:28:31.2805859Z   - Downloading phpunit/phpunit (12.3.6)
2025-08-28T11:28:31.2807698Z   - Downloading jean85/pretty-package-versions (2.1.1)
2025-08-28T11:28:31.2809949Z   - Downloading fidry/cpu-core-counter (1.3.0)
2025-08-28T11:28:31.2812210Z   - Downloading brianium/paratest (v7.11.2)
2025-08-28T11:28:31.2814716Z   - Downloading inertiajs/inertia-laravel (v2.0.6)
2025-08-28T11:28:31.2816985Z   - Downloading mobiledetect/mobiledetectlib (2.8.45)
2025-08-28T11:28:31.2819278Z   - Downloading jaybizzle/crawler-detect (v1.3.5)
2025-08-28T11:28:31.2821528Z   - Downloading jenssegers/agent (v2.6.4)
2025-08-28T11:28:31.2824019Z   - Downloading symfony/yaml (v7.3.2)
2025-08-28T11:28:31.2825993Z   - Downloading symfony/var-exporter (v7.3.2)
2025-08-28T11:28:31.2828076Z   - Downloading spatie/data-transfer-object (3.9.1)
2025-08-28T11:28:31.2830844Z   - Downloading shalvah/upgrader (0.6.0)
2025-08-28T11:28:31.2833231Z   - Downloading shalvah/clara (3.2.0)
2025-08-28T11:28:31.2835162Z   - Downloading filp/whoops (2.18.4)
2025-08-28T11:28:31.2837421Z   - Downloading nunomaduro/collision (v8.8.2)
2025-08-28T11:28:31.2839256Z   - Downloading mpociot/reflection-docblock (1.0.1)
2025-08-28T11:28:31.2841566Z   - Downloading fakerphp/faker (v1.24.1)
2025-08-28T11:28:31.2844068Z   - Downloading erusev/parsedown (1.7.4)
2025-08-28T11:28:31.2846441Z   - Downloading knuckleswtf/scribe (5.3.0)
2025-08-28T11:28:31.2848675Z   - Downloading laravel/pail (v1.2.3)
2025-08-28T11:28:31.2850003Z   - Downloading symfony/psr-http-message-bridge (v7.3.0)
2025-08-28T11:28:31.2852329Z   - Downloading paragonie/random_compat (v9.99.100)
2025-08-28T11:28:31.2854735Z   - Downloading paragonie/constant_time_encoding (v3.0.0)
2025-08-28T11:28:31.2856580Z   - Downloading phpseclib/phpseclib (3.0.46)
2025-08-28T11:28:31.2858977Z   - Downloading psr/http-server-handler (1.0.2)
2025-08-28T11:28:31.2860259Z   - Downloading psr/http-server-middleware (1.0.2)
2025-08-28T11:28:31.2862474Z   - Downloading league/event (3.0.3)
2025-08-28T11:28:31.2864681Z   - Downloading lcobucci/jwt (5.5.0)
2025-08-28T11:28:31.2867040Z   - Downloading lcobucci/clock (3.3.1)
2025-08-28T11:28:31.2869355Z   - Downloading defuse/php-encryption (v2.4.0)
2025-08-28T11:28:31.2871703Z   - Downloading league/oauth2-server (9.2.0)
2025-08-28T11:28:31.2873655Z   - Downloading firebase/php-jwt (v6.11.1)
2025-08-28T11:28:31.2876050Z   - Downloading laravel/passport (v13.2.0)
2025-08-28T11:28:31.2877291Z   - Downloading laravel/pint (v1.24.0)
2025-08-28T11:28:31.2879521Z   - Downloading laravel/sail (v1.45.0)
2025-08-28T11:28:31.2881350Z   - Downloading psy/psysh (v0.12.10)
2025-08-28T11:28:31.2883709Z   - Downloading laravel/tinker (v2.10.1)
2025-08-28T11:28:31.2884861Z   - Downloading league/csv (9.24.1)
2025-08-28T11:28:31.2887329Z   - Downloading mtdowling/jmespath.php (2.8.0)
2025-08-28T11:28:31.2889538Z   - Downloading aws/aws-sdk-php (3.356.6)
2025-08-28T11:28:31.2890795Z   - Downloading league/flysystem-aws-s3-v3 (3.29.0)
2025-08-28T11:28:31.2893273Z   - Downloading markbaker/matrix (3.0.1)
2025-08-28T11:28:31.2895497Z   - Downloading markbaker/complex (3.0.2)
2025-08-28T11:28:31.2897349Z   - Downloading maennchen/zipstream-php (3.2.0)
2025-08-28T11:28:31.2899637Z   - Downloading ezyang/htmlpurifier (v4.18.0)
2025-08-28T11:28:31.2901849Z   - Downloading composer/pcre (3.3.2)
2025-08-28T11:28:31.2904350Z   - Downloading phpoffice/phpspreadsheet (1.30.0)
2025-08-28T11:28:31.2906263Z   - Downloading composer/semver (3.4.4)
2025-08-28T11:28:31.2908104Z   - Downloading maatwebsite/excel (3.1.67)
2025-08-28T11:28:31.2910432Z   - Downloading hamcrest/hamcrest-php (v2.1.1)
2025-08-28T11:28:31.2912770Z   - Downloading mockery/mockery (1.6.12)
2025-08-28T11:28:31.2915352Z   - Downloading phpstan/phpdoc-parser (2.2.0)
2025-08-28T11:28:31.2917702Z   - Downloading phpdocumentor/reflection-common (2.2.0)
2025-08-28T11:28:31.2919981Z   - Downloading doctrine/deprecations (1.1.5)
2025-08-28T11:28:31.2921425Z   - Downloading phpdocumentor/type-resolver (1.10.0)
2025-08-28T11:28:31.2923665Z   - Downloading phpdocumentor/reflection-docblock (5.6.3)
2025-08-28T11:28:31.2925872Z   - Downloading ta-tikoma/phpunit-architecture-test (0.8.5)
2025-08-28T11:28:31.2927878Z   - Downloading pestphp/pest-plugin-arch (v4.0.0)
2025-08-28T11:28:31.2929428Z   - Downloading pestphp/pest-plugin-profanity (v4.0.1)
2025-08-28T11:28:31.2931461Z   - Downloading pestphp/pest-plugin-mutate (v4.0.1)
2025-08-28T11:28:31.2932824Z   - Downloading pestphp/pest (v4.0.3)
2025-08-28T11:28:31.2935241Z   - Downloading pestphp/pest-plugin-laravel (v4.0.0)
2025-08-28T11:28:31.2937197Z   - Downloading pragmarx/google2fa (v8.0.3)
2025-08-28T11:28:31.2939413Z   - Downloading pragmarx/google2fa-qrcode (v3.0.0)
2025-08-28T11:28:31.2940850Z   - Downloading pragmarx/google2fa-laravel (v2.3.0)
2025-08-28T11:28:31.2942994Z   - Downloading spatie/laravel-package-tools (1.92.7)
2025-08-28T11:28:31.2944374Z   - Downloading spatie/laravel-activitylog (4.10.2)
2025-08-28T11:28:31.2946271Z   - Downloading symfony/serializer (v7.3.2)
2025-08-28T11:28:31.2948635Z   - Downloading symfony/type-info (v7.3.2)
2025-08-28T11:28:31.2949902Z   - Downloading symfony/property-info (v7.3.1)
2025-08-28T11:28:31.2952225Z   - Downloading symfony/property-access (v7.3.2)
2025-08-28T11:28:31.2953525Z   - Downloading symfony/polyfill-php82 (v1.33.0)
2025-08-28T11:28:31.2955796Z   - Downloading spatie/laravel-schemaless-attributes (2.5.1)
2025-08-28T11:28:31.2958011Z   - Downloading spatie/better-types (1.0.1)
2025-08-28T11:28:31.2959450Z   - Downloading spatie/laravel-event-sourcing (7.12.1)
2025-08-28T11:28:31.2961571Z   - Downloading symfony/stopwatch (v7.3.0)
2025-08-28T11:28:31.2965247Z   - Downloading spatie/macroable (2.0.0)
2025-08-28T11:28:31.2967790Z   - Downloading spatie/backtrace (1.8.0)
2025-08-28T11:28:31.2968836Z   - Downloading spatie/ray (1.42.0)
2025-08-28T11:28:31.2971451Z   - Downloading pkpass/pkpass (v2.4.0)
2025-08-28T11:28:31.2974003Z   - Downloading spatie/laravel-mobile-pass (0.0.1)
2025-08-28T11:28:31.2975459Z   - Downloading spatie/test-time (1.3.3)
2025-08-28T11:28:31.2977719Z   - Downloading spatie/laravel-notification-log (1.3.2)
2025-08-28T11:28:31.2978953Z   - Downloading spatie/laravel-one-time-passwords (1.0.5)
2025-08-28T11:28:31.2981310Z   - Downloading spomky-labs/pki-framework (1.3.0)
2025-08-28T11:28:31.2983759Z   - Downloading web-auth/cose-lib (4.4.2)
2025-08-28T11:28:31.2986024Z   - Downloading spomky-labs/cbor-php (3.1.1)
2025-08-28T11:28:31.2987173Z   - Downloading web-auth/webauthn-lib (5.2.2)
2025-08-28T11:28:31.2989613Z   - Downloading spatie/laravel-passkeys (1.0.12)
2025-08-28T11:28:31.2990711Z   - Downloading spatie/laravel-permission (6.21.0)
2025-08-28T11:28:31.2993405Z   - Downloading promphp/prometheus_client_php (v2.14.1)
2025-08-28T11:28:31.2995706Z   - Downloading spatie/laravel-prometheus (1.2.1)
2025-08-28T11:28:31.2997440Z   - Downloading spatie/laravel-query-builder (6.3.5)
2025-08-28T11:28:31.2999193Z   - Downloading tightenco/ziggy (v2.5.3)
2025-08-28T11:28:34.1715768Z   - Installing php-http/discovery (1.20.0): Extracting archive
2025-08-28T11:28:34.1976479Z   - Installing pestphp/pest-plugin (v4.0.0): Extracting archive
2025-08-28T11:28:34.2051966Z   - Installing aws/aws-crt-php (v1.2.7): Extracting archive
2025-08-28T11:28:34.2056919Z   - Installing dasprid/enum (1.0.6): Extracting archive
2025-08-28T11:28:34.2094546Z   - Installing bacon/bacon-qr-code (v3.0.1): Extracting archive
2025-08-28T11:28:34.2095598Z   - Installing voku/portable-ascii (2.0.3): Extracting archive
2025-08-28T11:28:34.2135678Z   - Installing symfony/polyfill-php80 (v1.33.0): Extracting archive
2025-08-28T11:28:34.2141552Z   - Installing symfony/polyfill-mbstring (v1.33.0): Extracting archive
2025-08-28T11:28:34.2175013Z   - Installing symfony/polyfill-ctype (v1.33.0): Extracting archive
2025-08-28T11:28:34.2185533Z   - Installing phpoption/phpoption (1.9.4): Extracting archive
2025-08-28T11:28:34.2204093Z   - Installing graham-campbell/result-type (v1.1.3): Extracting archive
2025-08-28T11:28:34.2270144Z   - Installing vlucas/phpdotenv (v5.6.2): Extracting archive
2025-08-28T11:28:34.2313989Z   - Installing symfony/css-selector (v7.3.0): Extracting archive
2025-08-28T11:28:34.2315106Z   - Installing tijsverkoyen/css-to-inline-styles (v2.3.0): Extracting archive
2025-08-28T11:28:34.2316210Z   - Installing symfony/deprecation-contracts (v3.6.0): Extracting archive
2025-08-28T11:28:34.2317352Z   - Installing symfony/var-dumper (v7.3.2): Extracting archive
2025-08-28T11:28:34.2318338Z   - Installing symfony/polyfill-uuid (v1.33.0): Extracting archive
2025-08-28T11:28:34.2320520Z   - Installing symfony/uid (v7.3.1): Extracting archive
2025-08-28T11:28:34.2321493Z   - Installing symfony/routing (v7.3.2): Extracting archive
2025-08-28T11:28:34.2336297Z   - Installing symfony/process (v7.3.0): Extracting archive
2025-08-28T11:28:34.2360186Z   - Installing symfony/polyfill-php85 (v1.33.0): Extracting archive
2025-08-28T11:28:34.2361566Z   - Installing symfony/polyfill-php84 (v1.33.0): Extracting archive
2025-08-28T11:28:34.2363566Z   - Installing symfony/polyfill-php83 (v1.33.0): Extracting archive
2025-08-28T11:28:34.2364126Z   - Installing symfony/polyfill-intl-normalizer (v1.33.0): Extracting archive
2025-08-28T11:28:34.2364632Z   - Installing symfony/polyfill-intl-idn (v1.33.0): Extracting archive
2025-08-28T11:28:34.2365047Z   - Installing symfony/mime (v7.3.2): Extracting archive
2025-08-28T11:28:34.2365439Z   - Installing psr/container (2.0.2): Extracting archive
2025-08-28T11:28:34.2443881Z   - Installing symfony/service-contracts (v3.6.0): Extracting archive
2025-08-28T11:28:34.2449930Z   - Installing psr/event-dispatcher (1.0.0): Extracting archive
2025-08-28T11:28:34.2450811Z   - Installing symfony/event-dispatcher-contracts (v3.6.0): Extracting archive
2025-08-28T11:28:34.2451678Z   - Installing symfony/event-dispatcher (v7.3.0): Extracting archive
2025-08-28T11:28:34.2452333Z   - Installing psr/log (3.0.2): Extracting archive
2025-08-28T11:28:34.2452926Z   - Installing doctrine/lexer (3.0.1): Extracting archive
2025-08-28T11:28:34.2453881Z   - Installing egulias/email-validator (4.0.4): Extracting archive
2025-08-28T11:28:34.2454605Z   - Installing symfony/mailer (v7.3.2): Extracting archive
2025-08-28T11:28:34.2455535Z   - Installing symfony/http-foundation (v7.3.2): Extracting archive
2025-08-28T11:28:34.2474097Z   - Installing symfony/error-handler (v7.3.2): Extracting archive
2025-08-28T11:28:34.2475383Z   - Installing symfony/http-kernel (v7.3.2): Extracting archive
2025-08-28T11:28:34.2476435Z   - Installing symfony/finder (v7.3.2): Extracting archive
2025-08-28T11:28:34.2477363Z   - Installing symfony/polyfill-intl-grapheme (v1.33.0): Extracting archive
2025-08-28T11:28:34.2478245Z   - Installing symfony/string (v7.3.2): Extracting archive
2025-08-28T11:28:34.2479011Z   - Installing symfony/console (v7.3.2): Extracting archive
2025-08-28T11:28:34.2479799Z   - Installing ramsey/collection (2.1.1): Extracting archive
2025-08-28T11:28:34.2480413Z   - Installing brick/math (0.13.1): Extracting archive
2025-08-28T11:28:34.2485527Z   - Installing ramsey/uuid (4.9.0): Extracting archive
2025-08-28T11:28:34.2490130Z   - Installing psr/simple-cache (3.0.0): Extracting archive
2025-08-28T11:28:34.2491834Z   - Installing nunomaduro/termwind (v2.3.1): Extracting archive
2025-08-28T11:28:34.2493693Z   - Installing symfony/translation-contracts (v3.6.0): Extracting archive
2025-08-28T11:28:34.2496217Z   - Installing symfony/translation (v7.3.2): Extracting archive
2025-08-28T11:28:34.2499158Z   - Installing psr/clock (1.0.0): Extracting archive
2025-08-28T11:28:34.2501397Z   - Installing symfony/clock (v7.3.0): Extracting archive
2025-08-28T11:28:34.2505663Z   - Installing carbonphp/carbon-doctrine-types (3.2.0): Extracting archive
2025-08-28T11:28:34.2523728Z   - Installing nesbot/carbon (3.10.2): Extracting archive
2025-08-28T11:28:34.2525077Z   - Installing monolog/monolog (3.9.0): Extracting archive
2025-08-28T11:28:34.2526124Z   - Installing psr/http-message (2.0): Extracting archive
2025-08-28T11:28:34.2527041Z   - Installing psr/http-factory (1.1.0): Extracting archive
2025-08-28T11:28:34.2527724Z   - Installing league/uri-interfaces (7.5.0): Extracting archive
2025-08-28T11:28:34.2528367Z   - Installing league/uri (7.5.1): Extracting archive
2025-08-28T11:28:34.2529115Z   - Installing league/mime-type-detection (1.16.0): Extracting archive
2025-08-28T11:28:34.2529896Z   - Installing league/flysystem-local (3.30.0): Extracting archive
2025-08-28T11:28:34.2533295Z   - Installing league/flysystem (3.30.0): Extracting archive
2025-08-28T11:28:34.2537726Z   - Installing nette/utils (v4.0.8): Extracting archive
2025-08-28T11:28:34.2542368Z   - Installing nette/schema (v1.3.2): Extracting archive
2025-08-28T11:28:34.2555132Z   - Installing dflydev/dot-access-data (v3.0.3): Extracting archive
2025-08-28T11:28:34.2555923Z   - Installing league/config (v1.2.0): Extracting archive
2025-08-28T11:28:34.2558795Z   - Installing league/commonmark (2.7.1): Extracting archive
2025-08-28T11:28:34.2559922Z   - Installing laravel/serializable-closure (v2.0.4): Extracting archive
2025-08-28T11:28:34.2561090Z   - Installing laravel/prompts (v0.3.6): Extracting archive
2025-08-28T11:28:34.2564217Z   - Installing guzzlehttp/uri-template (v1.0.5): Extracting archive
2025-08-28T11:28:34.2566441Z   - Installing psr/http-client (1.0.3): Extracting archive
2025-08-28T11:28:34.2569077Z   - Installing ralouphie/getallheaders (3.0.3): Extracting archive
2025-08-28T11:28:34.2572288Z   - Installing guzzlehttp/psr7 (2.8.0): Extracting archive
2025-08-28T11:28:34.2575674Z   - Installing guzzlehttp/promises (2.3.0): Extracting archive
2025-08-28T11:28:34.2578716Z   - Installing guzzlehttp/guzzle (7.10.0): Extracting archive
2025-08-28T11:28:34.2582476Z   - Installing fruitcake/php-cors (v1.3.0): Extracting archive
2025-08-28T11:28:34.2586514Z   - Installing webmozart/assert (1.11.0): Extracting archive
2025-08-28T11:28:34.2589967Z   - Installing dragonmantank/cron-expression (v3.4.0): Extracting archive
2025-08-28T11:28:34.2594033Z   - Installing doctrine/inflector (2.1.0): Extracting archive
2025-08-28T11:28:34.2597941Z   - Installing laravel/framework (v12.26.3): Extracting archive
2025-08-28T11:28:34.2601356Z   - Installing masterminds/html5 (2.10.0): Extracting archive
2025-08-28T11:28:34.2605289Z   - Installing sabberworm/php-css-parser (v8.9.0): Extracting archive
2025-08-28T11:28:34.2608854Z   - Installing dompdf/php-svg-lib (1.0.0): Extracting archive
2025-08-28T11:28:34.2612535Z   - Installing dompdf/php-font-lib (1.0.1): Extracting archive
2025-08-28T11:28:34.2616225Z   - Installing dompdf/dompdf (v3.1.0): Extracting archive
2025-08-28T11:28:34.2619844Z   - Installing barryvdh/laravel-dompdf (v3.1.1): Extracting archive
2025-08-28T11:28:34.2623678Z   - Installing sebastian/environment (8.0.3): Extracting archive
2025-08-28T11:28:34.2627660Z   - Installing staabm/side-effects-detector (1.0.5): Extracting archive
2025-08-28T11:28:34.2644122Z   - Installing sebastian/version (6.0.0): Extracting archive
2025-08-28T11:28:34.2645475Z   - Installing sebastian/type (6.0.3): Extracting archive
2025-08-28T11:28:34.2646315Z   - Installing sebastian/recursion-context (7.0.1): Extracting archive
2025-08-28T11:28:34.2647093Z   - Installing sebastian/object-reflector (5.0.0): Extracting archive
2025-08-28T11:28:34.2647884Z   - Installing sebastian/object-enumerator (7.0.0): Extracting archive
2025-08-28T11:28:34.2648890Z   - Installing sebastian/global-state (8.0.0): Extracting archive
2025-08-28T11:28:34.2650053Z   - Installing sebastian/exporter (7.0.0): Extracting archive
2025-08-28T11:28:34.2673830Z   - Installing sebastian/diff (7.0.0): Extracting archive
2025-08-28T11:28:34.2674517Z   - Installing sebastian/comparator (7.1.3): Extracting archive
2025-08-28T11:28:34.2676963Z   - Installing sebastian/cli-parser (4.0.0): Extracting archive
2025-08-28T11:28:34.2677620Z   - Installing phpunit/php-timer (8.0.0): Extracting archive
2025-08-28T11:28:34.2678354Z   - Installing phpunit/php-text-template (5.0.0): Extracting archive
2025-08-28T11:28:34.2679116Z   - Installing phpunit/php-invoker (6.0.0): Extracting archive
2025-08-28T11:28:34.2679875Z   - Installing phpunit/php-file-iterator (6.0.0): Extracting archive
2025-08-28T11:28:34.2680642Z   - Installing theseer/tokenizer (1.2.3): Extracting archive
2025-08-28T11:28:34.2681330Z   - Installing nikic/php-parser (v5.6.1): Extracting archive
2025-08-28T11:28:34.2682292Z   - Installing sebastian/lines-of-code (4.0.0): Extracting archive
2025-08-28T11:28:34.2683464Z   - Installing sebastian/complexity (5.0.0): Extracting archive
2025-08-28T11:28:34.2687216Z   - Installing phpunit/php-code-coverage (12.3.3): Extracting archive
2025-08-28T11:28:34.2689715Z   - Installing phar-io/version (3.2.1): Extracting archive
2025-08-28T11:28:34.2693679Z   - Installing phar-io/manifest (2.0.4): Extracting archive
2025-08-28T11:28:34.2696810Z   - Installing myclabs/deep-copy (1.13.4): Extracting archive
2025-08-28T11:28:34.2706229Z   - Installing phpunit/phpunit (12.3.6): Extracting archive
2025-08-28T11:28:34.2708157Z   - Installing jean85/pretty-package-versions (2.1.1): Extracting archive
2025-08-28T11:28:34.2709005Z   - Installing fidry/cpu-core-counter (1.3.0): Extracting archive
2025-08-28T11:28:34.2710860Z   - Installing brianium/paratest (v7.11.2): Extracting archive
2025-08-28T11:28:34.2711698Z   - Installing inertiajs/inertia-laravel (v2.0.6): Extracting archive
2025-08-28T11:28:34.2723936Z   - Installing mobiledetect/mobiledetectlib (2.8.45): Extracting archive
2025-08-28T11:28:34.2724959Z   - Installing jaybizzle/crawler-detect (v1.3.5): Extracting archive
2025-08-28T11:28:34.2725875Z   - Installing jenssegers/agent (v2.6.4): Extracting archive
2025-08-28T11:28:34.2727693Z   - Installing symfony/yaml (v7.3.2): Extracting archive
2025-08-28T11:28:34.2728399Z   - Installing symfony/var-exporter (v7.3.2): Extracting archive
2025-08-28T11:28:34.2729237Z   - Installing spatie/data-transfer-object (3.9.1): Extracting archive
2025-08-28T11:28:34.2732611Z   - Installing shalvah/upgrader (0.6.0): Extracting archive
2025-08-28T11:28:34.2735920Z   - Installing shalvah/clara (3.2.0): Extracting archive
2025-08-28T11:28:34.2739085Z   - Installing filp/whoops (2.18.4): Extracting archive
2025-08-28T11:28:34.2766249Z   - Installing nunomaduro/collision (v8.8.2): Extracting archive
2025-08-28T11:28:34.2768229Z   - Installing mpociot/reflection-docblock (1.0.1): Extracting archive
2025-08-28T11:28:34.2769020Z   - Installing fakerphp/faker (v1.24.1): Extracting archive
2025-08-28T11:28:34.2770816Z   - Installing erusev/parsedown (1.7.4): Extracting archive
2025-08-28T11:28:34.2771576Z   - Installing knuckleswtf/scribe (5.3.0): Extracting archive
2025-08-28T11:28:34.2772246Z   - Installing laravel/pail (v1.2.3): Extracting archive
2025-08-28T11:28:34.2774313Z   - Installing symfony/psr-http-message-bridge (v7.3.0): Extracting archive
2025-08-28T11:28:34.2775191Z   - Installing paragonie/random_compat (v9.99.100): Extracting archive
2025-08-28T11:28:34.2777184Z   - Installing paragonie/constant_time_encoding (v3.0.0): Extracting archive
2025-08-28T11:28:34.2778017Z   - Installing phpseclib/phpseclib (3.0.46): Extracting archive
2025-08-28T11:28:34.2779767Z   - Installing psr/http-server-handler (1.0.2): Extracting archive
2025-08-28T11:28:34.2780585Z   - Installing psr/http-server-middleware (1.0.2): Extracting archive
2025-08-28T11:28:34.2781315Z   - Installing league/event (3.0.3): Extracting archive
2025-08-28T11:28:34.2782189Z   - Installing lcobucci/jwt (5.5.0): Extracting archive
2025-08-28T11:28:34.2783014Z   - Installing lcobucci/clock (3.3.1): Extracting archive
2025-08-28T11:28:34.2785062Z   - Installing defuse/php-encryption (v2.4.0): Extracting archive
2025-08-28T11:28:34.2785838Z   - Installing league/oauth2-server (9.2.0): Extracting archive
2025-08-28T11:28:34.2789421Z   - Installing firebase/php-jwt (v6.11.1): Extracting archive
2025-08-28T11:28:34.2792754Z   - Installing laravel/passport (v13.2.0): Extracting archive
2025-08-28T11:28:34.2796290Z   - Installing laravel/pint (v1.24.0): Extracting archive
2025-08-28T11:28:34.2799528Z   - Installing laravel/sail (v1.45.0): Extracting archive
2025-08-28T11:28:34.2802856Z   - Installing psy/psysh (v0.12.10): Extracting archive
2025-08-28T11:28:34.2806741Z   - Installing laravel/tinker (v2.10.1): Extracting archive
2025-08-28T11:28:34.2809299Z   - Installing league/csv (9.24.1): Extracting archive
2025-08-28T11:28:34.2812069Z   - Installing mtdowling/jmespath.php (2.8.0): Extracting archive
2025-08-28T11:28:34.2814836Z   - Installing aws/aws-sdk-php (3.356.6): Extracting archive
2025-08-28T11:28:34.2817884Z   - Installing league/flysystem-aws-s3-v3 (3.29.0): Extracting archive
2025-08-28T11:28:34.2819475Z   - Installing markbaker/matrix (3.0.1): Extracting archive
2025-08-28T11:28:34.2822098Z   - Installing markbaker/complex (3.0.2): Extracting archive
2025-08-28T11:28:34.2825088Z   - Installing maennchen/zipstream-php (3.2.0): Extracting archive
2025-08-28T11:28:34.2827912Z   - Installing ezyang/htmlpurifier (v4.18.0): Extracting archive
2025-08-28T11:28:34.2830624Z   - Installing composer/pcre (3.3.2): Extracting archive
2025-08-28T11:28:34.2833508Z   - Installing phpoffice/phpspreadsheet (1.30.0): Extracting archive
2025-08-28T11:28:34.2835656Z   - Installing composer/semver (3.4.4): Extracting archive
2025-08-28T11:28:34.2838497Z   - Installing maatwebsite/excel (3.1.67): Extracting archive
2025-08-28T11:28:34.2841357Z   - Installing hamcrest/hamcrest-php (v2.1.1): Extracting archive
2025-08-28T11:28:34.2843798Z   - Installing mockery/mockery (1.6.12): Extracting archive
2025-08-28T11:28:34.2846673Z   - Installing phpstan/phpdoc-parser (2.2.0): Extracting archive
2025-08-28T11:28:34.2849745Z   - Installing phpdocumentor/reflection-common (2.2.0): Extracting archive
2025-08-28T11:28:34.2851357Z   - Installing doctrine/deprecations (1.1.5): Extracting archive
2025-08-28T11:28:34.2854361Z   - Installing phpdocumentor/type-resolver (1.10.0): Extracting archive
2025-08-28T11:28:34.2857590Z   - Installing phpdocumentor/reflection-docblock (5.6.3): Extracting archive
2025-08-28T11:28:34.2859222Z   - Installing ta-tikoma/phpunit-architecture-test (0.8.5): Extracting archive
2025-08-28T11:28:34.2862273Z   - Installing pestphp/pest-plugin-arch (v4.0.0): Extracting archive
2025-08-28T11:28:34.2865194Z   - Installing pestphp/pest-plugin-profanity (v4.0.1): Extracting archive
2025-08-28T11:28:34.2867403Z   - Installing pestphp/pest-plugin-mutate (v4.0.1): Extracting archive
2025-08-28T11:28:34.2870349Z   - Installing pestphp/pest (v4.0.3): Extracting archive
2025-08-28T11:28:34.2872149Z   - Installing pestphp/pest-plugin-laravel (v4.0.0): Extracting archive
2025-08-28T11:28:34.2875571Z   - Installing pragmarx/google2fa (v8.0.3): Extracting archive
2025-08-28T11:28:34.2877512Z   - Installing pragmarx/google2fa-qrcode (v3.0.0): Extracting archive
2025-08-28T11:28:34.2880599Z   - Installing pragmarx/google2fa-laravel (v2.3.0): Extracting archive
2025-08-28T11:28:34.2882380Z   - Installing spatie/laravel-package-tools (1.92.7): Extracting archive
2025-08-28T11:28:34.2885526Z   - Installing spatie/laravel-activitylog (4.10.2): Extracting archive
2025-08-28T11:28:34.2888558Z   - Installing symfony/serializer (v7.3.2): Extracting archive
2025-08-28T11:28:34.2890141Z   - Installing symfony/type-info (v7.3.2): Extracting archive
2025-08-28T11:28:34.2892943Z   - Installing symfony/property-info (v7.3.1): Extracting archive
2025-08-28T11:28:34.2896222Z   - Installing symfony/property-access (v7.3.2): Extracting archive
2025-08-28T11:28:34.2898396Z   - Installing symfony/polyfill-php82 (v1.33.0): Extracting archive
2025-08-28T11:28:34.2904427Z   - Installing spatie/laravel-schemaless-attributes (2.5.1): Extracting archive
2025-08-28T11:28:34.2905372Z   - Installing spatie/better-types (1.0.1): Extracting archive
2025-08-28T11:28:34.2906720Z   - Installing spatie/laravel-event-sourcing (7.12.1): Extracting archive
2025-08-28T11:28:34.2908607Z   - Installing symfony/stopwatch (v7.3.0): Extracting archive
2025-08-28T11:28:34.2911165Z   - Installing spatie/macroable (2.0.0): Extracting archive
2025-08-28T11:28:34.2914159Z   - Installing spatie/backtrace (1.8.0): Extracting archive
2025-08-28T11:28:34.2916003Z   - Installing spatie/ray (1.42.0): Extracting archive
2025-08-28T11:28:34.2919228Z   - Installing pkpass/pkpass (v2.4.0): Extracting archive
2025-08-28T11:28:34.2921169Z   - Installing spatie/laravel-mobile-pass (0.0.1): Extracting archive
2025-08-28T11:28:34.2924240Z   - Installing spatie/test-time (1.3.3): Extracting archive
2025-08-28T11:28:34.2927069Z   - Installing spatie/laravel-notification-log (1.3.2): Extracting archive
2025-08-28T11:28:34.2929275Z   - Installing spatie/laravel-one-time-passwords (1.0.5): Extracting archive
2025-08-28T11:28:34.2932118Z   - Installing spomky-labs/pki-framework (1.3.0): Extracting archive
2025-08-28T11:28:34.2934758Z   - Installing web-auth/cose-lib (4.4.2): Extracting archive
2025-08-28T11:28:34.2937523Z   - Installing spomky-labs/cbor-php (3.1.1): Extracting archive
2025-08-28T11:28:34.2939684Z   - Installing web-auth/webauthn-lib (5.2.2): Extracting archive
2025-08-28T11:28:34.2942710Z   - Installing spatie/laravel-passkeys (1.0.12): Extracting archive
2025-08-28T11:28:34.2944825Z   - Installing spatie/laravel-permission (6.21.0): Extracting archive
2025-08-28T11:28:34.2948048Z   - Installing promphp/prometheus_client_php (v2.14.1): Extracting archive
2025-08-28T11:28:34.2950224Z   - Installing spatie/laravel-prometheus (1.2.1): Extracting archive
2025-08-28T11:28:34.2953370Z   - Installing spatie/laravel-query-builder (6.3.5): Extracting archive
2025-08-28T11:28:34.2955113Z   - Installing tightenco/ziggy (v2.5.3): Extracting archive
2025-08-28T11:28:37.2452900Z Package spatie/data-transfer-object is abandoned, you should avoid using it. Use spatie/laravel-data instead.
2025-08-28T11:28:37.2454522Z Generating optimized autoload files
2025-08-28T11:28:39.9076185Z > Illuminate\Foundation\ComposerScripts::postAutoloadDump
2025-08-28T11:28:39.9307387Z > @php artisan package:discover --ansi
2025-08-28T11:28:40.2124967Z
2025-08-28T11:28:40.2126629Z   [37;44m INFO [39;49m Discovering packages.
2025-08-28T11:28:40.2127118Z
2025-08-28T11:28:40.2212299Z   barryvdh/laravel-dompdf [90m.[39m[90m.[39m[90m.[39m[90m.[39m[90m.[39m[90m.[39m[90m.[39m[90m.[39m[90m.[39m[90m.[39m[90m.[39m[90m.[39m[90m.[39m[90m.[39m[90m.[39m[90m.[39m[90m.[39m[90m.[39m[90m.[39m[90m.[39m[90m.[39m[90m.[39m[90m.[39m[90m.[39m[90m.[39m[90m.[39m[90m.[39m[90m.[39m[90m.[39m[90m.[39m[90m.[39m[90m.[39m[90m.[39m[90m.[39m[90m.[39m[90m.[39m[90m.[39m[90m.[39m[90m.[39m[90m.[39m[90m.[39m[90m.[39m[90m.[39m[90m.[39m[90m.[39m[90m.[39m[90m.[39m [32;1mDONE[39;22m
2025-08-28T11:28:40.2253733Z   inertiajs/inertia-laravel [90m.[39m[90m.[39m[90m.[39m[90m.[39m[90m.[39m[90m.[39m[90m.[39m[90m.[39m[90m.[39m[90m.[39m[90m.[39m[90m.[39m[90m.[39m[90m.[39m[90m.[39m[90m.[39m[90m.[39m[90m.[39m[90m.[39m[90m.[39m[90m.[39m[90m.[39m[90m.[39m[90m.[39m[90m.[39m[90m.[39m[90m.[39m[90m.[39m[90m.[39m[90m.[39m[90m.[39m[90m.[39m[90m.[39m[90m.[39m[90m.[39m[90m.[39m[90m.[39m[90m.[39m[90m.[39m[90m.[39m[90m.[39m[90m.[39m[90m.[39m[90m.[39m[90m.[39m [32;1mDONE[39;22m
2025-08-28T11:28:40.2301583Z   jenssegers/agent [90m.[39m[90m.[39m[90m.[39m[90m.[39m[90m.[39m[90m.[39m[90m.[39m[90m.[39m[90m.[39m[90m.[39m[90m.[39m[90m.[39m[90m.[39m[90m.[39m[90m.[39m[90m.[39m[90m.[39m[90m.[39m[90m.[39m[90m.[39m[90m.[39m[90m.[39m[90m.[39m[90m.[39m[90m.[39m[90m.[39m[90m.[39m[90m.[39m[90m.[39m[90m.[39m[90m.[39m[90m.[39m[90m.[39m[90m.[39m[90m.[39m[90m.[39m[90m.[39m[90m.[39m[90m.[39m[90m.[39m[90m.[39m[90m.[39m[90m.[39m[90m.[39m[90m.[39m[90m.[39m[90m.[39m[90m.[39m[90m.[39m[90m.[39m[90m.[39m[90m.[39m[90m.[39m[90m.[39m [32;1mDONE[39;22m
2025-08-28T11:28:40.2352806Z   knuckleswtf/scribe [90m.[39m[90m.[39m[90m.[39m[90m.[39m[90m.[39m[90m.[39m[90m.[39m[90m.[39m[90m.[39m[90m.[39m[90m.[39m[90m.[39m[90m.[39m[90m.[39m[90m.[39m[90m.[39m[90m.[39m[90m.[39m[90m.[39m[90m.[39m[90m.[39m[90m.[39m[90m.[39m[90m.[39m[90m.[39m[90m.[39m[90m.[39m[90m.[39m[90m.[39m[90m.[39m[90m.[39m[90m.[39m[90m.[39m[90m.[39m[90m.[39m[90m.[39m[90m.[39m[90m.[39m[90m.[39m[90m.[39m[90m.[39m[90m.[39m[90m.[39m[90m.[39m[90m.[39m[90m.[39m[90m.[39m[90m.[39m[90m.[39m[90m.[39m[90m.[39m[90m.[39m [32;1mDONE[39;22m
2025-08-28T11:28:40.2404353Z   laravel/pail [90m.[39m[90m.[39m[90m.[39m[90m.[39m[90m.[39m[90m.[39m[90m.[39m[90m.[39m[90m.[39m[90m.[39m[90m.[39m[90m.[39m[90m.[39m[90m.[39m[90m.[39m[90m.[39m[90m.[39m[90m.[39m[90m.[39m[90m.[39m[90m.[39m[90m.[39m[90m.[39m[90m.[39m[90m.[39m[90m.[39m[90m.[39m[90m.[39m[90m.[39m[90m.[39m[90m.[39m[90m.[39m[90m.[39m[90m.[39m[90m.[39m[90m.[39m[90m.[39m[90m.[39m[90m.[39m[90m.[39m[90m.[39m[90m.[39m[90m.[39m[90m.[39m[90m.[39m[90m.[39m[90m.[39m[90m.[39m[90m.[39m[90m.[39m[90m.[39m[90m.[39m[90m.[39m[90m.[39m[90m.[39m[90m.[39m[90m.[39m[90m.[39m [32;1mDONE[39;22m
2025-08-28T11:28:40.2452758Z   laravel/passport [90m.[39m[90m.[39m[90m.[39m[90m.[39m[90m.[39m[90m.[39m[90m.[39m[90m.[39m[90m.[39m[90m.[39m[90m.[39m[90m.[39m[90m.[39m[90m.[39m[90m.[39m[90m.[39m[90m.[39m[90m.[39m[90m.[39m[90m.[39m[90m.[39m[90m.[39m[90m.[39m[90m.[39m[90m.[39m[90m.[39m[90m.[39m[90m.[39m[90m.[39m[90m.[39m[90m.[39m[90m.[39m[90m.[39m[90m.[39m[90m.[39m[90m.[39m[90m.[39m[90m.[39m[90m.[39m[90m.[39m[90m.[39m[90m.[39m[90m.[39m[90m.[39m[90m.[39m[90m.[39m[90m.[39m[90m.[39m[90m.[39m[90m.[39m[90m.[39m[90m.[39m[90m.[39m[90m.[39m [32;1mDONE[39;22m
2025-08-28T11:28:40.2504675Z   laravel/sail [90m.[39m[90m.[39m[90m.[39m[90m.[39m[90m.[39m[90m.[39m[90m.[39m[90m.[39m[90m.[39m[90m.[39m[90m.[39m[90m.[39m[90m.[39m[90m.[39m[90m.[39m[90m.[39m[90m.[39m[90m.[39m[90m.[39m[90m.[39m[90m.[39m[90m.[39m[90m.[39m[90m.[39m[90m.[39m[90m.[39m[90m.[39m[90m.[39m[90m.[39m[90m.[39m[90m.[39m[90m.[39m[90m.[39m[90m.[39m[90m.[39m[90m.[39m[90m.[39m[90m.[39m[90m.[39m[90m.[39m[90m.[39m[90m.[39m[90m.[39m[90m.[39m[90m.[39m[90m.[39m[90m.[39m[90m.[39m[90m.[39m[90m.[39m[90m.[39m[90m.[39m[90m.[39m[90m.[39m[90m.[39m[90m.[39m[90m.[39m[90m.[39m [32;1mDONE[39;22m
2025-08-28T11:28:40.2554701Z   laravel/tinker [90m.[39m[90m.[39m[90m.[39m[90m.[39m[90m.[39m[90m.[39m[90m.[39m[90m.[39m[90m.[39m[90m.[39m[90m.[39m[90m.[39m[90m.[39m[90m.[39m[90m.[39m[90m.[39m[90m.[39m[90m.[39m[90m.[39m[90m.[39m[90m.[39m[90m.[39m[90m.[39m[90m.[39m[90m.[39m[90m.[39m[90m.[39m[90m.[39m[90m.[39m[90m.[39m[90m.[39m[90m.[39m[90m.[39m[90m.[39m[90m.[39m[90m.[39m[90m.[39m[90m.[39m[90m.[39m[90m.[39m[90m.[39m[90m.[39m[90m.[39m[90m.[39m[90m.[39m[90m.[39m[90m.[39m[90m.[39m[90m.[39m[90m.[39m[90m.[39m[90m.[39m[90m.[39m[90m.[39m[90m.[39m[90m.[39m [32;1mDONE[39;22m
2025-08-28T11:28:40.2602127Z   maatwebsite/excel [90m.[39m[90m.[39m[90m.[39m[90m.[39m[90m.[39m[90m.[39m[90m.[39m[90m.[39m[90m.[39m[90m.[39m[90m.[39m[90m.[39m[90m.[39m[90m.[39m[90m.[39m[90m.[39m[90m.[39m[90m.[39m[90m.[39m[90m.[39m[90m.[39m[90m.[39m[90m.[39m[90m.[39m[90m.[39m[90m.[39m[90m.[39m[90m.[39m[90m.[39m[90m.[39m[90m.[39m[90m.[39m[90m.[39m[90m.[39m[90m.[39m[90m.[39m[90m.[39m[90m.[39m[90m.[39m[90m.[39m[90m.[39m[90m.[39m[90m.[39m[90m.[39m[90m.[39m[90m.[39m[90m.[39m[90m.[39m[90m.[39m[90m.[39m[90m.[39m[90m.[39m[90m.[39m [32;1mDONE[39;22m
2025-08-28T11:28:40.2653442Z   nesbot/carbon [90m.[39m[90m.[39m[90m.[39m[90m.[39m[90m.[39m[90m.[39m[90m.[39m[90m.[39m[90m.[39m[90m.[39m[90m.[39m[90m.[39m[90m.[39m[90m.[39m[90m.[39m[90m.[39m[90m.[39m[90m.[39m[90m.[39m[90m.[39m[90m.[39m[90m.[39m[90m.[39m[90m.[39m[90m.[39m[90m.[39m[90m.[39m[90m.[39m[90m.[39m[90m.[39m[90m.[39m[90m.[39m[90m.[39m[90m.[39m[90m.[39m[90m.[39m[90m.[39m[90m.[39m[90m.[39m[90m.[39m[90m.[39m[90m.[39m[90m.[39m[90m.[39m[90m.[39m[90m.[39m[90m.[39m[90m.[39m[90m.[39m[90m.[39m[90m.[39m[90m.[39m[90m.[39m[90m.[39m[90m.[39m[90m.[39m[90m.[39m [32;1mDONE[39;22m
2025-08-28T11:28:40.2697776Z   nunomaduro/collision [90m.[39m[90m.[39m[90m.[39m[90m.[39m[90m.[39m[90m.[39m[90m.[39m[90m.[39m[90m.[39m[90m.[39m[90m.[39m[90m.[39m[90m.[39m[90m.[39m[90m.[39m[90m.[39m[90m.[39m[90m.[39m[90m.[39m[90m.[39m[90m.[39m[90m.[39m[90m.[39m[90m.[39m[90m.[39m[90m.[39m[90m.[39m[90m.[39m[90m.[39m[90m.[39m[90m.[39m[90m.[39m[90m.[39m[90m.[39m[90m.[39m[90m.[39m[90m.[39m[90m.[39m[90m.[39m[90m.[39m[90m.[39m[90m.[39m[90m.[39m[90m.[39m[90m.[39m[90m.[39m[90m.[39m[90m.[39m[90m.[39m[90m.[39m [32;1mDONE[39;22m
2025-08-28T11:28:40.2751005Z   nunomaduro/termwind [90m.[39m[90m.[39m[90m.[39m[90m.[39m[90m.[39m[90m.[39m[90m.[39m[90m.[39m[90m.[39m[90m.[39m[90m.[39m[90m.[39m[90m.[39m[90m.[39m[90m.[39m[90m.[39m[90m.[39m[90m.[39m[90m.[39m[90m.[39m[90m.[39m[90m.[39m[90m.[39m[90m.[39m[90m.[39m[90m.[39m[90m.[39m[90m.[39m[90m.[39m[90m.[39m[90m.[39m[90m.[39m[90m.[39m[90m.[39m[90m.[39m[90m.[39m[90m.[39m[90m.[39m[90m.[39m[90m.[39m[90m.[39m[90m.[39m[90m.[39m[90m.[39m[90m.[39m[90m.[39m[90m.[39m[90m.[39m[90m.[39m[90m.[39m[90m.[39m [32;1mDONE[39;22m
2025-08-28T11:28:40.2785967Z   pestphp/pest-plugin-laravel [90m.[39m[90m.[39m[90m.[39m[90m.[39m[90m.[39m[90m.[39m[90m.[39m[90m.[39m[90m.[39m[90m.[39m[90m.[39m[90m.[39m[90m.[39m[90m.[39m[90m.[39m[90m.[39m[90m.[39m[90m.[39m[90m.[39m[90m.[39m[90m.[39m[90m.[39m[90m.[39m[90m.[39m[90m.[39m[90m.[39m[90m.[39m[90m.[39m[90m.[39m[90m.[39m[90m.[39m[90m.[39m[90m.[39m[90m.[39m[90m.[39m[90m.[39m[90m.[39m[90m.[39m[90m.[39m[90m.[39m[90m.[39m[90m.[39m[90m.[39m [32;1mDONE[39;22m
2025-08-28T11:28:40.2825755Z   pragmarx/google2fa-laravel [90m.[39m[90m.[39m[90m.[39m[90m.[39m[90m.[39m[90m.[39m[90m.[39m[90m.[39m[90m.[39m[90m.[39m[90m.[39m[90m.[39m[90m.[39m[90m.[39m[90m.[39m[90m.[39m[90m.[39m[90m.[39m[90m.[39m[90m.[39m[90m.[39m[90m.[39m[90m.[39m[90m.[39m[90m.[39m[90m.[39m[90m.[39m[90m.[39m[90m.[39m[90m.[39m[90m.[39m[90m.[39m[90m.[39m[90m.[39m[90m.[39m[90m.[39m[90m.[39m[90m.[39m[90m.[39m[90m.[39m[90m.[39m[90m.[39m[90m.[39m[90m.[39m [32;1mDONE[39;22m
2025-08-28T11:28:40.2866039Z   spatie/laravel-activitylog [90m.[39m[90m.[39m[90m.[39m[90m.[39m[90m.[39m[90m.[39m[90m.[39m[90m.[39m[90m.[39m[90m.[39m[90m.[39m[90m.[39m[90m.[39m[90m.[39m[90m.[39m[90m.[39m[90m.[39m[90m.[39m[90m.[39m[90m.[39m[90m.[39m[90m.[39m[90m.[39m[90m.[39m[90m.[39m[90m.[39m[90m.[39m[90m.[39m[90m.[39m[90m.[39m[90m.[39m[90m.[39m[90m.[39m[90m.[39m[90m.[39m[90m.[39m[90m.[39m[90m.[39m[90m.[39m[90m.[39m[90m.[39m[90m.[39m[90m.[39m[90m.[39m [32;1mDONE[39;22m
2025-08-28T11:28:40.2903586Z   spatie/laravel-event-sourcing [90m.[39m[90m.[39m[90m.[39m[90m.[39m[90m.[39m[90m.[39m[90m.[39m[90m.[39m[90m.[39m[90m.[39m[90m.[39m[90m.[39m[90m.[39m[90m.[39m[90m.[39m[90m.[39m[90m.[39m[90m.[39m[90m.[39m[90m.[39m[90m.[39m[90m.[39m[90m.[39m[90m.[39m[90m.[39m[90m.[39m[90m.[39m[90m.[39m[90m.[39m[90m.[39m[90m.[39m[90m.[39m[90m.[39m[90m.[39m[90m.[39m[90m.[39m[90m.[39m[90m.[39m[90m.[39m[90m.[39m[90m.[39m [32;1mDONE[39;22m
2025-08-28T11:28:40.2943220Z   spatie/laravel-mobile-pass [90m.[39m[90m.[39m[90m.[39m[90m.[39m[90m.[39m[90m.[39m[90m.[39m[90m.[39m[90m.[39m[90m.[39m[90m.[39m[90m.[39m[90m.[39m[90m.[39m[90m.[39m[90m.[39m[90m.[39m[90m.[39m[90m.[39m[90m.[39m[90m.[39m[90m.[39m[90m.[39m[90m.[39m[90m.[39m[90m.[39m[90m.[39m[90m.[39m[90m.[39m[90m.[39m[90m.[39m[90m.[39m[90m.[39m[90m.[39m[90m.[39m[90m.[39m[90m.[39m[90m.[39m[90m.[39m[90m.[39m[90m.[39m[90m.[39m[90m.[39m[90m.[39m [32;1mDONE[39;22m
2025-08-28T11:28:40.2978460Z   spatie/laravel-notification-log [90m.[39m[90m.[39m[90m.[39m[90m.[39m[90m.[39m[90m.[39m[90m.[39m[90m.[39m[90m.[39m[90m.[39m[90m.[39m[90m.[39m[90m.[39m[90m.[39m[90m.[39m[90m.[39m[90m.[39m[90m.[39m[90m.[39m[90m.[39m[90m.[39m[90m.[39m[90m.[39m[90m.[39m[90m.[39m[90m.[39m[90m.[39m[90m.[39m[90m.[39m[90m.[39m[90m.[39m[90m.[39m[90m.[39m[90m.[39m[90m.[39m[90m.[39m[90m.[39m[90m.[39m[90m.[39m [32;1mDONE[39;22m
2025-08-28T11:28:40.3011934Z   spatie/laravel-one-time-passwords [90m.[39m[90m.[39m[90m.[39m[90m.[39m[90m.[39m[90m.[39m[90m.[39m[90m.[39m[90m.[39m[90m.[39m[90m.[39m[90m.[39m[90m.[39m[90m.[39m[90m.[39m[90m.[39m[90m.[39m[90m.[39m[90m.[39m[90m.[39m[90m.[39m[90m.[39m[90m.[39m[90m.[39m[90m.[39m[90m.[39m[90m.[39m[90m.[39m[90m.[39m[90m.[39m[90m.[39m[90m.[39m[90m.[39m[90m.[39m[90m.[39m[90m.[39m[90m.[39m [32;1mDONE[39;22m
2025-08-28T11:28:40.3054533Z   spatie/laravel-passkeys [90m.[39m[90m.[39m[90m.[39m[90m.[39m[90m.[39m[90m.[39m[90m.[39m[90m.[39m[90m.[39m[90m.[39m[90m.[39m[90m.[39m[90m.[39m[90m.[39m[90m.[39m[90m.[39m[90m.[39m[90m.[39m[90m.[39m[90m.[39m[90m.[39m[90m.[39m[90m.[39m[90m.[39m[90m.[39m[90m.[39m[90m.[39m[90m.[39m[90m.[39m[90m.[39m[90m.[39m[90m.[39m[90m.[39m[90m.[39m[90m.[39m[90m.[39m[90m.[39m[90m.[39m[90m.[39m[90m.[39m[90m.[39m[90m.[39m[90m.[39m[90m.[39m[90m.[39m[90m.[39m[90m.[39m [32;1mDONE[39;22m
2025-08-28T11:28:40.3095345Z   spatie/laravel-permission [90m.[39m[90m.[39m[90m.[39m[90m.[39m[90m.[39m[90m.[39m[90m.[39m[90m.[39m[90m.[39m[90m.[39m[90m.[39m[90m.[39m[90m.[39m[90m.[39m[90m.[39m[90m.[39m[90m.[39m[90m.[39m[90m.[39m[90m.[39m[90m.[39m[90m.[39m[90m.[39m[90m.[39m[90m.[39m[90m.[39m[90m.[39m[90m.[39m[90m.[39m[90m.[39m[90m.[39m[90m.[39m[90m.[39m[90m.[39m[90m.[39m[90m.[39m[90m.[39m[90m.[39m[90m.[39m[90m.[39m[90m.[39m[90m.[39m[90m.[39m[90m.[39m[90m.[39m [32;1mDONE[39;22m
2025-08-28T11:28:40.3135639Z   spatie/laravel-prometheus [90m.[39m[90m.[39m[90m.[39m[90m.[39m[90m.[39m[90m.[39m[90m.[39m[90m.[39m[90m.[39m[90m.[39m[90m.[39m[90m.[39m[90m.[39m[90m.[39m[90m.[39m[90m.[39m[90m.[39m[90m.[39m[90m.[39m[90m.[39m[90m.[39m[90m.[39m[90m.[39m[90m.[39m[90m.[39m[90m.[39m[90m.[39m[90m.[39m[90m.[39m[90m.[39m[90m.[39m[90m.[39m[90m.[39m[90m.[39m[90m.[39m[90m.[39m[90m.[39m[90m.[39m[90m.[39m[90m.[39m[90m.[39m[90m.[39m[90m.[39m[90m.[39m[90m.[39m [32;1mDONE[39;22m
2025-08-28T11:28:40.3174123Z   spatie/laravel-query-builder [90m.[39m[90m.[39m[90m.[39m[90m.[39m[90m.[39m[90m.[39m[90m.[39m[90m.[39m[90m.[39m[90m.[39m[90m.[39m[90m.[39m[90m.[39m[90m.[39m[90m.[39m[90m.[39m[90m.[39m[90m.[39m[90m.[39m[90m.[39m[90m.[39m[90m.[39m[90m.[39m[90m.[39m[90m.[39m[90m.[39m[90m.[39m[90m.[39m[90m.[39m[90m.[39m[90m.[39m[90m.[39m[90m.[39m[90m.[39m[90m.[39m[90m.[39m[90m.[39m[90m.[39m[90m.[39m[90m.[39m[90m.[39m[90m.[39m [32;1mDONE[39;22m
2025-08-28T11:28:40.3205357Z   spatie/laravel-schemaless-attributes [90m.[39m[90m.[39m[90m.[39m[90m.[39m[90m.[39m[90m.[39m[90m.[39m[90m.[39m[90m.[39m[90m.[39m[90m.[39m[90m.[39m[90m.[39m[90m.[39m[90m.[39m[90m.[39m[90m.[39m[90m.[39m[90m.[39m[90m.[39m[90m.[39m[90m.[39m[90m.[39m[90m.[39m[90m.[39m[90m.[39m[90m.[39m[90m.[39m[90m.[39m[90m.[39m[90m.[39m[90m.[39m[90m.[39m[90m.[39m [32;1mDONE[39;22m
2025-08-28T11:28:40.3255389Z   tightenco/ziggy [90m.[39m[90m.[39m[90m.[39m[90m.[39m[90m.[39m[90m.[39m[90m.[39m[90m.[39m[90m.[39m[90m.[39m[90m.[39m[90m.[39m[90m.[39m[90m.[39m[90m.[39m[90m.[39m[90m.[39m[90m.[39m[90m.[39m[90m.[39m[90m.[39m[90m.[39m[90m.[39m[90m.[39m[90m.[39m[90m.[39m[90m.[39m[90m.[39m[90m.[39m[90m.[39m[90m.[39m[90m.[39m[90m.[39m[90m.[39m[90m.[39m[90m.[39m[90m.[39m[90m.[39m[90m.[39m[90m.[39m[90m.[39m[90m.[39m[90m.[39m[90m.[39m[90m.[39m[90m.[39m[90m.[39m[90m.[39m[90m.[39m[90m.[39m[90m.[39m[90m.[39m[90m.[39m[90m.[39m[90m.[39m [32;1mDONE[39;22m
2025-08-28T11:28:40.3259737Z
2025-08-28T11:28:40.3428849Z 127 packages you are using are looking for funding.
2025-08-28T11:28:40.3431441Z Use the `composer fund` command to find out more!
2025-08-28T11:28:40.3832384Z ##[group]Run php artisan key:generate
2025-08-28T11:28:40.3832907Z [36;1mphp artisan key:generate[0m
2025-08-28T11:28:40.3877486Z shell: /usr/bin/bash -e {0}
2025-08-28T11:28:40.3877712Z env:
2025-08-28T11:28:40.3877888Z   COMPOSER_PROCESS_TIMEOUT: 0
2025-08-28T11:28:40.3878124Z   COMPOSER_NO_INTERACTION: 1
2025-08-28T11:28:40.3878324Z   COMPOSER_NO_AUDIT: 1
2025-08-28T11:28:40.3878511Z ##[endgroup]
2025-08-28T11:28:40.6618276Z
2025-08-28T11:28:40.6618965Z    INFO  Application key set successfully.
2025-08-28T11:28:40.6619344Z
2025-08-28T11:28:40.6797710Z ##[group]Run php artisan config:clear
2025-08-28T11:28:40.6798028Z [36;1mphp artisan config:clear[0m
2025-08-28T11:28:40.6829778Z shell: /usr/bin/bash -e {0}
2025-08-28T11:28:40.6830003Z env:
2025-08-28T11:28:40.6830170Z   COMPOSER_PROCESS_TIMEOUT: 0
2025-08-28T11:28:40.6830399Z   COMPOSER_NO_INTERACTION: 1
2025-08-28T11:28:40.6830602Z   COMPOSER_NO_AUDIT: 1
2025-08-28T11:28:40.6830787Z ##[endgroup]
2025-08-28T11:28:40.9788930Z
2025-08-28T11:28:40.9791337Z    INFO  Configuration cache cleared successfully.
2025-08-28T11:28:40.9794017Z
2025-08-28T11:28:40.9976757Z ##[group]Run php artisan migrate --force --seed
2025-08-28T11:28:40.9977251Z [36;1mphp artisan migrate --force --seed[0m
2025-08-28T11:28:41.0007154Z shell: /usr/bin/bash -e {0}
2025-08-28T11:28:41.0007383Z env:
2025-08-28T11:28:41.0007552Z   COMPOSER_PROCESS_TIMEOUT: 0
2025-08-28T11:28:41.0007792Z   COMPOSER_NO_INTERACTION: 1
2025-08-28T11:28:41.0007999Z   COMPOSER_NO_AUDIT: 1
2025-08-28T11:28:41.0008190Z   DB_CONNECTION: pgsql
2025-08-28T11:28:41.0008383Z   DB_HOST: localhost
2025-08-28T11:28:41.0008560Z   DB_PORT: 5432
2025-08-28T11:28:41.0008732Z   DB_DATABASE: testing
2025-08-28T11:28:41.0008910Z   DB_USERNAME: postgres
2025-08-28T11:28:41.0009097Z   DB_PASSWORD: postgres
2025-08-28T11:28:41.0009275Z ##[endgroup]
2025-08-28T11:28:41.3695669Z
2025-08-28T11:28:41.3696032Z    INFO  Preparing database.
2025-08-28T11:28:41.3696327Z
2025-08-28T11:28:41.3854001Z   Creating migration table ...................................... 10.78ms DONE
2025-08-28T11:28:41.3854655Z
2025-08-28T11:28:41.4029293Z    INFO  Running migrations.
2025-08-28T11:28:41.4029615Z
2025-08-28T11:28:41.4261112Z   0001_01_01_000000_create_users_table .......................... 20.75ms DONE
2025-08-28T11:28:41.4352035Z   0001_01_01_000001_create_cache_table ........................... 5.45ms DONE
2025-08-28T11:28:41.4495082Z   0001_01_01_000002_create_jobs_table ........................... 11.01ms DONE
2025-08-28T11:28:41.4793611Z   2025_08_22_133201_create_ref_geo .............................. 26.23ms DONE
2025-08-28T11:28:41.4863611Z   2025_08_22_134012_create_oauth_auth_codes_table ................ 4.45ms DONE
2025-08-28T11:28:41.4933724Z   2025_08_22_134013_create_oauth_access_tokens_table ............. 4.59ms DONE
2025-08-28T11:28:41.4995232Z   2025_08_22_134014_create_oauth_refresh_tokens_table ............ 3.77ms DONE
2025-08-28T11:28:41.5072299Z   2025_08_22_134015_create_oauth_clients_table ................... 5.05ms DONE
2025-08-28T11:28:41.5156509Z   2025_08_22_134016_create_oauth_device_codes_table .............. 6.10ms DONE
2025-08-28T11:28:41.5508754Z   2025_08_22_134759_create_permission_tables .................... 32.15ms DONE
2025-08-28T11:28:41.5681527Z   2025_08_22_134800_create_mobile_pass_tables ................... 14.16ms DONE
2025-08-28T11:28:41.5760190Z   2025_08_22_134800_create_notification_log_items_table .......... 5.49ms DONE
2025-08-28T11:28:41.5835513Z   2025_08_22_134800_create_one_time_passwords_table .............. 4.83ms DONE
2025-08-28T11:28:41.5930379Z   2025_08_22_134800_create_passkeys_table ........................ 6.35ms DONE
2025-08-28T11:28:41.6022137Z   2025_08_22_134929_create_stored_events_table ................... 6.50ms DONE
2025-08-28T11:28:41.6095105Z   2025_08_22_134930_create_snapshots_table ....................... 4.33ms DONE
2025-08-28T11:28:41.6186230Z   2025_08_22_135002_create_activity_log_table .................... 6.44ms DONE
2025-08-28T11:28:41.6221676Z   2025_08_22_135003_add_event_column_to_activity_log_table ....... 1.69ms DONE
2025-08-28T11:28:41.6255839Z   2025_08_22_135004_add_batch_uuid_column_to_activity_log_table .. 1.77ms DONE
2025-08-28T11:28:41.6828170Z   2025_08_22_140206_create_organizations_table .................. 54.14ms DONE
2025-08-28T11:28:41.6915271Z   2025_08_22_141831_create_user_mfa_settings_table ............... 6.12ms DONE
2025-08-28T11:28:41.7001600Z   2025_08_22_144015_create_personal_access_tokens_table .......... 6.40ms DONE
2025-08-28T11:28:41.7091529Z   2025_08_22_193811_create_user_consents_table ................... 6.34ms DONE
2025-08-28T11:28:41.7163694Z   2025_08_22_193814_create_oauth_scopes_table .................... 4.27ms DONE
2025-08-28T11:28:41.7235822Z   2025_08_22_193820_add_oauth_fields_to_oauth_clients_table ...... 5.29ms DONE
2025-08-28T11:28:41.7281325Z   2025_08_22_194942_add_pkce_to_oauth_auth_codes_table ........... 2.35ms DONE
2025-08-28T11:28:41.7405484Z   2025_08_22_195623_create_oauth_audit_logs_table ................ 9.91ms DONE
2025-08-28T11:28:41.7491423Z   2025_08_22_200259_add_organization_support_to_oauth_clients_table  6.38ms DONE
2025-08-28T11:28:41.7575970Z   2025_08_22_200507_add_tenant_context_to_oauth_audit_logs_table . 6.88ms DONE
2025-08-28T11:28:41.7675405Z   2025_08_22_201247_make_organization_id_required_on_oauth_clients_table  8.23ms DONE
2025-08-28T11:28:41.7753815Z   2025_08_23_000001_add_organization_context_to_activity_log ..... 6.06ms DONE
2025-08-28T11:28:41.7930682Z   2025_08_23_085834_add_tenant_support_to_models ................ 15.08ms DONE
2025-08-28T11:28:41.7981371Z   2025_08_23_174923_add_organization_id_to_organization_positions_table  3.21ms DONE
2025-08-28T11:28:41.8076389Z   2025_08_24_024105_create_chat_conversations_table .............. 7.40ms DONE
2025-08-28T11:28:41.8196156Z   2025_08_24_024108_create_chat_participants_table ............... 9.44ms DONE
2025-08-28T11:28:41.8327118Z   2025_08_24_024113_create_chat_messages_table .................. 10.23ms DONE
2025-08-28T11:28:41.8436348Z   2025_08_24_024116_create_chat_encryption_keys_table ............ 8.62ms DONE
2025-08-28T11:28:41.8475019Z   2025_08_24_025641_add_reply_to_foreign_key_to_chat_messages .... 2.14ms DONE
2025-08-28T11:28:41.8557761Z   2025_08_24_030427_add_file_fields_to_chat_messages_table ....... 6.27ms DONE
2025-08-28T11:28:41.8611008Z   2025_08_24_063854_add_public_key_to_users_table ................ 2.63ms DONE
2025-08-28T11:28:41.8747296Z   2025_08_24_064220_create_chat_message_reactions_table ......... 11.49ms DONE
2025-08-28T11:28:41.8877054Z   2025_08_24_064251_create_chat_message_read_receipts_table ..... 11.12ms DONE
2025-08-28T11:28:41.8945717Z   2025_08_24_064252_add_voice_message_fields_to_chat_messages .... 4.89ms DONE
2025-08-28T11:28:41.9051129Z   2025_08_24_064252_create_chat_typing_indicators_table .......... 8.17ms DONE
2025-08-28T11:28:41.9099064Z   2025_08_24_115507_add_avatar_to_users_table .................... 1.87ms DONE
2025-08-28T11:28:41.9158690Z   2025_08_24_130000_add_encrypted_voice_fields_to_chat_messages .. 3.88ms DONE
2025-08-28T11:28:41.9239835Z   2025_08_24_131000_add_privacy_controls_to_chat_features ........ 6.00ms DONE
2025-08-28T11:28:41.9280380Z   2025_08_24_132000_add_voice_type_to_chat_messages .............. 1.71ms DONE
2025-08-28T11:28:41.9400226Z   2025_08_25_031351_create_trusted_devices_table ................. 9.17ms DONE
2025-08-28T11:28:41.9527876Z   2025_08_25_040000_extend_sessions_table ........................ 9.75ms DONE
2025-08-28T11:28:41.9570257Z   2025_08_25_040001_drop_user_sessions_table ..................... 1.39ms DONE
2025-08-28T11:28:41.9685525Z   2025_08_25_131328_create_user_devices_table .................... 8.80ms DONE
2025-08-28T11:28:41.9813734Z   2025_08_25_131342_update_chat_encryption_keys_for_multi_device . 9.67ms DONE
2025-08-28T11:28:41.9957781Z   2025_08_25_131400_create_device_key_shares_table .............. 12.03ms DONE
2025-08-28T11:28:42.0005032Z   2025_08_25_205906_fix_encryption_keys_unique_constraint ........ 2.70ms DONE
2025-08-28T11:28:42.0183651Z   2025_08_25_211250_enhance_chat_encryption_keys_for_multi_device_v2  15.79ms DONE
2025-08-28T11:28:42.0320871Z   2025_08_25_211357_enhance_user_devices_for_advanced_security .. 12.00ms DONE
2025-08-28T11:28:42.0374607Z   2025_08_26_000000_add_user_access_scope_to_oauth_clients_table . 3.74ms DONE
2025-08-28T11:28:42.0393904Z   2025_08_27_024052_migrate_to_new_naming_conventions [INFO] Starting migration to new naming conventions...
2025-08-28T11:28:42.0412478Z [INFO] Updated OAuth scope: organization:read -> https://api.yourcompany.com/auth/organization.readonly
2025-08-28T11:28:42.0421884Z [INFO] Updated OAuth scope: organization:write -> https://api.yourcompany.com/auth/organization
2025-08-28T11:28:42.0430798Z [INFO] Updated OAuth scope: organization:members -> https://api.yourcompany.com/auth/organization.members
2025-08-28T11:28:42.0439769Z [INFO] Updated OAuth scope: organization:admin -> https://api.yourcompany.com/auth/organization.admin
2025-08-28T11:28:42.0447417Z [INFO] Updated OAuth scope: organization:hierarchy -> https://api.yourcompany.com/auth/organization.admin
2025-08-28T11:28:42.0456732Z [INFO] Updated OAuth scope: user:read -> https://api.yourcompany.com/auth/userinfo.profile
2025-08-28T11:28:42.0465704Z [INFO] Updated OAuth scope: user:write -> https://api.yourcompany.com/auth/user.modify
2025-08-28T11:28:42.0474191Z [INFO] Updated OAuth scope: tenant:read -> https://api.yourcompany.com/auth/organization.readonly
2025-08-28T11:28:42.0482913Z [INFO] Updated OAuth scope: tenant:admin -> https://api.yourcompany.com/auth/organization.admin
2025-08-28T11:28:42.0491564Z [INFO] Updated OAuth scope: analytics:read -> https://api.yourcompany.com/auth/analytics.readonly
2025-08-28T11:28:42.0499325Z [INFO] Updated OAuth scope: webhooks:manage -> https://api.yourcompany.com/auth/webhooks
2025-08-28T11:28:42.0507954Z [INFO] Updated OAuth scope: api:full_access -> https://api.yourcompany.com/auth/platform.full
2025-08-28T11:28:42.0516574Z [INFO] Updated OAuth scope: financial:read -> https://api.yourcompany.com/auth/finance.readonly
2025-08-28T11:28:42.0525342Z [INFO] Updated OAuth scope: security:audit -> https://api.yourcompany.com/auth/audit.readonly
2025-08-28T11:28:42.0534063Z [INFO] Updated OAuth scope: integration:third_party -> https://api.yourcompany.com/auth/integrations
2025-08-28T11:28:42.0542861Z [INFO] Updated OAuth scope: mobile:access -> https://api.yourcompany.com/auth/mobile
2025-08-28T11:28:42.0583734Z [INFO] Updated OAuth access token scopes
2025-08-28T11:28:42.0585765Z [INFO] Migration to new naming conventions completed successfully!
2025-08-28T11:28:42.0597677Z ........... 19.79ms DONE
2025-08-28T11:28:42.0668205Z   2025_08_27_081646_fix_oauth_clients_owner_id_for_ulid .......... 4.70ms DONE
2025-08-28T11:28:42.0715778Z   2025_08_28_000420_add_is_encrypted_to_chat_conversations_table . 3.11ms DONE
2025-08-28T11:28:42.0755295Z   2025_08_28_003924_add_file_encryption_fields_to_chat_messages_table  2.53ms DONE
2025-08-28T11:28:42.0766270Z
2025-08-28T11:28:42.0780476Z
2025-08-28T11:28:42.0780984Z    INFO  Seeding database.
2025-08-28T11:28:42.0781618Z
2025-08-28T11:28:42.8311484Z   Database\Seeders\SystemUserSeeder .................................. RUNNING
2025-08-28T11:28:43.7351271Z   Database\Seeders\SystemUserSeeder .............................. 903 ms DONE
2025-08-28T11:28:43.7352207Z
2025-08-28T11:28:43.7365982Z   Database\Seeders\PermissionSeeder .................................. RUNNING
2025-08-28T11:28:44.1160336Z Created role: super-admin with 50 permissions
2025-08-28T11:28:44.1381570Z Created role: organization-admin with 32 permissions
2025-08-28T11:28:44.1522618Z Created role: manager with 13 permissions
2025-08-28T11:28:44.1650026Z Created role: employee with 9 permissions
2025-08-28T11:28:44.1781564Z Created role: board-member with 11 permissions
2025-08-28T11:28:44.1905719Z Created role: consultant with 8 permissions
2025-08-28T11:28:44.2045603Z Created role: auditor with 13 permissions
2025-08-28T11:28:44.2207667Z Created role: security-admin with 19 permissions
2025-08-28T11:28:44.2209893Z
2025-08-28T11:28:44.2210374Z === ACTIVITY LOG PERMISSIONS SUMMARY ===
2025-08-28T11:28:44.2377843Z • audit_log:read: Can view audit logs (scoped to user permissions)
2025-08-28T11:28:44.2380102Z • audit_log:write: Can create audit log entries
2025-08-28T11:28:44.2383608Z • audit_log:delete: Can delete audit log entries
2025-08-28T11:28:44.2385607Z • audit_log:admin: Full administrative access to audit logs including export and purge
2025-08-28T11:28:44.2388095Z
2025-08-28T11:28:44.2388639Z === ROLES WITH ACTIVITY LOG ACCESS ===
2025-08-28T11:28:44.2391017Z • super-admin: audit_log:read, audit_log:write, audit_log:delete, audit_log:admin
2025-08-28T11:28:44.2393943Z • organization-admin: audit_log:read, audit_log:admin
2025-08-28T11:28:44.2395419Z • manager: audit_log:read
2025-08-28T11:28:44.2397780Z • board-member: audit_log:read
2025-08-28T11:28:44.2400163Z • auditor: audit_log:read, audit_log:admin
2025-08-28T11:28:44.2402998Z • security-admin: audit_log:read, audit_log:delete, audit_log:admin
2025-08-28T11:28:44.2404324Z
2025-08-28T11:28:44.2405405Z === ROLE HIERARCHY FOR AUDIT LOGS (GitHub-style) ===
2025-08-28T11:28:44.2407654Z • Employees: Basic audit log read access (own activities)
2025-08-28T11:28:44.2409083Z • Managers/Board Members: Organization-scoped audit log read access
2025-08-28T11:28:44.2411507Z • Organization Admins: Full audit log administration within organization
2025-08-28T11:28:44.2412806Z • Auditors: Read-only access to all audit logs with export capabilities
2025-08-28T11:28:44.2415390Z • Security Admins: Full audit log administration including deletion and purging
2025-08-28T11:28:44.2418843Z • Super Admins: Complete access to all audit log features
2025-08-28T11:28:44.2442743Z
2025-08-28T11:28:44.2443578Z Seeding completed: 50 permissions, 8 roles created/updated.
2025-08-28T11:28:44.2459595Z   Database\Seeders\PermissionSeeder .............................. 508 ms DONE
2025-08-28T11:28:44.2462243Z
2025-08-28T11:28:44.2473973Z   Database\Seeders\RolePermissionSeeder .............................. RUNNING
2025-08-28T11:28:44.7989440Z   Database\Seeders\RolePermissionSeeder .......................... 550 ms DONE
2025-08-28T11:28:44.7990436Z
2025-08-28T11:28:44.8002962Z   Database\Seeders\IndustrySpecificPermissionsSeeder ................. RUNNING
2025-08-28T11:28:45.3395504Z   Database\Seeders\IndustrySpecificPermissionsSeeder ............. 538 ms DONE
2025-08-28T11:28:45.3396466Z
2025-08-28T11:28:45.3408892Z   Database\Seeders\OrganizationPositionLevelSeeder ................... RUNNING
2025-08-28T11:28:45.3655610Z   Database\Seeders\OrganizationPositionLevelSeeder ................ 23 ms DONE
2025-08-28T11:28:45.3659195Z
2025-08-28T11:28:45.3672644Z   Database\Seeders\OrganizationSeeder ................................ RUNNING
2025-08-28T11:28:45.5504831Z   Database\Seeders\OrganizationSeeder ............................ 182 ms DONE
2025-08-28T11:28:45.5505832Z
2025-08-28T11:28:45.5523660Z   Database\Seeders\OrganizationVariantsSeeder ........................ RUNNING
2025-08-28T11:28:45.9501159Z   Database\Seeders\OrganizationVariantsSeeder .................... 396 ms DONE
2025-08-28T11:28:45.9502329Z
2025-08-28T11:28:45.9516049Z   Database\Seeders\OrganizationUnitSeeder ............................ RUNNING
2025-08-28T11:28:46.0728288Z   Database\Seeders\OrganizationUnitSeeder ........................ 120 ms DONE
2025-08-28T11:28:46.0729456Z
2025-08-28T11:28:46.0743018Z   Database\Seeders\OrganizationPositionSeeder ........................ RUNNING
2025-08-28T11:28:46.1707685Z   Database\Seeders\OrganizationPositionSeeder ..................... 95 ms DONE
2025-08-28T11:28:46.1708851Z
2025-08-28T11:28:46.1724871Z   Database\Seeders\OrganizationMembershipSeeder ...................... RUNNING
2025-08-28T11:28:48.3296447Z   Database\Seeders\OrganizationMembershipSeeder ................ 2,156 ms DONE
2025-08-28T11:28:48.3297456Z
2025-08-28T11:28:48.3311901Z   Database\Seeders\OrganizationalStructureSeeder ..................... RUNNING
2025-08-28T11:28:49.0657889Z Organizational structure seeded successfully!
2025-08-28T11:28:49.0659946Z - 1 Holding Company (Global Tech Holdings Ltd)
2025-08-28T11:28:49.0660678Z - 2 Subsidiaries (TechSolutions Inc, FinTech Innovations Ltd)
2025-08-28T11:28:49.0664255Z - 6 Organizational Units (BOC, BOD, Audit Committee, 2 Divisions)
2025-08-28T11:28:49.0666219Z - 4 Positions (Chairman, CEO, CTO, VP Sales)
2025-08-28T11:28:49.0666752Z - 4 Users with active memberships
2025-08-28T11:28:49.0678772Z   Database\Seeders\OrganizationalStructureSeeder ................. 735 ms DONE
2025-08-28T11:28:49.0680712Z
2025-08-28T11:28:49.0693812Z   Database\Seeders\OAuthScopesSeeder ................................. RUNNING
2025-08-28T11:28:49.1159722Z OAuth scopes seeded successfully.
2025-08-28T11:28:49.1172349Z   Database\Seeders\OAuthScopesSeeder .............................. 46 ms DONE
2025-08-28T11:28:49.1174232Z
2025-08-28T11:28:49.1514827Z ##[group]Run php artisan passport:keys --force
2025-08-28T11:28:49.1515248Z [36;1mphp artisan passport:keys --force[0m
2025-08-28T11:28:49.1550338Z shell: /usr/bin/bash -e {0}
2025-08-28T11:28:49.1550576Z env:
2025-08-28T11:28:49.1550752Z   COMPOSER_PROCESS_TIMEOUT: 0
2025-08-28T11:28:49.1550983Z   COMPOSER_NO_INTERACTION: 1
2025-08-28T11:28:49.1551188Z   COMPOSER_NO_AUDIT: 1
2025-08-28T11:28:49.1551373Z ##[endgroup]
2025-08-28T11:28:50.9058013Z
2025-08-28T11:28:50.9058866Z    INFO  Encryption keys generated successfully.
2025-08-28T11:28:50.9059655Z
2025-08-28T11:28:50.9248665Z ##[group]Run php artisan test --coverage --min=80
2025-08-28T11:28:50.9249254Z [36;1mphp artisan test --coverage --min=80[0m
2025-08-28T11:28:50.9287111Z shell: /usr/bin/bash -e {0}
2025-08-28T11:28:50.9287343Z env:
2025-08-28T11:28:50.9287514Z   COMPOSER_PROCESS_TIMEOUT: 0
2025-08-28T11:28:50.9287747Z   COMPOSER_NO_INTERACTION: 1
2025-08-28T11:28:50.9287947Z   COMPOSER_NO_AUDIT: 1
2025-08-28T11:28:50.9288135Z   DB_CONNECTION: pgsql
2025-08-28T11:28:50.9288313Z   DB_HOST: localhost
2025-08-28T11:28:50.9288487Z   DB_PORT: 5432
2025-08-28T11:28:50.9288659Z   DB_DATABASE: testing
2025-08-28T11:28:50.9288833Z   DB_USERNAME: postgres
2025-08-28T11:28:50.9289021Z   DB_PASSWORD: postgres
2025-08-28T11:28:50.9289196Z ##[endgroup]
2025-08-28T11:28:54.7496499Z
2025-08-28T11:28:54.7497344Z    PASS  Tests\Unit\ExampleTest
2025-08-28T11:28:54.7545153Z   ✓ that true is true                                                    0.04s
2025-08-28T11:28:57.8664861Z [INFO] Starting migration to new naming conventions...
2025-08-28T11:28:57.8666797Z [INFO] Updated OAuth scope: organization:read -> https://api.yourcompany.com/auth/organization.readonly
2025-08-28T11:28:57.8668873Z [INFO] Updated OAuth scope: organization:write -> https://api.yourcompany.com/auth/organization
2025-08-28T11:28:57.8670096Z [INFO] Updated OAuth scope: organization:members -> https://api.yourcompany.com/auth/organization.members
2025-08-28T11:28:57.8671341Z [INFO] Updated OAuth scope: organization:admin -> https://api.yourcompany.com/auth/organization.admin
2025-08-28T11:28:57.8672618Z [INFO] Updated OAuth scope: organization:hierarchy -> https://api.yourcompany.com/auth/organization.admin
2025-08-28T11:28:57.8673957Z [INFO] Updated OAuth scope: user:read -> https://api.yourcompany.com/auth/userinfo.profile
2025-08-28T11:28:57.8674985Z [INFO] Updated OAuth scope: user:write -> https://api.yourcompany.com/auth/user.modify
2025-08-28T11:28:57.8676073Z [INFO] Updated OAuth scope: tenant:read -> https://api.yourcompany.com/auth/organization.readonly
2025-08-28T11:28:57.8677203Z [INFO] Updated OAuth scope: tenant:admin -> https://api.yourcompany.com/auth/organization.admin
2025-08-28T11:28:57.8678355Z [INFO] Updated OAuth scope: analytics:read -> https://api.yourcompany.com/auth/analytics.readonly
2025-08-28T11:28:57.8679437Z [INFO] Updated OAuth scope: webhooks:manage -> https://api.yourcompany.com/auth/webhooks
2025-08-28T11:28:57.8680520Z [INFO] Updated OAuth scope: api:full_access -> https://api.yourcompany.com/auth/platform.full
2025-08-28T11:28:57.8681631Z [INFO] Updated OAuth scope: financial:read -> https://api.yourcompany.com/auth/finance.readonly
2025-08-28T11:28:57.8682755Z [INFO] Updated OAuth scope: security:audit -> https://api.yourcompany.com/auth/audit.readonly
2025-08-28T11:28:57.8684083Z [INFO] Updated OAuth scope: integration:third_party -> https://api.yourcompany.com/auth/integrations
2025-08-28T11:28:57.8685196Z [INFO] Updated OAuth scope: mobile:access -> https://api.yourcompany.com/auth/mobile
2025-08-28T11:28:57.8685941Z [INFO] Updated OAuth access token scopes
2025-08-28T11:28:57.8686621Z [INFO] Migration to new naming conventions completed successfully!
2025-08-28T11:29:29.3776348Z
2025-08-28T11:29:29.3779031Z    WARN  Tests\Unit\Services\ChatEncryptionServiceTest
2025-08-28T11:29:29.3797622Z   ✓ Key Generation → it can generate RSA key pair                        3.12s
2025-08-28T11:29:29.3816434Z   ✓ Key Generation → it can generate symmetric key                       0.08s
2025-08-28T11:29:29.3834770Z   ✓ Key Generation → it generates different keys each time               2.94s
2025-08-28T11:29:29.3854060Z   ✓ Symmetric Key Encryption → it can encrypt symmetric key with RSA pu… 1.86s
2025-08-28T11:29:29.3873518Z   ✓ Symmetric Key Encryption → it can decrypt symmetric key with RSA pr… 1.52s
2025-08-28T11:29:29.3891685Z   ✓ Symmetric Key Encryption → it throws exception for invalid public k… 1.91s
2025-08-28T11:29:29.3910838Z   ✓ Symmetric Key Encryption → it throws exception for invalid private…  0.54s
2025-08-28T11:29:29.3932209Z   ✓ Message Encryption → it can encrypt a message                        0.08s
2025-08-28T11:29:29.3950833Z   ✓ Message Encryption → it can decrypt a message                        0.09s
2025-08-28T11:29:29.3969332Z   ✓ Message Encryption → it throws exception for invalid symmetric key…  0.08s
2025-08-28T11:29:29.3988248Z   ✓ Message Encryption → it throws exception for invalid IV              0.08s
2025-08-28T11:29:29.4008990Z   - Message Encryption → it throws exception for invalid hash → Current… 0.08s
2025-08-28T11:29:29.4027484Z   ✓ Message Encryption → it generates different IV for each encryption   0.08s
2025-08-28T11:29:29.4046304Z   ✓ File Encryption → it can encrypt file content                        0.08s
2025-08-28T11:29:29.4065510Z   ✓ File Encryption → it can decrypt file content                        0.08s
2025-08-28T11:29:29.4083836Z   ✓ File Encryption → it handles large file content                      0.08s
2025-08-28T11:29:29.4102056Z   ✓ File Encryption → it handles binary file content                     0.09s
2025-08-28T11:29:29.4120974Z   ✓ Key Derivation → it can derive key from password                     0.19s
2025-08-28T11:29:29.4139642Z   ✓ Key Derivation → it generates consistent keys for same input         0.30s
2025-08-28T11:29:29.4157967Z   ✓ Key Derivation → it generates different keys for different password… 0.35s
2025-08-28T11:29:29.4181570Z   ✓ Key Derivation → it generates different keys for different salts     0.37s
2025-08-28T11:29:29.4200445Z   ✓ Error Handling and Validation → it validates input parameters        0.11s
2025-08-28T11:29:29.4221916Z   ! Error Handling and Validation → it handles OpenSSL errors gracefull… 0.17s
2025-08-28T11:29:29.4240664Z   ✓ Error Handling and Validation → it logs encryption operations        0.10s
2025-08-28T11:29:29.4259807Z   ✓ Performance and Memory → it handles multiple encryptions efficientl… 0.13s
2025-08-28T11:29:29.4277307Z   ✓ Performance and Memory → it cleans up memory after large operations  0.11s
2025-08-28T11:29:29.4295603Z   ✓ Bulk Operations → it can encrypt for multiple participants           2.95s
2025-08-28T11:29:29.4313657Z   ✓ Bulk Operations → it handles errors for invalid public keys          3.89s
2025-08-28T11:29:29.4331876Z   ✓ Bulk Operations → it can bulk decrypt messages                       0.08s
2025-08-28T11:29:29.4350084Z   ✓ Bulk Operations → it handles bulk decryption errors gracefully       0.08s
2025-08-28T11:29:29.4368080Z   ✓ Backup and Recovery → it can create encrypted backup                 0.19s
2025-08-28T11:29:29.4385991Z   ✓ Backup and Recovery → it can restore from encrypted backup           0.30s
2025-08-28T11:29:29.4403909Z   ✓ Backup and Recovery → it fails with wrong password                   0.30s
2025-08-28T11:29:29.4421830Z   ✓ Backup and Recovery → it validates password strength                 0.09s
2025-08-28T11:29:29.4439793Z   ✓ Backup and Recovery → it includes checksum verification              0.30s
2025-08-28T11:29:29.4457722Z   ✓ Health Validation → it validates encryption system health            1.64s
2025-08-28T11:29:29.4475478Z   ✓ Health Validation → it measures performance metrics                  4.34s
2025-08-28T11:29:29.4495741Z   ! Health Validation → it detects slow performance → This test did not… 2.11s
2025-08-28T11:29:29.4513631Z   ✓ Enhanced Features → it verifies key integrity                        0.97s
2025-08-28T11:29:29.4531801Z   ✓ Enhanced Features → it detects corrupted keys                        2.59s
2025-08-28T11:29:29.4549995Z   ✓ Enhanced Features → it rotates symmetric keys                        0.08s
2025-08-28T11:29:29.4567986Z   ✓ Enhanced Features → it calculates password entropy                   0.09s
2025-08-28T11:29:30.2883346Z
2025-08-28T11:29:30.2885195Z    PASS  Tests\Unit\TrustedDeviceControllerTest
2025-08-28T11:29:30.2902250Z   ✓ trusted device service can get user devices                          0.34s
2025-08-28T11:29:30.2919268Z   ✓ trusted device controller can create device                          0.13s
2025-08-28T11:29:30.2936369Z   ✓ trusted device controller can update device                          0.13s
2025-08-28T11:29:30.2952402Z   ✓ trusted device controller can revoke device                          0.12s
2025-08-28T11:29:30.2968656Z   ✓ trusted device controller can revoke all devices                     0.09s
2025-08-28T11:29:30.2984962Z   ✓ trusted device controller can cleanup expired devices                0.09s
2025-08-28T11:29:30.3356867Z
2025-08-28T11:29:30.3357399Z    PASS  Tests\Unit\TrustedDeviceUnitTest
2025-08-28T11:29:30.3374644Z   ✓ device token generation works                                        0.01s
2025-08-28T11:29:30.3386371Z   ✓ device expiration calculation works
2025-08-28T11:29:30.3400216Z   ✓ device expiration check works
2025-08-28T11:29:30.3411429Z   ✓ device fingerprint generation is consistent
2025-08-28T11:29:30.3421593Z   ✓ device type detection works correctly
2025-08-28T11:29:30.3432462Z   ✓ session lifetime calculation works
2025-08-28T11:29:30.3444519Z   ✓ security alert detection logic works
2025-08-28T11:29:30.3455291Z   ✓ device name generation logic works
2025-08-28T11:29:30.3466377Z   ✓ cookie settings validation works
2025-08-28T11:29:33.9661796Z
2025-08-28T11:29:33.9662725Z    PASS  Tests\Feature\ActivityLogExportTest
2025-08-28T11:29:33.9680541Z   ✓ it allows admin to access export all endpoint                        0.28s
2025-08-28T11:29:33.9696968Z   ✓ it allows admin to access export filtered endpoint                   0.25s
2025-08-28T11:29:33.9712899Z   ✓ it prevents regular user from accessing export endpoints             0.23s
2025-08-28T11:29:33.9729285Z   ✓ it redirects unauthenticated users trying to access export endpoint… 0.20s
2025-08-28T11:29:33.9745320Z   ✓ it returns correct data from validate export endpoint                0.23s
2025-08-28T11:29:33.9761475Z   ✓ it validates required parameters for export                          0.25s
2025-08-28T11:29:33.9778264Z   ✓ it validates date range for filtered export                          0.23s
2025-08-28T11:29:33.9795090Z   ✓ it returns available columns for export                              0.22s
2025-08-28T11:29:33.9811688Z   ✓ it can export all activities through service                         0.22s
2025-08-28T11:29:33.9827867Z   ✓ it can export filtered activities through service                    0.21s
2025-08-28T11:29:33.9843927Z   ✓ it respects user permissions when exporting                          0.22s
2025-08-28T11:29:33.9859949Z   ✓ it validates available column selection                              0.19s
2025-08-28T11:29:33.9875749Z   ✓ it handles custom column selection                                   0.22s
2025-08-28T11:29:33.9891629Z   ✓ it shows export button for admin users on activity log index         0.37s
2025-08-28T11:29:33.9907946Z   ✓ it hides export button for regular users on activity log index       0.29s
2025-08-28T11:29:35.3356761Z
2025-08-28T11:29:35.3357285Z    PASS  Tests\Feature\ActivityLogTest
2025-08-28T11:29:35.3374317Z   ✓ user activity is logged when user is created                         0.12s
2025-08-28T11:29:35.3391608Z   ✓ user activity is logged when user is updated                         0.10s
2025-08-28T11:29:35.3408589Z   ✓ organization activity is logged when organization is created         0.12s
2025-08-28T11:29:35.3425216Z   ✓ organization membership activity is logged when membership is creat… 0.14s
2025-08-28T11:29:35.3441394Z   ✓ mfa settings activity is logged when mfa is enabled                  0.10s
2025-08-28T11:29:35.3457613Z   ✓ trusted device activity is logged when device is created             0.11s
2025-08-28T11:29:35.3473661Z   ✓ activity log service logs auth events correctly                      0.10s
2025-08-28T11:29:35.3489870Z   ✓ activity log service logs organization events correctly              0.12s
2025-08-28T11:29:35.3506168Z   ✓ activity log service logs oauth events correctly                     0.11s
2025-08-28T11:29:35.3522072Z   ✓ activity log service logs system events correctly                    0.09s
2025-08-28T11:29:35.3538352Z   ✓ activity queries work with scopes                                    0.12s
2025-08-28T11:29:35.3554152Z   ✓ activity log respects tenant scoping when available                  0.13s
2025-08-28T11:31:00.7080035Z
2025-08-28T11:31:00.7081067Z    PASS  Tests\Feature\Api\MultiDeviceApiTest
2025-08-28T11:31:00.7100678Z   ✓ Device Management API → it can list user devices                     2.66s
2025-08-28T11:31:00.7118958Z   ✓ Device Management API → it can register new device                   4.62s
2025-08-28T11:31:00.7137392Z   ✓ Device Management API → it can get device details                    5.76s
2025-08-28T11:31:00.7156076Z   ✓ Device Management API → it can update device                         3.16s
2025-08-28T11:31:00.7174937Z   ✓ Device Management API → it can trust device                          3.50s
2025-08-28T11:31:00.7193402Z   ✓ Device Management API → it can remove device                         2.36s
2025-08-28T11:31:00.7211346Z   ✓ Device Management API → it cannot access other user devices          5.27s
2025-08-28T11:31:00.7229351Z   ✓ Key Sharing API → it can initiate key sharing from trusted device t… 2.05s
2025-08-28T11:31:00.7247229Z   ✓ Key Sharing API → it can get key shares for device                   3.80s
2025-08-28T11:31:00.7265040Z   ✓ Key Sharing API → it cannot share keys from untrusted device         5.57s
2025-08-28T11:31:00.7283419Z   ✓ Multi-Device Conversation Encryption API → it can setup conversatio… 2.31s
2025-08-28T11:31:00.7301755Z   ✓ Multi-Device Conversation Encryption API → it can rotate conversati… 3.14s
2025-08-28T11:31:00.7319949Z   ✓ Multi-Device Conversation Encryption API → it can get device-specif… 2.20s
2025-08-28T11:31:00.7338034Z   ✓ Multi-Device Conversation Encryption API → it can accept key share…  2.46s
2025-08-28T11:31:00.7356088Z   ✓ Multi-Device Conversation Encryption API → it can revoke device acc… 3.01s
2025-08-28T11:31:00.7373967Z   ✓ Multi-Device Health Check API → it can get multi-device health sta… 10.11s
2025-08-28T11:31:00.7392111Z   ✓ Multi-Device Health Check API → it can get device-specific health s… 5.05s
2025-08-28T11:31:00.7410289Z   ✓ API Validation and Error Handling → it validates device registratio… 2.53s
2025-08-28T11:31:00.7428430Z   ✓ API Validation and Error Handling → it validates conversation encry… 3.27s
2025-08-28T11:31:00.7446466Z   ✓ API Validation and Error Handling → it validates key share acceptan… 4.80s
2025-08-28T11:31:00.7465257Z   ✓ API Validation and Error Handling → it handles unauthorized access…  7.73s
2025-08-28T11:31:01.6149558Z
2025-08-28T11:31:01.6150663Z    PASS  Tests\Feature\Auth\AuthenticationTest
2025-08-28T11:31:01.6166768Z   ✓ login screen can be rendered                                         0.18s
2025-08-28T11:31:01.6182872Z   ✓ users can authenticate using the login screen                        0.27s
2025-08-28T11:31:01.6199199Z   ✓ users can not authenticate with invalid password                     0.31s
2025-08-28T11:31:01.6215240Z   ✓ users can logout                                                     0.14s
2025-08-28T11:31:02.0382038Z
2025-08-28T11:31:02.0382637Z    PASS  Tests\Feature\Auth\EmailVerificationTest
2025-08-28T11:31:02.0400408Z   ✓ email verification screen can be rendered                            0.16s
2025-08-28T11:31:02.0416654Z   ✓ email can be verified                                                0.13s
2025-08-28T11:31:02.0432439Z   ✓ email is not verified with invalid hash                              0.13s
2025-08-28T11:31:02.8126077Z
2025-08-28T11:31:02.8128388Z    PASS  Tests\Feature\Auth\PasswordConfirmationTest
2025-08-28T11:31:02.8143952Z   ✓ confirm password screen can be rendered                              0.17s
2025-08-28T11:31:02.8159934Z   ✓ password can be confirmed                                            0.27s
2025-08-28T11:31:02.8178392Z   ✓ password is not confirmed with invalid password                      0.32s
2025-08-28T11:31:04.2544970Z
2025-08-28T11:31:04.2546463Z    PASS  Tests\Feature\Auth\PasswordResetTest
2025-08-28T11:31:04.2562509Z   ✓ reset password link screen can be rendered                           0.15s
2025-08-28T11:31:04.2578015Z   ✓ reset password link can be requested                                 0.31s
2025-08-28T11:31:04.2593886Z   ✓ reset password screen can be rendered                                0.36s
2025-08-28T11:31:04.2609216Z   ✓ password can be reset with valid token                               0.62s
2025-08-28T11:31:04.6650460Z
2025-08-28T11:31:04.6651952Z    PASS  Tests\Feature\Auth\RegistrationTest
2025-08-28T11:31:04.6669459Z   ✓ registration screen can be rendered                                  0.15s
2025-08-28T11:31:04.6685280Z   ✓ new users can register                                               0.26s
2025-08-28T11:32:08.6832214Z
2025-08-28T11:32:08.6833564Z    PASS  Tests\Feature\Chat\ChatApiTest
2025-08-28T11:32:08.6853935Z   ✓ Authentication and Authorization → it requires authentication for a… 0.16s
2025-08-28T11:32:08.6872689Z   ✓ Authentication and Authorization → it prevents access to conversati… 0.15s
2025-08-28T11:32:08.6890938Z   ✓ Conversation Management API → it can create direct conversation      1.66s
2025-08-28T11:32:08.6909645Z   ✓ Conversation Management API → it can create group conversation       7.81s
2025-08-28T11:32:08.6927602Z   ✓ Conversation Management API → it prevents duplicate direct conversa… 3.53s
2025-08-28T11:32:08.6945376Z   ✓ Conversation Management API → it validates conversation creation     0.13s
2025-08-28T11:32:08.6963265Z   ✓ Conversation Management API → it can list user conversations         0.15s
2025-08-28T11:32:08.6981218Z   ✓ Conversation Management API → it can update conversation             0.14s
2025-08-28T11:32:08.6998912Z   ✓ Conversation Management API → it can delete conversation             0.13s
2025-08-28T11:32:08.7016693Z   ✓ Message API → it can send text message                               5.39s
2025-08-28T11:32:08.7035783Z   ✓ Message API → it can send file message                               2.97s
2025-08-28T11:32:08.7053375Z   ✓ Message API → it can reply to message                                2.59s
2025-08-28T11:32:08.7070659Z   ✓ Message API → it can edit message                                    2.37s
2025-08-28T11:32:08.7087787Z   ✓ Message API → it can delete message                                  2.67s
2025-08-28T11:32:08.7104817Z   ✓ Message API → it can search messages                                 1.98s
2025-08-28T11:32:08.7124456Z   ✓ Participant Management API → it can add participants to group conve… 0.15s
2025-08-28T11:32:08.7154316Z   ✓ Participant Management API → it can update participant role          0.15s
2025-08-28T11:32:08.7194288Z   ✓ Participant Management API → it can remove participant from group    0.14s
2025-08-28T11:32:08.7204006Z   ✓ Participant Management API → it prevents non-admin from managing pa… 0.13s
2025-08-28T11:32:08.7222296Z   ✓ Encryption Key Management API → it can generate encryption keys for… 0.99s
2025-08-28T11:32:08.7240103Z   ✓ Encryption Key Management API → it can retrieve user encryption key… 3.02s
2025-08-28T11:32:08.7258120Z   ✓ Encryption Key Management API → it can update encryption keys        0.83s
2025-08-28T11:32:08.7275863Z   ✓ Real-time Features → it broadcasts message when sent                 3.65s
2025-08-28T11:32:08.7293452Z   ✓ Real-time Features → it can update typing indicator                  3.68s
2025-08-28T11:32:08.7310995Z   ✓ Real-time Features → it can update presence status                   3.48s
2025-08-28T11:32:08.7328519Z   ✓ Rate Limiting → it applies rate limiting to message sending          1.19s
2025-08-28T11:32:08.7346085Z   ✓ Rate Limiting → it applies rate limiting to conversation creation    7.42s
2025-08-28T11:32:08.7363847Z   ✓ File Download API → it can download file with valid token            0.95s
2025-08-28T11:32:08.7380952Z   ✓ File Download API → it rejects expired download tokens               3.01s
2025-08-28T11:32:08.7398317Z   ✓ File Download API → it rejects invalid download tokens               3.40s
2025-08-28T11:32:27.1755831Z
2025-08-28T11:32:27.1757361Z    PASS  Tests\Feature\Chat\ConversationTest
2025-08-28T11:32:27.1773569Z   ✓ user can create direct conversation                                  6.92s
2025-08-28T11:32:27.1788855Z   ✓ user can create group conversation                                   5.87s
2025-08-28T11:32:27.1804458Z   ✓ direct conversation requires exactly one participant                 0.12s
2025-08-28T11:32:27.1820773Z   ✓ user can list conversations                                          0.16s
2025-08-28T11:32:27.1836353Z   ✓ user can view conversation details                                   0.14s
2025-08-28T11:32:27.1851650Z   ✓ user cannot view conversation they dont participate in               0.13s
2025-08-28T11:32:27.1867344Z   ✓ user can update group conversation name                              0.15s
2025-08-28T11:32:27.1884496Z   ✓ regular member cannot update conversation                            0.14s
2025-08-28T11:32:27.1900613Z   ✓ owner can delete conversation                                        0.15s
2025-08-28T11:32:27.1918098Z   ✓ existing direct conversation is returned instead of creating duplic… 0.14s
2025-08-28T11:32:27.1933914Z   ✓ user can create direct conversation with email                       4.45s
2025-08-28T11:32:27.1949701Z   ✓ conversation creation fails with invalid email                       0.11s
2025-08-28T11:32:58.2587850Z
2025-08-28T11:32:58.2588848Z    PASS  Tests\Feature\Chat\E2EEConcurrencyTest
2025-08-28T11:32:58.2610749Z   ✓ E2EE Concurrency and Race Conditions → Simultaneous Message Encrypt… 0.22s
2025-08-28T11:32:58.2631464Z   ✓ E2EE Concurrency and Race Conditions → Simultaneous Message Encrypt… 0.29s
2025-08-28T11:32:58.2652181Z   ✓ E2EE Concurrency and Race Conditions → Concurrent Key Management →…  4.93s
2025-08-28T11:32:58.2673002Z   ✓ E2EE Concurrency and Race Conditions → Concurrent Key Management →…  3.68s
2025-08-28T11:32:58.2693996Z   ✓ E2EE Concurrency and Race Conditions → Concurrent Key Management →…  6.78s
2025-08-28T11:32:58.2715389Z   ✓ E2EE Concurrency and Race Conditions → Multi-Device Synchronization… 5.78s
2025-08-28T11:32:58.2737005Z   ✓ E2EE Concurrency and Race Conditions → Multi-Device Synchronization… 3.84s
2025-08-28T11:32:58.2757536Z   ✓ E2EE Concurrency and Race Conditions → Database Transaction Safety…  1.88s
2025-08-28T11:32:58.2778043Z   ✓ E2EE Concurrency and Race Conditions → Database Transaction Safety…  0.20s
2025-08-28T11:32:58.2798579Z   ✓ E2EE Concurrency and Race Conditions → Cache Coherency → it maintai… 2.51s
2025-08-28T11:32:58.2819318Z   ✓ E2EE Concurrency and Race Conditions → Resource Contention → it han… 0.13s
2025-08-28T11:32:58.2840051Z   ✓ E2EE Concurrency and Race Conditions → Resource Contention → it han… 0.83s
2025-08-28T11:33:35.0254325Z
2025-08-28T11:33:35.0256820Z    PASS  Tests\Feature\Chat\E2EECrossPlatformCompatibilityTest
2025-08-28T11:33:35.0277363Z   ✓ E2EE Cross-Platform Compatibility → Platform-Specific Device Regist… 1.87s
2025-08-28T11:33:35.0297814Z   ✓ E2EE Cross-Platform Compatibility → Platform-Specific Device Regist… 0.91s
2025-08-28T11:33:35.0318088Z   ✓ E2EE Cross-Platform Compatibility → Platform-Specific Device Regist… 1.71s
2025-08-28T11:33:35.0338430Z   ✓ E2EE Cross-Platform Compatibility → Platform-Specific Device Regist… 2.51s
2025-08-28T11:33:35.0358709Z   ✓ E2EE Cross-Platform Compatibility → Platform-Specific Device Regist… 1.34s
2025-08-28T11:33:35.0378853Z   ✓ E2EE Cross-Platform Compatibility → Cross-Platform Key Format Compa… 7.32s
2025-08-28T11:33:35.0399026Z   ✓ E2EE Cross-Platform Compatibility → Cross-Platform Key Format Compa… 0.74s
2025-08-28T11:33:35.0419627Z   ✓ E2EE Cross-Platform Compatibility → Platform-Specific Security Feat… 1.15s
2025-08-28T11:33:35.0439862Z   ✓ E2EE Cross-Platform Compatibility → Platform-Specific Security Feat… 1.65s
2025-08-28T11:33:35.0460932Z   ✓ E2EE Cross-Platform Compatibility → Platform-Specific Security Feat… 1.25s
2025-08-28T11:33:35.0481177Z   ✓ E2EE Cross-Platform Compatibility → Browser and WebView Compatibili… 0.93s
2025-08-28T11:33:35.0501299Z   ✓ E2EE Cross-Platform Compatibility → Browser and WebView Compatibili… 1.50s
2025-08-28T11:33:35.0521523Z   ✓ E2EE Cross-Platform Compatibility → Message Format Compatibility →…  8.71s
2025-08-28T11:33:35.0541236Z   ✓ E2EE Cross-Platform Compatibility → Message Format Compatibility →…  0.17s
2025-08-28T11:33:35.0561746Z   ✓ E2EE Cross-Platform Compatibility → Performance Across Platforms →…  2.44s
2025-08-28T11:33:35.0582297Z   ✓ E2EE Cross-Platform Compatibility → Performance Across Platforms →…  1.14s
2025-08-28T11:33:35.0602939Z   ✓ E2EE Cross-Platform Compatibility → Backward Compatibility → it mai… 1.29s
2025-08-28T11:33:35.0623496Z   ✓ E2EE Cross-Platform Compatibility → Backward Compatibility → it han… 0.14s
2025-08-28T11:33:49.7536126Z
2025-08-28T11:33:49.7537372Z    PASS  Tests\Feature\Chat\E2EEEdgeCaseTest
2025-08-28T11:33:49.7557359Z   ✓ E2EE Edge Cases and Error Handling → Corrupted Data Handling → it h… 1.15s
2025-08-28T11:33:49.7577588Z   ✓ E2EE Edge Cases and Error Handling → Corrupted Data Handling → it h… 0.12s
2025-08-28T11:33:49.7597747Z   ✓ E2EE Edge Cases and Error Handling → Corrupted Data Handling → it h… 0.11s
2025-08-28T11:33:49.7618141Z   ✓ E2EE Edge Cases and Error Handling → Corrupted Data Handling → it h… 0.11s
2025-08-28T11:33:49.7638260Z   ✓ E2EE Edge Cases and Error Handling → Boundary Conditions → it handl… 0.12s
2025-08-28T11:33:49.7658184Z   ✓ E2EE Edge Cases and Error Handling → Boundary Conditions → it handl… 0.22s
2025-08-28T11:33:49.7678157Z   ✓ E2EE Edge Cases and Error Handling → Boundary Conditions → it handl… 0.12s
2025-08-28T11:33:49.7699060Z   ✓ E2EE Edge Cases and Error Handling → Boundary Conditions → it handl… 0.12s
2025-08-28T11:33:49.7718967Z   ✓ E2EE Edge Cases and Error Handling → Boundary Conditions → it handl… 3.03s
2025-08-28T11:33:49.7738727Z   ✓ E2EE Edge Cases and Error Handling → Concurrent Access Patterns → i… 1.87s
2025-08-28T11:33:49.7759777Z   ✓ E2EE Edge Cases and Error Handling → Concurrent Access Patterns → i… 1.69s
2025-08-28T11:33:49.7781315Z   ✓ E2EE Edge Cases and Error Handling → Network and I/O Error Simulati… 0.12s
2025-08-28T11:33:49.7801895Z   ✓ E2EE Edge Cases and Error Handling → Network and I/O Error Simulati… 0.11s
2025-08-28T11:33:49.7822528Z   ✓ E2EE Edge Cases and Error Handling → Memory and Resource Exhaustion… 0.12s
2025-08-28T11:33:49.7844558Z   ✓ E2EE Edge Cases and Error Handling → Memory and Resource Exhaustion… 0.13s
2025-08-28T11:33:49.7865341Z   ✓ E2EE Edge Cases and Error Handling → Key Management Edge Cases → it… 1.37s
2025-08-28T11:33:49.7886403Z   ✓ E2EE Edge Cases and Error Handling → Key Management Edge Cases → it… 0.91s
2025-08-28T11:33:49.7906665Z   ✓ E2EE Edge Cases and Error Handling → Key Management Edge Cases → it… 2.19s
2025-08-28T11:33:49.7926772Z   ✓ E2EE Edge Cases and Error Handling → Malformed Input Handling → it…  0.12s
2025-08-28T11:33:49.7946893Z   ✓ E2EE Edge Cases and Error Handling → Malformed Input Handling → it…  0.11s
2025-08-28T11:33:49.7967140Z   ✓ E2EE Edge Cases and Error Handling → Malformed Input Handling → it…  0.11s
2025-08-28T11:33:49.7987408Z   ✓ E2EE Edge Cases and Error Handling → State Consistency Edge Cases →… 0.12s
2025-08-28T11:33:49.8008123Z   ✓ E2EE Edge Cases and Error Handling → State Consistency Edge Cases →… 0.63s
2025-08-28T11:34:30.6312597Z
2025-08-28T11:34:30.6315095Z    PASS  Tests\Feature\Chat\E2EEEnhancedFunctionsTest
2025-08-28T11:34:30.6336091Z   ✓ Enhanced E2EE Functions → Backup and Restoration → it can create an… 3.97s
2025-08-28T11:34:30.6357445Z   ✓ Enhanced E2EE Functions → Backup and Restoration → it rejects backu… 2.37s
2025-08-28T11:34:30.6379152Z   ✓ Enhanced E2EE Functions → Backup and Restoration → it handles inval… 2.14s
2025-08-28T11:34:30.6400145Z   ✓ Enhanced E2EE Functions → Conversation Encryption Setup → it can se… 4.14s
2025-08-28T11:34:30.6420993Z   ✓ Enhanced E2EE Functions → Conversation Encryption Setup → it handle… 2.63s
2025-08-28T11:34:30.6441862Z   ✓ Enhanced E2EE Functions → Conversation Encryption Setup → it requir… 3.24s
2025-08-28T11:34:30.6462679Z   ✓ Enhanced E2EE Functions → Health Check Endpoint → it returns encryp… 5.80s
2025-08-28T11:34:30.6483990Z   ✓ Enhanced E2EE Functions → Health Check Endpoint → it requires authe… 2.79s
2025-08-28T11:34:30.6504487Z   ✓ Enhanced E2EE Functions → Bulk Operations → it can bulk decrypt mes… 2.63s
2025-08-28T11:34:30.6525348Z   ✓ Enhanced E2EE Functions → Bulk Operations → it requires conversatio… 2.61s
2025-08-28T11:34:30.6546076Z   ✓ Enhanced E2EE Functions → API Validation → it validates backup crea… 2.82s
2025-08-28T11:34:30.6566414Z   ✓ Enhanced E2EE Functions → API Validation → it validates required fi… 1.52s
2025-08-28T11:34:30.6586856Z   ✓ Enhanced E2EE Functions → API Validation → it validates bulk decryp… 4.21s
2025-08-28T11:34:32.8757746Z
2025-08-28T11:34:32.8758741Z    FAIL  Tests\Feature\Chat\E2EEFileMediaEncryptionTest
2025-08-28T11:34:32.8781137Z   ⨯ E2EE File and Media Encryption → Text File Encryption → it encrypts… 0.15s
2025-08-28T11:34:32.8801810Z   ⨯ E2EE File and Media Encryption → Text File Encryption → it handles…  0.11s
2025-08-28T11:34:32.8822599Z   ⨯ E2EE File and Media Encryption → Text File Encryption → it maintain… 0.16s
2025-08-28T11:34:32.8843563Z   ⨯ E2EE File and Media Encryption → Binary File Encryption → it encryp… 0.11s
2025-08-28T11:34:32.8864119Z   ⨯ E2EE File and Media Encryption → Binary File Encryption → it handle… 0.11s
2025-08-28T11:34:32.8884866Z   ⨯ E2EE File and Media Encryption → Image File Encryption → it encrypt… 0.12s
2025-08-28T11:34:32.8905880Z   ⨯ E2EE File and Media Encryption → Image File Encryption → it handles… 0.11s
2025-08-28T11:34:32.8938747Z   ✓ E2EE File and Media Encryption → Voice Message Encryption → it encr… 0.12s
2025-08-28T11:34:32.8954322Z   ✓ E2EE File and Media Encryption → Voice Message Encryption → it hand… 0.12s
2025-08-28T11:34:32.8975715Z   ⨯ E2EE File and Media Encryption → File Message Integration → it crea… 0.11s
2025-08-28T11:34:32.8996308Z   ⨯ E2EE File and Media Encryption → File Message Integration → it hand… 0.11s
2025-08-28T11:34:32.9017118Z   ⨯ E2EE File and Media Encryption → File Size and Format Limitations →… 0.12s
2025-08-28T11:34:32.9041183Z   ⨯ E2EE File and Media Encryption → File Size and Format Limitations →… 0.11s
2025-08-28T11:34:32.9062119Z   ⨯ E2EE File and Media Encryption → File Encryption Error Handling → i… 0.11s
2025-08-28T11:34:32.9082031Z   ⨯ E2EE File and Media Encryption → File Encryption Error Handling → i… 0.11s
2025-08-28T11:34:32.9103396Z   ⨯ E2EE File and Media Encryption → File Encryption Error Handling → i… 0.11s
2025-08-28T11:34:32.9124563Z   ⨯ E2EE File and Media Encryption → File Encryption Error Handling → i… 0.11s
2025-08-28T11:34:32.9145550Z   ⨯ E2EE File and Media Encryption → File Metadata Preservation → it pr… 0.12s
2025-08-28T11:34:32.9165399Z   ⨯ E2EE File and Media Encryption → File Metadata Preservation → it ha… 0.11s
2025-08-28T11:34:34.8764817Z
2025-08-28T11:34:34.8765968Z    FAIL  Tests\Feature\Chat\E2EEForensicAuditTest
2025-08-28T11:34:34.8780656Z   ⨯ E2EE Forensic Analysis and Audit Compliance → Audit Trail Generation → it logs encryption key creation events
2025-08-28T11:34:34.8796087Z   ⨯ E2EE Forensic Analysis and Audit Compliance → Audit Trail Generation → it logs message encryption events with metadata
2025-08-28T11:34:34.8811332Z   ⨯ E2EE Forensic Analysis and Audit Compliance → Audit Trail Generation → it logs key rotation events with full context
2025-08-28T11:34:34.8826899Z   ⨯ E2EE Forensic Analysis and Audit Compliance → Audit Trail Generation → it logs device registration and key sharing events
2025-08-28T11:34:34.8842447Z   ⨯ E2EE Forensic Analysis and Audit Compliance → Forensic Data Preservation → it preserves message integrity hashes for forensic analysis
2025-08-28T11:34:34.8858072Z   ⨯ E2EE Forensic Analysis and Audit Compliance → Forensic Data Preservation → it maintains immutable audit records
2025-08-28T11:34:34.8873713Z   ⨯ E2EE Forensic Analysis and Audit Compliance → Forensic Data Preservation → it preserves deleted message forensic traces
2025-08-28T11:34:34.8889272Z   ⨯ E2EE Forensic Analysis and Audit Compliance → Compliance Reporting → it generates encryption compliance reports
2025-08-28T11:34:34.8904705Z   ⨯ E2EE Forensic Analysis and Audit Compliance → Compliance Reporting → it tracks key lifecycle for compliance audits
2025-08-28T11:34:34.8919714Z   ⨯ E2EE Forensic Analysis and Audit Compliance → Compliance Reporting → it provides user access audit trails
2025-08-28T11:34:34.8935053Z   ⨯ E2EE Forensic Analysis and Audit Compliance → Security Incident Investigation → it provides tamper detection capabilities
2025-08-28T11:34:34.8950487Z   ⨯ E2EE Forensic Analysis and Audit Compliance → Security Incident Investigation → it traces unauthorized access attempts
2025-08-28T11:34:34.8965839Z   ⨯ E2EE Forensic Analysis and Audit Compliance → Security Incident Investigation → it maintains chain of custody for evidence
2025-08-28T11:34:34.8980855Z   ⨯ E2EE Forensic Analysis and Audit Compliance → Data Retention and Deletion Compliance → it handles legal hold requirements
2025-08-28T11:34:34.8996662Z   ⨯ E2EE Forensic Analysis and Audit Compliance → Data Retention and Deletion Compliance → it implements secure data deletion
2025-08-28T11:34:34.9011997Z   ⨯ E2EE Forensic Analysis and Audit Compliance → Data Retention and Deletion Compliance → it maintains audit logs beyond data retention periods
2025-08-28T11:34:34.9028046Z   ⨯ E2EE Forensic Analysis and Audit Compliance → Regulatory Compliance Verification → it verifies GDPR compliance for right to be forgotten
2025-08-28T11:34:34.9043706Z   ⨯ E2EE Forensic Analysis and Audit Compliance → Regulatory Compliance Verification → it ensures FIPS 140-2 compliance for key generation
2025-08-28T11:34:34.9061375Z   ⨯ E2EE Forensic Analysis and Audit Compliance → Regulatory Compliance Verification → it demonstrates SOX compliance for financial data protection
2025-08-28T11:36:48.8470324Z
2025-08-28T11:36:48.8470928Z    FAIL  Tests\Feature\Chat\E2EEGroupChatTest
2025-08-28T11:36:48.8491929Z   ✓ E2EE Group Chat and Multi-Participant Encryption → Group Key Distri… 8.60s
2025-08-28T11:36:48.8512879Z   ✓ E2EE Group Chat and Multi-Participant Encryption → Group Key Distri… 8.73s
2025-08-28T11:36:48.8534051Z   ✓ E2EE Group Chat and Multi-Participant Encryption → Dynamic Group M… 13.61s
2025-08-28T11:36:48.8554912Z   ✓ E2EE Group Chat and Multi-Participant Encryption → Dynamic Group M… 10.57s
2025-08-28T11:36:48.8575562Z   ⨯ E2EE Group Chat and Multi-Participant Encryption → Large Group Man… 71.44s
2025-08-28T11:36:48.8597442Z   ⨯ E2EE Group Chat and Multi-Participant Encryption → Large Group Mana… 0.17s
2025-08-28T11:36:48.8617985Z   ✓ E2EE Group Chat and Multi-Participant Encryption → Group Message Th… 4.65s
2025-08-28T11:36:48.8639198Z   ✓ E2EE Group Chat and Multi-Participant Encryption → Group Message Th… 4.01s
2025-08-28T11:36:48.8659411Z   ✓ E2EE Group Chat and Multi-Participant Encryption → Group Encryptio… 10.66s
2025-08-28T11:36:48.8679739Z   ✓ E2EE Group Chat and Multi-Participant Encryption → Group Encryption… 1.52s
2025-08-28T11:38:02.5161918Z
2025-08-28T11:38:02.5164246Z    FAIL  Tests\Feature\Chat\E2EEIntegrationApiTest
2025-08-28T11:38:02.5184696Z   ⨯ E2EE Integration and API Comprehensive Tests → API Authentication w… 3.78s
2025-08-28T11:38:02.5205535Z   ✓ E2EE Integration and API Comprehensive Tests → API Authentication w… 4.34s
2025-08-28T11:38:02.5226386Z   ⨯ E2EE Integration and API Comprehensive Tests → API Authentication w… 2.79s
2025-08-28T11:38:02.5247347Z   ⨯ E2EE Integration and API Comprehensive Tests → API Authentication w… 5.38s
2025-08-28T11:38:02.5269254Z   ⨯ E2EE Integration and API Comprehensive Tests → E2EE Message API Int… 3.85s
2025-08-28T11:38:02.5289676Z   ⨯ E2EE Integration and API Comprehensive Tests → E2EE Message API Int… 3.64s
2025-08-28T11:38:02.5310395Z   ⨯ E2EE Integration and API Comprehensive Tests → E2EE Message API Int… 3.76s
2025-08-28T11:38:02.5331181Z   ⨯ E2EE Integration and API Comprehensive Tests → E2EE Message API Int… 3.23s
2025-08-28T11:38:02.5351847Z   ⨯ E2EE Integration and API Comprehensive Tests → E2EE Conversation Ma… 5.10s
2025-08-28T11:38:02.5372980Z   ⨯ E2EE Integration and API Comprehensive Tests → E2EE Conversation Ma… 3.70s
2025-08-28T11:38:02.5394672Z   ⨯ E2EE Integration and API Comprehensive Tests → E2EE Conversation Ma… 2.84s
2025-08-28T11:38:02.5415650Z   ⨯ E2EE Integration and API Comprehensive Tests → E2EE Conversation Ma… 1.86s
2025-08-28T11:38:02.5436533Z   ⨯ E2EE Integration and API Comprehensive Tests → E2EE Bulk Operations… 1.90s
2025-08-28T11:38:02.5457354Z   ⨯ E2EE Integration and API Comprehensive Tests → E2EE Bulk Operations… 3.47s
2025-08-28T11:38:02.5477973Z   ⨯ E2EE Integration and API Comprehensive Tests → E2EE Bulk Operations… 3.51s
2025-08-28T11:38:02.5498735Z   ⨯ E2EE Integration and API Comprehensive Tests → E2EE System Health a… 4.21s
2025-08-28T11:38:02.5519157Z   ⨯ E2EE Integration and API Comprehensive Tests → E2EE System Health a… 1.59s
2025-08-28T11:38:02.5539567Z   ⨯ E2EE Integration and API Comprehensive Tests → E2EE System Health a… 2.86s
2025-08-28T11:38:02.5560225Z   ⨯ E2EE Integration and API Comprehensive Tests → E2EE System Health a… 3.75s
2025-08-28T11:38:02.5580782Z   ⨯ E2EE Integration and API Comprehensive Tests → E2EE Error Handling…  1.56s
2025-08-28T11:38:02.5601392Z   ⨯ E2EE Integration and API Comprehensive Tests → E2EE Error Handling…  4.02s
2025-08-28T11:38:02.5622196Z   ⨯ E2EE Integration and API Comprehensive Tests → E2EE Error Handling…  2.51s
2025-08-28T11:38:10.6843939Z
2025-08-28T11:38:10.6844905Z    PASS  Tests\Feature\Chat\E2EEIntegrationTest
2025-08-28T11:38:10.6865024Z   ✓ E2EE Message Integration → it creates encrypted messages with enhan… 0.18s
2025-08-28T11:38:10.6883618Z   ✓ E2EE Message Integration → it decrypts messages correctly            0.18s
2025-08-28T11:38:10.6902137Z   ✓ E2EE Message Integration → it completes full e2ee message flow betw… 2.36s
2025-08-28T11:38:10.6920263Z   ✓ E2EE Message Integration → it handles voice message encryption       0.13s
2025-08-28T11:38:10.6943463Z   ✓ E2EE Message Integration → it handles file encryption through servi… 0.12s
2025-08-28T11:38:10.6963946Z   ✓ E2EE Privacy Controls → it supports anonymous reactions              0.14s
2025-08-28T11:38:10.6991048Z   ✓ E2EE Privacy Controls → it supports private read receipts            0.13s
2025-08-28T11:38:10.7025797Z   ✓ E2EE Key Management → it verifies key integrity                      1.26s
2025-08-28T11:38:10.7041930Z   ✓ E2EE Key Management → it handles key rotation workflow               3.68s
2025-08-28T11:38:57.7474575Z
2025-08-28T11:38:57.7475507Z    FAIL  Tests\Feature\Chat\E2EEKeyRecoveryBackupTest
2025-08-28T11:38:57.7498019Z   ✓ E2EE Key Recovery and Backup System → Key Backup Creation → it can…  4.71s
2025-08-28T11:38:57.7518929Z   ✓ E2EE Key Recovery and Backup System → Key Backup Creation → it can…  3.27s
2025-08-28T11:38:57.7539647Z   ✓ E2EE Key Recovery and Backup System → Key Backup Creation → it incl… 2.51s
2025-08-28T11:38:57.7560583Z   ⨯ E2EE Key Recovery and Backup System → Key Backup Creation → it can…  4.46s
2025-08-28T11:38:57.7581187Z   ⨯ E2EE Key Recovery and Backup System → Key Recovery Process → it can… 3.27s
2025-08-28T11:38:57.7601772Z   ⨯ E2EE Key Recovery and Backup System → Key Recovery Process → it can… 3.07s
2025-08-28T11:38:57.7622571Z   ⨯ E2EE Key Recovery and Backup System → Key Recovery Process → it can… 5.78s
2025-08-28T11:38:57.7643618Z   ⨯ E2EE Key Recovery and Backup System → Emergency Recovery Scenarios…  2.11s
2025-08-28T11:38:57.7664804Z   ⨯ E2EE Key Recovery and Backup System → Emergency Recovery Scenarios…  4.44s
2025-08-28T11:38:57.7685621Z   ✓ E2EE Key Recovery and Backup System → Backup Security and Validatio… 1.92s
2025-08-28T11:38:57.7706136Z   ✓ E2EE Key Recovery and Backup System → Backup Security and Validatio… 1.93s
2025-08-28T11:38:57.7726589Z   ✓ E2EE Key Recovery and Backup System → Backup Security and Validatio… 2.75s
2025-08-28T11:38:57.7747078Z   ✓ E2EE Key Recovery and Backup System → Automated Backup Systems → it… 2.74s
2025-08-28T11:38:57.7767400Z   ✓ E2EE Key Recovery and Backup System → Automated Backup Systems → it… 4.09s
2025-08-28T11:43:09.8296813Z
2025-08-28T11:43:09.8298499Z    FAIL  Tests\Feature\Chat\E2EEPerformanceStressTest
2025-08-28T11:43:09.8319040Z   ✓ E2EE Performance and Stress Testing → High Volume Message Processin… 7.31s
2025-08-28T11:43:09.8339259Z   ✓ E2EE Performance and Stress Testing → High Volume Message Processin… 1.73s
2025-08-28T11:43:09.8359379Z   ✓ E2EE Performance and Stress Testing → Large Message Content Process… 0.90s
2025-08-28T11:43:09.8379688Z   ✓ E2EE Performance and Stress Testing → Large Message Content Process… 0.83s
2025-08-28T11:43:09.8399725Z   ⨯ E2EE Performance and Stress Testing → Key Management Performance…  144.88s
2025-08-28T11:43:09.8419728Z   ✓ E2EE Performance and Stress Testing → Key Management Performance →… 66.81s
2025-08-28T11:43:09.8439613Z   ✓ E2EE Performance and Stress Testing → Database Performance Under Lo… 0.91s
2025-08-28T11:43:09.8459494Z   ✓ E2EE Performance and Stress Testing → Database Performance Under L… 13.92s
2025-08-28T11:43:09.8479354Z   ✓ E2EE Performance and Stress Testing → Memory Management and Optimiz… 1.31s
2025-08-28T11:43:09.8499352Z   ✓ E2EE Performance and Stress Testing → Memory Management and Optimiz… 7.10s
2025-08-28T11:43:09.8519309Z   ✓ E2EE Performance and Stress Testing → Network Simulation and Load T… 5.54s
2025-08-28T11:43:09.8539191Z   ✓ E2EE Performance and Stress Testing → Network Simulation and Load T… 0.83s
2025-08-28T11:43:37.4457935Z
2025-08-28T11:43:37.4458883Z    FAIL  Tests\Feature\Chat\E2EESecurityVulnerabilityTest
2025-08-28T11:43:37.4481201Z   ✓ E2EE Security Vulnerabilities and Attack Resistance → Authenticatio… 1.11s
2025-08-28T11:43:37.4502724Z   ✓ E2EE Security Vulnerabilities and Attack Resistance → Authenticatio… 2.51s
2025-08-28T11:43:37.4524051Z   ✓ E2EE Security Vulnerabilities and Attack Resistance → Authenticatio… 0.13s
2025-08-28T11:43:37.4545721Z   ✓ E2EE Security Vulnerabilities and Attack Resistance → Authenticatio… 0.14s
2025-08-28T11:43:37.4566450Z   ✓ E2EE Security Vulnerabilities and Attack Resistance → Cryptographic… 0.12s
2025-08-28T11:43:37.4591329Z   ✓ E2EE Security Vulnerabilities and Attack Resistance → Cryptographic… 4.63s
2025-08-28T11:43:37.4611110Z   ✓ E2EE Security Vulnerabilities and Attack Resistance → Cryptographic… 0.12s
2025-08-28T11:43:37.4632140Z   ⨯ E2EE Security Vulnerabilities and Attack Resistance → Cryptographic… 0.13s
2025-08-28T11:43:37.4653830Z   ✓ E2EE Security Vulnerabilities and Attack Resistance → Forward Secre… 3.24s
2025-08-28T11:43:37.4674415Z   ✓ E2EE Security Vulnerabilities and Attack Resistance → Forward Secre… 1.46s
2025-08-28T11:43:37.4695098Z   ✓ E2EE Security Vulnerabilities and Attack Resistance → Access Contro… 2.67s
2025-08-28T11:43:37.4715655Z   ✓ E2EE Security Vulnerabilities and Attack Resistance → Access Contro… 1.48s
2025-08-28T11:43:37.4736328Z   ✓ E2EE Security Vulnerabilities and Attack Resistance → Access Contro… 4.03s
2025-08-28T11:43:37.4756787Z   ✓ E2EE Security Vulnerabilities and Attack Resistance → Data Leakage…  1.50s
2025-08-28T11:43:37.4777208Z   ⨯ E2EE Security Vulnerabilities and Attack Resistance → Data Leakage…  0.13s
2025-08-28T11:43:37.4797893Z   ✓ E2EE Security Vulnerabilities and Attack Resistance → Data Leakage…  0.12s
2025-08-28T11:43:37.4818105Z   ⨯ E2EE Security Vulnerabilities and Attack Resistance → Protocol Secu… 0.12s
2025-08-28T11:43:37.4838046Z   ⨯ E2EE Security Vulnerabilities and Attack Resistance → Protocol Secu… 0.12s
2025-08-28T11:43:37.4858209Z   ✓ E2EE Security Vulnerabilities and Attack Resistance → Protocol Secu… 0.90s
2025-08-28T11:43:37.4878333Z   ✓ E2EE Security Vulnerabilities and Attack Resistance → Side-Channel…  2.81s
2025-08-28T11:43:37.4898325Z   ✓ E2EE Security Vulnerabilities and Attack Resistance → Side-Channel…  0.13s
2025-08-28T11:45:16.8225140Z
2025-08-28T11:45:16.8227076Z    FAIL  Tests\Feature\Chat\MessageTest
2025-08-28T11:45:16.8244941Z   ⨯ Message Creation → it can create a text message                      8.37s
2025-08-28T11:45:16.8263502Z   ⨯ Message Creation → it can create a reply message                     1.67s
2025-08-28T11:45:16.8281546Z   ⨯ Message Creation → it validates message content                      1.97s
2025-08-28T11:45:16.8301640Z   ⨯ Message Creation → it validates message type                         1.98s
2025-08-28T11:45:16.8319482Z   ⨯ Message Creation → it prevents creating messages in conversations u… 3.55s
2025-08-28T11:45:16.8337908Z   ⨯ Message Retrieval → it can retrieve messages with pagination         2.18s
2025-08-28T11:45:16.8356283Z   ⨯ Message Retrieval → it can retrieve messages with custom page size   2.56s
2025-08-28T11:45:16.8374041Z   ⨯ Message Retrieval → it can retrieve older messages                   3.04s
2025-08-28T11:45:16.8391875Z   ⨯ Message Retrieval → it includes sender information                   2.43s
2025-08-28T11:45:16.8409853Z   ⨯ Message Retrieval → it orders messages by creation date descending   3.34s
2025-08-28T11:45:16.8422976Z   ⨯ Message Updates → it can update own message
2025-08-28T11:45:16.8436327Z   ⨯ Message Updates → it cannot update other users messages
2025-08-28T11:45:16.8449149Z   ⨯ Message Updates → it validates updated content
2025-08-28T11:45:16.8461745Z   ⨯ Message Updates → it tracks edit timestamp
2025-08-28T11:45:16.8475037Z   ⨯ Message Deletion → it can soft delete own message
2025-08-28T11:45:16.8487898Z   ⨯ Message Deletion → it cannot delete other users messages
2025-08-28T11:45:16.8500997Z   ⨯ Message Deletion → it admin can delete any message in conversation
2025-08-28T11:45:16.8518849Z   ⨯ File Messages → it can create file message                           3.18s
2025-08-28T11:45:16.8536918Z   ⨯ File Messages → it validates file size                               1.03s
2025-08-28T11:45:16.8554966Z   ⨯ File Messages → it validates file type                               5.05s
2025-08-28T11:45:16.8572921Z   ⨯ File Messages → it encrypts uploaded files                           3.58s
2025-08-28T11:45:16.8586460Z   ⨯ Message Search → it can search messages by content
2025-08-28T11:45:16.8599524Z   ⨯ Message Search → it search is case insensitive
2025-08-28T11:45:16.8612582Z   ⨯ Message Search → it returns empty results for no matches
2025-08-28T11:45:16.8628027Z   ⨯ Message Search → it validates search query
2025-08-28T11:45:16.8645735Z   ⨯ Rate Limiting → it applies rate limiting to message creation         2.25s
2025-08-28T11:45:16.8664425Z   ✓ Error Handling → it handles conversation not found                   4.21s
2025-08-28T11:45:16.8682436Z   ✓ Error Handling → it handles message not found                        7.40s
2025-08-28T11:45:16.8700272Z   ⨯ Error Handling → it handles database errors gracefully               4.95s
2025-08-28T11:47:54.9192513Z
2025-08-28T11:47:54.9198295Z    FAIL  Tests\Feature\Chat\MultiDeviceE2EETest
2025-08-28T11:47:54.9214753Z   ✓ Multi-Device Registration and Management → it can register a new de… 5.18s
2025-08-28T11:47:54.9233680Z   ✓ Multi-Device Registration and Management → it updates existing devi… 5.96s
2025-08-28T11:47:54.9252127Z   ✓ Multi-Device Key Sharing → it can share keys from trusted device to… 5.80s
2025-08-28T11:47:54.9270487Z   ✓ Multi-Device Key Sharing → it cannot share keys between devices of…  3.60s
2025-08-28T11:47:54.9288992Z   ✓ Multi-Device Key Sharing → it can accept key share and create encry… 8.53s
2025-08-28T11:47:54.9307383Z   ✓ Multi-Device Conversation Key Management → it can setup conversatio… 5.88s
2025-08-28T11:47:54.9325444Z   ✓ Multi-Device Conversation Key Management → it can rotate conversati… 5.62s
2025-08-28T11:47:54.9343812Z   ✓ Device Access Management → it can revoke device access to all conve… 6.95s
2025-08-28T11:47:54.9362344Z   ✓ Device Access Management → it can revoke device access to specific…  5.92s
2025-08-28T11:47:54.9380827Z   ✓ Device Access Management → it deactivates device and all related ke… 3.22s
2025-08-28T11:47:54.9399339Z   ✓ Multi-Device Utility Functions → it can get device encryption summa… 6.81s
2025-08-28T11:47:54.9417483Z   ✓ Multi-Device Utility Functions → it can cleanup expired key shares   4.90s
2025-08-28T11:47:54.9435587Z   ✓ User Model Multi-Device Methods → it can get device by fingerprint   3.81s
2025-08-28T11:47:54.9453986Z   ✓ User Model Multi-Device Methods → it can get active encryption key…  3.76s
2025-08-28T11:47:54.9472316Z   ✓ User Model Multi-Device Methods → it can check if device has access… 5.10s
2025-08-28T11:47:54.9490558Z   ✓ Advanced Multi-Device Scenarios → it can handle cross-platform devi… 8.30s
2025-08-28T11:47:54.9508889Z   ✓ Advanced Multi-Device Scenarios → it can handle device trust verifi… 3.45s
2025-08-28T11:47:54.9527322Z   ✓ Advanced Multi-Device Scenarios → it can handle concurrent key shar… 5.25s
2025-08-28T11:47:54.9545761Z   ✓ Advanced Multi-Device Scenarios → it can handle device sync failure… 3.99s
2025-08-28T11:47:54.9563969Z   ✓ Advanced Multi-Device Scenarios → it can detect and handle encrypti… 6.78s
2025-08-28T11:47:54.9582256Z   ✓ Multi-Device Performance and Load Testing → it can handle bulk dev… 21.89s
2025-08-28T11:47:54.9600324Z   ✓ Multi-Device Performance and Load Testing → it can handle large sca… 4.94s
2025-08-28T11:47:54.9618561Z   ⨯ Multi-Device Security Validation → it prevents key sharing between…  3.99s
2025-08-28T11:47:54.9637084Z   ⨯ Multi-Device Security Validation → it validates device capabilities… 6.52s
2025-08-28T11:47:54.9655769Z   ⨯ Multi-Device Security Validation → it enforces key rotation for com… 4.55s
2025-08-28T11:47:54.9674597Z   ⨯ Multi-Device Error Recovery → it can recover from failed key sharin… 2.74s
2025-08-28T11:47:54.9693449Z   ⨯ Multi-Device Error Recovery → it can handle device deactivation dur… 4.63s
2025-08-28T11:47:55.2237133Z
2025-08-28T11:47:55.2240225Z    PASS  Tests\Feature\DashboardTest
2025-08-28T11:47:55.2254188Z   ✓ guests are redirected to the login page                              0.14s
2025-08-28T11:47:55.2270370Z   ✓ authenticated users can visit the dashboard                          0.16s
2025-08-28T11:47:55.3687622Z
2025-08-28T11:47:55.3688703Z    PASS  Tests\Feature\ExampleTest
2025-08-28T11:47:55.3706365Z   ✓ it returns a successful response                                     0.14s
2025-08-28T11:47:55.6142144Z
2025-08-28T11:47:55.6142710Z    WARN  Tests\Feature\MinIOIntegrationTest
2025-08-28T11:47:55.6160157Z   - minio disk can store and retrieve files → MinIO is not configured    0.08s
2025-08-28T11:47:55.6179636Z   - minio disk can handle file uploads → MinIO is not configured         0.08s
2025-08-28T11:47:55.6197712Z   - minio configuration is valid when enabled → MinIO is not configured  0.08s
2025-08-28T11:47:56.8109685Z
2025-08-28T11:47:56.8111145Z    FAIL  Tests\Feature\NewActivityLoggingTest
2025-08-28T11:47:56.8128238Z   ✓ chat message activity is logged when message is created              0.12s
2025-08-28T11:47:56.8143913Z   ⨯ oauth client activity is logged when client is created               0.26s
2025-08-28T11:47:56.8159334Z   ⨯ organization unit activity is logged when unit is created            0.12s
2025-08-28T11:47:56.8175040Z   ⨯ organization position activity is logged when position is created    0.11s
2025-08-28T11:47:56.8190436Z   ⨯ model updates are logged correctly                                   0.29s
2025-08-28T11:47:56.8206081Z   ⨯ activity log uses correct log names                                  0.29s
2025-08-28T11:48:00.4372136Z
2025-08-28T11:48:00.4374922Z    FAIL  Tests\Feature\OAuth\ClientAccessControlTest
2025-08-28T11:48:00.4391417Z   ⨯ client allows all users access                                       0.31s
2025-08-28T11:48:00.4407862Z   ⨯ client allows organization members only                              0.31s
2025-08-28T11:48:00.4424019Z   ⨯ client custom rules specific user ids                                0.29s
2025-08-28T11:48:00.4440024Z   ⨯ client custom rules email domains                                    0.31s
2025-08-28T11:48:00.4456185Z   ⨯ client custom rules organization roles                               0.29s
2025-08-28T11:48:00.4472314Z   ⨯ client custom rules position levels                                  0.14s
2025-08-28T11:48:00.4488445Z   ⨯ oauth authorization respects access control                          0.29s
2025-08-28T11:48:00.4504770Z   ⨯ all users client allows any authenticated user                       0.30s
2025-08-28T11:48:00.4520647Z   ⨯ client access scope description                                      0.29s
2025-08-28T11:48:00.4537235Z   ⨯ client accessible by scope query                                     0.29s
2025-08-28T11:48:00.4553452Z   ⨯ client validation requires user access scope                         0.16s
2025-08-28T11:48:00.4569790Z   ⨯ client validation for custom rules                                   0.17s
2025-08-28T11:48:00.4586025Z   ⨯ client validation for email domains                                  0.16s
2025-08-28T11:48:00.4601832Z   ⨯ client without organization is rejected                              0.29s
2025-08-28T11:48:03.3494771Z
2025-08-28T11:48:03.3495800Z    FAIL  Tests\Feature\PermissionManagementTest
2025-08-28T11:48:03.3513912Z   ✓ can view permissions index page                                      0.27s
2025-08-28T11:48:03.3529793Z   ✓ can view permission details                                          0.26s
2025-08-28T11:48:03.3546529Z   ⨯ can create permission                                                0.18s
2025-08-28T11:48:03.3564735Z   ⨯ can update permission                                                0.19s
2025-08-28T11:48:03.3580089Z   ⨯ can delete permission without roles                                  0.50s
2025-08-28T11:48:03.3596130Z   ✓ cannot delete permission assigned to roles                           0.22s
2025-08-28T11:48:03.3611794Z   ⨯ permission name is required                                          0.18s
2025-08-28T11:48:03.3627685Z   ⨯ permission name must be unique                                       0.19s
2025-08-28T11:48:03.3643533Z   ⨯ permission name must follow valid format                             0.19s
2025-08-28T11:48:03.3659344Z   ✓ can search permissions                                               0.26s
2025-08-28T11:48:03.3675067Z   ✓ can filter permissions by guard                                      0.25s
2025-08-28T11:48:03.3690763Z   ✓ unauthorized user cannot access permission management                0.19s
2025-08-28T11:48:05.4668760Z
2025-08-28T11:48:05.4669462Z    FAIL  Tests\Feature\RoleManagementTest
2025-08-28T11:48:05.4687282Z   ✓ can view roles index page                                            0.28s
2025-08-28T11:48:05.4703438Z   ✓ can view role details                                                0.23s
2025-08-28T11:48:05.4719591Z   ⨯ can create role with permissions                                     0.18s
2025-08-28T11:48:05.4735618Z   ⨯ can update role permissions                                          0.20s
2025-08-28T11:48:05.4751594Z   ⨯ can delete role without users                                        0.40s
2025-08-28T11:48:05.4767767Z   ✓ cannot delete role with assigned users                               0.20s
2025-08-28T11:48:05.4783972Z   ⨯ role name is required                                                0.18s
2025-08-28T11:48:05.4800014Z   ✓ can search roles                                                     0.25s
2025-08-28T11:48:05.4815812Z   ✓ unauthorized user cannot access role management                      0.19s
2025-08-28T11:48:08.2199789Z
2025-08-28T11:48:08.2200320Z    PASS  Tests\Feature\Services\ChatFileServiceTest
2025-08-28T11:48:08.2219594Z   ✓ File Upload and Storage → it can store a text file                   0.10s
2025-08-28T11:48:08.2237827Z   ✓ File Upload and Storage → it can store an image file                 0.08s
2025-08-28T11:48:08.2255918Z   ✓ File Upload and Storage → it encrypts file content during storage    0.08s
2025-08-28T11:48:08.2273997Z   ✓ File Upload and Storage → it generates unique file paths for same f… 0.08s
2025-08-28T11:48:08.2291795Z   ✓ File Upload and Storage → it validates file size limit               0.10s
2025-08-28T11:48:08.2309803Z   ✓ File Upload and Storage → it validates allowed file types            0.08s
2025-08-28T11:48:08.2327911Z   ✓ File Upload and Storage → it allows common document types            0.09s
2025-08-28T11:48:08.2346082Z   ✓ File Upload and Storage → it allows common image types               0.11s
2025-08-28T11:48:08.2364143Z   ✓ File Upload and Storage → it allows common video types               0.09s
2025-08-28T11:48:08.2382100Z   ✓ File Upload and Storage → it allows common audio types               0.08s
2025-08-28T11:48:08.2400297Z   ✓ File Retrieval and Decryption → it can retrieve and decrypt stored…  0.08s
2025-08-28T11:48:08.2418661Z   ✓ File Retrieval and Decryption → it throws exception for non-existen… 0.10s
2025-08-28T11:48:08.2436966Z   ✓ File Retrieval and Decryption → it throws exception for invalid dec… 0.08s
2025-08-28T11:48:08.2454986Z   ✓ File Retrieval and Decryption → it can generate secure download URL  0.08s
2025-08-28T11:48:08.2473323Z   ✓ File Retrieval and Decryption → it generates download URLs with exp… 0.08s
2025-08-28T11:48:08.2491283Z   ✓ File Deletion → it can delete stored file                            0.08s
2025-08-28T11:48:08.2509604Z   ✓ File Deletion → it handles deletion of non-existent file gracefully  0.08s
2025-08-28T11:48:08.2527866Z   ✓ File Deletion → it can delete multiple files                         0.08s
2025-08-28T11:48:08.2546101Z   ✓ File Metadata → it extracts correct file metadata                    0.08s
2025-08-28T11:48:08.2564230Z   ✓ File Metadata → it handles files with no extension                   0.10s
2025-08-28T11:48:08.2581154Z   ✓ File Metadata → it sanitizes file names                              0.08s
2025-08-28T11:48:08.2598863Z   ✓ File Metadata → it handles very long file names                      0.08s
2025-08-28T11:48:08.2616692Z   ✓ Security and Validation → it rejects executable files                0.08s
2025-08-28T11:48:08.2634623Z   ✓ Security and Validation → it validates file content matches extensi… 0.09s
2025-08-28T11:48:08.2652729Z   ✓ Security and Validation → it prevents directory traversal in file p… 0.08s
2025-08-28T11:48:08.2670966Z   ✓ Security and Validation → it validates encryption parameters         0.08s
2025-08-28T11:48:08.2689262Z   ✓ Performance and Limits → it handles maximum allowed file size        0.10s
2025-08-28T11:48:08.2707213Z   ✓ Performance and Limits → it processes large files efficiently        0.08s
2025-08-28T11:48:08.2725110Z   ✓ Performance and Limits → it handles concurrent file uploads          0.12s
2025-08-28T11:48:08.2743374Z   ✓ Error Recovery → it cleans up on encryption failure                  0.10s
2025-08-28T11:48:08.2761822Z   ✓ Error Recovery → it handles storage disk full scenario               0.09s
2025-08-28T11:48:09.2932139Z
2025-08-28T11:48:09.2933320Z    WARN  Tests\Feature\SessionManagementTest
2025-08-28T11:48:09.2952375Z   - user can view sessions page → Frontend component not implemented ye… 0.16s
2025-08-28T11:48:09.2968489Z   ✓ session is created during login                                      0.09s
2025-08-28T11:48:09.2984299Z   ✓ user can terminate specific session                                  0.12s
2025-08-28T11:48:09.3000515Z   ✓ user can terminate all other sessions                                0.13s
2025-08-28T11:48:09.3016901Z   ✓ user cannot access other users sessions                              0.12s
2025-08-28T11:48:09.3032962Z   ✓ session service can get user statistics                              0.10s
2025-08-28T11:48:09.3049737Z   ✓ session service can detect security alerts                           0.12s
2025-08-28T11:48:09.3066108Z   ✓ session service can cleanup expired sessions                         0.10s
2025-08-28T11:48:09.3082387Z   ✓ sessions can be linked to trusted devices                            0.11s
2025-08-28T11:48:10.1404407Z
2025-08-28T11:48:10.1406886Z    PASS  Tests\Feature\Settings\PasswordUpdateTest
2025-08-28T11:48:10.1425218Z   ✓ password can be updated                                              0.58s
2025-08-28T11:48:10.1438940Z   ✓ correct password must be provided to update password                 0.26s
2025-08-28T11:48:11.1560131Z
2025-08-28T11:48:11.1561158Z    PASS  Tests\Feature\Settings\ProfileUpdateTest
2025-08-28T11:48:11.1578828Z   ✓ profile page is displayed                                            0.17s
2025-08-28T11:48:11.1595257Z   ✓ profile information can be updated                                   0.14s
2025-08-28T11:48:11.1611670Z   ✓ email verification status is unchanged when the email address is un… 0.14s
2025-08-28T11:48:11.1627957Z   ✓ user can delete their account                                        0.29s
2025-08-28T11:48:11.1644050Z   ✓ correct password must be provided to delete account                  0.28s
2025-08-28T11:48:11.5045449Z
2025-08-28T11:48:11.5046000Z    PASS  Tests\Feature\SimpleActivityLoggingTest
2025-08-28T11:48:11.5062635Z   ✓ message activity logging works                                       0.12s
2025-08-28T11:48:11.5078655Z   ✓ message updates are logged                                           0.12s
2025-08-28T11:48:11.5094969Z   ✓ activity log service works                                           0.10s
2025-08-28T11:48:12.6805925Z
2025-08-28T11:48:12.6806809Z    PASS  Tests\Feature\TenantServiceTest
2025-08-28T11:48:12.6824380Z   ✓ can set and get current tenant                                       0.14s
2025-08-28T11:48:12.6840041Z   ✓ can clear tenant                                                     0.15s
2025-08-28T11:48:12.6855595Z   ✓ can get user tenants                                                 0.22s
2025-08-28T11:48:12.6870899Z   ✓ can check tenant access                                              0.20s
2025-08-28T11:48:12.6886645Z   ✓ can get default tenant                                               0.21s
2025-08-28T11:48:12.6902082Z   ✓ can switch tenant                                                    0.25s
2025-08-28T11:48:13.8509335Z
2025-08-28T11:48:13.8510239Z    FAIL  Tests\Feature\TrustedDeviceTest
2025-08-28T11:48:13.8522601Z   ⨯ trusted device service works correctly
2025-08-28T11:48:13.8533833Z   ⨯ user can create trusted device
2025-08-28T11:48:13.8545683Z   ⨯ trusted device is created with auto-generated name when not provided
2025-08-28T11:48:13.8557468Z   ⨯ user can update trusted device
2025-08-28T11:48:13.8568768Z   ⨯ user can revoke trusted device
2025-08-28T11:48:13.8579516Z   ⨯ user cannot access other users trusted devices
2025-08-28T11:48:13.8590260Z   ⨯ user can revoke all trusted devices except current
2025-08-28T11:48:13.8600848Z   ⨯ user can cleanup expired devices
2025-08-28T11:48:13.8612020Z   ⨯ trusted device service can create and check device
2025-08-28T11:48:13.8622681Z   ⨯ trusted device service returns null for invalid token
2025-08-28T11:48:13.8633662Z   ⨯ trusted device has proper scopes
2025-08-28T11:48:13.8644328Z   ⨯ trusted device methods work correctly
2025-08-28T11:48:16.7103835Z
2025-08-28T11:48:16.7104352Z    PASS  Tests\Feature\UserRoleAssignmentTest
2025-08-28T11:48:16.7122727Z   ✓ can view users index page                                            0.29s
2025-08-28T11:48:16.7136862Z   ✓ can view user details with roles                                     0.27s
2025-08-28T11:48:16.7150462Z   ✓ can assign roles to user                                             0.25s
2025-08-28T11:48:16.7163895Z   ✓ can remove roles from user                                           0.27s
2025-08-28T11:48:16.7177402Z   ✓ can remove all roles from user                                       0.24s
2025-08-28T11:48:16.7190951Z   ✓ role assignment validates role existence                             0.21s
2025-08-28T11:48:16.7204512Z   ✓ can delete user and remove all roles                                 0.25s
2025-08-28T11:48:16.7218444Z   ✓ can search users                                                     0.28s
2025-08-28T11:48:16.7232119Z   ✓ users show effective permissions from roles                          0.29s
2025-08-28T11:48:16.7245680Z   ✓ unauthorized user cannot manage user roles                           0.22s
2025-08-28T11:48:16.7259015Z   ✓ users index shows role counts                                        0.29s
2025-08-28T11:48:16.7272316Z   ────────────────────────────────────────────────────────────────────────────
2025-08-28T11:48:16.7289482Z    FAILED  Tests\Feature\Chat\E2EEFileMediaEncryptionTest > `E2EE Fil…  Error
2025-08-28T11:48:16.7311499Z   Call to undefined method App\Services\ChatFileService::encryptFile()
2025-08-28T11:48:16.7322092Z
2025-08-28T11:48:16.7326233Z   at tests/Feature/Chat/E2EEFileMediaEncryptionTest.php:45
2025-08-28T11:48:16.7404425Z      41▕             $textContent = "This is a confidential document.\nIt contains sensitive information.\n\nLine 3 with special chars: @#$%^&*()";
2025-08-28T11:48:16.7406421Z      42▕             $textFile = UploadedFile::fake()->createWithContent('document.txt', $textContent);
2025-08-28T11:48:16.7409145Z      43▕
2025-08-28T11:48:16.7410838Z      44▕             // Encrypt file
2025-08-28T11:48:16.7411590Z   ➜  45▕             $encryptedResult = $this->fileService->encryptFile(
2025-08-28T11:48:16.7412791Z      46▕                 file_get_contents($textFile->getPathname()),
2025-08-28T11:48:16.7413700Z      47▕                 $symmetricKey,
2025-08-28T11:48:16.7414349Z      48▕                 $textFile->getClientOriginalName(),
2025-08-28T11:48:16.7415003Z      49▕                 $textFile->getMimeType()
2025-08-28T11:48:16.7415319Z
2025-08-28T11:48:16.7415651Z   1   tests/Feature/Chat/E2EEFileMediaEncryptionTest.php:45
2025-08-28T11:48:16.7416063Z
2025-08-28T11:48:16.7418280Z   ────────────────────────────────────────────────────────────────────────────
2025-08-28T11:48:16.7434669Z    FAILED  Tests\Feature\Chat\E2EEFileMediaEncryptionTest > `E2EE Fil…  Error
2025-08-28T11:48:16.7442919Z   Call to undefined method App\Services\ChatFileService::encryptFile()
2025-08-28T11:48:16.7443613Z
2025-08-28T11:48:16.7444464Z   at tests/Feature/Chat/E2EEFileMediaEncryptionTest.php:83
2025-08-28T11:48:16.7555080Z      79▕             foreach ($testFiles as $filename => $content) {
2025-08-28T11:48:16.7556690Z      80▕                 $file = UploadedFile::fake()->createWithContent($filename, $content);
2025-08-28T11:48:16.7557659Z      81▕
2025-08-28T11:48:16.7558076Z      82▕                 // Encrypt
2025-08-28T11:48:16.7558750Z   ➜  83▕                 $encrypted = $this->fileService->encryptFile(
2025-08-28T11:48:16.7559658Z      84▕                     file_get_contents($file->getPathname()),
2025-08-28T11:48:16.7578197Z      85▕                     $symmetricKey,
2025-08-28T11:48:16.7578906Z      86▕                     $file->getClientOriginalName(),
2025-08-28T11:48:16.7579556Z      87▕                     $file->getMimeType()
2025-08-28T11:48:16.7579878Z
2025-08-28T11:48:16.7580210Z   1   tests/Feature/Chat/E2EEFileMediaEncryptionTest.php:83
2025-08-28T11:48:16.7580607Z
2025-08-28T11:48:16.7581101Z   ────────────────────────────────────────────────────────────────────────────
2025-08-28T11:48:16.7587956Z    FAILED  Tests\Feature\Chat\E2EEFileMediaEncryptionTest > `E2EE Fil…  Error
2025-08-28T11:48:16.7591777Z   Call to undefined method App\Services\ChatFileService::encryptFile()
2025-08-28T11:48:16.7594832Z
2025-08-28T11:48:16.7598372Z   at tests/Feature/Chat/E2EEFileMediaEncryptionTest.php:108
2025-08-28T11:48:16.7673332Z     104▕             $content = 'File integrity test content with checksum verification.';
2025-08-28T11:48:16.7674189Z     105▕
2025-08-28T11:48:16.7675157Z     106▕             $file = UploadedFile::fake()->createWithContent('integrity.txt', $content);
2025-08-28T11:48:16.7676040Z     107▕
2025-08-28T11:48:16.7676727Z   ➜ 108▕             $encrypted = $this->fileService->encryptFile(
2025-08-28T11:48:16.7677625Z     109▕                 file_get_contents($file->getPathname()),
2025-08-28T11:48:16.7678380Z     110▕                 $symmetricKey,
2025-08-28T11:48:16.7679151Z     111▕                 $file->getClientOriginalName(),
2025-08-28T11:48:16.7679911Z     112▕                 $file->getMimeType()
2025-08-28T11:48:16.7680334Z
2025-08-28T11:48:16.7682323Z   1   tests/Feature/Chat/E2EEFileMediaEncryptionTest.php:108
2025-08-28T11:48:16.7682887Z
2025-08-28T11:48:16.7686135Z   ────────────────────────────────────────────────────────────────────────────
2025-08-28T11:48:16.7704885Z    FAILED  Tests\Feature\Chat\E2EEFileMediaEncryptionTest > `E2EE Fil…  Error
2025-08-28T11:48:16.7708742Z   Call to undefined method App\Services\ChatFileService::encryptFile()
2025-08-28T11:48:16.7711732Z
2025-08-28T11:48:16.7716019Z   at tests/Feature/Chat/E2EEFileMediaEncryptionTest.php:146
2025-08-28T11:48:16.7794106Z     142▕             $binaryFile = UploadedFile::fake()->create('binary.bin', strlen($binaryContent));
2025-08-28T11:48:16.7795317Z     143▕             file_put_contents($binaryFile->getPathname(), $binaryContent);
2025-08-28T11:48:16.7796075Z     144▕
2025-08-28T11:48:16.7796592Z     145▕             // Encrypt
2025-08-28T11:48:16.7797356Z   ➜ 146▕             $encrypted = $this->fileService->encryptFile(
2025-08-28T11:48:16.7798674Z     147▕                 file_get_contents($binaryFile->getPathname()),
2025-08-28T11:48:16.7799753Z     148▕                 $symmetricKey,
2025-08-28T11:48:16.7800436Z     149▕                 $binaryFile->getClientOriginalName(),
2025-08-28T11:48:16.7807250Z     150▕                 'application/octet-stream'
2025-08-28T11:48:16.7817057Z
2025-08-28T11:48:16.7817445Z   1   tests/Feature/Chat/E2EEFileMediaEncryptionTest.php:146
2025-08-28T11:48:16.7817865Z
2025-08-28T11:48:16.7818381Z   ────────────────────────────────────────────────────────────────────────────
2025-08-28T11:48:16.7828371Z    FAILED  Tests\Feature\Chat\E2EEFileMediaEncryptionTest > `E2EE Fil…  Error
2025-08-28T11:48:16.7832001Z   Call to undefined method App\Services\ChatFileService::encryptFile()
2025-08-28T11:48:16.7834075Z
2025-08-28T11:48:16.7836875Z   at tests/Feature/Chat/E2EEFileMediaEncryptionTest.php:180
2025-08-28T11:48:16.7909216Z     176▕             $zipFile = UploadedFile::fake()->create('archive.zip', strlen($zipContent));
2025-08-28T11:48:16.7912240Z     177▕             file_put_contents($zipFile->getPathname(), $zipContent);
2025-08-28T11:48:16.7914516Z     178▕
2025-08-28T11:48:16.7914949Z     179▕             // Encrypt
2025-08-28T11:48:16.7915622Z   ➜ 180▕             $encrypted = $this->fileService->encryptFile(
2025-08-28T11:48:16.7916389Z     181▕                 file_get_contents($zipFile->getPathname()),
2025-08-28T11:48:16.7917019Z     182▕                 $symmetricKey,
2025-08-28T11:48:16.7917549Z     183▕                 'archive.zip',
2025-08-28T11:48:16.7918110Z     184▕                 'application/zip'
2025-08-28T11:48:16.7918406Z
2025-08-28T11:48:16.7918743Z   1   tests/Feature/Chat/E2EEFileMediaEncryptionTest.php:180
2025-08-28T11:48:16.7919143Z
2025-08-28T11:48:16.7920919Z   ────────────────────────────────────────────────────────────────────────────
2025-08-28T11:48:16.7938699Z    FAILED  Tests\Feature\Chat\E2EEFileMediaEncryptionTest > `E2EE Fil…  Error
2025-08-28T11:48:16.7942727Z   Call to undefined method App\Services\ChatFileService::encryptFile()
2025-08-28T11:48:16.7946547Z
2025-08-28T11:48:16.7946936Z   at tests/Feature/Chat/E2EEFileMediaEncryptionTest.php:216
2025-08-28T11:48:16.8018546Z     212▕                 $originalContent = file_get_contents($file->getPathname());
2025-08-28T11:48:16.8022664Z     213▕                 $originalSize = filesize($file->getPathname());
2025-08-28T11:48:16.8023969Z     214▕
2025-08-28T11:48:16.8024739Z     215▕                 // Encrypt
2025-08-28T11:48:16.8025700Z   ➜ 216▕                 $encrypted = $this->fileService->encryptFile(
2025-08-28T11:48:16.8027125Z     217▕                     $originalContent,
2025-08-28T11:48:16.8027915Z     218▕                     $symmetricKey,
2025-08-28T11:48:16.8028667Z     219▕                     $name,
2025-08-28T11:48:16.8029359Z     220▕                     $file->getMimeType()
2025-08-28T11:48:16.8029894Z
2025-08-28T11:48:16.8031949Z   1   tests/Feature/Chat/E2EEFileMediaEncryptionTest.php:216
2025-08-28T11:48:16.8032383Z
2025-08-28T11:48:16.8033369Z   ────────────────────────────────────────────────────────────────────────────
2025-08-28T11:48:16.8048334Z    FAILED  Tests\Feature\Chat\E2EEFileMediaEncryptionTest > `E2EE Fil…  Error
2025-08-28T11:48:16.8051003Z   Call to undefined method App\Services\ChatFileService::encryptFile()
2025-08-28T11:48:16.8055125Z
2025-08-28T11:48:16.8057746Z   at tests/Feature/Chat/E2EEFileMediaEncryptionTest.php:251
2025-08-28T11:48:16.8128762Z     247▕
2025-08-28T11:48:16.8129960Z     248▕             $startTime = microtime(true);
2025-08-28T11:48:16.8132317Z     249▕
2025-08-28T11:48:16.8133957Z     250▕             // Encrypt
2025-08-28T11:48:16.8134636Z   ➜ 251▕             $encrypted = $this->fileService->encryptFile(
2025-08-28T11:48:16.8135311Z     252▕                 $originalContent,
2025-08-28T11:48:16.8135866Z     253▕                 $symmetricKey,
2025-08-28T11:48:16.8136428Z     254▕                 'large_image.jpg',
2025-08-28T11:48:16.8136975Z     255▕                 'image/jpeg'
2025-08-28T11:48:16.8137283Z
2025-08-28T11:48:16.8137921Z   1   tests/Feature/Chat/E2EEFileMediaEncryptionTest.php:251
2025-08-28T11:48:16.8138347Z
2025-08-28T11:48:16.8144182Z   ────────────────────────────────────────────────────────────────────────────
2025-08-28T11:48:16.8159481Z    FAILED  Tests\Feature\Chat\E2EEFileMediaEncryptionTest > `E2EE Fil…  Error
2025-08-28T11:48:16.8161889Z   Call to undefined method App\Services\ChatFileService::encryptFile()
2025-08-28T11:48:16.8166942Z
2025-08-28T11:48:16.8168308Z   at tests/Feature/Chat/E2EEFileMediaEncryptionTest.php:367
2025-08-28T11:48:16.8242729Z     363▕
2025-08-28T11:48:16.8244187Z     364▕             $testFile = UploadedFile::fake()->createWithContent($fileName, $fileContent);
2025-08-28T11:48:16.8245674Z     365▕
2025-08-28T11:48:16.8246296Z     366▕             // Encrypt file
2025-08-28T11:48:16.8249646Z   ➜ 367▕             $encryptedFile = $this->fileService->encryptFile(
2025-08-28T11:48:16.8250502Z     368▕                 file_get_contents($testFile->getPathname()),
2025-08-28T11:48:16.8251167Z     369▕                 $symmetricKey,
2025-08-28T11:48:16.8251702Z     370▕                 $fileName,
2025-08-28T11:48:16.8252199Z     371▕                 $mimeType
2025-08-28T11:48:16.8252467Z
2025-08-28T11:48:16.8252798Z   1   tests/Feature/Chat/E2EEFileMediaEncryptionTest.php:367
2025-08-28T11:48:16.8253394Z
2025-08-28T11:48:16.8255101Z   ────────────────────────────────────────────────────────────────────────────
2025-08-28T11:48:16.8271397Z    FAILED  Tests\Feature\Chat\E2EEFileMediaEncryptionTest > `E2EE Fil…  Error
2025-08-28T11:48:16.8275361Z   Call to undefined method App\Services\ChatFileService::encryptFile()
2025-08-28T11:48:16.8278241Z
2025-08-28T11:48:16.8279287Z   at tests/Feature/Chat/E2EEFileMediaEncryptionTest.php:422
2025-08-28T11:48:16.8354220Z     418▕             $fileMessages = [];
2025-08-28T11:48:16.8354972Z     419▕
2025-08-28T11:48:16.8355758Z     420▕             foreach ($testFiles as $fileData) {
2025-08-28T11:48:16.8356587Z     421▕                 // Encrypt file
2025-08-28T11:48:16.8357557Z   ➜ 422▕                 $encrypted = $this->fileService->encryptFile(
2025-08-28T11:48:16.8358474Z     423▕                     $fileData['content'],
2025-08-28T11:48:16.8361229Z     424▕                     $symmetricKey,
2025-08-28T11:48:16.8362122Z     425▕                     $fileData['name'],
2025-08-28T11:48:16.8362868Z     426▕                     $fileData['type']
2025-08-28T11:48:16.8364543Z
2025-08-28T11:48:16.8364921Z   1   tests/Feature/Chat/E2EEFileMediaEncryptionTest.php:422
2025-08-28T11:48:16.8365364Z
2025-08-28T11:48:16.8367030Z   ────────────────────────────────────────────────────────────────────────────
2025-08-28T11:48:16.8382374Z    FAILED  Tests\Feature\Chat\E2EEFileMediaEncryptionTest > `E2EE Fil…  Error
2025-08-28T11:48:16.8387216Z   Call to undefined method App\Services\ChatFileService::encryptFile()
2025-08-28T11:48:16.8389263Z
2025-08-28T11:48:16.8392314Z   at tests/Feature/Chat/E2EEFileMediaEncryptionTest.php:489
2025-08-28T11:48:16.8463969Z     485▕                 $startTime = microtime(true);
2025-08-28T11:48:16.8467564Z     486▕                 $startMemory = memory_get_usage();
2025-08-28T11:48:16.8469345Z     487▕
2025-08-28T11:48:16.8469777Z     488▕                 // Encrypt
2025-08-28T11:48:16.8470483Z   ➜ 489▕                 $encrypted = $this->fileService->encryptFile(
2025-08-28T11:48:16.8471124Z     490▕                     $content,
2025-08-28T11:48:16.8471668Z     491▕                     $symmetricKey,
2025-08-28T11:48:16.8472201Z     492▕                     $fileName,
2025-08-28T11:48:16.8472742Z     493▕                     'text/plain'
2025-08-28T11:48:16.8473210Z
2025-08-28T11:48:16.8473562Z   1   tests/Feature/Chat/E2EEFileMediaEncryptionTest.php:489
2025-08-28T11:48:16.8473979Z
2025-08-28T11:48:16.8479156Z   ────────────────────────────────────────────────────────────────────────────
2025-08-28T11:48:16.8494720Z    FAILED  Tests\Feature\Chat\E2EEFileMediaEncryptionTest > `E2EE Fil…  Error
2025-08-28T11:48:16.8496966Z   Call to undefined method App\Services\ChatFileService::encryptFile()
2025-08-28T11:48:16.8498928Z
2025-08-28T11:48:16.8502717Z   at tests/Feature/Chat/E2EEFileMediaEncryptionTest.php:535
2025-08-28T11:48:16.8577411Z     531▕                 'archive.zip' => ['content' => 'PK\x03\x04', 'safe' => true], // ZIP header
2025-08-28T11:48:16.8580143Z     532▕             ];
2025-08-28T11:48:16.8580789Z     533▕
2025-08-28T11:48:16.8581512Z     534▕             foreach ($testFiles as $fileName => $fileData) {
2025-08-28T11:48:16.8582513Z   ➜ 535▕                 $encrypted = $this->fileService->encryptFile(
2025-08-28T11:48:16.8583641Z     536▕                     $fileData['content'],
2025-08-28T11:48:16.8585124Z     537▕                     $symmetricKey,
2025-08-28T11:48:16.8585685Z     538▕                     $fileName,
2025-08-28T11:48:16.8586298Z     539▕                     'application/octet-stream'
2025-08-28T11:48:16.8586629Z
2025-08-28T11:48:16.8587003Z   1   tests/Feature/Chat/E2EEFileMediaEncryptionTest.php:535
2025-08-28T11:48:16.8587438Z
2025-08-28T11:48:16.8591078Z   ────────────────────────────────────────────────────────────────────────────
2025-08-28T11:48:16.8603938Z    FAILED  Tests\Feature\Chat\E2EEFileMediaEncryptionTest > `E2EE File and M…
2025-08-28T11:48:16.8607656Z   Failed asserting that an instance of class Error is an instance of class App\Exceptions\EncryptionException.
2025-08-28T11:48:16.8610106Z
2025-08-28T11:48:16.8615116Z   at tests/Feature/Chat/E2EEFileMediaEncryptionTest.php:568
2025-08-28T11:48:16.8687652Z     564▕             $invalidKey = 'invalid_key_too_short';
2025-08-28T11:48:16.8688604Z     565▕             $content = 'Test file content';
2025-08-28T11:48:16.8691875Z     566▕
2025-08-28T11:48:16.8692824Z     567▕             expect(fn () => $this->fileService->encryptFile($content, $invalidKey, 'test.txt', 'text/plain'))
2025-08-28T11:48:16.8695015Z   ➜ 568▕                 ->toThrow(\App\Exceptions\EncryptionException::class);
2025-08-28T11:48:16.8695718Z     569▕         });
2025-08-28T11:48:16.8696089Z     570▕
2025-08-28T11:48:16.8696749Z     571▕         it('handles decryption failures with wrong keys', function () {
2025-08-28T11:48:16.8697712Z     572▕             $correctKey = $this->encryptionService->generateSymmetricKey();
2025-08-28T11:48:16.8698163Z
2025-08-28T11:48:16.8698503Z   1   tests/Feature/Chat/E2EEFileMediaEncryptionTest.php:568
2025-08-28T11:48:16.8698909Z
2025-08-28T11:48:16.8701450Z   ────────────────────────────────────────────────────────────────────────────
2025-08-28T11:48:16.8717957Z    FAILED  Tests\Feature\Chat\E2EEFileMediaEncryptionTest > `E2EE Fil…  Error
2025-08-28T11:48:16.8722281Z   Call to undefined method App\Services\ChatFileService::encryptFile()
2025-08-28T11:48:16.8725437Z
2025-08-28T11:48:16.8727662Z   at tests/Feature/Chat/E2EEFileMediaEncryptionTest.php:578
2025-08-28T11:48:16.8799985Z     574▕
2025-08-28T11:48:16.8805448Z     575▕             $content = 'Secret file content';
2025-08-28T11:48:16.8806235Z     576▕
2025-08-28T11:48:16.8807182Z     577▕             // Encrypt with correct key
2025-08-28T11:48:16.8808596Z   ➜ 578▕             $encrypted = $this->fileService->encryptFile($content, $correctKey, 'secret.txt', 'text/plain');
2025-08-28T11:48:16.8810048Z     579▕
2025-08-28T11:48:16.8810861Z     580▕             // Try to decrypt with wrong key
2025-08-28T11:48:16.8812449Z     581▕             expect(fn () => $this->fileService->decryptFile($encrypted['encrypted_data'], $encrypted['iv'], $wrongKey))
2025-08-28T11:48:16.8814463Z     582▕                 ->toThrow(\App\Exceptions\DecryptionException::class);
2025-08-28T11:48:16.8815281Z
2025-08-28T11:48:16.8815793Z   1   tests/Feature/Chat/E2EEFileMediaEncryptionTest.php:578
2025-08-28T11:48:16.8830120Z
2025-08-28T11:48:16.8830890Z   ────────────────────────────────────────────────────────────────────────────
2025-08-28T11:48:16.8835211Z    FAILED  Tests\Feature\Chat\E2EEFileMediaEncryptionTest > `E2EE Fil…  Error
2025-08-28T11:48:16.8838660Z   Call to undefined method App\Services\ChatFileService::encryptFile()
2025-08-28T11:48:16.8844320Z
2025-08-28T11:48:16.8845072Z   at tests/Feature/Chat/E2EEFileMediaEncryptionTest.php:590
2025-08-28T11:48:16.8922451Z     586▕             $symmetricKey = $this->encryptionService->generateSymmetricKey();
2025-08-28T11:48:16.8923536Z     587▕             $content = 'File content to be corrupted';
2025-08-28T11:48:16.8924070Z     588▕
2025-08-28T11:48:16.8924511Z     589▕             // Encrypt normally
2025-08-28T11:48:16.8925554Z   ➜ 590▕             $encrypted = $this->fileService->encryptFile($content, $symmetricKey, 'test.txt', 'text/plain');
2025-08-28T11:48:16.8926329Z     591▕
2025-08-28T11:48:16.8926806Z     592▕             // Corrupt the encrypted data
2025-08-28T11:48:16.8927736Z     593▕             $corruptedData = substr($encrypted['encrypted_data'], 0, -10).'CORRUPTED!';
2025-08-28T11:48:16.8928381Z     594▕
2025-08-28T11:48:16.8931187Z
2025-08-28T11:48:16.8931874Z   1   tests/Feature/Chat/E2EEFileMediaEncryptionTest.php:590
2025-08-28T11:48:16.8932486Z
2025-08-28T11:48:16.8933346Z   ────────────────────────────────────────────────────────────────────────────
2025-08-28T11:48:16.8950852Z    FAILED  Tests\Feature\Chat\E2EEFileMediaEncryptionTest > `E2EE Fil…  Error
2025-08-28T11:48:16.8954964Z   Call to undefined method App\Services\ChatFileService::encryptFile()
2025-08-28T11:48:16.8958413Z
2025-08-28T11:48:16.8958953Z   at tests/Feature/Chat/E2EEFileMediaEncryptionTest.php:605
2025-08-28T11:48:16.9038512Z     601▕             $symmetricKey = $this->encryptionService->generateSymmetricKey();
2025-08-28T11:48:16.9042418Z     602▕             $emptyContent = '';
2025-08-28T11:48:16.9045131Z     603▕
2025-08-28T11:48:16.9045706Z     604▕             // Empty files should be handled gracefully
2025-08-28T11:48:16.9047170Z   ➜ 605▕             $encrypted = $this->fileService->encryptFile($emptyContent, $symmetricKey, 'empty.txt', 'text/plain');
2025-08-28T11:48:16.9048234Z     606▕
2025-08-28T11:48:16.9048765Z     607▕             expect($encrypted['size'])->toBe(0);
2025-08-28T11:48:16.9049564Z     608▕             expect($encrypted['original_name'])->toBe('empty.txt');
2025-08-28T11:48:16.9050125Z     609▕
2025-08-28T11:48:16.9050285Z
2025-08-28T11:48:16.9050624Z   1   tests/Feature/Chat/E2EEFileMediaEncryptionTest.php:605
2025-08-28T11:48:16.9051028Z
2025-08-28T11:48:16.9053498Z   ────────────────────────────────────────────────────────────────────────────
2025-08-28T11:48:16.9068839Z    FAILED  Tests\Feature\Chat\E2EEFileMediaEncryptionTest > `E2EE Fil…  Error
2025-08-28T11:48:16.9073348Z   Call to undefined method App\Services\ChatFileService::encryptFile()
2025-08-28T11:48:16.9075380Z
2025-08-28T11:48:16.9078524Z   at tests/Feature/Chat/E2EEFileMediaEncryptionTest.php:627
2025-08-28T11:48:16.9154019Z     623▕                 ['name' => 'archive.tar.gz', 'type' => 'application/gzip', 'content' => 'Compressed archive'],
2025-08-28T11:48:16.9156715Z     624▕             ];
2025-08-28T11:48:16.9158200Z     625▕
2025-08-28T11:48:16.9158922Z     626▕             foreach ($testCases as $testCase) {
2025-08-28T11:48:16.9160543Z   ➜ 627▕                 $encrypted = $this->fileService->encryptFile(
2025-08-28T11:48:16.9161258Z     628▕                     $testCase['content'],
2025-08-28T11:48:16.9161852Z     629▕                     $symmetricKey,
2025-08-28T11:48:16.9162441Z     630▕                     $testCase['name'],
2025-08-28T11:48:16.9163022Z     631▕                     $testCase['type']
2025-08-28T11:48:16.9163508Z
2025-08-28T11:48:16.9163843Z   1   tests/Feature/Chat/E2EEFileMediaEncryptionTest.php:627
2025-08-28T11:48:16.9164256Z
2025-08-28T11:48:16.9165802Z   ────────────────────────────────────────────────────────────────────────────
2025-08-28T11:48:16.9183473Z    FAILED  Tests\Feature\Chat\E2EEFileMediaEncryptionTest > `E2EE Fil…  Error
2025-08-28T11:48:16.9187848Z   Call to undefined method App\Services\ChatFileService::encryptFile()
2025-08-28T11:48:16.9190019Z
2025-08-28T11:48:16.9190565Z   at tests/Feature/Chat/E2EEFileMediaEncryptionTest.php:670
2025-08-28T11:48:16.9267398Z     666▕
2025-08-28T11:48:16.9268237Z     667▕             foreach ($specialFilenames as $filename) {
2025-08-28T11:48:16.9270904Z     668▕                 $content = "Content for {$filename}";
2025-08-28T11:48:16.9271639Z     669▕
2025-08-28T11:48:16.9273709Z   ➜ 670▕                 $encrypted = $this->fileService->encryptFile($content, $symmetricKey, $filename, 'text/plain');
2025-08-28T11:48:16.9274539Z     671▕
2025-08-28T11:48:16.9275165Z     672▕                 expect($encrypted['original_name'])->toBe($filename);
2025-08-28T11:48:16.9275744Z     673▕
2025-08-28T11:48:16.9276366Z     674▕                 $decrypted = $this->fileService->decryptFile(
2025-08-28T11:48:16.9276768Z
2025-08-28T11:48:16.9277105Z   1   tests/Feature/Chat/E2EEFileMediaEncryptionTest.php:670
2025-08-28T11:48:16.9277515Z
2025-08-28T11:48:16.9282395Z   ────────────────────────────────────────────────────────────────────────────
2025-08-28T11:48:16.9297743Z    FAILED  Tests\Feature\Chat\E2EEForensicAuditTest > `E2EE…   QueryException
2025-08-28T11:48:16.9300623Z   SQLSTATE[42703]: Undefined column: 7 ERROR:  column "role" of relation "sys_users" does not exist
2025-08-28T11:48:16.9303836Z LINE 1: ...email_verified_at", "password", "remember_token", "role", "i...
2025-08-28T11:48:16.9306921Z                                                              ^ (Connection: pgsql, SQL: insert into "sys_users" ("name", "email", "email_verified_at", "password", "remember_token", "role", "id", "updated_at", "created_at") values (Colleen Mueller, gorczany.zakary@example.org, 2025-08-28 11:34:33, $argon2id$v=19$m=65536,t=4,p=1$ajdCdGdGbDFVa2tZdG84UA$oxLxDxXWXZ+AX+1D2ULzJJdPZMAxUg3jnji8+9yzzkk, boIVQZrZ9B, auditor, 01k3r7ag9hkg4kw029hvcdar4a, 2025-08-28 11:34:33, 2025-08-28 11:34:33))
2025-08-28T11:48:16.9345617Z
2025-08-28T11:48:16.9347535Z   at vendor/laravel/framework/src/Illuminate/Database/Connection.php:570
2025-08-28T11:48:16.9429351Z     566▕             $this->bindValues($statement, $this->prepareBindings($bindings));
2025-08-28T11:48:16.9432885Z     567▕
2025-08-28T11:48:16.9435614Z     568▕             $this->recordsHaveBeenModified();
2025-08-28T11:48:16.9436147Z     569▕
2025-08-28T11:48:16.9436640Z   ➜ 570▕             return $statement->execute();
2025-08-28T11:48:16.9437149Z     571▕         });
2025-08-28T11:48:16.9437507Z     572▕     }
2025-08-28T11:48:16.9437843Z     573▕
2025-08-28T11:48:16.9438171Z     574▕     /**
2025-08-28T11:48:16.9438354Z
2025-08-28T11:48:16.9438614Z       [2m+14 vendor frames [22m
2025-08-28T11:48:16.9439162Z   15  tests/Feature/Chat/E2EEForensicAuditTest.php:23
2025-08-28T11:48:16.9439524Z
2025-08-28T11:48:16.9442176Z   ────────────────────────────────────────────────────────────────────────────
2025-08-28T11:48:16.9458813Z    FAILED  Tests\Feature\Chat\E2EEForensicAuditTest > `E2EE…   QueryException
2025-08-28T11:48:16.9462304Z   SQLSTATE[42703]: Undefined column: 7 ERROR:  column "role" of relation "sys_users" does not exist
2025-08-28T11:48:16.9463794Z LINE 1: ...email_verified_at", "password", "remember_token", "role", "i...
2025-08-28T11:48:16.9466836Z                                                              ^ (Connection: pgsql, SQL: insert into "sys_users" ("name", "email", "email_verified_at", "password", "remember_token", "role", "id", "updated_at", "created_at") values (Aracely Stamm, wpagac@example.com, 2025-08-28 11:34:33, $argon2id$v=19$m=65536,t=4,p=1$ajdCdGdGbDFVa2tZdG84UA$oxLxDxXWXZ+AX+1D2ULzJJdPZMAxUg3jnji8+9yzzkk, MlktYZcksj, auditor, 01k3r7agcnsh86fk605hj04jem, 2025-08-28 11:34:33, 2025-08-28 11:34:33))
2025-08-28T11:48:16.9505171Z
2025-08-28T11:48:16.9509679Z   at vendor/laravel/framework/src/Illuminate/Database/Connection.php:570
2025-08-28T11:48:16.9589811Z     566▕             $this->bindValues($statement, $this->prepareBindings($bindings));
2025-08-28T11:48:16.9590638Z     567▕
2025-08-28T11:48:16.9591364Z     568▕             $this->recordsHaveBeenModified();
2025-08-28T11:48:16.9592300Z     569▕
2025-08-28T11:48:16.9592996Z   ➜ 570▕             return $statement->execute();
2025-08-28T11:48:16.9596461Z     571▕         });
2025-08-28T11:48:16.9596863Z     572▕     }
2025-08-28T11:48:16.9597191Z     573▕
2025-08-28T11:48:16.9597518Z     574▕     /**
2025-08-28T11:48:16.9597705Z
2025-08-28T11:48:16.9597972Z       [2m+14 vendor frames [22m
2025-08-28T11:48:16.9598505Z   15  tests/Feature/Chat/E2EEForensicAuditTest.php:23
2025-08-28T11:48:16.9598882Z
2025-08-28T11:48:16.9604308Z   ────────────────────────────────────────────────────────────────────────────
2025-08-28T11:48:16.9619377Z    FAILED  Tests\Feature\Chat\E2EEForensicAuditTest > `E2EE…   QueryException
2025-08-28T11:48:16.9623951Z   SQLSTATE[42703]: Undefined column: 7 ERROR:  column "role" of relation "sys_users" does not exist
2025-08-28T11:48:16.9625442Z LINE 1: ...email_verified_at", "password", "remember_token", "role", "i...
2025-08-28T11:48:16.9630397Z                                                              ^ (Connection: pgsql, SQL: insert into "sys_users" ("name", "email", "email_verified_at", "password", "remember_token", "role", "id", "updated_at", "created_at") values (Ronaldo Aufderhar III, jenkins.lizeth@example.net, 2025-08-28 11:34:33, $argon2id$v=19$m=65536,t=4,p=1$ajdCdGdGbDFVa2tZdG84UA$oxLxDxXWXZ+AX+1D2ULzJJdPZMAxUg3jnji8+9yzzkk, gKtSLeFNwv, auditor, 01k3r7agft4kjd8xndt26y2w1f, 2025-08-28 11:34:33, 2025-08-28 11:34:33))
2025-08-28T11:48:16.9666310Z
2025-08-28T11:48:16.9669712Z   at vendor/laravel/framework/src/Illuminate/Database/Connection.php:570
2025-08-28T11:48:16.9752406Z     566▕             $this->bindValues($statement, $this->prepareBindings($bindings));
2025-08-28T11:48:16.9756276Z     567▕
2025-08-28T11:48:16.9756827Z     568▕             $this->recordsHaveBeenModified();
2025-08-28T11:48:16.9757354Z     569▕
2025-08-28T11:48:16.9757840Z   ➜ 570▕             return $statement->execute();
2025-08-28T11:48:16.9758372Z     571▕         });
2025-08-28T11:48:16.9758770Z     572▕     }
2025-08-28T11:48:16.9759091Z     573▕
2025-08-28T11:48:16.9759422Z     574▕     /**
2025-08-28T11:48:16.9759602Z
2025-08-28T11:48:16.9759861Z       [2m+14 vendor frames [22m
2025-08-28T11:48:16.9760400Z   15  tests/Feature/Chat/E2EEForensicAuditTest.php:23
2025-08-28T11:48:16.9760759Z
2025-08-28T11:48:16.9762371Z   ────────────────────────────────────────────────────────────────────────────
2025-08-28T11:48:16.9779828Z    FAILED  Tests\Feature\Chat\E2EEForensicAuditTest > `E2EE…   QueryException
2025-08-28T11:48:16.9786415Z   SQLSTATE[42703]: Undefined column: 7 ERROR:  column "role" of relation "sys_users" does not exist
2025-08-28T11:48:16.9787437Z LINE 1: ...email_verified_at", "password", "remember_token", "role", "i...
2025-08-28T11:48:16.9790343Z                                                              ^ (Connection: pgsql, SQL: insert into "sys_users" ("name", "email", "email_verified_at", "password", "remember_token", "role", "id", "updated_at", "created_at") values (Dr. Dusty Brekke IV, ghettinger@example.org, 2025-08-28 11:34:33, $argon2id$v=19$m=65536,t=4,p=1$ajdCdGdGbDFVa2tZdG84UA$oxLxDxXWXZ+AX+1D2ULzJJdPZMAxUg3jnji8+9yzzkk, IBQoa5Z2Ej, auditor, 01k3r7agk1jejgkzswf6gbq2f0, 2025-08-28 11:34:33, 2025-08-28 11:34:33))
2025-08-28T11:48:16.9825654Z
2025-08-28T11:48:16.9828467Z   at vendor/laravel/framework/src/Illuminate/Database/Connection.php:570
2025-08-28T11:48:16.9910581Z     566▕             $this->bindValues($statement, $this->prepareBindings($bindings));
2025-08-28T11:48:16.9917130Z     567▕
2025-08-28T11:48:16.9917678Z     568▕             $this->recordsHaveBeenModified();
2025-08-28T11:48:16.9918211Z     569▕
2025-08-28T11:48:16.9918691Z   ➜ 570▕             return $statement->execute();
2025-08-28T11:48:16.9919194Z     571▕         });
2025-08-28T11:48:16.9919566Z     572▕     }
2025-08-28T11:48:16.9919898Z     573▕
2025-08-28T11:48:16.9920228Z     574▕     /**
2025-08-28T11:48:16.9920438Z
2025-08-28T11:48:16.9920714Z       [2m+14 vendor frames [22m
2025-08-28T11:48:16.9921262Z   15  tests/Feature/Chat/E2EEForensicAuditTest.php:23
2025-08-28T11:48:16.9921620Z
2025-08-28T11:48:16.9925008Z   ────────────────────────────────────────────────────────────────────────────
2025-08-28T11:48:16.9939192Z    FAILED  Tests\Feature\Chat\E2EEForensicAuditTest > `E2EE…   QueryException
2025-08-28T11:48:16.9942218Z   SQLSTATE[42703]: Undefined column: 7 ERROR:  column "role" of relation "sys_users" does not exist
2025-08-28T11:48:16.9945370Z LINE 1: ...email_verified_at", "password", "remember_token", "role", "i...
2025-08-28T11:48:16.9949812Z                                                              ^ (Connection: pgsql, SQL: insert into "sys_users" ("name", "email", "email_verified_at", "password", "remember_token", "role", "id", "updated_at", "created_at") values (Noel Koepp, sabina43@example.org, 2025-08-28 11:34:33, $argon2id$v=19$m=65536,t=4,p=1$ajdCdGdGbDFVa2tZdG84UA$oxLxDxXWXZ+AX+1D2ULzJJdPZMAxUg3jnji8+9yzzkk, a0eAlHSXiE, auditor, 01k3r7agpknfm7pgeryb3bcy1w, 2025-08-28 11:34:33, 2025-08-28 11:34:33))
2025-08-28T11:48:16.9986555Z
2025-08-28T11:48:16.9990782Z   at vendor/laravel/framework/src/Illuminate/Database/Connection.php:570
2025-08-28T11:48:17.0072975Z     566▕             $this->bindValues($statement, $this->prepareBindings($bindings));
2025-08-28T11:48:17.0075734Z     567▕
2025-08-28T11:48:17.0076567Z     568▕             $this->recordsHaveBeenModified();
2025-08-28T11:48:17.0077487Z     569▕
2025-08-28T11:48:17.0078192Z   ➜ 570▕             return $statement->execute();
2025-08-28T11:48:17.0087213Z     571▕         });
2025-08-28T11:48:17.0087618Z     572▕     }
2025-08-28T11:48:17.0087952Z     573▕
2025-08-28T11:48:17.0088290Z     574▕     /**
2025-08-28T11:48:17.0088472Z
2025-08-28T11:48:17.0088722Z       [2m+14 vendor frames [22m
2025-08-28T11:48:17.0089258Z   15  tests/Feature/Chat/E2EEForensicAuditTest.php:23
2025-08-28T11:48:17.0089620Z
2025-08-28T11:48:17.0090138Z   ────────────────────────────────────────────────────────────────────────────
2025-08-28T11:48:17.0105263Z    FAILED  Tests\Feature\Chat\E2EEForensicAuditTest > `E2EE…   QueryException
2025-08-28T11:48:17.0111248Z   SQLSTATE[42703]: Undefined column: 7 ERROR:  column "role" of relation "sys_users" does not exist
2025-08-28T11:48:17.0112264Z LINE 1: ...email_verified_at", "password", "remember_token", "role", "i...
2025-08-28T11:48:17.0115340Z                                                              ^ (Connection: pgsql, SQL: insert into "sys_users" ("name", "email", "email_verified_at", "password", "remember_token", "role", "id", "updated_at", "created_at") values (Dr. Lilyan Crist III, gabe.stark@example.com, 2025-08-28 11:34:33, $argon2id$v=19$m=65536,t=4,p=1$ajdCdGdGbDFVa2tZdG84UA$oxLxDxXWXZ+AX+1D2ULzJJdPZMAxUg3jnji8+9yzzkk, gzjJwGBgjq, auditor, 01k3r7agsq4n128vfvdcjg9x8p, 2025-08-28 11:34:33, 2025-08-28 11:34:33))
2025-08-28T11:48:17.0152015Z
2025-08-28T11:48:17.0155248Z   at vendor/laravel/framework/src/Illuminate/Database/Connection.php:570
2025-08-28T11:48:17.0242075Z     566▕             $this->bindValues($statement, $this->prepareBindings($bindings));
2025-08-28T11:48:17.0242742Z     567▕
2025-08-28T11:48:17.0243457Z     568▕             $this->recordsHaveBeenModified();
2025-08-28T11:48:17.0243975Z     569▕
2025-08-28T11:48:17.0244459Z   ➜ 570▕             return $statement->execute();
2025-08-28T11:48:17.0244975Z     571▕         });
2025-08-28T11:48:17.0245342Z     572▕     }
2025-08-28T11:48:17.0245664Z     573▕
2025-08-28T11:48:17.0245992Z     574▕     /**
2025-08-28T11:48:17.0246175Z
2025-08-28T11:48:17.0246425Z       [2m+14 vendor frames [22m
2025-08-28T11:48:17.0246964Z   15  tests/Feature/Chat/E2EEForensicAuditTest.php:23
2025-08-28T11:48:17.0247322Z
2025-08-28T11:48:17.0249730Z   ────────────────────────────────────────────────────────────────────────────
2025-08-28T11:48:17.0264159Z    FAILED  Tests\Feature\Chat\E2EEForensicAuditTest > `E2EE…   QueryException
2025-08-28T11:48:17.0271947Z   SQLSTATE[42703]: Undefined column: 7 ERROR:  column "role" of relation "sys_users" does not exist
2025-08-28T11:48:17.0272990Z LINE 1: ...email_verified_at", "password", "remember_token", "role", "i...
2025-08-28T11:48:17.0276142Z                                                              ^ (Connection: pgsql, SQL: insert into "sys_users" ("name", "email", "email_verified_at", "password", "remember_token", "role", "id", "updated_at", "created_at") values (Russel Homenick IV, palma.ziemann@example.com, 2025-08-28 11:34:33, $argon2id$v=19$m=65536,t=4,p=1$ajdCdGdGbDFVa2tZdG84UA$oxLxDxXWXZ+AX+1D2ULzJJdPZMAxUg3jnji8+9yzzkk, 7c5QEQcQcG, auditor, 01k3r7agwxk5twe71e0dpgwwyn, 2025-08-28 11:34:33, 2025-08-28 11:34:33))
2025-08-28T11:48:17.0326865Z
2025-08-28T11:48:17.0329553Z   at vendor/laravel/framework/src/Illuminate/Database/Connection.php:570
2025-08-28T11:48:17.0428705Z     566▕             $this->bindValues($statement, $this->prepareBindings($bindings));
2025-08-28T11:48:17.0434130Z     567▕
2025-08-28T11:48:17.0434698Z     568▕             $this->recordsHaveBeenModified();
2025-08-28T11:48:17.0435577Z     569▕
2025-08-28T11:48:17.0436068Z   ➜ 570▕             return $statement->execute();
2025-08-28T11:48:17.0436577Z     571▕         });
2025-08-28T11:48:17.0436939Z     572▕     }
2025-08-28T11:48:17.0437260Z     573▕
2025-08-28T11:48:17.0437583Z     574▕     /**
2025-08-28T11:48:17.0437773Z
2025-08-28T11:48:17.0442353Z       [2m+14 vendor frames [22m
2025-08-28T11:48:17.0446526Z   15  tests/Feature/Chat/E2EEForensicAuditTest.php:23
2025-08-28T11:48:17.0446910Z
2025-08-28T11:48:17.0447427Z   ────────────────────────────────────────────────────────────────────────────
2025-08-28T11:48:17.0460792Z    FAILED  Tests\Feature\Chat\E2EEForensicAuditTest > `E2EE…   QueryException
2025-08-28T11:48:17.0463332Z   SQLSTATE[42703]: Undefined column: 7 ERROR:  column "role" of relation "sys_users" does not exist
2025-08-28T11:48:17.0466190Z LINE 1: ...email_verified_at", "password", "remember_token", "role", "i...
2025-08-28T11:48:17.0469098Z                                                              ^ (Connection: pgsql, SQL: insert into "sys_users" ("name", "email", "email_verified_at", "password", "remember_token", "role", "id", "updated_at", "created_at") values (Timmy Reinger, goyette.koby@example.com, 2025-08-28 11:34:33, $argon2id$v=19$m=65536,t=4,p=1$ajdCdGdGbDFVa2tZdG84UA$oxLxDxXWXZ+AX+1D2ULzJJdPZMAxUg3jnji8+9yzzkk, cOur5mvENc, auditor, 01k3r7ah01y73d47q9kn5gmgyq, 2025-08-28 11:34:33, 2025-08-28 11:34:33))
2025-08-28T11:48:17.0508212Z
2025-08-28T11:48:17.0509989Z   at vendor/laravel/framework/src/Illuminate/Database/Connection.php:570
2025-08-28T11:48:17.0589894Z     566▕             $this->bindValues($statement, $this->prepareBindings($bindings));
2025-08-28T11:48:17.0592754Z     567▕
2025-08-28T11:48:17.0593786Z     568▕             $this->recordsHaveBeenModified();
2025-08-28T11:48:17.0595041Z     569▕
2025-08-28T11:48:17.0595826Z   ➜ 570▕             return $statement->execute();
2025-08-28T11:48:17.0596511Z     571▕         });
2025-08-28T11:48:17.0596893Z     572▕     }
2025-08-28T11:48:17.0597209Z     573▕
2025-08-28T11:48:17.0597517Z     574▕     /**
2025-08-28T11:48:17.0597700Z
2025-08-28T11:48:17.0597942Z       [2m+14 vendor frames [22m
2025-08-28T11:48:17.0598460Z   15  tests/Feature/Chat/E2EEForensicAuditTest.php:23
2025-08-28T11:48:17.0598803Z
2025-08-28T11:48:17.0603985Z   ────────────────────────────────────────────────────────────────────────────
2025-08-28T11:48:17.0621085Z    FAILED  Tests\Feature\Chat\E2EEForensicAuditTest > `E2EE…   QueryException
2025-08-28T11:48:17.0623914Z   SQLSTATE[42703]: Undefined column: 7 ERROR:  column "role" of relation "sys_users" does not exist
2025-08-28T11:48:17.0625562Z LINE 1: ...email_verified_at", "password", "remember_token", "role", "i...
2025-08-28T11:48:17.0629687Z                                                              ^ (Connection: pgsql, SQL: insert into "sys_users" ("name", "email", "email_verified_at", "password", "remember_token", "role", "id", "updated_at", "created_at") values (Vincenzo Mills I, dsimonis@example.org, 2025-08-28 11:34:33, $argon2id$v=19$m=65536,t=4,p=1$ajdCdGdGbDFVa2tZdG84UA$oxLxDxXWXZ+AX+1D2ULzJJdPZMAxUg3jnji8+9yzzkk, 2huugIwiAG, auditor, 01k3r7ah37n3gtme0awsx8jhmq, 2025-08-28 11:34:33, 2025-08-28 11:34:33))
2025-08-28T11:48:17.0667790Z
2025-08-28T11:48:17.0671738Z   at vendor/laravel/framework/src/Illuminate/Database/Connection.php:570
2025-08-28T11:48:17.0765942Z     566▕             $this->bindValues($statement, $this->prepareBindings($bindings));
2025-08-28T11:48:17.0775978Z     567▕
2025-08-28T11:48:17.0776595Z     568▕             $this->recordsHaveBeenModified();
2025-08-28T11:48:17.0777105Z     569▕
2025-08-28T11:48:17.0777593Z   ➜ 570▕             return $statement->execute();
2025-08-28T11:48:17.0778086Z     571▕         });
2025-08-28T11:48:17.0778456Z     572▕     }
2025-08-28T11:48:17.0778785Z     573▕
2025-08-28T11:48:17.0779099Z     574▕     /**
2025-08-28T11:48:17.0779289Z
2025-08-28T11:48:17.0779564Z       [2m+14 vendor frames [22m
2025-08-28T11:48:17.0780119Z   15  tests/Feature/Chat/E2EEForensicAuditTest.php:23
2025-08-28T11:48:17.0780476Z
2025-08-28T11:48:17.0782294Z   ────────────────────────────────────────────────────────────────────────────
2025-08-28T11:48:17.0795040Z    FAILED  Tests\Feature\Chat\E2EEForensicAuditTest > `E2EE…   QueryException
2025-08-28T11:48:17.0799938Z   SQLSTATE[42703]: Undefined column: 7 ERROR:  column "role" of relation "sys_users" does not exist
2025-08-28T11:48:17.0800946Z LINE 1: ...email_verified_at", "password", "remember_token", "role", "i...
2025-08-28T11:48:17.0804009Z                                                              ^ (Connection: pgsql, SQL: insert into "sys_users" ("name", "email", "email_verified_at", "password", "remember_token", "role", "id", "updated_at", "created_at") values (Ivory Langosh, loren51@example.org, 2025-08-28 11:34:33, $argon2id$v=19$m=65536,t=4,p=1$ajdCdGdGbDFVa2tZdG84UA$oxLxDxXWXZ+AX+1D2ULzJJdPZMAxUg3jnji8+9yzzkk, v7dwqCPLD3, auditor, 01k3r7ah6bqm4s8whrp95dntvc, 2025-08-28 11:34:33, 2025-08-28 11:34:33))
2025-08-28T11:48:17.0841633Z
2025-08-28T11:48:17.0845539Z   at vendor/laravel/framework/src/Illuminate/Database/Connection.php:570
2025-08-28T11:48:17.0925927Z     566▕             $this->bindValues($statement, $this->prepareBindings($bindings));
2025-08-28T11:48:17.0932920Z     567▕
2025-08-28T11:48:17.0933631Z     568▕             $this->recordsHaveBeenModified();
2025-08-28T11:48:17.0934144Z     569▕
2025-08-28T11:48:17.0934631Z   ➜ 570▕             return $statement->execute();
2025-08-28T11:48:17.0935134Z     571▕         });
2025-08-28T11:48:17.0935496Z     572▕     }
2025-08-28T11:48:17.0935816Z     573▕
2025-08-28T11:48:17.0936140Z     574▕     /**
2025-08-28T11:48:17.0936320Z
2025-08-28T11:48:17.0936574Z       [2m+14 vendor frames [22m
2025-08-28T11:48:17.0937103Z   15  tests/Feature/Chat/E2EEForensicAuditTest.php:23
2025-08-28T11:48:17.0937463Z
2025-08-28T11:48:17.0939328Z   ────────────────────────────────────────────────────────────────────────────
2025-08-28T11:48:17.0956188Z    FAILED  Tests\Feature\Chat\E2EEForensicAuditTest > `E2EE…   QueryException
2025-08-28T11:48:17.0959403Z   SQLSTATE[42703]: Undefined column: 7 ERROR:  column "role" of relation "sys_users" does not exist
2025-08-28T11:48:17.0960409Z LINE 1: ...email_verified_at", "password", "remember_token", "role", "i...
2025-08-28T11:48:17.0963422Z                                                              ^ (Connection: pgsql, SQL: insert into "sys_users" ("name", "email", "email_verified_at", "password", "remember_token", "role", "id", "updated_at", "created_at") values (Zack Kris, bdouglas@example.org, 2025-08-28 11:34:34, $argon2id$v=19$m=65536,t=4,p=1$ajdCdGdGbDFVa2tZdG84UA$oxLxDxXWXZ+AX+1D2ULzJJdPZMAxUg3jnji8+9yzzkk, kydp8SCh9E, auditor, 01k3r7ah9txts61vag2c28xjpk, 2025-08-28 11:34:34, 2025-08-28 11:34:34))
2025-08-28T11:48:17.1002188Z
2025-08-28T11:48:17.1004666Z   at vendor/laravel/framework/src/Illuminate/Database/Connection.php:570
2025-08-28T11:48:17.1087960Z     566▕             $this->bindValues($statement, $this->prepareBindings($bindings));
2025-08-28T11:48:17.1094429Z     567▕
2025-08-28T11:48:17.1094975Z     568▕             $this->recordsHaveBeenModified();
2025-08-28T11:48:17.1095483Z     569▕
2025-08-28T11:48:17.1095972Z   ➜ 570▕             return $statement->execute();
2025-08-28T11:48:17.1096464Z     571▕         });
2025-08-28T11:48:17.1096834Z     572▕     }
2025-08-28T11:48:17.1097160Z     573▕
2025-08-28T11:48:17.1097484Z     574▕     /**
2025-08-28T11:48:17.1097668Z
2025-08-28T11:48:17.1097930Z       [2m+14 vendor frames [22m
2025-08-28T11:48:17.1098465Z   15  tests/Feature/Chat/E2EEForensicAuditTest.php:23
2025-08-28T11:48:17.1098833Z
2025-08-28T11:48:17.1101361Z   ────────────────────────────────────────────────────────────────────────────
2025-08-28T11:48:17.1116056Z    FAILED  Tests\Feature\Chat\E2EEForensicAuditTest > `E2EE…   QueryException
2025-08-28T11:48:17.1121843Z   SQLSTATE[42703]: Undefined column: 7 ERROR:  column "role" of relation "sys_users" does not exist
2025-08-28T11:48:17.1122857Z LINE 1: ...email_verified_at", "password", "remember_token", "role", "i...
2025-08-28T11:48:17.1125920Z                                                              ^ (Connection: pgsql, SQL: insert into "sys_users" ("name", "email", "email_verified_at", "password", "remember_token", "role", "id", "updated_at", "created_at") values (Ariane Russel, enid.murray@example.org, 2025-08-28 11:34:34, $argon2id$v=19$m=65536,t=4,p=1$ajdCdGdGbDFVa2tZdG84UA$oxLxDxXWXZ+AX+1D2ULzJJdPZMAxUg3jnji8+9yzzkk, G7COCsRti1, auditor, 01k3r7ahd17bc9vc3kn51p5qyp, 2025-08-28 11:34:34, 2025-08-28 11:34:34))
2025-08-28T11:48:17.1161835Z
2025-08-28T11:48:17.1164923Z   at vendor/laravel/framework/src/Illuminate/Database/Connection.php:570
2025-08-28T11:48:17.1247822Z     566▕             $this->bindValues($statement, $this->prepareBindings($bindings));
2025-08-28T11:48:17.1254175Z     567▕
2025-08-28T11:48:17.1254735Z     568▕             $this->recordsHaveBeenModified();
2025-08-28T11:48:17.1255268Z     569▕
2025-08-28T11:48:17.1255747Z   ➜ 570▕             return $statement->execute();
2025-08-28T11:48:17.1256246Z     571▕         });
2025-08-28T11:48:17.1256608Z     572▕     }
2025-08-28T11:48:17.1256937Z     573▕
2025-08-28T11:48:17.1257258Z     574▕     /**
2025-08-28T11:48:17.1257442Z
2025-08-28T11:48:17.1257702Z       [2m+14 vendor frames [22m
2025-08-28T11:48:17.1258236Z   15  tests/Feature/Chat/E2EEForensicAuditTest.php:23
2025-08-28T11:48:17.1258601Z
2025-08-28T11:48:17.1260493Z   ────────────────────────────────────────────────────────────────────────────
2025-08-28T11:48:17.1275953Z    FAILED  Tests\Feature\Chat\E2EEForensicAuditTest > `E2EE…   QueryException
2025-08-28T11:48:17.1282521Z   SQLSTATE[42703]: Undefined column: 7 ERROR:  column "role" of relation "sys_users" does not exist
2025-08-28T11:48:17.1283744Z LINE 1: ...email_verified_at", "password", "remember_token", "role", "i...
2025-08-28T11:48:17.1287024Z                                                              ^ (Connection: pgsql, SQL: insert into "sys_users" ("name", "email", "email_verified_at", "password", "remember_token", "role", "id", "updated_at", "created_at") values (Odell Veum PhD, zmonahan@example.org, 2025-08-28 11:34:34, $argon2id$v=19$m=65536,t=4,p=1$ajdCdGdGbDFVa2tZdG84UA$oxLxDxXWXZ+AX+1D2ULzJJdPZMAxUg3jnji8+9yzzkk, 604udsR2aj, auditor, 01k3r7ahg7jwp2kjhhdjsjw3m3, 2025-08-28 11:34:34, 2025-08-28 11:34:34))
2025-08-28T11:48:17.1321726Z
2025-08-28T11:48:17.1324720Z   at vendor/laravel/framework/src/Illuminate/Database/Connection.php:570
2025-08-28T11:48:17.1406707Z     566▕             $this->bindValues($statement, $this->prepareBindings($bindings));
2025-08-28T11:48:17.1413998Z     567▕
2025-08-28T11:48:17.1414528Z     568▕             $this->recordsHaveBeenModified();
2025-08-28T11:48:17.1415038Z     569▕
2025-08-28T11:48:17.1415524Z   ➜ 570▕             return $statement->execute();
2025-08-28T11:48:17.1416041Z     571▕         });
2025-08-28T11:48:17.1416706Z     572▕     }
2025-08-28T11:48:17.1417031Z     573▕
2025-08-28T11:48:17.1417365Z     574▕     /**
2025-08-28T11:48:17.1417547Z
2025-08-28T11:48:17.1417809Z       [2m+14 vendor frames [22m
2025-08-28T11:48:17.1418342Z   15  tests/Feature/Chat/E2EEForensicAuditTest.php:23
2025-08-28T11:48:17.1418714Z
2025-08-28T11:48:17.1421060Z   ────────────────────────────────────────────────────────────────────────────
2025-08-28T11:48:17.1435562Z    FAILED  Tests\Feature\Chat\E2EEForensicAuditTest > `E2EE…   QueryException
2025-08-28T11:48:17.1441820Z   SQLSTATE[42703]: Undefined column: 7 ERROR:  column "role" of relation "sys_users" does not exist
2025-08-28T11:48:17.1442856Z LINE 1: ...email_verified_at", "password", "remember_token", "role", "i...
2025-08-28T11:48:17.1445903Z                                                              ^ (Connection: pgsql, SQL: insert into "sys_users" ("name", "email", "email_verified_at", "password", "remember_token", "role", "id", "updated_at", "created_at") values (Cierra Lynch, zkozey@example.org, 2025-08-28 11:34:34, $argon2id$v=19$m=65536,t=4,p=1$ajdCdGdGbDFVa2tZdG84UA$oxLxDxXWXZ+AX+1D2ULzJJdPZMAxUg3jnji8+9yzzkk, EZNBLsexmt, auditor, 01k3r7ahkdfztaeyxpkqrajhn9, 2025-08-28 11:34:34, 2025-08-28 11:34:34))
2025-08-28T11:48:17.1482038Z
2025-08-28T11:48:17.1485074Z   at vendor/laravel/framework/src/Illuminate/Database/Connection.php:570
2025-08-28T11:48:17.1566914Z     566▕             $this->bindValues($statement, $this->prepareBindings($bindings));
2025-08-28T11:48:17.1573477Z     567▕
2025-08-28T11:48:17.1574018Z     568▕             $this->recordsHaveBeenModified();
2025-08-28T11:48:17.1574531Z     569▕
2025-08-28T11:48:17.1575013Z   ➜ 570▕             return $statement->execute();
2025-08-28T11:48:17.1575518Z     571▕         });
2025-08-28T11:48:17.1575873Z     572▕     }
2025-08-28T11:48:17.1576201Z     573▕
2025-08-28T11:48:17.1576592Z     574▕     /**
2025-08-28T11:48:17.1576778Z
2025-08-28T11:48:17.1577070Z       [2m+14 vendor frames [22m
2025-08-28T11:48:17.1577622Z   15  tests/Feature/Chat/E2EEForensicAuditTest.php:23
2025-08-28T11:48:17.1577990Z
2025-08-28T11:48:17.1581278Z   ────────────────────────────────────────────────────────────────────────────
2025-08-28T11:48:17.1595632Z    FAILED  Tests\Feature\Chat\E2EEForensicAuditTest > `E2EE…   QueryException
2025-08-28T11:48:17.1599551Z   SQLSTATE[42703]: Undefined column: 7 ERROR:  column "role" of relation "sys_users" does not exist
2025-08-28T11:48:17.1600555Z LINE 1: ...email_verified_at", "password", "remember_token", "role", "i...
2025-08-28T11:48:17.1604009Z                                                              ^ (Connection: pgsql, SQL: insert into "sys_users" ("name", "email", "email_verified_at", "password", "remember_token", "role", "id", "updated_at", "created_at") values (Wellington Yost, reilly.wuckert@example.net, 2025-08-28 11:34:34, $argon2id$v=19$m=65536,t=4,p=1$ajdCdGdGbDFVa2tZdG84UA$oxLxDxXWXZ+AX+1D2ULzJJdPZMAxUg3jnji8+9yzzkk, kfW0mdzH0g, auditor, 01k3r7ahpme58n35wwchr1pzmt, 2025-08-28 11:34:34, 2025-08-28 11:34:34))
2025-08-28T11:48:17.1641040Z
2025-08-28T11:48:17.1644425Z   at vendor/laravel/framework/src/Illuminate/Database/Connection.php:570
2025-08-28T11:48:17.1723780Z     566▕             $this->bindValues($statement, $this->prepareBindings($bindings));
2025-08-28T11:48:17.1730921Z     567▕
2025-08-28T11:48:17.1731464Z     568▕             $this->recordsHaveBeenModified();
2025-08-28T11:48:17.1731973Z     569▕
2025-08-28T11:48:17.1732445Z   ➜ 570▕             return $statement->execute();
2025-08-28T11:48:17.1732951Z     571▕         });
2025-08-28T11:48:17.1733520Z     572▕     }
2025-08-28T11:48:17.1733851Z     573▕
2025-08-28T11:48:17.1734180Z     574▕     /**
2025-08-28T11:48:17.1734367Z
2025-08-28T11:48:17.1734615Z       [2m+14 vendor frames [22m
2025-08-28T11:48:17.1735149Z   15  tests/Feature/Chat/E2EEForensicAuditTest.php:23
2025-08-28T11:48:17.1735505Z
2025-08-28T11:48:17.1738814Z   ────────────────────────────────────────────────────────────────────────────
2025-08-28T11:48:17.1751807Z    FAILED  Tests\Feature\Chat\E2EEForensicAuditTest > `E2EE…   QueryException
2025-08-28T11:48:17.1757793Z   SQLSTATE[42703]: Undefined column: 7 ERROR:  column "role" of relation "sys_users" does not exist
2025-08-28T11:48:17.1758790Z LINE 1: ...email_verified_at", "password", "remember_token", "role", "i...
2025-08-28T11:48:17.1763633Z                                                              ^ (Connection: pgsql, SQL: insert into "sys_users" ("name", "email", "email_verified_at", "password", "remember_token", "role", "id", "updated_at", "created_at") values (Conner Fahey III, block.bennett@example.org, 2025-08-28 11:34:34, $argon2id$v=19$m=65536,t=4,p=1$ajdCdGdGbDFVa2tZdG84UA$oxLxDxXWXZ+AX+1D2ULzJJdPZMAxUg3jnji8+9yzzkk, xgJD4Nvay1, auditor, 01k3r7ahss4rnmpa780pymb62q, 2025-08-28 11:34:34, 2025-08-28 11:34:34))
2025-08-28T11:48:17.1798567Z
2025-08-28T11:48:17.1801799Z   at vendor/laravel/framework/src/Illuminate/Database/Connection.php:570
2025-08-28T11:48:17.1885408Z     566▕             $this->bindValues($statement, $this->prepareBindings($bindings));
2025-08-28T11:48:17.1889019Z     567▕
2025-08-28T11:48:17.1891063Z     568▕             $this->recordsHaveBeenModified();
2025-08-28T11:48:17.1891576Z     569▕
2025-08-28T11:48:17.1892077Z   ➜ 570▕             return $statement->execute();
2025-08-28T11:48:17.1892578Z     571▕         });
2025-08-28T11:48:17.1892938Z     572▕     }
2025-08-28T11:48:17.1893476Z     573▕
2025-08-28T11:48:17.1893808Z     574▕     /**
2025-08-28T11:48:17.1893997Z
2025-08-28T11:48:17.1894258Z       [2m+14 vendor frames [22m
2025-08-28T11:48:17.1894803Z   15  tests/Feature/Chat/E2EEForensicAuditTest.php:23
2025-08-28T11:48:17.1895172Z
2025-08-28T11:48:17.1900433Z   ────────────────────────────────────────────────────────────────────────────
2025-08-28T11:48:17.1915909Z    FAILED  Tests\Feature\Chat\E2EEForensicAuditTest > `E2EE…   QueryException
2025-08-28T11:48:17.1918819Z   SQLSTATE[42703]: Undefined column: 7 ERROR:  column "role" of relation "sys_users" does not exist
2025-08-28T11:48:17.1920085Z LINE 1: ...email_verified_at", "password", "remember_token", "role", "i...
2025-08-28T11:48:17.1924172Z                                                              ^ (Connection: pgsql, SQL: insert into "sys_users" ("name", "email", "email_verified_at", "password", "remember_token", "role", "id", "updated_at", "created_at") values (Kirsten Quigley, rey.toy@example.org, 2025-08-28 11:34:34, $argon2id$v=19$m=65536,t=4,p=1$ajdCdGdGbDFVa2tZdG84UA$oxLxDxXWXZ+AX+1D2ULzJJdPZMAxUg3jnji8+9yzzkk, DSmWKhUGP2, auditor, 01k3r7ahx85x3yf46pk0axkpn2, 2025-08-28 11:34:34, 2025-08-28 11:34:34))
2025-08-28T11:48:17.1962548Z
2025-08-28T11:48:17.1966816Z   at vendor/laravel/framework/src/Illuminate/Database/Connection.php:570
2025-08-28T11:48:17.2046174Z     566▕             $this->bindValues($statement, $this->prepareBindings($bindings));
2025-08-28T11:48:17.2049006Z     567▕
2025-08-28T11:48:17.2050063Z     568▕             $this->recordsHaveBeenModified();
2025-08-28T11:48:17.2051116Z     569▕
2025-08-28T11:48:17.2051889Z   ➜ 570▕             return $statement->execute();
2025-08-28T11:48:17.2052580Z     571▕         });
2025-08-28T11:48:17.2052958Z     572▕     }
2025-08-28T11:48:17.2053463Z     573▕
2025-08-28T11:48:17.2053776Z     574▕     /**
2025-08-28T11:48:17.2053962Z
2025-08-28T11:48:17.2054196Z       [2m+14 vendor frames [22m
2025-08-28T11:48:17.2054705Z   15  tests/Feature/Chat/E2EEForensicAuditTest.php:23
2025-08-28T11:48:17.2055048Z
2025-08-28T11:48:17.2059647Z   ────────────────────────────────────────────────────────────────────────────
2025-08-28T11:48:17.2076949Z    FAILED  Tests\Feature\Chat\E2EEForensicAuditTest > `E2EE…   QueryException
2025-08-28T11:48:17.2080033Z   SQLSTATE[42703]: Undefined column: 7 ERROR:  column "role" of relation "sys_users" does not exist
2025-08-28T11:48:17.2081321Z LINE 1: ...email_verified_at", "password", "remember_token", "role", "i...
2025-08-28T11:48:17.2084633Z                                                              ^ (Connection: pgsql, SQL: insert into "sys_users" ("name", "email", "email_verified_at", "password", "remember_token", "role", "id", "updated_at", "created_at") values (Norwood Boyle, columbus13@example.com, 2025-08-28 11:34:34, $argon2id$v=19$m=65536,t=4,p=1$ajdCdGdGbDFVa2tZdG84UA$oxLxDxXWXZ+AX+1D2ULzJJdPZMAxUg3jnji8+9yzzkk, slDcGwgSEC, auditor, 01k3r7aj0crer7tzetx4ns3tk9, 2025-08-28 11:34:34, 2025-08-28 11:34:34))
2025-08-28T11:48:17.2123923Z
2025-08-28T11:48:17.2128821Z   at vendor/laravel/framework/src/Illuminate/Database/Connection.php:570
2025-08-28T11:48:17.2209153Z     566▕             $this->bindValues($statement, $this->prepareBindings($bindings));
2025-08-28T11:48:17.2212837Z     567▕
2025-08-28T11:48:17.2213595Z     568▕             $this->recordsHaveBeenModified();
2025-08-28T11:48:17.2214104Z     569▕
2025-08-28T11:48:17.2214592Z   ➜ 570▕             return $statement->execute();
2025-08-28T11:48:17.2215098Z     571▕         });
2025-08-28T11:48:17.2215497Z     572▕     }
2025-08-28T11:48:17.2215824Z     573▕
2025-08-28T11:48:17.2216142Z     574▕     /**
2025-08-28T11:48:17.2216335Z
2025-08-28T11:48:17.2216593Z       [2m+14 vendor frames [22m
2025-08-28T11:48:17.2217115Z   15  tests/Feature/Chat/E2EEForensicAuditTest.php:23
2025-08-28T11:48:17.2217480Z
2025-08-28T11:48:17.2220985Z   ────────────────────────────────────────────────────────────────────────────
2025-08-28T11:48:17.2238193Z    FAILED  Tests\Feature\Chat\E2EEForensicAuditTest > `E2EE…   QueryException
2025-08-28T11:48:17.2242059Z   SQLSTATE[42703]: Undefined column: 7 ERROR:  column "role" of relation "sys_users" does not exist
2025-08-28T11:48:17.2243257Z LINE 1: ...email_verified_at", "password", "remember_token", "role", "i...
2025-08-28T11:48:17.2246404Z                                                              ^ (Connection: pgsql, SQL: insert into "sys_users" ("name", "email", "email_verified_at", "password", "remember_token", "role", "id", "updated_at", "created_at") values (Dr. Nicola Stanton, lydia.bayer@example.net, 2025-08-28 11:34:34, $argon2id$v=19$m=65536,t=4,p=1$ajdCdGdGbDFVa2tZdG84UA$oxLxDxXWXZ+AX+1D2ULzJJdPZMAxUg3jnji8+9yzzkk, 5oCHCiw0Vl, auditor, 01k3r7aj3gxcz3z0zfthf4h6f2, 2025-08-28 11:34:34, 2025-08-28 11:34:34))
2025-08-28T11:48:17.2286336Z
2025-08-28T11:48:17.2288117Z   at vendor/laravel/framework/src/Illuminate/Database/Connection.php:570
2025-08-28T11:48:17.2372759Z     566▕             $this->bindValues($statement, $this->prepareBindings($bindings));
2025-08-28T11:48:17.2378348Z     567▕
2025-08-28T11:48:17.2378888Z     568▕             $this->recordsHaveBeenModified();
2025-08-28T11:48:17.2379391Z     569▕
2025-08-28T11:48:17.2379880Z   ➜ 570▕             return $statement->execute();
2025-08-28T11:48:17.2380378Z     571▕         });
2025-08-28T11:48:17.2380746Z     572▕     }
2025-08-28T11:48:17.2381070Z     573▕
2025-08-28T11:48:17.2381382Z     574▕     /**
2025-08-28T11:48:17.2381575Z
2025-08-28T11:48:17.2381848Z       [2m+14 vendor frames [22m
2025-08-28T11:48:17.2382664Z   15  tests/Feature/Chat/E2EEForensicAuditTest.php:23
2025-08-28T11:48:17.2383023Z
2025-08-28T11:48:17.2385152Z   ────────────────────────────────────────────────────────────────────────────
2025-08-28T11:48:17.2399050Z    FAILED  Tests\Feature\Chat\E2EEGroupChatTest > `E2EE Group Chat and Multi…
2025-08-28T11:48:17.2403457Z   Failed asserting that 70.92012810707092 is less than 30.0.
2025-08-28T11:48:17.2405658Z
2025-08-28T11:48:17.2408756Z   at tests/Feature/Chat/E2EEGroupChatTest.php:435
2025-08-28T11:48:17.2495134Z     431▕
2025-08-28T11:48:17.2499277Z     432▕             $keySetupTime = microtime(true) - $startTime;
2025-08-28T11:48:17.2500200Z     433▕
2025-08-28T11:48:17.2500996Z     434▕             // Should complete key setup within reasonable time
2025-08-28T11:48:17.2501933Z   ➜ 435▕             expect($keySetupTime)->toBeLessThan(30.0); // 30 seconds for 50 users
2025-08-28T11:48:17.2502764Z     436▕             expect(count($participants))->toBe(50);
2025-08-28T11:48:17.2503494Z     437▕
2025-08-28T11:48:17.2503943Z     438▕             // Verify encryption key count
2025-08-28T11:48:17.2504941Z     439▕             $keyCount = EncryptionKey::where('conversation_id', $largeGroup->id)->count();
2025-08-28T11:48:17.2505454Z
2025-08-28T11:48:17.2505714Z   1   tests/Feature/Chat/E2EEGroupChatTest.php:435
2025-08-28T11:48:17.2506064Z
2025-08-28T11:48:17.2510511Z   ────────────────────────────────────────────────────────────────────────────
2025-08-28T11:48:17.2527996Z    FAILED  Tests\Feature\Chat\E2EEGroupChatTest > `E2EE Grou…  QueryException
2025-08-28T11:48:17.2533513Z   SQLSTATE[23514]: Check violation: 7 ERROR:  new row for relation "chat_participants" violates check constraint "chat_participants_role_check"
2025-08-28T11:48:17.2538434Z DETAIL:  Failing row contains (01k3r7e0jew2zdtykyk7g9pe1c, 01k3r7e0j46hkb0dcgx28kd9dj, 01k3r7e0ga7383z9qkbzvkavjx, moderator, 2025-08-28 11:36:28, null, null, null, null, f, 2025-08-28 11:36:27, 2025-08-28 11:36:27, null). (Connection: pgsql, SQL: update "chat_participants" set "role" = moderator, "updated_at" = 2025-08-28 11:36:27 where "chat_participants"."conversation_id" = 01k3r7e0j46hkb0dcgx28kd9dj and "chat_participants"."conversation_id" is not null and "user_id" = 01k3r7e0ga7383z9qkbzvkavjx and "chat_participants"."deleted_at" is null)
2025-08-28T11:48:17.2562715Z
2025-08-28T11:48:17.2567021Z   at vendor/laravel/framework/src/Illuminate/Database/Connection.php:595
2025-08-28T11:48:17.2650170Z     591▕             $statement = $this->getPdo()->prepare($query);
2025-08-28T11:48:17.2654678Z     592▕
2025-08-28T11:48:17.2657305Z     593▕             $this->bindValues($statement, $this->prepareBindings($bindings));
2025-08-28T11:48:17.2657958Z     594▕
2025-08-28T11:48:17.2658421Z   ➜ 595▕             $statement->execute();
2025-08-28T11:48:17.2658878Z     596▕
2025-08-28T11:48:17.2659376Z     597▕             $this->recordsHaveBeenModified(
2025-08-28T11:48:17.2660354Z     598▕                 ($count = $statement->rowCount()) > 0
2025-08-28T11:48:17.2661137Z     599▕             );
2025-08-28T11:48:17.2661353Z
2025-08-28T11:48:17.2661606Z       [2m+10 vendor frames [22m
2025-08-28T11:48:17.2662128Z   11  tests/Feature/Chat/E2EEGroupChatTest.php:479
2025-08-28T11:48:17.2662471Z
2025-08-28T11:48:17.2665561Z   ────────────────────────────────────────────────────────────────────────────
2025-08-28T11:48:17.2678927Z    FAILED  Tests\Feature\Chat\E2EEIntegrationApiTest > `E2EE Integration and…
2025-08-28T11:48:17.2683669Z   Failed asserting that 404 is identical to 401.
2025-08-28T11:48:17.2688369Z
2025-08-28T11:48:17.2688751Z   at tests/Feature/Chat/E2EEIntegrationApiTest.php:72
2025-08-28T11:48:17.2768912Z      68▕         it('requires authentication for E2EE API endpoints', function () {
2025-08-28T11:48:17.2770054Z      69▕             // Test without authentication
2025-08-28T11:48:17.2771501Z      70▕             $response = $this->getJson("/api/v1/chat/conversations/{$this->conversation->id}/encryption/setup");
2025-08-28T11:48:17.2774327Z      71▕
2025-08-28T11:48:17.2775128Z   ➜  72▕             expect($response->status())->toBe(401);
2025-08-28T11:48:17.2775928Z      73▕         });
2025-08-28T11:48:17.2776549Z      74▕
2025-08-28T11:48:17.2777592Z      75▕         it('validates user access to conversation encryption', function () {
2025-08-28T11:48:17.2778666Z      76▕             // Test with authenticated user who is participant
2025-08-28T11:48:17.2779243Z
2025-08-28T11:48:17.2787346Z   1   tests/Feature/Chat/E2EEIntegrationApiTest.php:72
2025-08-28T11:48:17.2787729Z
2025-08-28T11:48:17.2788256Z   ────────────────────────────────────────────────────────────────────────────
2025-08-28T11:48:17.2799397Z    FAILED  Tests\Feature\Chat\E2EEIntegrationApiTest > `E2EE Inte…  TypeError
2025-08-28T11:48:17.2804911Z   Laravel\Passport\Passport::actingAs(): Argument #1 ($user) must be of type Illuminate\Contracts\Auth\Authenticatable, null given, called in /home/runner/work/baselaravel12/baselaravel12/tests/Feature/Chat/E2EEIntegrationApiTest.php on line 92
2025-08-28T11:48:17.2808428Z
2025-08-28T11:48:17.2810622Z   at vendor/laravel/passport/src/Passport.php:354
2025-08-28T11:48:17.2853388Z     350▕      * @param  \Laravel\Passport\Contracts\OAuthenticatable  $user
2025-08-28T11:48:17.2854371Z     351▕      * @param  string[]  $scopes
2025-08-28T11:48:17.2858227Z     352▕      * @return \Laravel\Passport\Contracts\OAuthenticatable
2025-08-28T11:48:17.2858836Z     353▕      */
2025-08-28T11:48:17.2859912Z   ➜ 354▕     public static function actingAs(Authenticatable $user, array $scopes = [], ?string $guard = 'api'): Authenticatable
2025-08-28T11:48:17.2860823Z     355▕     {
2025-08-28T11:48:17.2861302Z     356▕         $token = new AccessToken([
2025-08-28T11:48:17.2861989Z     357▕             'oauth_user_id' => $user->getAuthIdentifier(),
2025-08-28T11:48:17.2862647Z     358▕             'oauth_scopes' => $scopes,
2025-08-28T11:48:17.2862966Z
2025-08-28T11:48:17.2863714Z       [2m+1 vendor frames [22m
2025-08-28T11:48:17.2864303Z   2   tests/Feature/Chat/E2EEIntegrationApiTest.php:92
2025-08-28T11:48:17.2864672Z
2025-08-28T11:48:17.2866248Z   ────────────────────────────────────────────────────────────────────────────
2025-08-28T11:48:17.2880724Z    FAILED  Tests\Feature\Chat\E2EEIntegrationApiTest > `E2EE Integration and…
2025-08-28T11:48:17.2885114Z   Failed asserting that 422 is identical to 201.
2025-08-28T11:48:17.2887943Z
2025-08-28T11:48:17.2888403Z   at tests/Feature/Chat/E2EEIntegrationApiTest.php:119
2025-08-28T11:48:17.2969099Z     115▕                 $responses[] = $response;
2025-08-28T11:48:17.2973862Z     116▕             }
2025-08-28T11:48:17.2975672Z     117▕
2025-08-28T11:48:17.2976212Z     118▕             // Check that early requests succeed
2025-08-28T11:48:17.2977037Z   ➜ 119▕             expect($responses[0]->status())->toBe(201);
2025-08-28T11:48:17.2977789Z     120▕             expect($responses[1]->status())->toBe(201);
2025-08-28T11:48:17.2978340Z     121▕
2025-08-28T11:48:17.2979343Z     122▕             // Later requests might be rate limited (depending on configuration)
2025-08-28T11:48:17.2980255Z     123▕             // This would return 429 if rate limiting is active
2025-08-28T11:48:17.2980638Z
2025-08-28T11:48:17.2980930Z   1   tests/Feature/Chat/E2EEIntegrationApiTest.php:119
2025-08-28T11:48:17.2981303Z
2025-08-28T11:48:17.2985887Z   ────────────────────────────────────────────────────────────────────────────
2025-08-28T11:48:17.3000627Z    FAILED  Tests\Feature\Chat\E2EEIntegrationApiTest > `E2EE Inte…  TypeError
2025-08-28T11:48:17.3004692Z   base64_encode(): Argument #1 ($string) must be of type string, array given
2025-08-28T11:48:17.3006906Z
2025-08-28T11:48:17.3009855Z   at tests/Feature/Chat/E2EEIntegrationApiTest.php:139
2025-08-28T11:48:17.3090106Z     135▕
2025-08-28T11:48:17.3095631Z     136▕             $response = $this->postJson("/api/v1/chat/conversations/{$this->conversation->id}/messages", [
2025-08-28T11:48:17.3096961Z     137▕                 'content' => 'Encrypted message placeholder',
2025-08-28T11:48:17.3098154Z     138▕                 'message_type' => 'text',
2025-08-28T11:48:17.3099264Z   ➜ 139▕                 'encrypted_content' => base64_encode($encryptedContent),
2025-08-28T11:48:17.3100263Z     140▕                 'is_encrypted' => true,
2025-08-28T11:48:17.3101071Z     141▕             ]);
2025-08-28T11:48:17.3101831Z     142▕
2025-08-28T11:48:17.3102601Z     143▕             expect($response->status())->toBe(201);
2025-08-28T11:48:17.3102961Z
2025-08-28T11:48:17.3103423Z   1   tests/Feature/Chat/E2EEIntegrationApiTest.php:139
2025-08-28T11:48:17.3103780Z
2025-08-28T11:48:17.3109721Z   ────────────────────────────────────────────────────────────────────────────
2025-08-28T11:48:17.3125494Z    FAILED  Tests\Feature\Chat\E2EEIntegrationApiTest > `E2EE…  QueryException
2025-08-28T11:48:17.3129614Z   SQLSTATE[23502]: Not null violation: 7 ERROR:  null value in column "encrypted_content" of relation "chat_messages" violates not-null constraint
2025-08-28T11:48:17.3134579Z DETAIL:  Failing row contains (01k3r7fc5e8pvhkgw9yzg2prfw, 01k3r7fc4hy8jf09q731ra09hw, 01k3r7f8pacdcb7fs4pesxmk55, null, text, null, null, null, null, f, null, sent, 2025-08-28 11:37:12, 2025-08-28 11:37:12, null, null, null, null, null, null, null, null, null, null, null, normal, null, null, null, null, null, null). (Connection: pgsql, SQL: insert into "chat_messages" ("conversation_id", "sender_id", "id", "updated_at", "created_at") values (01k3r7fc4hy8jf09q731ra09hw, 01k3r7f8pacdcb7fs4pesxmk55, 01k3r7fc5e8pvhkgw9yzg2prfw, 2025-08-28 11:37:12, 2025-08-28 11:37:12))
2025-08-28T11:48:17.3176581Z
2025-08-28T11:48:17.3180596Z   at vendor/laravel/framework/src/Illuminate/Database/Connection.php:570
2025-08-28T11:48:17.3262421Z     566▕             $this->bindValues($statement, $this->prepareBindings($bindings));
2025-08-28T11:48:17.3263663Z     567▕
2025-08-28T11:48:17.3264501Z     568▕             $this->recordsHaveBeenModified();
2025-08-28T11:48:17.3267330Z     569▕
2025-08-28T11:48:17.3272297Z   ➜ 570▕             return $statement->execute();
2025-08-28T11:48:17.3274624Z     571▕         });
2025-08-28T11:48:17.3275927Z     572▕     }
2025-08-28T11:48:17.3276288Z     573▕
2025-08-28T11:48:17.3276622Z     574▕     /**
2025-08-28T11:48:17.3276871Z
2025-08-28T11:48:17.3277136Z       [2m+15 vendor frames [22m
2025-08-28T11:48:17.3277694Z   16  tests/Feature/Chat/E2EEIntegrationApiTest.php:160
2025-08-28T11:48:17.3278076Z
2025-08-28T11:48:17.3278562Z   ────────────────────────────────────────────────────────────────────────────
2025-08-28T11:48:17.3292388Z    FAILED  Tests\Feature\Chat\E2EEIntegrationApiTest > `E2EE…  QueryException
2025-08-28T11:48:17.3296281Z   SQLSTATE[23502]: Not null violation: 7 ERROR:  null value in column "encrypted_content" of relation "chat_messages" violates not-null constraint
2025-08-28T11:48:17.3300744Z DETAIL:  Failing row contains (01k3r7ffv0d3sk08zsk57xwfxw, 01k3r7fft30vd3h9tjh0nkh7va, 01k3r7fc8f4wyvnevme0jnqc81, null, text, null, null, null, null, f, null, sent, 2025-08-28 11:37:16, 2025-08-28 11:37:16, null, null, null, null, null, null, null, null, null, null, null, normal, null, null, null, null, null, null). (Connection: pgsql, SQL: insert into "chat_messages" ("conversation_id", "sender_id", "id", "updated_at", "created_at") values (01k3r7fft30vd3h9tjh0nkh7va, 01k3r7fc8f4wyvnevme0jnqc81, 01k3r7ffv0d3sk08zsk57xwfxw, 2025-08-28 11:37:16, 2025-08-28 11:37:16))
2025-08-28T11:48:17.3341550Z
2025-08-28T11:48:17.3344546Z   at vendor/laravel/framework/src/Illuminate/Database/Connection.php:570
2025-08-28T11:48:17.3426841Z     566▕             $this->bindValues($statement, $this->prepareBindings($bindings));
2025-08-28T11:48:17.3435145Z     567▕
2025-08-28T11:48:17.3435688Z     568▕             $this->recordsHaveBeenModified();
2025-08-28T11:48:17.3436204Z     569▕
2025-08-28T11:48:17.3436690Z   ➜ 570▕             return $statement->execute();
2025-08-28T11:48:17.3437201Z     571▕         });
2025-08-28T11:48:17.3437583Z     572▕     }
2025-08-28T11:48:17.3437924Z     573▕
2025-08-28T11:48:17.3438245Z     574▕     /**
2025-08-28T11:48:17.3438427Z
2025-08-28T11:48:17.3438680Z       [2m+15 vendor frames [22m
2025-08-28T11:48:17.3439223Z   16  tests/Feature/Chat/E2EEIntegrationApiTest.php:199
2025-08-28T11:48:17.3439593Z
2025-08-28T11:48:17.3441806Z   ────────────────────────────────────────────────────────────────────────────
2025-08-28T11:48:17.3456932Z    FAILED  Tests\Feature\Chat\E2EEIntegrationApiTest > `E2EE Inte…  TypeError
2025-08-28T11:48:17.3461048Z   base64_encode(): Argument #1 ($string) must be of type string, array given
2025-08-28T11:48:17.3462925Z
2025-08-28T11:48:17.3466037Z   at tests/Feature/Chat/E2EEIntegrationApiTest.php:235
2025-08-28T11:48:17.3543402Z     231▕                 'file_data' => [
2025-08-28T11:48:17.3548138Z     232▕                     'filename' => 'secret_document.txt',
2025-08-28T11:48:17.3550974Z     233▕                     'mime_type' => 'text/plain',
2025-08-28T11:48:17.3551938Z     234▕                     'size' => strlen($fileContent),
2025-08-28T11:48:17.3552847Z   ➜ 235▕                     'encrypted_content' => base64_encode($encryptedFileContent),
2025-08-28T11:48:17.3553722Z     236▕                 ],
2025-08-28T11:48:17.3554261Z     237▕                 'is_encrypted' => true,
2025-08-28T11:48:17.3554757Z     238▕             ]);
2025-08-28T11:48:17.3555119Z     239▕
2025-08-28T11:48:17.3555284Z
2025-08-28T11:48:17.3555620Z   1   tests/Feature/Chat/E2EEIntegrationApiTest.php:235
2025-08-28T11:48:17.3556018Z
2025-08-28T11:48:17.3557664Z   ────────────────────────────────────────────────────────────────────────────
2025-08-28T11:48:17.3573851Z    FAILED  Tests\Feature\Chat\E2EEIntegrationApiTest > `E2EE…  ErrorException
2025-08-28T11:48:17.3576655Z   Trying to access array offset on null
2025-08-28T11:48:17.3579864Z
2025-08-28T11:48:17.3583359Z   at tests/Feature/Chat/E2EEIntegrationApiTest.php:270
2025-08-28T11:48:17.3662363Z     266▕
2025-08-28T11:48:17.3666119Z     267▕             expect($response->status())->toBe(201);
2025-08-28T11:48:17.3667398Z     268▕
2025-08-28T11:48:17.3669255Z     269▕             $conversationData = $response->json('data');
2025-08-28T11:48:17.3670117Z   ➜ 270▕             expect($conversationData['is_encrypted'])->toBeTrue();
2025-08-28T11:48:17.3670956Z     271▕             expect($conversationData['type'])->toBe('direct');
2025-08-28T11:48:17.3671486Z     272▕
2025-08-28T11:48:17.3672009Z     273▕             // Verify encryption keys were created
2025-08-28T11:48:17.3672983Z     274▕             $conversation = Conversation::find($conversationData['id']);
2025-08-28T11:48:17.3673637Z
2025-08-28T11:48:17.3676192Z   ────────────────────────────────────────────────────────────────────────────
2025-08-28T11:48:17.3690071Z    FAILED  Tests\Feature\Chat\E2EEIntegrationApiTest > `E2EE Integration and…
2025-08-28T11:48:17.3694349Z   Failed asserting that 422 is identical to 201.
2025-08-28T11:48:17.3696586Z
2025-08-28T11:48:17.3697963Z   at tests/Feature/Chat/E2EEIntegrationApiTest.php:294
2025-08-28T11:48:17.3779115Z     290▕                     'public_key' => $newUser->public_key,
2025-08-28T11:48:17.3782563Z     291▕                 ],
2025-08-28T11:48:17.3783459Z     292▕             ]);
2025-08-28T11:48:17.3784822Z     293▕
2025-08-28T11:48:17.3785395Z   ➜ 294▕             expect($response->status())->toBe(201);
2025-08-28T11:48:17.3785937Z     295▕
2025-08-28T11:48:17.3786449Z     296▕             // Verify participant was added
2025-08-28T11:48:17.3787245Z     297▕             $participant = Participant::where([
2025-08-28T11:48:17.3787995Z     298▕                 'conversation_id' => $this->conversation->id,
2025-08-28T11:48:17.3788371Z
2025-08-28T11:48:17.3788661Z   1   tests/Feature/Chat/E2EEIntegrationApiTest.php:294
2025-08-28T11:48:17.3789031Z
2025-08-28T11:48:17.3794586Z   ────────────────────────────────────────────────────────────────────────────
2025-08-28T11:48:17.3807642Z    FAILED  Tests\Feature\Chat\E2EEIntegrationApiTest > `E2EE Integration and…
2025-08-28T11:48:17.3810170Z   Failed asserting that 204 is identical to 200.
2025-08-28T11:48:17.3814221Z
2025-08-28T11:48:17.3816913Z   at tests/Feature/Chat/E2EEIntegrationApiTest.php:316
2025-08-28T11:48:17.3895970Z     312▕             Passport::actingAs($this->user1); // Admin of conversation
2025-08-28T11:48:17.3898467Z     313▕
2025-08-28T11:48:17.3899763Z     314▕             $response = $this->deleteJson("/api/v1/chat/conversations/{$this->conversation->id}/participants/{$this->user2->id}");
2025-08-28T11:48:17.3900796Z     315▕
2025-08-28T11:48:17.3902435Z   ➜ 316▕             expect($response->status())->toBe(200);
2025-08-28T11:48:17.3902971Z     317▕
2025-08-28T11:48:17.3903693Z     318▕             // Verify participant was removed
2025-08-28T11:48:17.3904480Z     319▕             $participant = Participant::where([
2025-08-28T11:48:17.3905264Z     320▕                 'conversation_id' => $this->conversation->id,
2025-08-28T11:48:17.3905971Z
2025-08-28T11:48:17.3907935Z   1   tests/Feature/Chat/E2EEIntegrationApiTest.php:316
2025-08-28T11:48:17.3908765Z
2025-08-28T11:48:17.3911908Z   ────────────────────────────────────────────────────────────────────────────
2025-08-28T11:48:17.3927523Z    FAILED  Tests\Feature\Chat\E2EEIntegrationApiTest > `E2EE Integration and…
2025-08-28T11:48:17.3930126Z   Failed asserting that 404 is identical to 200.
2025-08-28T11:48:17.3934794Z
2025-08-28T11:48:17.3936988Z   at tests/Feature/Chat/E2EEIntegrationApiTest.php:342
2025-08-28T11:48:17.4014297Z     338▕                 'new_algorithm' => 'RSA-4096-OAEP',
2025-08-28T11:48:17.4019035Z     339▕                 'key_strength' => 4096,
2025-08-28T11:48:17.4020056Z     340▕             ]);
2025-08-28T11:48:17.4020683Z     341▕
2025-08-28T11:48:17.4021436Z   ➜ 342▕             expect($response->status())->toBe(200);
2025-08-28T11:48:17.4022649Z     343▕
2025-08-28T11:48:17.4023571Z     344▕             $responseData = $response->json('data');
2025-08-28T11:48:17.4024635Z     345▕             expect($responseData['rotation_completed'])->toBeTrue();
2025-08-28T11:48:17.4026032Z     346▕
2025-08-28T11:48:17.4026658Z
2025-08-28T11:48:17.4027360Z   1   tests/Feature/Chat/E2EEIntegrationApiTest.php:342
2025-08-28T11:48:17.4028152Z
2025-08-28T11:48:17.4031026Z   ────────────────────────────────────────────────────────────────────────────
2025-08-28T11:48:17.4044242Z    FAILED  Tests\Feature\Chat\E2EEIntegrationApiTest > `E2EE…  QueryException
2025-08-28T11:48:17.4048605Z   SQLSTATE[23502]: Not null violation: 7 ERROR:  null value in column "encrypted_content" of relation "chat_messages" violates not-null constraint
2025-08-28T11:48:17.4053374Z DETAIL:  Failing row contains (01k3r7g210c180rp9txbt3skqq, 01k3r7g2038erd1t9b6ahmqr2z, 01k3r7g08bvcq7h32vrt32q2nv, null, text, null, null, null, null, f, null, sent, 2025-08-28 11:37:35, 2025-08-28 11:37:35, null, null, null, null, null, null, null, null, null, null, null, normal, null, null, null, null, null, null). (Connection: pgsql, SQL: insert into "chat_messages" ("conversation_id", "sender_id", "id", "updated_at", "created_at") values (01k3r7g2038erd1t9b6ahmqr2z, 01k3r7g08bvcq7h32vrt32q2nv, 01k3r7g210c180rp9txbt3skqq, 2025-08-28 11:37:35, 2025-08-28 11:37:35))
2025-08-28T11:48:17.4094173Z
2025-08-28T11:48:17.4097991Z   at vendor/laravel/framework/src/Illuminate/Database/Connection.php:570
2025-08-28T11:48:17.4339562Z     566▕             $this->bindValues($statement, $this->prepareBindings($bindings));
2025-08-28T11:48:17.4340844Z     567▕
2025-08-28T11:48:17.4341866Z     568▕             $this->recordsHaveBeenModified();
2025-08-28T11:48:17.4342595Z     569▕
2025-08-28T11:48:17.4343832Z   ➜ 570▕             return $statement->execute();
2025-08-28T11:48:17.4344624Z     571▕         });
2025-08-28T11:48:17.4345102Z     572▕     }
2025-08-28T11:48:17.4345570Z     573▕
2025-08-28T11:48:17.4346073Z     574▕     /**
2025-08-28T11:48:17.4348656Z
2025-08-28T11:48:17.4349152Z       [2m+15 vendor frames [22m
2025-08-28T11:48:17.4350108Z   16  tests/Feature/Chat/E2EEIntegrationApiTest.php:385
2025-08-28T11:48:17.4350929Z
2025-08-28T11:48:17.4351738Z   ────────────────────────────────────────────────────────────────────────────
2025-08-28T11:48:17.4368289Z    FAILED  Tests\Feature\Chat\E2EEIntegrationApiTest > `E2EE…  QueryException
2025-08-28T11:48:17.4372522Z   SQLSTATE[23502]: Not null violation: 7 ERROR:  null value in column "encrypted_content" of relation "chat_messages" violates not-null constraint
2025-08-28T11:48:17.4377932Z DETAIL:  Failing row contains (01k3r7g5dggy4nr3nwnj8bhnjh, 01k3r7g5d25d4583z9jm05wpe8, 01k3r7g23n62ywqazhjkfjesm4, null, text, null, null, null, null, f, null, sent, 2025-08-28 11:37:38, 2025-08-28 11:37:38, null, null, null, null, null, null, null, null, null, null, null, normal, null, null, null, null, null, null). (Connection: pgsql, SQL: insert into "chat_messages" ("conversation_id", "sender_id", "id", "updated_at", "created_at") values (01k3r7g5d25d4583z9jm05wpe8, 01k3r7g23n62ywqazhjkfjesm4, 01k3r7g5dggy4nr3nwnj8bhnjh, 2025-08-28 11:37:38, 2025-08-28 11:37:38))
2025-08-28T11:48:17.4420128Z
2025-08-28T11:48:17.4424374Z   at vendor/laravel/framework/src/Illuminate/Database/Connection.php:570
2025-08-28T11:48:17.4506640Z     566▕             $this->bindValues($statement, $this->prepareBindings($bindings));
2025-08-28T11:48:17.4507799Z     567▕
2025-08-28T11:48:17.4508716Z     568▕             $this->recordsHaveBeenModified();
2025-08-28T11:48:17.4511075Z     569▕
2025-08-28T11:48:17.4515015Z   ➜ 570▕             return $statement->execute();
2025-08-28T11:48:17.4515769Z     571▕         });
2025-08-28T11:48:17.4516391Z     572▕     }
2025-08-28T11:48:17.4516921Z     573▕
2025-08-28T11:48:17.4517380Z     574▕     /**
2025-08-28T11:48:17.4517729Z
2025-08-28T11:48:17.4518106Z       [2m+15 vendor frames [22m
2025-08-28T11:48:17.4518820Z   16  tests/Feature/Chat/E2EEIntegrationApiTest.php:440
2025-08-28T11:48:17.4519514Z
2025-08-28T11:48:17.4522748Z   ────────────────────────────────────────────────────────────────────────────
2025-08-28T11:48:17.4534291Z    FAILED  Tests\Feature\Chat\E2EEIntegrationApiTest > `E2EE Integration and…
2025-08-28T11:48:17.4537747Z   Failed asserting that 404 is identical to 200.
2025-08-28T11:48:17.4540392Z
2025-08-28T11:48:17.4545433Z   at tests/Feature/Chat/E2EEIntegrationApiTest.php:494
2025-08-28T11:48:17.4625301Z     490▕                     'key_strength' => 4096,
2025-08-28T11:48:17.4626089Z     491▕                 ],
2025-08-28T11:48:17.4628224Z     492▕             ]);
2025-08-28T11:48:17.4628898Z     493▕
2025-08-28T11:48:17.4629742Z   ➜ 494▕             expect($response->status())->toBe(200);
2025-08-28T11:48:17.4630408Z     495▕
2025-08-28T11:48:17.4631174Z     496▕             $updateResults = $response->json('data');
2025-08-28T11:48:17.4632351Z     497▕             expect($updateResults['updated_count'])->toBe(4);
2025-08-28T11:48:17.4633693Z     498▕             expect($updateResults['failed_count'])->toBe(0);
2025-08-28T11:48:17.4634401Z
2025-08-28T11:48:17.4637264Z   1   tests/Feature/Chat/E2EEIntegrationApiTest.php:494
2025-08-28T11:48:17.4637670Z
2025-08-28T11:48:17.4638194Z   ────────────────────────────────────────────────────────────────────────────
2025-08-28T11:48:17.4650870Z    FAILED  Tests\Feature\Chat\E2EEIntegrationApiTest > `E2EE Integration and…
2025-08-28T11:48:17.4654853Z   Failed asserting that 404 is identical to 200.
2025-08-28T11:48:17.4657732Z
2025-08-28T11:48:17.4661413Z   at tests/Feature/Chat/E2EEIntegrationApiTest.php:514
2025-08-28T11:48:17.4742062Z     510▕             Passport::actingAs($this->user1);
2025-08-28T11:48:17.4742857Z     511▕
2025-08-28T11:48:17.4745752Z     512▕             $response = $this->getJson('/api/v1/chat/encryption/system-health');
2025-08-28T11:48:17.4746606Z     513▕
2025-08-28T11:48:17.4748011Z   ➜ 514▕             expect($response->status())->toBe(200);
2025-08-28T11:48:17.4748543Z     515▕
2025-08-28T11:48:17.4749375Z     516▕             $healthData = $response->json('data');
2025-08-28T11:48:17.4750177Z     517▕             expect($healthData['status'])->toBe('healthy');
2025-08-28T11:48:17.4751047Z     518▕             expect($healthData['encryption_service'])->toBe('available');
2025-08-28T11:48:17.4751481Z
2025-08-28T11:48:17.4751781Z   1   tests/Feature/Chat/E2EEIntegrationApiTest.php:514
2025-08-28T11:48:17.4752141Z
2025-08-28T11:48:17.4756761Z   ────────────────────────────────────────────────────────────────────────────
2025-08-28T11:48:17.4769872Z    FAILED  Tests\Feature\Chat\E2EEIntegrationApiTest > `E2EE Integration and…
2025-08-28T11:48:17.4772364Z   Failed asserting that 404 is identical to 200.
2025-08-28T11:48:17.4776205Z
2025-08-28T11:48:17.4780535Z   at tests/Feature/Chat/E2EEIntegrationApiTest.php:547
2025-08-28T11:48:17.4860661Z     543▕             }
2025-08-28T11:48:17.4865331Z     544▕
2025-08-28T11:48:17.4866395Z     545▕             $response = $this->getJson('/api/v1/chat/encryption/key-usage-stats');
2025-08-28T11:48:17.4867424Z     546▕
2025-08-28T11:48:17.4868626Z   ➜ 547▕             expect($response->status())->toBe(200);
2025-08-28T11:48:17.4869540Z     548▕
2025-08-28T11:48:17.4870420Z     549▕             $stats = $response->json('data');
2025-08-28T11:48:17.4871431Z     550▕             expect($stats['user_id'])->toBe($this->user1->id);
2025-08-28T11:48:17.4872708Z     551▕             expect($stats['total_keys'])->toBeGreaterThanOrEqual(6); // 1 original + 5 new
2025-08-28T11:48:17.4873674Z
2025-08-28T11:48:17.4874102Z   1   tests/Feature/Chat/E2EEIntegrationApiTest.php:547
2025-08-28T11:48:17.4874746Z
2025-08-28T11:48:17.4878607Z   ────────────────────────────────────────────────────────────────────────────
2025-08-28T11:48:17.4889869Z    FAILED  Tests\Feature\Chat\E2EEIntegrationApiTest > `E2EE Integration and…
2025-08-28T11:48:17.4894072Z   Failed asserting that 404 is identical to 200.
2025-08-28T11:48:17.4896965Z
2025-08-28T11:48:17.4900598Z   at tests/Feature/Chat/E2EEIntegrationApiTest.php:576
2025-08-28T11:48:17.4981272Z     572▕             }
2025-08-28T11:48:17.4985841Z     573▕
2025-08-28T11:48:17.4987154Z     574▕             $response = $this->getJson("/api/v1/chat/conversations/{$this->conversation->id}/encryption/audit-log");
2025-08-28T11:48:17.4988413Z     575▕
2025-08-28T11:48:17.4989138Z   ➜ 576▕             expect($response->status())->toBe(200);
2025-08-28T11:48:17.4989884Z     577▕
2025-08-28T11:48:17.4990587Z     578▕             $auditData = $response->json('data');
2025-08-28T11:48:17.4991726Z     579▕             expect($auditData['conversation_id'])->toBe($this->conversation->id);
2025-08-28T11:48:17.4993342Z     580▕             expect($auditData['audit_entries'])->toBeArray();
2025-08-28T11:48:17.4994003Z
2025-08-28T11:48:17.4994469Z   1   tests/Feature/Chat/E2EEIntegrationApiTest.php:576
2025-08-28T11:48:17.4995017Z
2025-08-28T11:48:17.4998985Z   ────────────────────────────────────────────────────────────────────────────
2025-08-28T11:48:17.5011790Z    FAILED  Tests\Feature\Chat\E2EEIntegrationApiTest > `E2EE…  QueryException
2025-08-28T11:48:17.5016503Z   SQLSTATE[23502]: Not null violation: 7 ERROR:  null value in column "encrypted_content" of relation "chat_messages" violates not-null constraint
2025-08-28T11:48:17.5020985Z DETAIL:  Failing row contains (01k3r7gmz98mxxwfen67stb291, 01k3r7gmz0c6f60nnj0eeray2y, 01k3r7ghcyx6p9evgwf1xzkc80, null, text, null, null, null, null, f, null, sent, 2025-08-28 11:37:54, 2025-08-28 11:37:54, null, null, null, null, null, null, null, null, null, null, null, normal, null, null, null, null, null, null). (Connection: pgsql, SQL: insert into "chat_messages" ("conversation_id", "sender_id", "id", "updated_at", "created_at") values (01k3r7gmz0c6f60nnj0eeray2y, 01k3r7ghcyx6p9evgwf1xzkc80, 01k3r7gmz98mxxwfen67stb291, 2025-08-28 11:37:54, 2025-08-28 11:37:54))
2025-08-28T11:48:17.5062239Z
2025-08-28T11:48:17.5066228Z   at vendor/laravel/framework/src/Illuminate/Database/Connection.php:570
2025-08-28T11:48:17.5149699Z     566▕             $this->bindValues($statement, $this->prepareBindings($bindings));
2025-08-28T11:48:17.5159850Z     567▕
2025-08-28T11:48:17.5160392Z     568▕             $this->recordsHaveBeenModified();
2025-08-28T11:48:17.5160915Z     569▕
2025-08-28T11:48:17.5161412Z   ➜ 570▕             return $statement->execute();
2025-08-28T11:48:17.5161914Z     571▕         });
2025-08-28T11:48:17.5162278Z     572▕     }
2025-08-28T11:48:17.5162600Z     573▕
2025-08-28T11:48:17.5162920Z     574▕     /**
2025-08-28T11:48:17.5163283Z
2025-08-28T11:48:17.5163562Z       [2m+15 vendor frames [22m
2025-08-28T11:48:17.5164111Z   16  tests/Feature/Chat/E2EEIntegrationApiTest.php:603
2025-08-28T11:48:17.5164481Z
2025-08-28T11:48:17.5164963Z   ────────────────────────────────────────────────────────────────────────────
2025-08-28T11:48:17.5176776Z    FAILED  Tests\Feature\Chat\E2EEIntegrationApiTest > `E2EE Integration and…
2025-08-28T11:48:17.5181941Z   Expected: Unable to obtain private key for user
2025-08-28T11:48:17.5182320Z
2025-08-28T11:48:17.5182502Z   To contain: encryption
2025-08-28T11:48:17.5187546Z
2025-08-28T11:48:17.5188837Z   at tests/Feature/Chat/E2EEIntegrationApiTest.php:642
2025-08-28T11:48:17.5271670Z     638▕                 'is_encrypted' => true,
2025-08-28T11:48:17.5272733Z     639▕             ]);
2025-08-28T11:48:17.5274786Z     640▕
2025-08-28T11:48:17.5275593Z     641▕             expect($response->status())->toBe(500);
2025-08-28T11:48:17.5277974Z   ➜ 642▕             expect($response->json('message'))->toContain('encryption');
2025-08-28T11:48:17.5278624Z     643▕         });
2025-08-28T11:48:17.5278982Z     644▕
2025-08-28T11:48:17.5279673Z     645▕         it('handles invalid encryption keys in API requests', function () {
2025-08-28T11:48:17.5280563Z     646▕             Passport::actingAs($this->user1);
2025-08-28T11:48:17.5280897Z
2025-08-28T11:48:17.5281179Z   1   tests/Feature/Chat/E2EEIntegrationApiTest.php:642
2025-08-28T11:48:17.5281544Z
2025-08-28T11:48:17.5285992Z   ────────────────────────────────────────────────────────────────────────────
2025-08-28T11:48:17.5297868Z    FAILED  Tests\Feature\Chat\E2EEIntegrationApiTest > `E2EE Integration and…
2025-08-28T11:48:17.5300375Z   Expected: Decryption failed: Invalid base64 encoded symmetric key
2025-08-28T11:48:17.5301269Z
2025-08-28T11:48:17.5301630Z   To contain: encryption key
2025-08-28T11:48:17.5304674Z
2025-08-28T11:48:17.5309255Z   at tests/Feature/Chat/E2EEIntegrationApiTest.php:658
2025-08-28T11:48:17.5389110Z     654▕                 'is_encrypted' => true,
2025-08-28T11:48:17.5392586Z     655▕             ]);
2025-08-28T11:48:17.5393441Z     656▕
2025-08-28T11:48:17.5395076Z     657▕             expect($response->status())->toBe(422);
2025-08-28T11:48:17.5395979Z   ➜ 658▕             expect($response->json('message'))->toContain('encryption key');
2025-08-28T11:48:17.5396632Z     659▕         });
2025-08-28T11:48:17.5396983Z     660▕
2025-08-28T11:48:17.5397909Z     661▕         it('handles concurrent key operations through API', function () {
2025-08-28T11:48:17.5398867Z     662▕             Passport::actingAs($this->user1);
2025-08-28T11:48:17.5399203Z
2025-08-28T11:48:17.5399493Z   1   tests/Feature/Chat/E2EEIntegrationApiTest.php:658
2025-08-28T11:48:17.5399869Z
2025-08-28T11:48:17.5404975Z   ────────────────────────────────────────────────────────────────────────────
2025-08-28T11:48:17.5418028Z    FAILED  Tests\Feature\Chat\E2EEIntegrationApiTest > `E2EE Integration and…
2025-08-28T11:48:17.5421300Z   Failed asserting that 0 is identical to 1.
2025-08-28T11:48:17.5424393Z
2025-08-28T11:48:17.5424959Z   at tests/Feature/Chat/E2EEIntegrationApiTest.php:684
2025-08-28T11:48:17.5507845Z     680▕                     $conflictCount++;
2025-08-28T11:48:17.5508690Z     681▕                 }
2025-08-28T11:48:17.5509348Z     682▕             }
2025-08-28T11:48:17.5509903Z     683▕
2025-08-28T11:48:17.5510613Z   ➜ 684▕             expect($successCount)->toBe(1);
2025-08-28T11:48:17.5511572Z     685▕             expect($conflictCount)->toBeGreaterThan(0);
2025-08-28T11:48:17.5514278Z     686▕         });
2025-08-28T11:48:17.5514920Z     687▕     });
2025-08-28T11:48:17.5515460Z     688▕ });
2025-08-28T11:48:17.5516457Z
2025-08-28T11:48:17.5516782Z   1   tests/Feature/Chat/E2EEIntegrationApiTest.php:684
2025-08-28T11:48:17.5517174Z
2025-08-28T11:48:17.5520178Z   ────────────────────────────────────────────────────────────────────────────
2025-08-28T11:48:17.5533674Z    FAILED  Tests\Feature\Chat\E2EEKeyRecoveryBackupTest > `E2EE Key Recovery…
2025-08-28T11:48:17.5536579Z   Failed asserting that actual size 4 matches expected size 3.
2025-08-28T11:48:17.5541226Z
2025-08-28T11:48:17.5545319Z   at tests/Feature/Chat/E2EEKeyRecoveryBackupTest.php:256
2025-08-28T11:48:17.5642161Z     252▕                         ];
2025-08-28T11:48:17.5643222Z     253▕                     })->toArray(),
2025-08-28T11:48:17.5643981Z     254▕             ];
2025-08-28T11:48:17.5647163Z     255▕
2025-08-28T11:48:17.5647904Z   ➜ 256▕             expect($incrementalBackup['conversations'])->toHaveCount(3);
2025-08-28T11:48:17.5648740Z     257▕             foreach ($newConversations as $conv) {
2025-08-28T11:48:17.5649559Z     258▕                 $found = collect($incrementalBackup['conversations'])
2025-08-28T11:48:17.5650315Z     259▕                     ->pluck('conversation_id')
2025-08-28T11:48:17.5650963Z     260▕                     ->contains($conv->id);
2025-08-28T11:48:17.5651298Z
2025-08-28T11:48:17.5651612Z   1   tests/Feature/Chat/E2EEKeyRecoveryBackupTest.php:256
2025-08-28T11:48:17.5652000Z
2025-08-28T11:48:17.5657228Z   ────────────────────────────────────────────────────────────────────────────
2025-08-28T11:48:17.5673437Z    FAILED  Tests\Feature\Chat\E2EEKeyRecoveryBackupTest > `E…  QueryException
2025-08-28T11:48:17.5677316Z   SQLSTATE[23502]: Not null violation: 7 ERROR:  null value in column "device_id" of relation "chat_encryption_keys" violates not-null constraint
2025-08-28T11:48:17.5681510Z DETAIL:  Failing row contains (01k3r7hpn6c2vcxz58nb78v593, 01k3r7hpkv7a7rkxjm7zex0gcq, 01k3r7hkhqh090fw7yc0rngdek, CaclscxFpRAA7/gJLRj7vinhhoJhhW1HeIo6TMuNQHZKtRjRJEdXFAtV09QVvz/z..., -----BEGIN PUBLIC KEY-----
2025-08-28T11:48:17.5713338Z MIICIjANBgkqhkiG9w0BAQEFAAOCAg8AMIICC..., null, t, 2025-08-28 11:38:28, 2025-08-28 11:38:28, null, null, 1, null, RSA-4096-OAEP, 4096, null, null). (Connection: pgsql, SQL: insert into "chat_encryption_keys" ("is_active", "conversation_id", "user_id", "encrypted_key", "public_key", "key_version", "algorithm", "key_strength", "id", "updated_at", "created_at") values (1, 01k3r7hpkv7a7rkxjm7zex0gcq, 01k3r7hkhqh090fw7yc0rngdek, CaclscxFpRAA7/gJLRj7vinhhoJhhW1HeIo6TMuNQHZKtRjRJEdXFAtV09QVvz/zTPR8vGgakhhG3LeraPaRErInJWJ2BZusaZ7LuasJxPLlBXzk1F6QDw+QTZj0n+pmMbug7v4/8gQWl3lDwfsGkJAaRVlYzw92R1gXMNhPCY98wih9n4YLwQTesYaIaWkK/0GWFqYWAJ8OsRCmUefpzaucKCn7skCOEsP05FcR8CiihUrblBVHm/eJpIOXrBSmxulkC00J3z0baynqPWOd3uOnf5owkMXefOF7+8eYNNHDlOu/QQWr14RfAO7I5cKXvSedBNyYXx2IMI1Oky7qKzsUyScpmWibfSQEURjTL2h8avBXFoaEdKlJPBHgjhRrhKhF55pfpMJKgygImQvWEdoXQP7f6HeJ9T73FH428DfvB3wVqXRA5/x1eVNcWYONwwFQx2WWfmx1DXDS+PS+woJFd+PFbQVGreYgBQYbRPMiLcArvmIBgzyu7UNWKwYavjd9vW1Tm2XPL55ufzQAsIghWzK5IFqbdc5sRrR0K3x0M/BWvRS6Sb6c6m70fIqg9PeV+7OZPKplolTBa+akAnp6Adl8vbx4W0JM0i7pR0F1m2MUCGzeg+S1pj3fBjnMLMp0ev1VNJkSevravePAJBLCF6dKCvJmsg8RbFFagvs=, -----BEGIN PUBLIC KEY-----
2025-08-28T11:48:17.5722030Z MIICIjANBgkqhkiG9w0BAQEFAAOCAg8AMIICCgKCAgEA00bKJIqhAnSLArfo5eKc
2025-08-28T11:48:17.5722963Z 8Lcy+YQo414n5C+sSumWoyFNIaaQ7QjLds6Jh/DiDy6PJDa9RsbqQi4+5rkax8G7
2025-08-28T11:48:17.5724022Z QC1ZFtdOCZV55Ch7+68IbGHiuXyVn1iKyLiGJCwn+pFil02EQSaWLyjFXAnVm1+F
2025-08-28T11:48:17.5724972Z AbaKfc5pHdgfUuyUHttAkKL4L0ZSx27i1qhg8ztoFZ80P+3inUOiImUf9TSBtwZd
2025-08-28T11:48:17.5725900Z M/AMoD9MpZXD7RTnRGy7xdtLDWvUXmcDfXQKNgi9tMGuuYut9f+44yX0nBmss/Bk
2025-08-28T11:48:17.5726813Z ZEkzdecByp0xcZ69tILRn/gBxmhFpFn0GJxty1DKewoGO9TDAzeB1nxStSAp/tAv
2025-08-28T11:48:17.5727689Z RAIwpnu8jai+//5ohQXPI9/lobD4D4EHv+KiBSfVMn8lwYJ8TcbDDQxyY1gwC2me
2025-08-28T11:48:17.5728594Z BQn8VnzEYDxtDZmvknoJTMljr3c1iPcQ1S27DsTSVZieVBUCF0HVhy5GWDqMvYdy
2025-08-28T11:48:17.5729530Z Zny+PMhVcWhPebWn5lgPFOnYJYtm3B3mDKKbYrr0GMlnSfgzKpTPi7/yCJ9iJY17
2025-08-28T11:48:17.5730439Z jyJnUoCjjAO5VkZ+9XgErtkxH07uF319Bp5nXgp+zwpHb4W8oYvzV8VeQlC9a0M9
2025-08-28T11:48:17.5731344Z poBE/YtpLSIvT8SKDmnGCpBuCldlASGKS4hstRraZzF1TFntm2C9d6iCMrw4kZbW
2025-08-28T11:48:17.5732025Z KK/x9GIi5dm/DlCG1JWShJMCAwEAAQ==
2025-08-28T11:48:17.5732432Z -----END PUBLIC KEY-----
2025-08-28T11:48:17.5733359Z , 1, RSA-4096-OAEP, 4096, 01k3r7hpn6c2vcxz58nb78v593, 2025-08-28 11:38:28, 2025-08-28 11:38:28))
2025-08-28T11:48:17.5745319Z
2025-08-28T11:48:17.5760599Z   at vendor/laravel/framework/src/Illuminate/Database/Connection.php:570
2025-08-28T11:48:17.5837603Z     566▕             $this->bindValues($statement, $this->prepareBindings($bindings));
2025-08-28T11:48:17.5844074Z     567▕
2025-08-28T11:48:17.5844636Z     568▕             $this->recordsHaveBeenModified();
2025-08-28T11:48:17.5845164Z     569▕
2025-08-28T11:48:17.5845665Z   ➜ 570▕             return $statement->execute();
2025-08-28T11:48:17.5846191Z     571▕         });
2025-08-28T11:48:17.5846550Z     572▕     }
2025-08-28T11:48:17.5846889Z     573▕
2025-08-28T11:48:17.5847213Z     574▕     /**
2025-08-28T11:48:17.5847395Z
2025-08-28T11:48:17.5847648Z       [2m+15 vendor frames [22m
2025-08-28T11:48:17.5848226Z   16  tests/Feature/Chat/E2EEKeyRecoveryBackupTest.php:290
2025-08-28T11:48:17.5848624Z
2025-08-28T11:48:17.5851747Z   ────────────────────────────────────────────────────────────────────────────
2025-08-28T11:48:17.5866218Z    FAILED  Tests\Feature\Chat\E2EEKeyRecoveryBackupTest > `E…  QueryException
2025-08-28T11:48:17.5870327Z   SQLSTATE[23502]: Not null violation: 7 ERROR:  null value in column "device_id" of relation "chat_encryption_keys" violates not-null constraint
2025-08-28T11:48:17.5874187Z DETAIL:  Failing row contains (01k3r7hsn3wpyy4v51ws3erbsv, 01k3r7hsj5h90cf09803bf9m6y, 01k3r7hpr3r0savgr22qb17jbt, NqbTWA7wt40nfzx2dwi3XjpusbHPky/gz0MadRsmFp5zdj2q5gFi7wcl2tzCnIWt..., -----BEGIN PUBLIC KEY-----
2025-08-28T11:48:17.5888904Z MIICIjANBgkqhkiG9w0BAQEFAAOCAg8AMIICC..., null, t, 2025-08-28 11:38:31, 2025-08-28 11:38:31, null, null, 1, null, RSA-4096-OAEP, 4096, null, null). (Connection: pgsql, SQL: insert into "chat_encryption_keys" ("is_active", "conversation_id", "user_id", "encrypted_key", "public_key", "algorithm", "key_strength", "id", "updated_at", "created_at") values (1, 01k3r7hsj5h90cf09803bf9m6y, 01k3r7hpr3r0savgr22qb17jbt, NqbTWA7wt40nfzx2dwi3XjpusbHPky/gz0MadRsmFp5zdj2q5gFi7wcl2tzCnIWt/yhz3VLJCGbCzWO3jpmOKXzhZCgnbJU81SNyNNYixRsxV7fBXqi1Gl+WnDak+++t4ghKQ5eCg+x2v67D+/lFoPwlgFyPyNhUHc7cJKHUx+faQWIjdn0E5ziPWH9S8oF3que5aUeg7rKKGtKE6PTVefsPWSIniju2lqRJWRKsf6jS8+medp9pAyOpYd1eYgtaaNTa0oSSmUcCeKyazuZ5o52QFwcCGraaCuFSzwIHfFY+f8+KDeTMTXqb7mZUaYmFjfVhRHkgYK/+z0BdGHKTOx+0Qo4MeE5fhVEtdERzWRJltojmS85BjWfEiI62IB/EhuCM2npEja81jZdUKxc+vIVNVkVsCik4yAWcy8Rw6UHRcTn2gHekvSYj+a5iPpkBGjtGiPFNPnGvghx56kx82iaMTBx2oyDdlD5BRUkRTa4cWMDSK0NWIjszTwqHND9jR34OlgHhwC2mu6noH2QfYJ7rUiJt66xpV8nvkhuOqRPCXkxWoHqM6NN8B7JOuTSHNAe07E5MPDcWxk2ahqyDa0D7AXUyE9oe97uFvMlAVsImpm21wo0XE5XLDvE/Mi0IMA39bbcA3GvuONrUnU1JngIHoCJhhVLvY/DMN9uKNhc=, -----BEGIN PUBLIC KEY-----
2025-08-28T11:48:17.5898196Z MIICIjANBgkqhkiG9w0BAQEFAAOCAg8AMIICCgKCAgEAu34d0RCJobY7DxFlpzt4
2025-08-28T11:48:17.5899162Z e5rwez+pKHhjDNCyClbQOfb6OJnCax2+GouGhmnQjYeXd0Uj8eZgad9/S4KClpeF
2025-08-28T11:48:17.5900076Z ln88yymPxxrZkqoLUJk/GPSvd2QZ3g9dlnDm1iMAHX3aieNmtG3przZiTTUF2Tgn
2025-08-28T11:48:17.5900978Z k1tuhOGUKD2PxjFYChT5KHsaOXfmjyYNAQVhlQSN2CFyvwoakL5uIAGSf/F1niUi
2025-08-28T11:48:17.5901873Z njYebouksTtlWENduf1sQJw73NAkYK9EquA/SUR6T8RpAuC+utbcgTa4gDjk0qqX
2025-08-28T11:48:17.5902769Z k7mGxPWHjjnanKWoPgnlOs9scT2qBH5o8uq8NWkxPCe0RckgUIfHHW02mvfG11nQ
2025-08-28T11:48:17.5903906Z xe1x9EgStFVoh/PA6Zf1OVUCcET71GDIfQ8momGKVFc2pqXPW+iHVqscbYckFVKT
2025-08-28T11:48:17.5904800Z 0kLEQWbMLO2sQwlt1aTh5GQrlR5TF6kXtkKd911eic3VoUVvbby3WIBx19O220mc
2025-08-28T11:48:17.5905717Z 6Rxzks6OxchiQPSmvjHqL5sL3z0p8GiPI58b7YCD51tndDtMTGYwtlccfhZFLk2O
2025-08-28T11:48:17.5906617Z +WvLLyeNG5J3AOd3rfOKv7M9vDcCqyvyvuzSxuWlKfb/u/xSfcbiAjg4fGKR5qPe
2025-08-28T11:48:17.5907500Z as2wrajQXhYHiRxaV+p3Tkncp31LKd/9HZeQZl8EpYAZg83OW63mgkVQK3joGbep
2025-08-28T11:48:17.5908160Z ehjM9d/b00+vbmwKkaUQNBMCAwEAAQ==
2025-08-28T11:48:17.5908576Z -----END PUBLIC KEY-----
2025-08-28T11:48:17.5909359Z , RSA-4096-OAEP, 4096, 01k3r7hsn3wpyy4v51ws3erbsv, 2025-08-28 11:38:31, 2025-08-28 11:38:31))
2025-08-28T11:48:17.5931023Z
2025-08-28T11:48:17.5934928Z   at vendor/laravel/framework/src/Illuminate/Database/Connection.php:570
2025-08-28T11:48:17.6015605Z     566▕             $this->bindValues($statement, $this->prepareBindings($bindings));
2025-08-28T11:48:17.6048700Z     567▕
2025-08-28T11:48:17.6049255Z     568▕             $this->recordsHaveBeenModified();
2025-08-28T11:48:17.6049758Z     569▕
2025-08-28T11:48:17.6050243Z   ➜ 570▕             return $statement->execute();
2025-08-28T11:48:17.6050742Z     571▕         });
2025-08-28T11:48:17.6051104Z     572▕     }
2025-08-28T11:48:17.6051437Z     573▕
2025-08-28T11:48:17.6051764Z     574▕     /**
2025-08-28T11:48:17.6051940Z
2025-08-28T11:48:17.6052178Z       [2m+15 vendor frames [22m
2025-08-28T11:48:17.6052740Z   16  tests/Feature/Chat/E2EEKeyRecoveryBackupTest.php:366
2025-08-28T11:48:17.6053313Z
2025-08-28T11:48:17.6053808Z   ────────────────────────────────────────────────────────────────────────────
2025-08-28T11:48:17.6059530Z    FAILED  Tests\Feature\Chat\E2EEKeyRecoveryBackupTest > `E…  QueryException
2025-08-28T11:48:17.6060796Z   SQLSTATE[23502]: Not null violation: 7 ERROR:  null value in column "device_id" of relation "chat_encryption_keys" violates not-null constraint
2025-08-28T11:48:17.6063295Z DETAIL:  Failing row contains (01k3r7hz9x85r15pk822vnmjdq, 01k3r7hxyydpjrjnyymn3q67xw, 01k3r7hsqsx9m5bbah9qb1pt5c, fpUjU+XW09YKd9Ue0jFyr2efmxR5JekzKSJqNNKFBcMk1bqbbX/ePUN01eZOIqTj..., -----BEGIN PUBLIC KEY-----
2025-08-28T11:48:17.6074667Z MIICIjANBgkqhkiG9w0BAQEFAAOCAg8AMIICC..., null, t, 2025-08-28 11:38:37, 2025-08-28 11:38:37, null, null, 1, null, RSA-4096-OAEP, 4096, null, null). (Connection: pgsql, SQL: insert into "chat_encryption_keys" ("is_active", "conversation_id", "user_id", "encrypted_key", "public_key", "algorithm", "key_strength", "id", "updated_at", "created_at") values (1, 01k3r7hxyydpjrjnyymn3q67xw, 01k3r7hsqsx9m5bbah9qb1pt5c, fpUjU+XW09YKd9Ue0jFyr2efmxR5JekzKSJqNNKFBcMk1bqbbX/ePUN01eZOIqTj3ImUDyUJTwI5bK3gJthZFKlIWLgvvqDSs4kU/sdfLnj0I4/rl79qXv2553EdoJDRb2ninAyMRvGusfdpLa7kLNpTQ7BtlBacNpbUrXQ91NfgLW/RkRxYcq4UXwtsWEL2Br0EsiYGlepWmaOo012mwOIkJFDVCBEu1bfq4QEpaQl0ErNIREe1e5TJlN0THraCzsm3zoI0utLeQfSn+krsJSURQVoEuuSAHYoRqojg1QX+7hGDWiPimqfBM8mjHT1gBCl4c13teIZbn5OCzWPyLKSYqsRlwIPyTY0fKuNH70RxCqF3XXhXunSTrClwU0XCe/1mHQeBCymjclpfg1U2Mw4zfmXgSyZc7S+xn5iqJ2shAux6xfy007epepibS164ob3ZHdb/LzCiVM1H0jJztHkli60eF8SeMc0v3uhXdgP9U0IS2GehKLYwakfcEzlXF5gNID2s7ie22NAjfY/p/f91ixb2/S9fU2beSgUkDXRmFwYiNLMGdEvPQcTX8X8hLnyesfNWXwDKwHn8/6OEvyXJSE9zMTFwX7+P8gXwoikcQ8Wrdrb30sAJVLZliqT2zBoGpa+bavyYBWpBeg75mdw882bGTXcBI9kcRbuhMpU=, -----BEGIN PUBLIC KEY-----
2025-08-28T11:48:17.6083607Z MIICIjANBgkqhkiG9w0BAQEFAAOCAg8AMIICCgKCAgEAkT3zni+tSTeG30vlIF+o
2025-08-28T11:48:17.6084579Z cuPBPRgp+7soyw1yqSuzITRybKdC8M3dDKyLxAgLYfnzeYU8YfyjeH+nX1G1fXey
2025-08-28T11:48:17.6085535Z 5XyPKt2IAoo8dgTShLCxhPgEuoNiFpcO1GZikJ58EtZBhplhusU63P8SCgTSbW4M
2025-08-28T11:48:17.6086430Z nT75w++87S1U1mz7oZsQ6xF5gSYSP3/r9gCfrM+gY6wVwbBLyMuHjzIR5KBGR5S0
2025-08-28T11:48:17.6087302Z Bxk6I0/85IRLf8WKIbfLeGNS6aE0jOsIhH0YsEC1TZBGXPTrdU9e+RGfbKDX6VO2
2025-08-28T11:48:17.6088220Z KyUv5nJxy9BGfkSqOUHSP8eBiWpwjlrO9ZeamMJif2VovydnoU0sV6DmwJw+F3TM
2025-08-28T11:48:17.6089111Z 3rUrs9KOuIERKQHOAonaGCaF5uwX2/lWJ36wXXzqFi2vE9Fz8DIz9M8ATCPyE93f
2025-08-28T11:48:17.6090005Z HrRfLQaGEo4Xun4hvtVE8MOeMRGNiR+lBvy06lbT+RIlX574AMCLoSBXvNRa/cJD
2025-08-28T11:48:17.6090927Z JZESMVWxDvdBmwc84HT8MhPdd1xmUSNoROazT9u3HGTQJQYvnPs38tXJjn1wun0A
2025-08-28T11:48:17.6091854Z zfYg9F3zNk68VnR6iiSX1MuCvVmX0C2eimXAXQISNHjz4DrgwlEuAZ9uzJVFZjJh
2025-08-28T11:48:17.6092781Z UZlqXyV6AZrphgOEYW7YJeaCE21aZXhECvAaAnUCyGBKk5trQqYwa+NlrAQ2oM4p
2025-08-28T11:48:17.6093628Z 4M7vKfO2MNWMCasVMvsYS9cCAwEAAQ==
2025-08-28T11:48:17.6094046Z -----END PUBLIC KEY-----
2025-08-28T11:48:17.6094841Z , RSA-4096-OAEP, 4096, 01k3r7hz9x85r15pk822vnmjdq, 2025-08-28 11:38:37, 2025-08-28 11:38:37))
2025-08-28T11:48:17.6114389Z
2025-08-28T11:48:17.6119044Z   at vendor/laravel/framework/src/Illuminate/Database/Connection.php:570
2025-08-28T11:48:17.6200572Z     566▕             $this->bindValues($statement, $this->prepareBindings($bindings));
2025-08-28T11:48:17.6204617Z     567▕
2025-08-28T11:48:17.6205168Z     568▕             $this->recordsHaveBeenModified();
2025-08-28T11:48:17.6205681Z     569▕
2025-08-28T11:48:17.6206157Z   ➜ 570▕             return $statement->execute();
2025-08-28T11:48:17.6206664Z     571▕         });
2025-08-28T11:48:17.6207026Z     572▕     }
2025-08-28T11:48:17.6207345Z     573▕
2025-08-28T11:48:17.6207666Z     574▕     /**
2025-08-28T11:48:17.6207845Z
2025-08-28T11:48:17.6208092Z       [2m+15 vendor frames [22m
2025-08-28T11:48:17.6208703Z   16  tests/Feature/Chat/E2EEKeyRecoveryBackupTest.php:420
2025-08-28T11:48:17.6209092Z
2025-08-28T11:48:17.6210723Z   ────────────────────────────────────────────────────────────────────────────
2025-08-28T11:48:17.6227831Z    FAILED  Tests\Feature\Chat\E2EEKeyRecoveryBackupTest > `E…  QueryException
2025-08-28T11:48:17.6234711Z   SQLSTATE[42703]: Undefined column: 7 ERROR:  column "role" of relation "sys_users" does not exist
2025-08-28T11:48:17.6235727Z LINE 1: ...email_verified_at", "password", "remember_token", "role", "i...
2025-08-28T11:48:17.6238785Z                                                              ^ (Connection: pgsql, SQL: insert into "sys_users" ("name", "email", "email_verified_at", "password", "remember_token", "role", "id", "updated_at", "created_at") values (Dr. Sam Heller DVM, vbins@example.org, 2025-08-28 11:38:39, $argon2id$v=19$m=65536,t=4,p=1$ajdCdGdGbDFVa2tZdG84UA$oxLxDxXWXZ+AX+1D2ULzJJdPZMAxUg3jnji8+9yzzkk, cfATKUz04v, admin, 01k3r7j1bs91jh8f12v3930cq4, 2025-08-28 11:38:39, 2025-08-28 11:38:39))
2025-08-28T11:48:17.6275050Z
2025-08-28T11:48:17.6277947Z   at vendor/laravel/framework/src/Illuminate/Database/Connection.php:570
2025-08-28T11:48:17.6362226Z     566▕             $this->bindValues($statement, $this->prepareBindings($bindings));
2025-08-28T11:48:17.6368667Z     567▕
2025-08-28T11:48:17.6369211Z     568▕             $this->recordsHaveBeenModified();
2025-08-28T11:48:17.6369736Z     569▕
2025-08-28T11:48:17.6370209Z   ➜ 570▕             return $statement->execute();
2025-08-28T11:48:17.6370711Z     571▕         });
2025-08-28T11:48:17.6371085Z     572▕     }
2025-08-28T11:48:17.6371414Z     573▕
2025-08-28T11:48:17.6371739Z     574▕     /**
2025-08-28T11:48:17.6371921Z
2025-08-28T11:48:17.6372172Z       [2m+14 vendor frames [22m
2025-08-28T11:48:17.6372751Z   15  tests/Feature/Chat/E2EEKeyRecoveryBackupTest.php:456
2025-08-28T11:48:17.6373326Z
2025-08-28T11:48:17.6376487Z   ────────────────────────────────────────────────────────────────────────────
2025-08-28T11:48:17.6391231Z    FAILED  Tests\Feature\Chat\E2EEKeyRecoveryBackupTest > `E…  QueryException
2025-08-28T11:48:17.6395062Z   SQLSTATE[23502]: Not null violation: 7 ERROR:  null value in column "device_id" of relation "chat_encryption_keys" violates not-null constraint
2025-08-28T11:48:17.6397785Z DETAIL:  Failing row contains (01k3r7j5pj15sh3hh80qg2hh09, 01k3r7j5khtxsk64raxhaeet3w, 01k3r7j1egyjskh5hyr5e5wd27, g88cwtEtAdiNttVQt6Ws6k0NN+/s8s9aVoBtwEv6Wl+R+1VzmuUKZzTw7kv3mbzE..., -----BEGIN PUBLIC KEY-----
2025-08-28T11:48:17.6409848Z MIICIjANBgkqhkiG9w0BAQEFAAOCAg8AMIICC..., null, t, 2025-08-28 11:38:44, 2025-08-28 11:38:44, null, null, 1, null, RSA-4096-OAEP, 4096, null, null). (Connection: pgsql, SQL: insert into "chat_encryption_keys" ("is_active", "conversation_id", "user_id", "encrypted_key", "public_key", "algorithm", "key_strength", "id", "updated_at", "created_at") values (1, 01k3r7j5khtxsk64raxhaeet3w, 01k3r7j1egyjskh5hyr5e5wd27, g88cwtEtAdiNttVQt6Ws6k0NN+/s8s9aVoBtwEv6Wl+R+1VzmuUKZzTw7kv3mbzEqLgSDTXXmxJc41ALVB1i+782OOfghYbDyuvnPosWQnvGjyC5CraBDrlCTLIua217X9O+E3+rDZjnMCKqwpwl9Po/V7/mtZzOKmaFxmdYXjmTxW/2/nAVAo469d1zADQlYLW2vRDurm2E6TTqCzBXTmX5Mg/BzJ+b7vFKJ3DdeskFKDdAG0F6skbXkqsOFUHlVK8tSWAxwQZLt60VF2E0w7dtm5sQCoBYt9BntL8Sawv/8g1cJsl8mnhn7uaTUKqfuL1i99qfjMtljqDdfaLE2z/xhiLq0oNw0VmmFnrfXd9q7emCrq+/PvHYYNBpBnqyXu+Us1qqGKexuHC/F56EjkwgvXDMzRhrxyi/4SH2s3bxsrzLfAahaOB3uR2EZzHui/OsHZkmIMx9y4Qj772UE0D3YRSnHLSqApZgbTRESHsL6w1k+ja7+Z57ska0+KSn5qdDHKOV95ga/SBgpC0YLqn0h45MYE6yYJwusHbJmKeeqNiAJLii9v/kVhbMY6sboCrZcuITfyH6C1t4MZoW6L7qfvcRryhuK7e5mQQz+EJh0L5XBA2fp7Au3n7dTYMXUaGQE5QU6YMJs4dNb9yRTwIzESvRL5EzBqoQMlYAlVY=, -----BEGIN PUBLIC KEY-----
2025-08-28T11:48:17.6418408Z MIICIjANBgkqhkiG9w0BAQEFAAOCAg8AMIICCgKCAgEArgx07HJMBhHAxIJ4o3SW
2025-08-28T11:48:17.6419486Z BEBzXbGce8LPWyErXw/cbAEu5aQyviCtz/Rq6CbhbAwLLFN1SkF51DqClrCWMET7
2025-08-28T11:48:17.6420553Z hHAayuDUA4bPSny2WrwtQEDgQzcLh21ubLFRbE3WefRodOL7crBbv13MvF6lMFxS
2025-08-28T11:48:17.6421643Z VS7uK+jsTi/6RxXrjy1kMGl5Iwlbwbu8d5qxvhevM1hOBpnLTua2w9nK8Y/k6lHl
2025-08-28T11:48:17.6422678Z ipJHqxFB2Cck+gCL3u7s2VXrjGhtE/6pYtEUZ536h1lDC8WnVmGc+KeWCsn7DD+R
2025-08-28T11:48:17.6423850Z kbmMMkfSCJKV3X3fZ3YPO6tlNF7R7rVebkmeIulIMKeVQkatp5txsGb0ESiu/xAY
2025-08-28T11:48:17.6424939Z K1ndan6WAbpGxrsxUEflK3N4LHyECkV3bwoGJlE2jRIYE+IwZgf811/nSj4DwdIb
2025-08-28T11:48:17.6426009Z TdYTr1dkvnhf5EzMKjsQg3Ta+QqjocueXR+Joukj5QJ3x4WYXP4XehK5ZHpLg8pB
2025-08-28T11:48:17.6427019Z aTuTvptGwrdd2QqyU0ZT7v7A4Nnpal9IM3GLk7pnpuzkkZ0aLih5oz0u/A4SGd4r
2025-08-28T11:48:17.6428039Z 0HMzsDEe7xhJkGNY4zyIqXCzzD3DFEdfWeGo1vP0PFDLifPsw6PTmNpII1UaBHYP
2025-08-28T11:48:17.6429125Z fZdYZ7kLWDz98GjQOd+aONjnYHjngFn21TfUOE2GTQl/oJDsUpbtc6w64APribgR
2025-08-28T11:48:17.6429950Z LCjyLSATtSe+alCnIMCnmg0CAwEAAQ==
2025-08-28T11:48:17.6430479Z -----END PUBLIC KEY-----
2025-08-28T11:48:17.6431363Z , RSA-4096-OAEP, 4096, 01k3r7j5pj15sh3hh80qg2hh09, 2025-08-28 11:38:44, 2025-08-28 11:38:44))
2025-08-28T11:48:17.6455378Z
2025-08-28T11:48:17.6460073Z   at vendor/laravel/framework/src/Illuminate/Database/Connection.php:570
2025-08-28T11:48:17.6543815Z     566▕             $this->bindValues($statement, $this->prepareBindings($bindings));
2025-08-28T11:48:17.6544778Z     567▕
2025-08-28T11:48:17.6545530Z     568▕             $this->recordsHaveBeenModified();
2025-08-28T11:48:17.6547219Z     569▕
2025-08-28T11:48:17.6547855Z   ➜ 570▕             return $statement->execute();
2025-08-28T11:48:17.6548615Z     571▕         });
2025-08-28T11:48:17.6549117Z     572▕     }
2025-08-28T11:48:17.6549555Z     573▕
2025-08-28T11:48:17.6550101Z     574▕     /**
2025-08-28T11:48:17.6557504Z
2025-08-28T11:48:17.6561539Z       [2m+15 vendor frames [22m
2025-08-28T11:48:17.6566077Z   16  tests/Feature/Chat/E2EEKeyRecoveryBackupTest.php:588
2025-08-28T11:48:17.6570341Z
2025-08-28T11:48:17.6570912Z   ────────────────────────────────────────────────────────────────────────────
2025-08-28T11:48:17.6574395Z    FAILED  Tests\Feature\Chat\E2EEPerformanceStressTest > `E2EE Performance…
2025-08-28T11:48:17.6577065Z   Failed asserting that 144.75497603416443 is less than 30.0.
2025-08-28T11:48:17.6581194Z
2025-08-28T11:48:17.6585221Z   at tests/Feature/Chat/E2EEPerformanceStressTest.php:311
2025-08-28T11:48:17.6664074Z     307▕             $totalTime = microtime(true) - $startTime;
2025-08-28T11:48:17.6665360Z     308▕             $avgTimePerKey = $totalTime / $keyCount;
2025-08-28T11:48:17.6666562Z     309▕
2025-08-28T11:48:17.6667220Z     310▕             // Performance assertions
2025-08-28T11:48:17.6668618Z   ➜ 311▕             expect($totalTime)->toBeLessThan(30.0); // All keys within 30 seconds
2025-08-28T11:48:17.6670125Z     312▕             expect($avgTimePerKey)->toBeLessThan(1.0); // Each key within 1 second on average
2025-08-28T11:48:17.6672311Z     313▕
2025-08-28T11:48:17.6672798Z     314▕             // Verify all keys are unique
2025-08-28T11:48:17.6673748Z     315▕             $publicKeys = array_column($keyPairs, 'public_key');
2025-08-28T11:48:17.6674153Z
2025-08-28T11:48:17.6675692Z   1   tests/Feature/Chat/E2EEPerformanceStressTest.php:311
2025-08-28T11:48:17.6676316Z
2025-08-28T11:48:17.6677046Z   ────────────────────────────────────────────────────────────────────────────
2025-08-28T11:48:17.6690813Z    FAILED  Tests\Feature\Chat\E2EESecurityVulnerabilityTest > `E2EE Security…
2025-08-28T11:48:17.6693566Z   Failed asserting that 0.0125 is equal to 0.05 or is greater than 0.05.
2025-08-28T11:48:17.6697742Z
2025-08-28T11:48:17.6702095Z   at tests/Feature/Chat/E2EESecurityVulnerabilityTest.php:228
2025-08-28T11:48:17.6760980Z     224▕             $totalChars = strlen($concatenated);
2025-08-28T11:48:17.6761769Z     225▕
2025-08-28T11:48:17.6762714Z     226▕             // Roughly 10% of base64 chars should be '0' (64 possible chars)
2025-08-28T11:48:17.6764069Z     227▕             $zeroRatio = $zeroCount / $totalChars;
2025-08-28T11:48:17.6765283Z   ➜ 228▕             expect($zeroRatio)->toBeBetween(0.05, 0.20); // Allow some variance
2025-08-28T11:48:17.6768101Z     229▕         });
2025-08-28T11:48:17.6769067Z     230▕     });
2025-08-28T11:48:17.6769709Z     231▕
2025-08-28T11:48:17.6770550Z     232▕     describe('Forward Secrecy and Key Rotation', function () {
2025-08-28T11:48:17.6771268Z
2025-08-28T11:48:17.6771806Z   1   tests/Feature/Chat/E2EESecurityVulnerabilityTest.php:228
2025-08-28T11:48:17.6772600Z
2025-08-28T11:48:17.6780131Z   ────────────────────────────────────────────────────────────────────────────
2025-08-28T11:48:17.6792114Z    FAILED  Tests\Feature\Chat\E2EESecurityVulnerabilityTest > `E2EE S…  Error
2025-08-28T11:48:17.6794845Z   Call to undefined method Monolog\Logger::getMonolog()
2025-08-28T11:48:17.6803250Z
2025-08-28T11:48:17.6806807Z   at vendor/laravel/framework/src/Illuminate/Log/Logger.php:319
2025-08-28T11:48:17.6826439Z     315▕      * @return mixed
2025-08-28T11:48:17.6827095Z     316▕      */
2025-08-28T11:48:17.6828684Z     317▕     public function __call($method, $parameters)
2025-08-28T11:48:17.6829238Z     318▕     {
2025-08-28T11:48:17.6830129Z   ➜ 319▕         return $this->logger->{$method}(...$parameters);
2025-08-28T11:48:17.6830902Z     320▕     }
2025-08-28T11:48:17.6831232Z     321▕ }
2025-08-28T11:48:17.6831524Z     322▕
2025-08-28T11:48:17.6833854Z
2025-08-28T11:48:17.6834344Z       [2m+3 vendor frames [22m
2025-08-28T11:48:17.6835364Z   4   tests/Feature/Chat/E2EESecurityVulnerabilityTest.php:425
2025-08-28T11:48:17.6836085Z
2025-08-28T11:48:17.6837804Z   ────────────────────────────────────────────────────────────────────────────
2025-08-28T11:48:17.6856286Z    FAILED  Tests\Feature\Chat\E2EESecurityVulnerabil…  BadMethodCallException
2025-08-28T11:48:17.6858865Z   Call to undefined method App\Models\Chat\EncryptionKey::factory()
2025-08-28T11:48:17.6868623Z
2025-08-28T11:48:17.6872456Z   at vendor/laravel/framework/src/Illuminate/Support/Traits/ForwardsCalls.php:67
2025-08-28T11:48:17.6880047Z      63▕      * @throws \BadMethodCallException
2025-08-28T11:48:17.6880743Z      64▕      */
2025-08-28T11:48:17.6884339Z      65▕     protected static function throwBadMethodCallException($method)
2025-08-28T11:48:17.6885010Z      66▕     {
2025-08-28T11:48:17.6885554Z   ➜  67▕         throw new BadMethodCallException(sprintf(
2025-08-28T11:48:17.6886481Z      68▕             'Call to undefined method %s::%s()', static::class, $method
2025-08-28T11:48:17.6887071Z      69▕         ));
2025-08-28T11:48:17.6887438Z      70▕     }
2025-08-28T11:48:17.6887758Z      71▕ }
2025-08-28T11:48:17.6887932Z
2025-08-28T11:48:17.6888189Z       [2m+4 vendor frames [22m
2025-08-28T11:48:17.6888780Z   5   tests/Feature/Chat/E2EESecurityVulnerabilityTest.php:458
2025-08-28T11:48:17.6889195Z
2025-08-28T11:48:17.6894313Z   ────────────────────────────────────────────────────────────────────────────
2025-08-28T11:48:17.6910139Z    FAILED  Tests\Feature\Chat\E2EESecurityVulnerabil…  BadMethodCallException
2025-08-28T11:48:17.6913291Z   Call to undefined method App\Models\Chat\EncryptionKey::factory()
2025-08-28T11:48:17.6921058Z
2025-08-28T11:48:17.6923914Z   at vendor/laravel/framework/src/Illuminate/Support/Traits/ForwardsCalls.php:67
2025-08-28T11:48:17.6931810Z      63▕      * @throws \BadMethodCallException
2025-08-28T11:48:17.6935290Z      64▕      */
2025-08-28T11:48:17.6938167Z      65▕     protected static function throwBadMethodCallException($method)
2025-08-28T11:48:17.6938836Z      66▕     {
2025-08-28T11:48:17.6939383Z   ➜  67▕         throw new BadMethodCallException(sprintf(
2025-08-28T11:48:17.6940301Z      68▕             'Call to undefined method %s::%s()', static::class, $method
2025-08-28T11:48:17.6940900Z      69▕         ));
2025-08-28T11:48:17.6941261Z      70▕     }
2025-08-28T11:48:17.6941600Z      71▕ }
2025-08-28T11:48:17.6941763Z
2025-08-28T11:48:17.6942015Z       [2m+4 vendor frames [22m
2025-08-28T11:48:17.6942613Z   5   tests/Feature/Chat/E2EESecurityVulnerabilityTest.php:469
2025-08-28T11:48:17.6943021Z
2025-08-28T11:48:17.6947466Z   ────────────────────────────────────────────────────────────────────────────
2025-08-28T11:48:17.6959253Z    FAILED  Tests\Feature\Chat\MessageTest > `Message Creation` → it can crea…
2025-08-28T11:48:17.6962912Z   Expected response status code [201] but received 401.
2025-08-28T11:48:17.6964904Z Failed asserting that 401 is identical to 201.
2025-08-28T11:48:17.6968907Z
2025-08-28T11:48:17.6970148Z   at tests/Feature/Chat/MessageTest.php:95
2025-08-28T11:48:17.7044443Z      91▕             'content' => 'Hello, this is a test message',
2025-08-28T11:48:17.7045347Z      92▕             'type' => 'text',
2025-08-28T11:48:17.7046494Z      93▕         ]);
2025-08-28T11:48:17.7047057Z      94▕
2025-08-28T11:48:17.7048023Z   ➜  95▕         $response->assertStatus(201);
2025-08-28T11:48:17.7049027Z      96▕         $response->assertJsonStructure([
2025-08-28T11:48:17.7049955Z      97▕             'id',
2025-08-28T11:48:17.7051405Z      98▕             'content',
2025-08-28T11:48:17.7052032Z      99▕             'type',
2025-08-28T11:48:17.7052479Z
2025-08-28T11:48:17.7054332Z   ────────────────────────────────────────────────────────────────────────────
2025-08-28T11:48:17.7068687Z    FAILED  Tests\Feature\Chat\MessageTest > `Message Creation` → it can crea…
2025-08-28T11:48:17.7072165Z   Expected response status code [201] but received 401.
2025-08-28T11:48:17.7073243Z Failed asserting that 401 is identical to 201.
2025-08-28T11:48:17.7078936Z
2025-08-28T11:48:17.7079217Z   at tests/Feature/Chat/MessageTest.php:123
2025-08-28T11:48:17.7148827Z     119▕             'type' => 'text',
2025-08-28T11:48:17.7149800Z     120▕             'reply_to_id' => $originalMessage->id,
2025-08-28T11:48:17.7152288Z     121▕         ]);
2025-08-28T11:48:17.7153467Z     122▕
2025-08-28T11:48:17.7154295Z   ➜ 123▕         $response->assertStatus(201);
2025-08-28T11:48:17.7155749Z     124▕         $this->assertDatabaseHas('chat_messages', [
2025-08-28T11:48:17.7156788Z     125▕             'conversation_id' => $this->conversation->id,
2025-08-28T11:48:17.7157791Z     126▕             'sender_id' => $this->user->id,
2025-08-28T11:48:17.7158756Z     127▕             'reply_to_id' => $originalMessage->id,
2025-08-28T11:48:17.7159386Z
2025-08-28T11:48:17.7162838Z   ────────────────────────────────────────────────────────────────────────────
2025-08-28T11:48:17.7175966Z    FAILED  Tests\Feature\Chat\MessageTest > `Message Creation` → it validate…
2025-08-28T11:48:17.7178838Z   Expected response status code [422] but received 401.
2025-08-28T11:48:17.7179825Z Failed asserting that 401 is identical to 422.
2025-08-28T11:48:17.7183803Z
2025-08-28T11:48:17.7189062Z   at tests/Feature/Chat/MessageTest.php:139
2025-08-28T11:48:17.7252707Z     135▕             'content' => '',
2025-08-28T11:48:17.7256341Z     136▕             'type' => 'text',
2025-08-28T11:48:17.7256827Z     137▕         ]);
2025-08-28T11:48:17.7257188Z     138▕
2025-08-28T11:48:17.7257657Z   ➜ 139▕         $response->assertStatus(422);
2025-08-28T11:48:17.7258414Z     140▕         $response->assertJsonValidationErrors(['content']);
2025-08-28T11:48:17.7259031Z     141▕     });
2025-08-28T11:48:17.7259385Z     142▕
2025-08-28T11:48:17.7259905Z     143▕     it('validates message type', function () {
2025-08-28T11:48:17.7260246Z
2025-08-28T11:48:17.7264481Z   ────────────────────────────────────────────────────────────────────────────
2025-08-28T11:48:17.7277756Z    FAILED  Tests\Feature\Chat\MessageTest > `Message Creation` → it validate…
2025-08-28T11:48:17.7280453Z   Expected response status code [422] but received 401.
2025-08-28T11:48:17.7282022Z Failed asserting that 401 is identical to 422.
2025-08-28T11:48:17.7286655Z
2025-08-28T11:48:17.7287131Z   at tests/Feature/Chat/MessageTest.php:151
2025-08-28T11:48:17.7352712Z     147▕             'content' => 'Test message',
2025-08-28T11:48:17.7355497Z     148▕             'type' => 'invalid_type',
2025-08-28T11:48:17.7356556Z     149▕         ]);
2025-08-28T11:48:17.7357090Z     150▕
2025-08-28T11:48:17.7357747Z   ➜ 151▕         $response->assertStatus(422);
2025-08-28T11:48:17.7359516Z     152▕         $response->assertJsonValidationErrors(['type']);
2025-08-28T11:48:17.7360604Z     153▕     });
2025-08-28T11:48:17.7361204Z     154▕
2025-08-28T11:48:17.7362195Z     155▕     it('prevents creating messages in conversations user is not part of', function () {
2025-08-28T11:48:17.7363268Z
2025-08-28T11:48:17.7365680Z   ────────────────────────────────────────────────────────────────────────────
2025-08-28T11:48:17.7379119Z    FAILED  Tests\Feature\Chat\MessageTest > `Message Creation` → it prevents…
2025-08-28T11:48:17.7382982Z   Expected response status code [403] but received 401.
2025-08-28T11:48:17.7383811Z Failed asserting that 401 is identical to 403.
2025-08-28T11:48:17.7388909Z
2025-08-28T11:48:17.7391788Z   at tests/Feature/Chat/MessageTest.php:164
2025-08-28T11:48:17.7455879Z     160▕             'content' => 'Unauthorized message',
2025-08-28T11:48:17.7458395Z     161▕             'type' => 'text',
2025-08-28T11:48:17.7459121Z     162▕         ]);
2025-08-28T11:48:17.7460419Z     163▕
2025-08-28T11:48:17.7460939Z   ➜ 164▕         $response->assertStatus(403);
2025-08-28T11:48:17.7461434Z     165▕     });
2025-08-28T11:48:17.7461774Z     166▕ });
2025-08-28T11:48:17.7462092Z     167▕
2025-08-28T11:48:17.7462581Z     168▕ describe('Message Retrieval', function () {
2025-08-28T11:48:17.7462935Z
2025-08-28T11:48:17.7466814Z   ────────────────────────────────────────────────────────────────────────────
2025-08-28T11:48:17.7479758Z    FAILED  Tests\Feature\Chat\MessageTest > `Message Retrieval` → it can ret…
2025-08-28T11:48:17.7483502Z   Expected response status code [200] but received 401.
2025-08-28T11:48:17.7484340Z Failed asserting that 401 is identical to 200.
2025-08-28T11:48:17.7489618Z
2025-08-28T11:48:17.7490296Z   at tests/Feature/Chat/MessageTest.php:188
2025-08-28T11:48:17.7556988Z     184▕         $this->actingAs($this->user);
2025-08-28T11:48:17.7557776Z     185▕
2025-08-28T11:48:17.7558927Z     186▕         $response = $this->getJson("/api/v1/chat/conversations/{$this->conversation->id}/messages");
2025-08-28T11:48:17.7559932Z     187▕
2025-08-28T11:48:17.7560631Z   ➜ 188▕         $response->assertStatus(200);
2025-08-28T11:48:17.7561493Z     189▕         $response->assertJsonStructure([
2025-08-28T11:48:17.7564817Z     190▕             'data' => [
2025-08-28T11:48:17.7565337Z     191▕                 '*' => [
2025-08-28T11:48:17.7565822Z     192▕                     'id',
2025-08-28T11:48:17.7566080Z
2025-08-28T11:48:17.7566566Z   ────────────────────────────────────────────────────────────────────────────
2025-08-28T11:48:17.7580730Z    FAILED  Tests\Feature\Chat\MessageTest > `Message Retrieval` → it can ret…
2025-08-28T11:48:17.7582940Z   Expected response status code [200] but received 401.
2025-08-28T11:48:17.7584128Z Failed asserting that 401 is identical to 200.
2025-08-28T11:48:17.7588657Z
2025-08-28T11:48:17.7589106Z   at tests/Feature/Chat/MessageTest.php:212
2025-08-28T11:48:17.7655225Z     208▕         $this->actingAs($this->user);
2025-08-28T11:48:17.7657909Z     209▕
2025-08-28T11:48:17.7659232Z     210▕         $response = $this->getJson("/api/v1/chat/conversations/{$this->conversation->id}/messages?per_page=10");
2025-08-28T11:48:17.7660290Z     211▕
2025-08-28T11:48:17.7660960Z   ➜ 212▕         $response->assertStatus(200);
2025-08-28T11:48:17.7661877Z     213▕         expect($response->json('data'))->toHaveCount(10);
2025-08-28T11:48:17.7662820Z     214▕         expect($response->json('meta.per_page'))->toBe(10);
2025-08-28T11:48:17.7663868Z     215▕     });
2025-08-28T11:48:17.7666683Z     216▕
2025-08-28T11:48:17.7666861Z
2025-08-28T11:48:17.7667361Z   ────────────────────────────────────────────────────────────────────────────
2025-08-28T11:48:17.7679275Z    FAILED  Tests\Feature\Chat\MessageTest > `Message Retrieval` → it can ret…
2025-08-28T11:48:17.7683366Z   Expected response status code [200] but received 401.
2025-08-28T11:48:17.7684010Z Failed asserting that 401 is identical to 200.
2025-08-28T11:48:17.7688173Z
2025-08-28T11:48:17.7690598Z   at tests/Feature/Chat/MessageTest.php:222
2025-08-28T11:48:17.7755820Z     218▕         $this->actingAs($this->user);
2025-08-28T11:48:17.7756555Z     219▕
2025-08-28T11:48:17.7760817Z     220▕         $response = $this->getJson("/api/v1/chat/conversations/{$this->conversation->id}/messages?page=2");
2025-08-28T11:48:17.7761647Z     221▕
2025-08-28T11:48:17.7762132Z   ➜ 222▕         $response->assertStatus(200);
2025-08-28T11:48:17.7762997Z     223▕         expect($response->json('data'))->toHaveCount(5); // Remaining messages
2025-08-28T11:48:17.7764131Z     224▕         expect($response->json('meta.current_page'))->toBe(2);
2025-08-28T11:48:17.7764716Z     225▕     });
2025-08-28T11:48:17.7765038Z     226▕
2025-08-28T11:48:17.7765204Z
2025-08-28T11:48:17.7766765Z   ────────────────────────────────────────────────────────────────────────────
2025-08-28T11:48:17.7780294Z    FAILED  Tests\Feature\Chat\MessageTest > `Message Retrieval` → it include…
2025-08-28T11:48:17.7787281Z   Expected response status code [200] but received 401.
2025-08-28T11:48:17.7787963Z Failed asserting that 401 is identical to 200.
2025-08-28T11:48:17.7790690Z
2025-08-28T11:48:17.7791107Z   at tests/Feature/Chat/MessageTest.php:232
2025-08-28T11:48:17.7857006Z     228▕         $this->actingAs($this->user);
2025-08-28T11:48:17.7857783Z     229▕
2025-08-28T11:48:17.7858898Z     230▕         $response = $this->getJson("/api/v1/chat/conversations/{$this->conversation->id}/messages");
2025-08-28T11:48:17.7859868Z     231▕
2025-08-28T11:48:17.7860524Z   ➜ 232▕         $response->assertStatus(200);
2025-08-28T11:48:17.7861203Z     233▕
2025-08-28T11:48:17.7861997Z     234▕         $firstMessage = $response->json('data.0');
2025-08-28T11:48:17.7865343Z     235▕         expect($firstMessage)->toHaveKey('sender');
2025-08-28T11:48:17.7866197Z     236▕         expect($firstMessage['sender'])->toHaveKeys(['id', 'name']);
2025-08-28T11:48:17.7866630Z
2025-08-28T11:48:17.7867140Z   ────────────────────────────────────────────────────────────────────────────
2025-08-28T11:48:17.7880806Z    FAILED  Tests\Feature\Chat\MessageTest > `Message Retrieval` → it orders…
2025-08-28T11:48:17.7883425Z   Expected response status code [200] but received 401.
2025-08-28T11:48:17.7884275Z Failed asserting that 401 is identical to 200.
2025-08-28T11:48:17.7888944Z
2025-08-28T11:48:17.7891734Z   at tests/Feature/Chat/MessageTest.php:244
2025-08-28T11:48:17.7956154Z     240▕         $this->actingAs($this->user);
2025-08-28T11:48:17.7958477Z     241▕
2025-08-28T11:48:17.7960531Z     242▕         $response = $this->getJson("/api/v1/chat/conversations/{$this->conversation->id}/messages");
2025-08-28T11:48:17.7961325Z     243▕
2025-08-28T11:48:17.7961803Z   ➜ 244▕         $response->assertStatus(200);
2025-08-28T11:48:17.7962279Z     245▕
2025-08-28T11:48:17.7962770Z     246▕         $messages = $response->json('data');
2025-08-28T11:48:17.7963757Z     247▕         $timestamps = array_column($messages, 'created_at');
2025-08-28T11:48:17.7964568Z     248▕
2025-08-28T11:48:17.7964935Z
2025-08-28T11:48:17.7966516Z   ────────────────────────────────────────────────────────────────────────────
2025-08-28T11:48:17.7983740Z    FAILED  Tests\Feature\Chat\MessageTest > `Message Updates…  QueryException
2025-08-28T11:48:17.7988510Z   SQLSTATE[23502]: Not null violation: 7 ERROR:  null value in column "encrypted_content" of relation "chat_messages" violates not-null constraint
2025-08-28T11:48:17.7993235Z DETAIL:  Failing row contains (01k3r7w62zrp1rwpp04ryjxs0e, 01k3r7w2dzbvn6mv515vsg844t, 01k3r7w2dcgq5x093v3rgxd55f, null, text, null, null, null, null, f, null, sent, 2025-08-28 11:44:12, 2025-08-28 11:44:12, null, null, null, null, null, null, null, null, null, null, null, normal, null, null, null, null, null, null). (Connection: pgsql, SQL: insert into "chat_messages" ("conversation_id", "sender_id", "type", "id", "updated_at", "created_at") values (01k3r7w2dzbvn6mv515vsg844t, 01k3r7w2dcgq5x093v3rgxd55f, text, 01k3r7w62zrp1rwpp04ryjxs0e, 2025-08-28 11:44:12, 2025-08-28 11:44:12))
2025-08-28T11:48:17.8032679Z
2025-08-28T11:48:17.8035887Z   at vendor/laravel/framework/src/Illuminate/Database/Connection.php:570
2025-08-28T11:48:17.8121149Z     566▕             $this->bindValues($statement, $this->prepareBindings($bindings));
2025-08-28T11:48:17.8128900Z     567▕
2025-08-28T11:48:17.8129442Z     568▕             $this->recordsHaveBeenModified();
2025-08-28T11:48:17.8129950Z     569▕
2025-08-28T11:48:17.8130435Z   ➜ 570▕             return $statement->execute();
2025-08-28T11:48:17.8130947Z     571▕         });
2025-08-28T11:48:17.8131308Z     572▕     }
2025-08-28T11:48:17.8131632Z     573▕
2025-08-28T11:48:17.8131961Z     574▕     /**
2025-08-28T11:48:17.8132141Z
2025-08-28T11:48:17.8132397Z       [2m+15 vendor frames [22m
2025-08-28T11:48:17.8132878Z   16  tests/Feature/Chat/MessageTest.php:258
2025-08-28T11:48:17.8133399Z
2025-08-28T11:48:17.8136176Z   ────────────────────────────────────────────────────────────────────────────
2025-08-28T11:48:17.8151805Z    FAILED  Tests\Feature\Chat\MessageTest > `Message Updates…  QueryException
2025-08-28T11:48:17.8156602Z   SQLSTATE[23502]: Not null violation: 7 ERROR:  null value in column "encrypted_content" of relation "chat_messages" violates not-null constraint
2025-08-28T11:48:17.8161123Z DETAIL:  Failing row contains (01k3r7wbwqj5687q24103kbcca, 01k3r7w66c0msxhckxnzasxdjw, 01k3r7w65vgbrpv5wahdw8fyet, null, text, null, null, null, null, f, null, sent, 2025-08-28 11:44:18, 2025-08-28 11:44:18, null, null, null, null, null, null, null, null, null, null, null, normal, null, null, null, null, null, null). (Connection: pgsql, SQL: insert into "chat_messages" ("conversation_id", "sender_id", "type", "id", "updated_at", "created_at") values (01k3r7w66c0msxhckxnzasxdjw, 01k3r7w65vgbrpv5wahdw8fyet, text, 01k3r7wbwqj5687q24103kbcca, 2025-08-28 11:44:18, 2025-08-28 11:44:18))
2025-08-28T11:48:17.8200515Z
2025-08-28T11:48:17.8203542Z   at vendor/laravel/framework/src/Illuminate/Database/Connection.php:570
2025-08-28T11:48:17.8285612Z     566▕             $this->bindValues($statement, $this->prepareBindings($bindings));
2025-08-28T11:48:17.8293717Z     567▕
2025-08-28T11:48:17.8294266Z     568▕             $this->recordsHaveBeenModified();
2025-08-28T11:48:17.8294771Z     569▕
2025-08-28T11:48:17.8295270Z   ➜ 570▕             return $statement->execute();
2025-08-28T11:48:17.8295769Z     571▕         });
2025-08-28T11:48:17.8296125Z     572▕     }
2025-08-28T11:48:17.8296456Z     573▕
2025-08-28T11:48:17.8296777Z     574▕     /**
2025-08-28T11:48:17.8296964Z
2025-08-28T11:48:17.8297223Z       [2m+15 vendor frames [22m
2025-08-28T11:48:17.8297711Z   16  tests/Feature/Chat/MessageTest.php:258
2025-08-28T11:48:17.8298027Z
2025-08-28T11:48:17.8300536Z   ────────────────────────────────────────────────────────────────────────────
2025-08-28T11:48:17.8314272Z    FAILED  Tests\Feature\Chat\MessageTest > `Message Updates…  QueryException
2025-08-28T11:48:17.8320973Z   SQLSTATE[23502]: Not null violation: 7 ERROR:  null value in column "encrypted_content" of relation "chat_messages" violates not-null constraint
2025-08-28T11:48:17.8325951Z DETAIL:  Failing row contains (01k3r7wfqp7krke10j2vj7kb99, 01k3r7wbzyyg5wxheab9ex8fjr, 01k3r7wbzez5bbnnzv13bhbmrh, null, text, null, null, null, null, f, null, sent, 2025-08-28 11:44:22, 2025-08-28 11:44:22, null, null, null, null, null, null, null, null, null, null, null, normal, null, null, null, null, null, null). (Connection: pgsql, SQL: insert into "chat_messages" ("conversation_id", "sender_id", "type", "id", "updated_at", "created_at") values (01k3r7wbzyyg5wxheab9ex8fjr, 01k3r7wbzez5bbnnzv13bhbmrh, text, 01k3r7wfqp7krke10j2vj7kb99, 2025-08-28 11:44:22, 2025-08-28 11:44:22))
2025-08-28T11:48:17.8366432Z
2025-08-28T11:48:17.8366892Z   at vendor/laravel/framework/src/Illuminate/Database/Connection.php:570
2025-08-28T11:48:17.8448641Z     566▕             $this->bindValues($statement, $this->prepareBindings($bindings));
2025-08-28T11:48:17.8459938Z     567▕
2025-08-28T11:48:17.8460504Z     568▕             $this->recordsHaveBeenModified();
2025-08-28T11:48:17.8461039Z     569▕
2025-08-28T11:48:17.8461514Z   ➜ 570▕             return $statement->execute();
2025-08-28T11:48:17.8462024Z     571▕         });
2025-08-28T11:48:17.8462379Z     572▕     }
2025-08-28T11:48:17.8462709Z     573▕
2025-08-28T11:48:17.8463219Z     574▕     /**
2025-08-28T11:48:17.8463411Z
2025-08-28T11:48:17.8463676Z       [2m+15 vendor frames [22m
2025-08-28T11:48:17.8464165Z   16  tests/Feature/Chat/MessageTest.php:258
2025-08-28T11:48:17.8464473Z
2025-08-28T11:48:17.8464962Z   ────────────────────────────────────────────────────────────────────────────
2025-08-28T11:48:17.8478729Z    FAILED  Tests\Feature\Chat\MessageTest > `Message Updates…  QueryException
2025-08-28T11:48:17.8487329Z   SQLSTATE[23502]: Not null violation: 7 ERROR:  null value in column "encrypted_content" of relation "chat_messages" violates not-null constraint
2025-08-28T11:48:17.8491875Z DETAIL:  Failing row contains (01k3r7wj8shmg9g86fjxt4f326, 01k3r7wfv99bptadj6ecrrhmvy, 01k3r7wftrenctsz6xdbktz7pw, null, text, null, null, null, null, f, null, sent, 2025-08-28 11:44:24, 2025-08-28 11:44:24, null, null, null, null, null, null, null, null, null, null, null, normal, null, null, null, null, null, null). (Connection: pgsql, SQL: insert into "chat_messages" ("conversation_id", "sender_id", "type", "id", "updated_at", "created_at") values (01k3r7wfv99bptadj6ecrrhmvy, 01k3r7wftrenctsz6xdbktz7pw, text, 01k3r7wj8shmg9g86fjxt4f326, 2025-08-28 11:44:24, 2025-08-28 11:44:24))
2025-08-28T11:48:17.8527988Z
2025-08-28T11:48:17.8530054Z   at vendor/laravel/framework/src/Illuminate/Database/Connection.php:570
2025-08-28T11:48:17.8612680Z     566▕             $this->bindValues($statement, $this->prepareBindings($bindings));
2025-08-28T11:48:17.8616408Z     567▕
2025-08-28T11:48:17.8617382Z     568▕             $this->recordsHaveBeenModified();
2025-08-28T11:48:17.8618167Z     569▕
2025-08-28T11:48:17.8619878Z   ➜ 570▕             return $statement->execute();
2025-08-28T11:48:17.8620613Z     571▕         });
2025-08-28T11:48:17.8620980Z     572▕     }
2025-08-28T11:48:17.8621323Z     573▕
2025-08-28T11:48:17.8621630Z     574▕     /**
2025-08-28T11:48:17.8621821Z
2025-08-28T11:48:17.8622073Z       [2m+15 vendor frames [22m
2025-08-28T11:48:17.8622562Z   16  tests/Feature/Chat/MessageTest.php:258
2025-08-28T11:48:17.8622881Z
2025-08-28T11:48:17.8628150Z   ────────────────────────────────────────────────────────────────────────────
2025-08-28T11:48:17.8642083Z    FAILED  Tests\Feature\Chat\MessageTest > `Message Deletio…  QueryException
2025-08-28T11:48:17.8646160Z   SQLSTATE[23502]: Not null violation: 7 ERROR:  null value in column "encrypted_content" of relation "chat_messages" violates not-null constraint
2025-08-28T11:48:17.8650861Z DETAIL:  Failing row contains (01k3r7wmqz92ybf86fpf9s0895, 01k3r7wjc2gc0zf0dxq5ygk43m, 01k3r7wjbjnkt8cx6x56kat1mx, null, text, null, null, null, null, f, null, sent, 2025-08-28 11:44:27, 2025-08-28 11:44:27, null, null, null, null, null, null, null, null, null, null, null, normal, null, null, null, null, null, null). (Connection: pgsql, SQL: insert into "chat_messages" ("conversation_id", "sender_id", "type", "id", "updated_at", "created_at") values (01k3r7wjc2gc0zf0dxq5ygk43m, 01k3r7wjbjnkt8cx6x56kat1mx, text, 01k3r7wmqz92ybf86fpf9s0895, 2025-08-28 11:44:27, 2025-08-28 11:44:27))
2025-08-28T11:48:17.8693728Z
2025-08-28T11:48:17.8697662Z   at vendor/laravel/framework/src/Illuminate/Database/Connection.php:570
2025-08-28T11:48:17.8779726Z     566▕             $this->bindValues($statement, $this->prepareBindings($bindings));
2025-08-28T11:48:17.8785868Z     567▕
2025-08-28T11:48:17.8786406Z     568▕             $this->recordsHaveBeenModified();
2025-08-28T11:48:17.8786907Z     569▕
2025-08-28T11:48:17.8787392Z   ➜ 570▕             return $statement->execute();
2025-08-28T11:48:17.8787900Z     571▕         });
2025-08-28T11:48:17.8788261Z     572▕     }
2025-08-28T11:48:17.8788594Z     573▕
2025-08-28T11:48:17.8788931Z     574▕     /**
2025-08-28T11:48:17.8789131Z
2025-08-28T11:48:17.8789378Z       [2m+15 vendor frames [22m
2025-08-28T11:48:17.8789866Z   16  tests/Feature/Chat/MessageTest.php:321
2025-08-28T11:48:17.8790185Z
2025-08-28T11:48:17.8792737Z   ────────────────────────────────────────────────────────────────────────────
2025-08-28T11:48:17.8807414Z    FAILED  Tests\Feature\Chat\MessageTest > `Message Deletio…  QueryException
2025-08-28T11:48:17.8814123Z   SQLSTATE[23502]: Not null violation: 7 ERROR:  null value in column "encrypted_content" of relation "chat_messages" violates not-null constraint
2025-08-28T11:48:17.8818973Z DETAIL:  Failing row contains (01k3r7wrsvtkbm2mpw1tv5jnk7, 01k3r7wmv9gkpcd81gkh5fmwm7, 01k3r7wmtr6t4capqmk2ayzz1j, null, text, null, null, null, null, f, null, sent, 2025-08-28 11:44:31, 2025-08-28 11:44:31, null, null, null, null, null, null, null, null, null, null, null, normal, null, null, null, null, null, null). (Connection: pgsql, SQL: insert into "chat_messages" ("conversation_id", "sender_id", "type", "id", "updated_at", "created_at") values (01k3r7wmv9gkpcd81gkh5fmwm7, 01k3r7wmtr6t4capqmk2ayzz1j, text, 01k3r7wrsvtkbm2mpw1tv5jnk7, 2025-08-28 11:44:31, 2025-08-28 11:44:31))
2025-08-28T11:48:17.8856789Z
2025-08-28T11:48:17.8859663Z   at vendor/laravel/framework/src/Illuminate/Database/Connection.php:570
2025-08-28T11:48:17.8943360Z     566▕             $this->bindValues($statement, $this->prepareBindings($bindings));
2025-08-28T11:48:17.8951998Z     567▕
2025-08-28T11:48:17.8952562Z     568▕             $this->recordsHaveBeenModified();
2025-08-28T11:48:17.8953266Z     569▕
2025-08-28T11:48:17.8953765Z   ➜ 570▕             return $statement->execute();
2025-08-28T11:48:17.8954273Z     571▕         });
2025-08-28T11:48:17.8954627Z     572▕     }
2025-08-28T11:48:17.8954963Z     573▕
2025-08-28T11:48:17.8955292Z     574▕     /**
2025-08-28T11:48:17.8955475Z
2025-08-28T11:48:17.8955727Z       [2m+15 vendor frames [22m
2025-08-28T11:48:17.8956242Z   16  tests/Feature/Chat/MessageTest.php:321
2025-08-28T11:48:17.8956836Z
2025-08-28T11:48:17.8959118Z   ────────────────────────────────────────────────────────────────────────────
2025-08-28T11:48:17.8973483Z    FAILED  Tests\Feature\Chat\MessageTest > `Message Deletio…  QueryException
2025-08-28T11:48:17.8979938Z   SQLSTATE[23502]: Not null violation: 7 ERROR:  null value in column "encrypted_content" of relation "chat_messages" violates not-null constraint
2025-08-28T11:48:17.8984616Z DETAIL:  Failing row contains (01k3r7ww0rapdbggbp1g35prkr, 01k3r7wrx11r2xzd6x84mfe37c, 01k3r7wrwhr197hjec13vetgrm, null, text, null, null, null, null, f, null, sent, 2025-08-28 11:44:34, 2025-08-28 11:44:34, null, null, null, null, null, null, null, null, null, null, null, normal, null, null, null, null, null, null). (Connection: pgsql, SQL: insert into "chat_messages" ("conversation_id", "sender_id", "type", "id", "updated_at", "created_at") values (01k3r7wrx11r2xzd6x84mfe37c, 01k3r7wrwhr197hjec13vetgrm, text, 01k3r7ww0rapdbggbp1g35prkr, 2025-08-28 11:44:34, 2025-08-28 11:44:34))
2025-08-28T11:48:17.9026924Z
2025-08-28T11:48:17.9029970Z   at vendor/laravel/framework/src/Illuminate/Database/Connection.php:570
2025-08-28T11:48:17.9112231Z     566▕             $this->bindValues($statement, $this->prepareBindings($bindings));
2025-08-28T11:48:17.9122136Z     567▕
2025-08-28T11:48:17.9122677Z     568▕             $this->recordsHaveBeenModified();
2025-08-28T11:48:17.9123361Z     569▕
2025-08-28T11:48:17.9123848Z   ➜ 570▕             return $statement->execute();
2025-08-28T11:48:17.9124341Z     571▕         });
2025-08-28T11:48:17.9124707Z     572▕     }
2025-08-28T11:48:17.9125030Z     573▕
2025-08-28T11:48:17.9131437Z     574▕     /**
2025-08-28T11:48:17.9131648Z
2025-08-28T11:48:17.9131962Z       [2m+15 vendor frames [22m
2025-08-28T11:48:17.9132447Z   16  tests/Feature/Chat/MessageTest.php:321
2025-08-28T11:48:17.9132769Z
2025-08-28T11:48:17.9133445Z   ────────────────────────────────────────────────────────────────────────────
2025-08-28T11:48:17.9141584Z    FAILED  Tests\Feature\Chat\MessageTest > `File Messages` → it can create…
2025-08-28T11:48:17.9145189Z   Expected response status code [201] but received 401.
2025-08-28T11:48:17.9145831Z Failed asserting that 401 is identical to 201.
2025-08-28T11:48:17.9150804Z
2025-08-28T11:48:17.9151515Z   at tests/Feature/Chat/MessageTest.php:395
2025-08-28T11:48:17.9216340Z     391▕             'type' => 'file',
2025-08-28T11:48:17.9218813Z     392▕             'file' => $file,
2025-08-28T11:48:17.9219521Z     393▕         ]);
2025-08-28T11:48:17.9220933Z     394▕
2025-08-28T11:48:17.9221422Z   ➜ 395▕         $response->assertStatus(201);
2025-08-28T11:48:17.9224570Z     396▕         $response->assertJsonStructure([
2025-08-28T11:48:17.9225150Z     397▕             'id',
2025-08-28T11:48:17.9225591Z     398▕             'type',
2025-08-28T11:48:17.9226064Z     399▕             'file_name',
2025-08-28T11:48:17.9226335Z
2025-08-28T11:48:17.9228243Z   ────────────────────────────────────────────────────────────────────────────
2025-08-28T11:48:17.9240296Z    FAILED  Tests\Feature\Chat\MessageTest > `File Messages` → it validates f…
2025-08-28T11:48:17.9243659Z   Expected response status code [422] but received 401.
2025-08-28T11:48:17.9244553Z Failed asserting that 401 is identical to 422.
2025-08-28T11:48:17.9250243Z
2025-08-28T11:48:17.9251210Z   at tests/Feature/Chat/MessageTest.php:423
2025-08-28T11:48:17.9320506Z     419▕             'type' => 'file',
2025-08-28T11:48:17.9321397Z     420▕             'file' => $largeFile,
2025-08-28T11:48:17.9322098Z     421▕         ]);
2025-08-28T11:48:17.9322687Z     422▕
2025-08-28T11:48:17.9323619Z   ➜ 423▕         $response->assertStatus(422);
2025-08-28T11:48:17.9325286Z     424▕         $response->assertJsonValidationErrors(['file']);
2025-08-28T11:48:17.9326092Z     425▕     });
2025-08-28T11:48:17.9326609Z     426▕
2025-08-28T11:48:17.9327367Z     427▕     it('validates file type', function () {
2025-08-28T11:48:17.9338297Z
2025-08-28T11:48:17.9338908Z   ────────────────────────────────────────────────────────────────────────────
2025-08-28T11:48:17.9348268Z    FAILED  Tests\Feature\Chat\MessageTest > `File Messages` → it validates f…
2025-08-28T11:48:17.9350709Z   Expected response status code [422] but received 401.
2025-08-28T11:48:17.9351631Z Failed asserting that 401 is identical to 422.
2025-08-28T11:48:17.9357843Z
2025-08-28T11:48:17.9359265Z   at tests/Feature/Chat/MessageTest.php:437
2025-08-28T11:48:17.9435727Z     433▕             'type' => 'file',
2025-08-28T11:48:17.9438303Z     434▕             'file' => $invalidFile,
2025-08-28T11:48:17.9439081Z     435▕         ]);
2025-08-28T11:48:17.9440426Z     436▕
2025-08-28T11:48:17.9440927Z   ➜ 437▕         $response->assertStatus(422);
2025-08-28T11:48:17.9441664Z     438▕         $response->assertJsonValidationErrors(['file']);
2025-08-28T11:48:17.9442218Z     439▕     });
2025-08-28T11:48:17.9442565Z     440▕
2025-08-28T11:48:17.9450387Z     441▕     it('encrypts uploaded files', function () {
2025-08-28T11:48:17.9450849Z
2025-08-28T11:48:17.9451392Z   ────────────────────────────────────────────────────────────────────────────
2025-08-28T11:48:17.9461008Z    FAILED  Tests\Feature\Chat\MessageTest > `File Messages` → it encrypts up…
2025-08-28T11:48:17.9463237Z   Expected response status code [201] but received 401.
2025-08-28T11:48:17.9464601Z Failed asserting that 401 is identical to 201.
2025-08-28T11:48:17.9469790Z
2025-08-28T11:48:17.9470281Z   at tests/Feature/Chat/MessageTest.php:451
2025-08-28T11:48:17.9535973Z     447▕             'type' => 'file',
2025-08-28T11:48:17.9536831Z     448▕             'file' => $file,
2025-08-28T11:48:17.9537514Z     449▕         ]);
2025-08-28T11:48:17.9537995Z     450▕
2025-08-28T11:48:17.9539581Z   ➜ 451▕         $response->assertStatus(201);
2025-08-28T11:48:17.9540073Z     452▕
2025-08-28T11:48:17.9540768Z     453▕         $message = Message::find($response->json('id'));
2025-08-28T11:48:17.9541304Z     454▕
2025-08-28T11:48:17.9541807Z     455▕         // Verify file is stored encrypted
2025-08-28T11:48:17.9542152Z
2025-08-28T11:48:17.9543901Z   ────────────────────────────────────────────────────────────────────────────
2025-08-28T11:48:17.9561213Z    FAILED  Tests\Feature\Chat\MessageTest > `Message Search`…  QueryException
2025-08-28T11:48:17.9564228Z   SQLSTATE[23502]: Not null violation: 7 ERROR:  null value in column "encrypted_content" of relation "chat_messages" violates not-null constraint
2025-08-28T11:48:17.9570666Z DETAIL:  Failing row contains (01k3r7xbv8nd883mjv5whkr4e1, 01k3r7x8n29qafrea2n85w58yq, 01k3r7x8mjwcexrgtrwpanhw9h, null, text, null, null, null, null, f, null, sent, 2025-08-28 11:44:51, 2025-08-28 11:44:51, null, null, null, null, null, null, null, null, null, null, null, normal, null, null, null, null, null, null). (Connection: pgsql, SQL: insert into "chat_messages" ("conversation_id", "sender_id", "type", "id", "updated_at", "created_at") values (01k3r7x8n29qafrea2n85w58yq, 01k3r7x8mjwcexrgtrwpanhw9h, text, 01k3r7xbv8nd883mjv5whkr4e1, 2025-08-28 11:44:51, 2025-08-28 11:44:51))
2025-08-28T11:48:17.9611720Z
2025-08-28T11:48:17.9615681Z   at vendor/laravel/framework/src/Illuminate/Database/Connection.php:570
2025-08-28T11:48:17.9701769Z     566▕             $this->bindValues($statement, $this->prepareBindings($bindings));
2025-08-28T11:48:17.9708177Z     567▕
2025-08-28T11:48:17.9708740Z     568▕             $this->recordsHaveBeenModified();
2025-08-28T11:48:17.9709250Z     569▕
2025-08-28T11:48:17.9709733Z   ➜ 570▕             return $statement->execute();
2025-08-28T11:48:17.9710241Z     571▕         });
2025-08-28T11:48:17.9710585Z     572▕     }
2025-08-28T11:48:17.9710915Z     573▕
2025-08-28T11:48:17.9711231Z     574▕     /**
2025-08-28T11:48:17.9711419Z
2025-08-28T11:48:17.9711669Z       [2m+15 vendor frames [22m
2025-08-28T11:48:17.9712156Z   16  tests/Feature/Chat/MessageTest.php:469
2025-08-28T11:48:17.9712469Z
2025-08-28T11:48:17.9716738Z   ────────────────────────────────────────────────────────────────────────────
2025-08-28T11:48:17.9730894Z    FAILED  Tests\Feature\Chat\MessageTest > `Message Search`…  QueryException
2025-08-28T11:48:17.9738184Z   SQLSTATE[23502]: Not null violation: 7 ERROR:  null value in column "encrypted_content" of relation "chat_messages" violates not-null constraint
2025-08-28T11:48:17.9742689Z DETAIL:  Failing row contains (01k3r7xedf45e50590z941q48z, 01k3r7xbyg1cb6sg6z1qfxhjv8, 01k3r7xbxzaaxbmzf7c6wrp33y, null, text, null, null, null, null, f, null, sent, 2025-08-28 11:44:53, 2025-08-28 11:44:53, null, null, null, null, null, null, null, null, null, null, null, normal, null, null, null, null, null, null). (Connection: pgsql, SQL: insert into "chat_messages" ("conversation_id", "sender_id", "type", "id", "updated_at", "created_at") values (01k3r7xbyg1cb6sg6z1qfxhjv8, 01k3r7xbxzaaxbmzf7c6wrp33y, text, 01k3r7xedf45e50590z941q48z, 2025-08-28 11:44:53, 2025-08-28 11:44:53))
2025-08-28T11:48:17.9781945Z
2025-08-28T11:48:17.9783938Z   at vendor/laravel/framework/src/Illuminate/Database/Connection.php:570
2025-08-28T11:48:17.9865485Z     566▕             $this->bindValues($statement, $this->prepareBindings($bindings));
2025-08-28T11:48:17.9874842Z     567▕
2025-08-28T11:48:17.9875408Z     568▕             $this->recordsHaveBeenModified();
2025-08-28T11:48:17.9875930Z     569▕
2025-08-28T11:48:17.9876413Z   ➜ 570▕             return $statement->execute();
2025-08-28T11:48:17.9876927Z     571▕         });
2025-08-28T11:48:17.9877286Z     572▕     }
2025-08-28T11:48:17.9877617Z     573▕
2025-08-28T11:48:17.9877939Z     574▕     /**
2025-08-28T11:48:17.9878198Z
2025-08-28T11:48:17.9878455Z       [2m+15 vendor frames [22m
2025-08-28T11:48:17.9878941Z   16  tests/Feature/Chat/MessageTest.php:469
2025-08-28T11:48:17.9879257Z
2025-08-28T11:48:17.9881573Z   ────────────────────────────────────────────────────────────────────────────
2025-08-28T11:48:17.9896687Z    FAILED  Tests\Feature\Chat\MessageTest > `Message Search`…  QueryException
2025-08-28T11:48:17.9901815Z   SQLSTATE[23502]: Not null violation: 7 ERROR:  null value in column "encrypted_content" of relation "chat_messages" violates not-null constraint
2025-08-28T11:48:17.9906600Z DETAIL:  Failing row contains (01k3r7xgav9gtszw173jdg11x5, 01k3r7xegq3vb5fqt0cfrn4cqb, 01k3r7xeg7x7ym44hxxj38mwyg, null, text, null, null, null, null, f, null, sent, 2025-08-28 11:44:55, 2025-08-28 11:44:55, null, null, null, null, null, null, null, null, null, null, null, normal, null, null, null, null, null, null). (Connection: pgsql, SQL: insert into "chat_messages" ("conversation_id", "sender_id", "type", "id", "updated_at", "created_at") values (01k3r7xegq3vb5fqt0cfrn4cqb, 01k3r7xeg7x7ym44hxxj38mwyg, text, 01k3r7xgav9gtszw173jdg11x5, 2025-08-28 11:44:55, 2025-08-28 11:44:55))
2025-08-28T11:48:17.9945728Z
2025-08-28T11:48:17.9948573Z   at vendor/laravel/framework/src/Illuminate/Database/Connection.php:570
2025-08-28T11:48:18.0030515Z     566▕             $this->bindValues($statement, $this->prepareBindings($bindings));
2025-08-28T11:48:18.0038253Z     567▕
2025-08-28T11:48:18.0039091Z     568▕             $this->recordsHaveBeenModified();
2025-08-28T11:48:18.0039613Z     569▕
2025-08-28T11:48:18.0040100Z   ➜ 570▕             return $statement->execute();
2025-08-28T11:48:18.0040613Z     571▕         });
2025-08-28T11:48:18.0040977Z     572▕     }
2025-08-28T11:48:18.0041296Z     573▕
2025-08-28T11:48:18.0041624Z     574▕     /**
2025-08-28T11:48:18.0041811Z
2025-08-28T11:48:18.0042066Z       [2m+15 vendor frames [22m
2025-08-28T11:48:18.0042561Z   16  tests/Feature/Chat/MessageTest.php:469
2025-08-28T11:48:18.0042872Z
2025-08-28T11:48:18.0045784Z   ────────────────────────────────────────────────────────────────────────────
2025-08-28T11:48:18.0060966Z    FAILED  Tests\Feature\Chat\MessageTest > `Message Search`…  QueryException
2025-08-28T11:48:18.0065736Z   SQLSTATE[23502]: Not null violation: 7 ERROR:  null value in column "encrypted_content" of relation "chat_messages" violates not-null constraint
2025-08-28T11:48:18.0070317Z DETAIL:  Failing row contains (01k3r7xjmag7s1b2h7n9mekw6t, 01k3r7xgeftg9rbsdew3rxwbe7, 01k3r7xgdysd8nacg8sdpnv5t7, null, text, null, null, null, null, f, null, sent, 2025-08-28 11:44:57, 2025-08-28 11:44:57, null, null, null, null, null, null, null, null, null, null, null, normal, null, null, null, null, null, null). (Connection: pgsql, SQL: insert into "chat_messages" ("conversation_id", "sender_id", "type", "id", "updated_at", "created_at") values (01k3r7xgeftg9rbsdew3rxwbe7, 01k3r7xgdysd8nacg8sdpnv5t7, text, 01k3r7xjmag7s1b2h7n9mekw6t, 2025-08-28 11:44:57, 2025-08-28 11:44:57))
2025-08-28T11:48:18.0110022Z
2025-08-28T11:48:18.0112873Z   at vendor/laravel/framework/src/Illuminate/Database/Connection.php:570
2025-08-28T11:48:18.0194648Z     566▕             $this->bindValues($statement, $this->prepareBindings($bindings));
2025-08-28T11:48:18.0201758Z     567▕
2025-08-28T11:48:18.0202297Z     568▕             $this->recordsHaveBeenModified();
2025-08-28T11:48:18.0202808Z     569▕
2025-08-28T11:48:18.0203504Z   ➜ 570▕             return $statement->execute();
2025-08-28T11:48:18.0204030Z     571▕         });
2025-08-28T11:48:18.0204401Z     572▕     }
2025-08-28T11:48:18.0204732Z     573▕
2025-08-28T11:48:18.0205045Z     574▕     /**
2025-08-28T11:48:18.0205238Z
2025-08-28T11:48:18.0205487Z       [2m+15 vendor frames [22m
2025-08-28T11:48:18.0205962Z   16  tests/Feature/Chat/MessageTest.php:469
2025-08-28T11:48:18.0206285Z
2025-08-28T11:48:18.0208541Z   ────────────────────────────────────────────────────────────────────────────
2025-08-28T11:48:18.0220708Z    FAILED  Tests\Feature\Chat\MessageTest > `Rate Limiting` → it applies rat…
2025-08-28T11:48:18.0226804Z   Expected response status code [201] but received 401.
2025-08-28T11:48:18.0227470Z Failed asserting that 401 is identical to 201.
2025-08-28T11:48:18.0230145Z
2025-08-28T11:48:18.0230565Z   at tests/Feature/Chat/MessageTest.php:542
2025-08-28T11:48:18.0296855Z     538▕                 'type' => 'text',
2025-08-28T11:48:18.0297928Z     539▕             ]);
2025-08-28T11:48:18.0298848Z     540▕
2025-08-28T11:48:18.0299464Z     541▕             if ($i < 59) {
2025-08-28T11:48:18.0300313Z   ➜ 542▕                 $response->assertStatus(201);
2025-08-28T11:48:18.0301256Z     543▕             } else {
2025-08-28T11:48:18.0302083Z     544▕                 // 60th message should be rate limited
2025-08-28T11:48:18.0303250Z     545▕                 $response->assertStatus(429);
2025-08-28T11:48:18.0304132Z     546▕             }
2025-08-28T11:48:18.0306694Z
2025-08-28T11:48:18.0307261Z   ────────────────────────────────────────────────────────────────────────────
2025-08-28T11:48:18.0319698Z    FAILED  Tests\Feature\Chat\MessageTest > `Error Handling` → it handles da…
2025-08-28T11:48:18.0322609Z   Expected response status code [500] but received 401.
2025-08-28T11:48:18.0323722Z Failed asserting that 401 is identical to 500.
2025-08-28T11:48:18.0329468Z
2025-08-28T11:48:18.0329744Z   at tests/Feature/Chat/MessageTest.php:587
2025-08-28T11:48:18.0396561Z     583▕             'content' => 'Test message',
2025-08-28T11:48:18.0397477Z     584▕             'type' => 'text',
2025-08-28T11:48:18.0399803Z     585▕         ]);
2025-08-28T11:48:18.0401236Z     586▕
2025-08-28T11:48:18.0401735Z   ➜ 587▕         $response->assertStatus(500);
2025-08-28T11:48:18.0402238Z     588▕     });
2025-08-28T11:48:18.0402579Z     589▕ });
2025-08-28T11:48:18.0402879Z     590▕
2025-08-28T11:48:18.0403292Z
2025-08-28T11:48:18.0407775Z   ────────────────────────────────────────────────────────────────────────────
2025-08-28T11:48:18.0420803Z    FAILED  Tests\Feature\Chat\MultiDeviceE2EETest > `Multi-Device Security V…
2025-08-28T11:48:18.0423561Z   Exception "InvalidArgumentException" not thrown.
2025-08-28T11:48:18.0427837Z
2025-08-28T11:48:18.0431957Z   at tests/Feature/Chat/MultiDeviceE2EETest.php:900
2025-08-28T11:48:18.0589622Z     896▕         // Try to share keys from high to low security
2025-08-28T11:48:18.0593756Z     897▕         expect(fn () => $this->multiDeviceService->shareKeysWithNewDevice(
2025-08-28T11:48:18.0615806Z     898▕             $highSecurityDevice,
2025-08-28T11:48:18.0617660Z     899▕             $lowSecurityDevice
2025-08-28T11:48:18.0618783Z   ➜ 900▕         ))->toThrow(\InvalidArgumentException::class, 'Security level mismatch');
2025-08-28T11:48:18.0619465Z     901▕     });
2025-08-28T11:48:18.0619800Z     902▕
2025-08-28T11:48:18.0620480Z     903▕     it('validates device capabilities before key operations', function () {
2025-08-28T11:48:18.0621384Z     904▕         // Create device without encryption capability
2025-08-28T11:48:18.0621752Z
2025-08-28T11:48:18.0622031Z   1   tests/Feature/Chat/MultiDeviceE2EETest.php:900
2025-08-28T11:48:18.0622398Z
2025-08-28T11:48:18.0622895Z   ────────────────────────────────────────────────────────────────────────────
2025-08-28T11:48:18.0653543Z    FAILED  Tests\Feature\Chat\MultiDeviceE2EETest > `Multi-Device Security V…
2025-08-28T11:48:18.0654621Z   Exception "InvalidArgumentException" not thrown.
2025-08-28T11:48:18.0655014Z
2025-08-28T11:48:18.0655275Z   at tests/Feature/Chat/MultiDeviceE2EETest.php:923
2025-08-28T11:48:18.0885736Z     919▕         // Try to use device for encryption operations
2025-08-28T11:48:18.0893445Z     920▕         expect(fn () => $this->multiDeviceService->shareKeysWithNewDevice(
2025-08-28T11:48:18.0894226Z     921▕             $this->user1_device1,
2025-08-28T11:48:18.0894766Z     922▕             $basicDevice
2025-08-28T11:48:18.0895880Z   ➜ 923▕         ))->toThrow(\InvalidArgumentException::class, 'Device does not support encryption');
2025-08-28T11:48:18.0896645Z     924▕     });
2025-08-28T11:48:18.0896980Z     925▕
2025-08-28T11:48:18.0897689Z     926▕     it('enforces key rotation for compromised device scenarios', function () {
2025-08-28T11:48:18.0898482Z     927▕         // Setup initial encryption
2025-08-28T11:48:18.0898786Z
2025-08-28T11:48:18.0899066Z   1   tests/Feature/Chat/MultiDeviceE2EETest.php:923
2025-08-28T11:48:18.0899462Z
2025-08-28T11:48:18.0900327Z   ────────────────────────────────────────────────────────────────────────────
2025-08-28T11:48:18.0933969Z    FAILED  Tests\Feature\Chat\MultiDeviceE2EETest > `Multi-D…  QueryException
2025-08-28T11:48:18.0935448Z   SQLSTATE[23514]: Check violation: 7 ERROR:  new row for relation "user_devices" violates check constraint "user_devices_security_level_check"
2025-08-28T11:48:18.0937073Z DETAIL:  Failing row contains (01k3r82nseqmcrp3y5vxgnj293, 01k3r82ktzbwhd1hhg8axyg84b, iPhone 15, mobile, -----BEGIN PUBLIC KEY-----
2025-08-28T11:48:18.0940401Z MIICIjANBgkqhkiG9w0BAQEFAAOCAg8AMIICC..., device1_fingerprint_68b041e110b35, iOS, null, null, f, t, 2025-08-28 11:47:45, 2025-08-28 11:47:45, 2025-08-28 11:47:47, ["messaging","encryption"], compromised, 2, null, null, null, null, 0, null). (Connection: pgsql, SQL: update "user_devices" set "security_level" = compromised, "is_trusted" = 0, "updated_at" = 2025-08-28 11:47:47 where "id" = 01k3r82nseqmcrp3y5vxgnj293)
2025-08-28T11:48:18.0963465Z
2025-08-28T11:48:18.0967923Z   at vendor/laravel/framework/src/Illuminate/Database/Connection.php:595
2025-08-28T11:48:18.1119704Z     591▕             $statement = $this->getPdo()->prepare($query);
2025-08-28T11:48:18.1136357Z     592▕
2025-08-28T11:48:18.1137576Z     593▕             $this->bindValues($statement, $this->prepareBindings($bindings));
2025-08-28T11:48:18.1138614Z     594▕
2025-08-28T11:48:18.1139258Z   ➜ 595▕             $statement->execute();
2025-08-28T11:48:18.1139966Z     596▕
2025-08-28T11:48:18.1140746Z     597▕             $this->recordsHaveBeenModified(
2025-08-28T11:48:18.1141807Z     598▕                 ($count = $statement->rowCount()) > 0
2025-08-28T11:48:18.1142814Z     599▕             );
2025-08-28T11:48:18.1143705Z
2025-08-28T11:48:18.1144204Z       [2m+10 vendor frames [22m
2025-08-28T11:48:18.1145032Z   11  tests/Feature/Chat/MultiDeviceE2EETest.php:938
2025-08-28T11:48:18.1145604Z
2025-08-28T11:48:18.1146434Z   ────────────────────────────────────────────────────────────────────────────
2025-08-28T11:48:18.1181436Z    FAILED  Tests\Feature\Chat\MultiDeviceE2EETest > `Multi-Device Error Reco…
2025-08-28T11:48:18.1191587Z   Failed asserting that 0 is greater than 0.
2025-08-28T11:48:18.1202462Z
2025-08-28T11:48:18.1215907Z   at tests/Feature/Chat/MultiDeviceE2EETest.php:992
2025-08-28T11:48:18.1484508Z     988▕             ->where('to_device_id', $this->user1_device2->id)
2025-08-28T11:48:18.1487788Z     989▕             ->where('is_active', true)
2025-08-28T11:48:18.1488675Z     990▕             ->count();
2025-08-28T11:48:18.1489271Z     991▕
2025-08-28T11:48:18.1490027Z   ➜ 992▕         expect($successfulShares)->toBeGreaterThan(0);
2025-08-28T11:48:18.1490914Z     993▕     });
2025-08-28T11:48:18.1491436Z     994▕
2025-08-28T11:48:18.1492290Z     995▕     it('can handle device deactivation during key operations', function () {
2025-08-28T11:48:18.1493522Z     996▕         // Create pending key share
2025-08-28T11:48:18.1494100Z
2025-08-28T11:48:18.1494863Z   1   tests/Feature/Chat/MultiDeviceE2EETest.php:992
2025-08-28T11:48:18.1495452Z
2025-08-28T11:48:18.1518985Z   ────────────────────────────────────────────────────────────────────────────
2025-08-28T11:48:18.1545228Z    FAILED  Tests\Feature\Chat\MultiDeviceE2EETest > `Multi-Device Error Reco…
2025-08-28T11:48:18.1550954Z   Expected: Key share is expired or inactive
2025-08-28T11:48:18.1555435Z
2025-08-28T11:48:18.1555662Z   To contain: Device is not active
2025-08-28T11:48:18.1560701Z
2025-08-28T11:48:18.1561223Z   at tests/Feature/Chat/MultiDeviceE2EETest.php:1017
2025-08-28T11:48:18.1681588Z     1013▕         expect(fn () => $this->multiDeviceService->acceptKeyShare(
2025-08-28T11:48:18.1686827Z     1014▕             $this->user1_device2,
2025-08-28T11:48:18.1689591Z     1015▕             $keyShare,
2025-08-28T11:48:18.1690144Z     1016▕             'test_symmetric_key'
2025-08-28T11:48:18.1691202Z   ➜ 1017▕         ))->toThrow(\InvalidArgumentException::class, 'Device is not active');
2025-08-28T11:48:18.1691893Z     1018▕
2025-08-28T11:48:18.1692732Z     1019▕         // Verify key share is cancelled
2025-08-28T11:48:18.1693594Z     1020▕         $keyShare->refresh();
2025-08-28T11:48:18.1694253Z     1021▕         expect($keyShare->is_active)->toBeFalse();
2025-08-28T11:48:18.1694619Z
2025-08-28T11:48:18.1694896Z   1   tests/Feature/Chat/MultiDeviceE2EETest.php:1017
2025-08-28T11:48:18.1695253Z
2025-08-28T11:48:18.1696973Z   ────────────────────────────────────────────────────────────────────────────
2025-08-28T11:48:18.1712697Z    FAILED  Tests\Feature\NewActivityLoggingTest > oauth clie…  QueryException
2025-08-28T11:48:18.1722089Z   SQLSTATE[22001]: String data, right truncated: 7 ERROR:  value too long for type character(26) (Connection: pgsql, SQL: insert into "activity_log" ("log_name", "properties", "batch_uuid", "event", "subject_id", "subject_type", "description", "id", "updated_at", "created_at") values (oauth, {"attributes":{"name":"Test OAuth Client","revoked":false,"organization_id":"01k3r8309nsahfst3e1zcyj6m3","allowed_scopes":null,"client_type":"confidential","user_access_scope":"organization_members","user_access_rules":null,"description":null,"website":null,"logo_url":null}}, ?, created, 0198f081-81cd-7028-992f-aa83c2195704, App\Models\Client, created, 01k3r830ekhvdf1mma6v2x71g7, 2025-08-28 11:47:55, 2025-08-28 11:47:55))
2025-08-28T11:48:18.1793736Z
2025-08-28T11:48:18.1797031Z   at vendor/laravel/framework/src/Illuminate/Database/Connection.php:570
2025-08-28T11:48:18.1879509Z     566▕             $this->bindValues($statement, $this->prepareBindings($bindings));
2025-08-28T11:48:18.1887307Z     567▕
2025-08-28T11:48:18.1887852Z     568▕             $this->recordsHaveBeenModified();
2025-08-28T11:48:18.1888367Z     569▕
2025-08-28T11:48:18.1888851Z   ➜ 570▕             return $statement->execute();
2025-08-28T11:48:18.1889371Z     571▕         });
2025-08-28T11:48:18.1889731Z     572▕     }
2025-08-28T11:48:18.1890062Z     573▕
2025-08-28T11:48:18.1890407Z     574▕     /**
2025-08-28T11:48:18.1890607Z
2025-08-28T11:48:18.1890857Z       [2m+23 vendor frames [22m
2025-08-28T11:48:18.1891377Z   24  tests/Feature/NewActivityLoggingTest.php:48
2025-08-28T11:48:18.1891753Z
2025-08-28T11:48:18.1894161Z   ────────────────────────────────────────────────────────────────────────────
2025-08-28T11:48:18.1908457Z    FAILED  Tests\Feature\NewActivityLoggingTest > organizati…  QueryException
2025-08-28T11:48:18.1914896Z   SQLSTATE[23502]: Not null violation: 7 ERROR:  null value in column "created_by" of relation "organization_units" violates not-null constraint
2025-08-28T11:48:18.1919263Z DETAIL:  Failing row contains (01k3r830jh526hympc4ewerv8a, 01k3r830j9p75yjak6vkjtv7ef, TEST_UNIT, Test Unit, department, null, null, null, null, t, 0, 2025-08-28 11:47:56+00, 2025-08-28 11:47:56+00, null, null). (Connection: pgsql, SQL: insert into "organization_units" ("organization_id", "unit_code", "name", "unit_type", "is_active", "id", "updated_at", "created_at") values (01k3r830j9p75yjak6vkjtv7ef, TEST_UNIT, Test Unit, department, 1, 01k3r830jh526hympc4ewerv8a, 2025-08-28 11:47:56, 2025-08-28 11:47:56))
2025-08-28T11:48:18.1958214Z
2025-08-28T11:48:18.1961044Z   at vendor/laravel/framework/src/Illuminate/Database/Connection.php:570
2025-08-28T11:48:18.2040562Z     566▕             $this->bindValues($statement, $this->prepareBindings($bindings));
2025-08-28T11:48:18.2052322Z     567▕
2025-08-28T11:48:18.2052882Z     568▕             $this->recordsHaveBeenModified();
2025-08-28T11:48:18.2053592Z     569▕
2025-08-28T11:48:18.2054092Z   ➜ 570▕             return $statement->execute();
2025-08-28T11:48:18.2054601Z     571▕         });
2025-08-28T11:48:18.2054971Z     572▕     }
2025-08-28T11:48:18.2055300Z     573▕
2025-08-28T11:48:18.2055621Z     574▕     /**
2025-08-28T11:48:18.2055816Z
2025-08-28T11:48:18.2056067Z       [2m+15 vendor frames [22m
2025-08-28T11:48:18.2056587Z   16  tests/Feature/NewActivityLoggingTest.php:72
2025-08-28T11:48:18.2056935Z
2025-08-28T11:48:18.2057444Z   ────────────────────────────────────────────────────────────────────────────
2025-08-28T11:48:18.2070779Z    FAILED  Tests\Feature\NewActivityLoggingTest > organizati…  QueryException
2025-08-28T11:48:18.2079484Z   SQLSTATE[23502]: Not null violation: 7 ERROR:  null value in column "created_by" of relation "organization_units" violates not-null constraint
2025-08-28T11:48:18.2083855Z DETAIL:  Failing row contains (01k3r830p0p5611mtt8r1m96nk, 01k3r830nrjbmh4vt8b00bd5j1, TEST_UNIT, Test Unit, department, null, null, null, null, t, 0, 2025-08-28 11:47:56+00, 2025-08-28 11:47:56+00, null, null). (Connection: pgsql, SQL: insert into "organization_units" ("organization_id", "unit_code", "name", "unit_type", "is_active", "id", "updated_at", "created_at") values (01k3r830nrjbmh4vt8b00bd5j1, TEST_UNIT, Test Unit, department, 1, 01k3r830p0p5611mtt8r1m96nk, 2025-08-28 11:47:56, 2025-08-28 11:47:56))
2025-08-28T11:48:18.2120266Z
2025-08-28T11:48:18.2122602Z   at vendor/laravel/framework/src/Illuminate/Database/Connection.php:570
2025-08-28T11:48:18.2224210Z     566▕             $this->bindValues($statement, $this->prepareBindings($bindings));
2025-08-28T11:48:18.2276362Z     567▕
2025-08-28T11:48:18.2281984Z     568▕             $this->recordsHaveBeenModified();
2025-08-28T11:48:18.2282507Z     569▕
2025-08-28T11:48:18.2282993Z   ➜ 570▕             return $statement->execute();
2025-08-28T11:48:18.2285131Z     571▕         });
2025-08-28T11:48:18.2285748Z     572▕     }
2025-08-28T11:48:18.2286319Z     573▕
2025-08-28T11:48:18.2287240Z     574▕     /**
2025-08-28T11:48:18.2288174Z
2025-08-28T11:48:18.2288656Z       [2m+15 vendor frames [22m
2025-08-28T11:48:18.2289378Z   16  tests/Feature/NewActivityLoggingTest.php:93
2025-08-28T11:48:18.2289872Z
2025-08-28T11:48:18.2290523Z   ────────────────────────────────────────────────────────────────────────────
2025-08-28T11:48:18.2291712Z    FAILED  Tests\Feature\NewActivityLoggingTest > model upda…  QueryException
2025-08-28T11:48:18.2297036Z   SQLSTATE[22001]: String data, right truncated: 7 ERROR:  value too long for type character(26) (Connection: pgsql, SQL: insert into "activity_log" ("log_name", "properties", "batch_uuid", "event", "subject_id", "subject_type", "description", "id", "updated_at", "created_at") values (oauth, {"attributes":{"name":"Test OAuth Client","revoked":false,"organization_id":"01k3r830st2w6tzgx8qenvq58m","allowed_scopes":null,"client_type":"confidential","user_access_scope":"organization_members","user_access_rules":null,"description":null,"website":null,"logo_url":null}}, ?, created, 0198f081-83da-72c6-8f55-8fd7a015c306, App\Models\Client, created, 01k3r830yzfgyghj47bm0wthwg, 2025-08-28 11:47:56, 2025-08-28 11:47:56))
2025-08-28T11:48:18.2326779Z
2025-08-28T11:48:18.2330539Z   at vendor/laravel/framework/src/Illuminate/Database/Connection.php:570
2025-08-28T11:48:18.2414030Z     566▕             $this->bindValues($statement, $this->prepareBindings($bindings));
2025-08-28T11:48:18.2423748Z     567▕
2025-08-28T11:48:18.2424320Z     568▕             $this->recordsHaveBeenModified();
2025-08-28T11:48:18.2425115Z     569▕
2025-08-28T11:48:18.2425610Z   ➜ 570▕             return $statement->execute();
2025-08-28T11:48:18.2426111Z     571▕         });
2025-08-28T11:48:18.2426478Z     572▕     }
2025-08-28T11:48:18.2426804Z     573▕
2025-08-28T11:48:18.2427124Z     574▕     /**
2025-08-28T11:48:18.2427305Z
2025-08-28T11:48:18.2427567Z       [2m+23 vendor frames [22m
2025-08-28T11:48:18.2428082Z   24  tests/Feature/NewActivityLoggingTest.php:136
2025-08-28T11:48:18.2428439Z
2025-08-28T11:48:18.2430655Z   ────────────────────────────────────────────────────────────────────────────
2025-08-28T11:48:18.2445983Z    FAILED  Tests\Feature\NewActivityLoggingTest > activity l…  QueryException
2025-08-28T11:48:18.2453978Z   SQLSTATE[22001]: String data, right truncated: 7 ERROR:  value too long for type character(26) (Connection: pgsql, SQL: insert into "activity_log" ("log_name", "properties", "batch_uuid", "event", "subject_id", "subject_type", "description", "id", "updated_at", "created_at") values (oauth, {"attributes":{"name":"Test OAuth Client","revoked":false,"organization_id":"01k3r8312t4566v3zfgfp61xzj","allowed_scopes":null,"client_type":"confidential","user_access_scope":"organization_members","user_access_rules":null,"description":null,"website":null,"logo_url":null}}, ?, created, 0198f081-84fb-718a-9ce7-dbcf9c18f05f, App\Models\Client, created, 01k3r83180wb9btt3r6d6ckcnk, 2025-08-28 11:47:56, 2025-08-28 11:47:56))
2025-08-28T11:48:18.2526005Z
2025-08-28T11:48:18.2528870Z   at vendor/laravel/framework/src/Illuminate/Database/Connection.php:570
2025-08-28T11:48:18.2610678Z     566▕             $this->bindValues($statement, $this->prepareBindings($bindings));
2025-08-28T11:48:18.2620808Z     567▕
2025-08-28T11:48:18.2621348Z     568▕             $this->recordsHaveBeenModified();
2025-08-28T11:48:18.2621867Z     569▕
2025-08-28T11:48:18.2622349Z   ➜ 570▕             return $statement->execute();
2025-08-28T11:48:18.2622877Z     571▕         });
2025-08-28T11:48:18.2623465Z     572▕     }
2025-08-28T11:48:18.2623792Z     573▕
2025-08-28T11:48:18.2624116Z     574▕     /**
2025-08-28T11:48:18.2624298Z
2025-08-28T11:48:18.2624552Z       [2m+23 vendor frames [22m
2025-08-28T11:48:18.2625076Z   24  tests/Feature/NewActivityLoggingTest.php:176
2025-08-28T11:48:18.2625438Z
2025-08-28T11:48:18.2627109Z   ────────────────────────────────────────────────────────────────────────────
2025-08-28T11:48:18.2642257Z    FAILED  Tests\Feature\OAuth\ClientAccessControlTest > cli…  QueryException
2025-08-28T11:48:18.2649927Z   SQLSTATE[22001]: String data, right truncated: 7 ERROR:  value too long for type character(26) (Connection: pgsql, SQL: insert into "activity_log" ("log_name", "properties", "batch_uuid", "event", "subject_id", "subject_type", "description", "id", "updated_at", "created_at") values (oauth, {"attributes":{"name":"Wilderman-Little","revoked":false,"organization_id":"01k3r831c0te9km209236m3xs0","allowed_scopes":null,"client_type":"confidential","user_access_scope":"all_users","user_access_rules":null,"description":null,"website":null,"logo_url":null}}, ?, created, 0198f081-862f-71ce-8495-274f33f10a53, App\Models\Client, created, 01k3r831hnfmxazfs9srhk5drv, 2025-08-28 11:47:57, 2025-08-28 11:47:57))
2025-08-28T11:48:18.2717017Z
2025-08-28T11:48:18.2719092Z   at vendor/laravel/framework/src/Illuminate/Database/Connection.php:570
2025-08-28T11:48:18.2811424Z     566▕             $this->bindValues($statement, $this->prepareBindings($bindings));
2025-08-28T11:48:18.2812318Z     567▕
2025-08-28T11:48:18.2813015Z     568▕             $this->recordsHaveBeenModified();
2025-08-28T11:48:18.2814113Z     569▕
2025-08-28T11:48:18.2814835Z   ➜ 570▕             return $statement->execute();
2025-08-28T11:48:18.2815607Z     571▕         });
2025-08-28T11:48:18.2818316Z     572▕     }
2025-08-28T11:48:18.2818678Z     573▕
2025-08-28T11:48:18.2819008Z     574▕     /**
2025-08-28T11:48:18.2819203Z
2025-08-28T11:48:18.2819492Z       [2m+22 vendor frames [22m
2025-08-28T11:48:18.2820083Z   23  tests/Feature/OAuth/ClientAccessControlTest.php:55
2025-08-28T11:48:18.2820466Z
2025-08-28T11:48:18.2824146Z   ────────────────────────────────────────────────────────────────────────────
2025-08-28T11:48:18.2840175Z    FAILED  Tests\Feature\OAuth\ClientAccessControlTest > cli…  QueryException
2025-08-28T11:48:18.2847779Z   SQLSTATE[22001]: String data, right truncated: 7 ERROR:  value too long for type character(26) (Connection: pgsql, SQL: insert into "activity_log" ("log_name", "properties", "batch_uuid", "event", "subject_id", "subject_type", "description", "id", "updated_at", "created_at") values (oauth, {"attributes":{"name":"McLaughlin Inc","revoked":false,"organization_id":"01k3r831nnenrb4vapt2rg8ah7","allowed_scopes":null,"client_type":"confidential","user_access_scope":"organization_members","user_access_rules":null,"description":null,"website":null,"logo_url":null}}, ?, created, 0198f081-8765-710f-84bc-c06695fe8e42, App\Models\Client, created, 01k3r831vbtbqs2fwqfyje2rfp, 2025-08-28 11:47:57, 2025-08-28 11:47:57))
2025-08-28T11:48:18.2918943Z
2025-08-28T11:48:18.2922583Z   at vendor/laravel/framework/src/Illuminate/Database/Connection.php:570
2025-08-28T11:48:18.3005660Z     566▕             $this->bindValues($statement, $this->prepareBindings($bindings));
2025-08-28T11:48:18.3012886Z     567▕
2025-08-28T11:48:18.3013614Z     568▕             $this->recordsHaveBeenModified();
2025-08-28T11:48:18.3014133Z     569▕
2025-08-28T11:48:18.3014634Z   ➜ 570▕             return $statement->execute();
2025-08-28T11:48:18.3015146Z     571▕         });
2025-08-28T11:48:18.3015515Z     572▕     }
2025-08-28T11:48:18.3015842Z     573▕
2025-08-28T11:48:18.3016168Z     574▕     /**
2025-08-28T11:48:18.3016353Z
2025-08-28T11:48:18.3016610Z       [2m+22 vendor frames [22m
2025-08-28T11:48:18.3017175Z   23  tests/Feature/OAuth/ClientAccessControlTest.php:66
2025-08-28T11:48:18.3017571Z
2025-08-28T11:48:18.3020214Z   ────────────────────────────────────────────────────────────────────────────
2025-08-28T11:48:18.3034590Z    FAILED  Tests\Feature\OAuth\ClientAccessControlTest > cli…  QueryException
2025-08-28T11:48:18.3042920Z   SQLSTATE[22001]: String data, right truncated: 7 ERROR:  value too long for type character(26) (Connection: pgsql, SQL: insert into "activity_log" ("log_name", "properties", "batch_uuid", "event", "subject_id", "subject_type", "description", "id", "updated_at", "created_at") values (oauth, {"attributes":{"name":"Wunsch, Rolfson and Satterfield","revoked":false,"organization_id":"01k3r831yxz8avwjw59fydt6j8","allowed_scopes":null,"client_type":"confidential","user_access_scope":"custom","user_access_rules":{"user_ids":["01k3r831xyqe7qtx8etws9f6n2"]},"description":null,"website":null,"logo_url":null}}, ?, created, 0198f081-888c-7067-b18c-5aee933523f1, App\Models\Client, created, 01k3r8324hztnn8qzyqktjw69c, 2025-08-28 11:47:57, 2025-08-28 11:47:57))
2025-08-28T11:48:18.3109209Z
2025-08-28T11:48:18.3111669Z   at vendor/laravel/framework/src/Illuminate/Database/Connection.php:570
2025-08-28T11:48:18.3201113Z     566▕             $this->bindValues($statement, $this->prepareBindings($bindings));
2025-08-28T11:48:18.3204467Z     567▕
2025-08-28T11:48:18.3205220Z     568▕             $this->recordsHaveBeenModified();
2025-08-28T11:48:18.3206078Z     569▕
2025-08-28T11:48:18.3206698Z   ➜ 570▕             return $statement->execute();
2025-08-28T11:48:18.3208086Z     571▕         });
2025-08-28T11:48:18.3208467Z     572▕     }
2025-08-28T11:48:18.3208810Z     573▕
2025-08-28T11:48:18.3209134Z     574▕     /**
2025-08-28T11:48:18.3209329Z
2025-08-28T11:48:18.3209578Z       [2m+22 vendor frames [22m
2025-08-28T11:48:18.3211364Z   23  tests/Feature/OAuth/ClientAccessControlTest.php:77
2025-08-28T11:48:18.3211901Z
2025-08-28T11:48:18.3212524Z   ────────────────────────────────────────────────────────────────────────────
2025-08-28T11:48:18.3229554Z    FAILED  Tests\Feature\OAuth\ClientAccessControlTest > cli…  QueryException
2025-08-28T11:48:18.3238260Z   SQLSTATE[22001]: String data, right truncated: 7 ERROR:  value too long for type character(26) (Connection: pgsql, SQL: insert into "activity_log" ("log_name", "properties", "batch_uuid", "event", "subject_id", "subject_type", "description", "id", "updated_at", "created_at") values (oauth, {"attributes":{"name":"Windler-Keeling","revoked":false,"organization_id":"01k3r832853a1bk1cdf412ez5t","allowed_scopes":null,"client_type":"confidential","user_access_scope":"custom","user_access_rules":{"email_domains":["example.com"]},"description":null,"website":null,"logo_url":null}}, ?, created, 0198f081-89c3-7342-9090-8a3d9f5f9652, App\Models\Client, created, 01k3r832e8z712evqe3s3zc00c, 2025-08-28 11:47:58, 2025-08-28 11:47:58))
2025-08-28T11:48:18.3306235Z
2025-08-28T11:48:18.3309440Z   at vendor/laravel/framework/src/Illuminate/Database/Connection.php:570
2025-08-28T11:48:18.3392379Z     566▕             $this->bindValues($statement, $this->prepareBindings($bindings));
2025-08-28T11:48:18.3400271Z     567▕
2025-08-28T11:48:18.3400825Z     568▕             $this->recordsHaveBeenModified();
2025-08-28T11:48:18.3401338Z     569▕
2025-08-28T11:48:18.3401824Z   ➜ 570▕             return $statement->execute();
2025-08-28T11:48:18.3402338Z     571▕         });
2025-08-28T11:48:18.3402696Z     572▕     }
2025-08-28T11:48:18.3403219Z     573▕
2025-08-28T11:48:18.3403571Z     574▕     /**
2025-08-28T11:48:18.3403755Z
2025-08-28T11:48:18.3404008Z       [2m+22 vendor frames [22m
2025-08-28T11:48:18.3404575Z   23  tests/Feature/OAuth/ClientAccessControlTest.php:91
2025-08-28T11:48:18.3404957Z
2025-08-28T11:48:18.3406560Z   ────────────────────────────────────────────────────────────────────────────
2025-08-28T11:48:18.3423379Z    FAILED  Tests\Feature\OAuth\ClientAccessControlTest > cli…  QueryException
2025-08-28T11:48:18.3431945Z   SQLSTATE[22001]: String data, right truncated: 7 ERROR:  value too long for type character(26) (Connection: pgsql, SQL: insert into "activity_log" ("log_name", "properties", "batch_uuid", "event", "subject_id", "subject_type", "description", "id", "updated_at", "created_at") values (oauth, {"attributes":{"name":"Predovic-Jakubowski","revoked":false,"organization_id":"01k3r832hvg8aanjdn4grfd6j0","allowed_scopes":null,"client_type":"confidential","user_access_scope":"custom","user_access_rules":{"organization_roles":["manager"]},"description":null,"website":null,"logo_url":null}}, ?, created, 0198f081-8ae9-7338-80b8-6ad8d96c016b, App\Models\Client, created, 01k3r832qf7e62tepy8cheymq6, 2025-08-28 11:47:58, 2025-08-28 11:47:58))
2025-08-28T11:48:18.3497577Z
2025-08-28T11:48:18.3499697Z   at vendor/laravel/framework/src/Illuminate/Database/Connection.php:570
2025-08-28T11:48:18.3582719Z     566▕             $this->bindValues($statement, $this->prepareBindings($bindings));
2025-08-28T11:48:18.3586475Z     567▕
2025-08-28T11:48:18.3589018Z     568▕             $this->recordsHaveBeenModified();
2025-08-28T11:48:18.3590509Z     569▕
2025-08-28T11:48:18.3591051Z   ➜ 570▕             return $statement->execute();
2025-08-28T11:48:18.3591908Z     571▕         });
2025-08-28T11:48:18.3592261Z     572▕     }
2025-08-28T11:48:18.3592597Z     573▕
2025-08-28T11:48:18.3592912Z     574▕     /**
2025-08-28T11:48:18.3593292Z
2025-08-28T11:48:18.3593561Z       [2m+22 vendor frames [22m
2025-08-28T11:48:18.3594130Z   23  tests/Feature/OAuth/ClientAccessControlTest.php:108
2025-08-28T11:48:18.3594512Z
2025-08-28T11:48:18.3597837Z   ────────────────────────────────────────────────────────────────────────────
2025-08-28T11:48:18.3613537Z    FAILED  Tests\Feature\OAuth\ClientAccessControlTe…  BadMethodCallException
2025-08-28T11:48:18.3616553Z   Call to undefined method App\Models\OrganizationPositionLevel::factory()
2025-08-28T11:48:18.3625712Z
2025-08-28T11:48:18.3628098Z   at vendor/laravel/framework/src/Illuminate/Support/Traits/ForwardsCalls.php:67
2025-08-28T11:48:18.3636251Z      63▕      * @throws \BadMethodCallException
2025-08-28T11:48:18.3636933Z      64▕      */
2025-08-28T11:48:18.3640744Z      65▕     protected static function throwBadMethodCallException($method)
2025-08-28T11:48:18.3641639Z      66▕     {
2025-08-28T11:48:18.3642388Z   ➜  67▕         throw new BadMethodCallException(sprintf(
2025-08-28T11:48:18.3643734Z      68▕             'Call to undefined method %s::%s()', static::class, $method
2025-08-28T11:48:18.3644501Z      69▕         ));
2025-08-28T11:48:18.3645026Z      70▕     }
2025-08-28T11:48:18.3645540Z      71▕ }
2025-08-28T11:48:18.3645844Z
2025-08-28T11:48:18.3646211Z       [2m+4 vendor frames [22m
2025-08-28T11:48:18.3646974Z   5   tests/Feature/OAuth/ClientAccessControlTest.php:127
2025-08-28T11:48:18.3647614Z
2025-08-28T11:48:18.3652494Z   ────────────────────────────────────────────────────────────────────────────
2025-08-28T11:48:18.3665934Z    FAILED  Tests\Feature\OAuth\ClientAccessControlTest > oau…  QueryException
2025-08-28T11:48:18.3672364Z   Array to string conversion (Connection: pgsql, SQL: insert into "oauth_clients" ("owner_id", "owner_type", "name", "secret", "redirect_uris", "grant_types", "revoked", "organization_id", "user_access_scope", "redirect", "id", "updated_at", "created_at") values (?, ?, Adams, Windler and Kozey, $argon2id$v=19$m=65536,t=4,p=1$M2MzckRIWmpUMTJnNmtuNA$BxU2trL/lokMGIaF34nCPK/hnPXnzTDFZFBaKiSEDZ8, ["http:\/\/www.olson.biz\/"], ["authorization_code","refresh_token"], 0, 01k3r832zfbcj5vwpezxckpzsm, organization_members, ?, 0198f081-8c9d-71cf-b2b9-e0c878464b59, 2025-08-28 11:47:58, 2025-08-28 11:47:58))
2025-08-28T11:48:18.3714301Z
2025-08-28T11:48:18.3717576Z   at vendor/laravel/framework/src/Illuminate/Database/Connection.php:718
2025-08-28T11:48:18.3800681Z     714▕      */
2025-08-28T11:48:18.3808858Z     715▕     public function bindValues($statement, $bindings)
2025-08-28T11:48:18.3809431Z     716▕     {
2025-08-28T11:48:18.3809969Z     717▕         foreach ($bindings as $key => $value) {
2025-08-28T11:48:18.3810595Z   ➜ 718▕             $statement->bindValue(
2025-08-28T11:48:18.3811530Z     719▕                 is_string($key) ? $key : $key + 1,
2025-08-28T11:48:18.3812335Z     720▕                 $value,
2025-08-28T11:48:18.3812832Z     721▕                 match (true) {
2025-08-28T11:48:18.3813799Z     722▕                     is_int($value) => PDO::PARAM_INT,
2025-08-28T11:48:18.3814147Z
2025-08-28T11:48:18.3814418Z       [2m+14 vendor frames [22m
2025-08-28T11:48:18.3814986Z   15  tests/Feature/OAuth/ClientAccessControlTest.php:158
2025-08-28T11:48:18.3815382Z
2025-08-28T11:48:18.3818485Z   ────────────────────────────────────────────────────────────────────────────
2025-08-28T11:48:18.3831813Z    FAILED  Tests\Feature\OAuth\ClientAccessControlTest > all…  QueryException
2025-08-28T11:48:18.3839773Z   Array to string conversion (Connection: pgsql, SQL: insert into "oauth_clients" ("owner_id", "owner_type", "name", "secret", "redirect_uris", "grant_types", "revoked", "organization_id", "user_access_scope", "redirect", "id", "updated_at", "created_at") values (?, ?, Lehner, Hamill and Wunsch, $argon2id$v=19$m=65536,t=4,p=1$czdqTkRnWWdOYm1MdHNpMQ$UpXqGCUwCf4ueybQeeissQCLkE++iXbdYMMfcZVitiw, ["https:\/\/www.murphy.com\/omnis-et-adipisci-odit-non-quis-animi-ea"], ["authorization_code","refresh_token"], 0, 01k3r8338wps1d6kaktx2zwrrm, all_users, ?, 0198f081-8dcc-70c5-a295-58dac0661508, 2025-08-28 11:47:59, 2025-08-28 11:47:59))
2025-08-28T11:48:18.3877898Z
2025-08-28T11:48:18.3881338Z   at vendor/laravel/framework/src/Illuminate/Database/Connection.php:718
2025-08-28T11:48:18.3961823Z     714▕      */
2025-08-28T11:48:18.3964476Z     715▕     public function bindValues($statement, $bindings)
2025-08-28T11:48:18.3967179Z     716▕     {
2025-08-28T11:48:18.3968027Z     717▕         foreach ($bindings as $key => $value) {
2025-08-28T11:48:18.3970004Z   ➜ 718▕             $statement->bindValue(
2025-08-28T11:48:18.3973979Z     719▕                 is_string($key) ? $key : $key + 1,
2025-08-28T11:48:18.3974930Z     720▕                 $value,
2025-08-28T11:48:18.3975744Z     721▕                 match (true) {
2025-08-28T11:48:18.3976770Z     722▕                     is_int($value) => PDO::PARAM_INT,
2025-08-28T11:48:18.3977388Z
2025-08-28T11:48:18.3977838Z       [2m+14 vendor frames [22m
2025-08-28T11:48:18.3978702Z   15  tests/Feature/OAuth/ClientAccessControlTest.php:188
2025-08-28T11:48:18.3979566Z
2025-08-28T11:48:18.3980765Z   ────────────────────────────────────────────────────────────────────────────
2025-08-28T11:48:18.3992671Z    FAILED  Tests\Feature\OAuth\ClientAccessControlTest > cli…  QueryException
2025-08-28T11:48:18.4000503Z   SQLSTATE[22001]: String data, right truncated: 7 ERROR:  value too long for type character(26) (Connection: pgsql, SQL: insert into "activity_log" ("log_name", "properties", "batch_uuid", "event", "subject_id", "subject_type", "description", "id", "updated_at", "created_at") values (oauth, {"attributes":{"name":"Buckridge-Langworth","revoked":false,"organization_id":"01k3r833hzj7p5gc3kxp7radsy","allowed_scopes":null,"client_type":"confidential","user_access_scope":"all_users","user_access_rules":null,"description":null,"website":null,"logo_url":null}}, ?, created, 0198f081-8eec-714f-a899-1500c3d05b4e, App\Models\Client, created, 01k3r833qj2w9f6sr0bmwwawze, 2025-08-28 11:47:59, 2025-08-28 11:47:59))
2025-08-28T11:48:18.4072149Z
2025-08-28T11:48:18.4076087Z   at vendor/laravel/framework/src/Illuminate/Database/Connection.php:570
2025-08-28T11:48:18.4157430Z     566▕             $this->bindValues($statement, $this->prepareBindings($bindings));
2025-08-28T11:48:18.4164651Z     567▕
2025-08-28T11:48:18.4165192Z     568▕             $this->recordsHaveBeenModified();
2025-08-28T11:48:18.4165706Z     569▕
2025-08-28T11:48:18.4166204Z   ➜ 570▕             return $statement->execute();
2025-08-28T11:48:18.4166707Z     571▕         });
2025-08-28T11:48:18.4167073Z     572▕     }
2025-08-28T11:48:18.4167397Z     573▕
2025-08-28T11:48:18.4167720Z     574▕     /**
2025-08-28T11:48:18.4167907Z
2025-08-28T11:48:18.4168166Z       [2m+22 vendor frames [22m
2025-08-28T11:48:18.4168750Z   23  tests/Feature/OAuth/ClientAccessControlTest.php:217
2025-08-28T11:48:18.4169418Z
2025-08-28T11:48:18.4171644Z   ────────────────────────────────────────────────────────────────────────────
2025-08-28T11:48:18.4185792Z    FAILED  Tests\Feature\OAuth\ClientAccessControlTest > cli…  QueryException
2025-08-28T11:48:18.4193903Z   SQLSTATE[22001]: String data, right truncated: 7 ERROR:  value too long for type character(26) (Connection: pgsql, SQL: insert into "activity_log" ("log_name", "properties", "batch_uuid", "event", "subject_id", "subject_type", "description", "id", "updated_at", "created_at") values (oauth, {"attributes":{"name":"Lang Group","revoked":false,"organization_id":"01k3r833v48t2bzap6m958zp9v","allowed_scopes":null,"client_type":"confidential","user_access_scope":"all_users","user_access_rules":null,"description":null,"website":null,"logo_url":null}}, ?, created, 0198f081-9013-71f0-9073-938c21916d39, App\Models\Client, created, 01k3r8340stexetnkb08b0n0dq, 2025-08-28 11:47:59, 2025-08-28 11:47:59))
2025-08-28T11:48:18.4260378Z
2025-08-28T11:48:18.4264237Z   at vendor/laravel/framework/src/Illuminate/Database/Connection.php:570
2025-08-28T11:48:18.4347760Z     566▕             $this->bindValues($statement, $this->prepareBindings($bindings));
2025-08-28T11:48:18.4350465Z     567▕
2025-08-28T11:48:18.4351904Z     568▕             $this->recordsHaveBeenModified();
2025-08-28T11:48:18.4352581Z     569▕
2025-08-28T11:48:18.4353430Z   ➜ 570▕             return $statement->execute();
2025-08-28T11:48:18.4354878Z     571▕         });
2025-08-28T11:48:18.4355256Z     572▕     }
2025-08-28T11:48:18.4355595Z     573▕
2025-08-28T11:48:18.4355906Z     574▕     /**
2025-08-28T11:48:18.4356097Z
2025-08-28T11:48:18.4356351Z       [2m+22 vendor frames [22m
2025-08-28T11:48:18.4356909Z   23  tests/Feature/OAuth/ClientAccessControlTest.php:254
2025-08-28T11:48:18.4357295Z
2025-08-28T11:48:18.4361644Z   ────────────────────────────────────────────────────────────────────────────
2025-08-28T11:48:18.4374940Z    FAILED  Tests\Feature\OAuth\ClientAccessControlTest > client validation r…
2025-08-28T11:48:18.4378432Z   Expected response status code [422] but received 404.
2025-08-28T11:48:18.4379534Z Failed asserting that 404 is identical to 422.
2025-08-28T11:48:18.4385343Z
2025-08-28T11:48:18.4385700Z   at tests/Feature/OAuth/ClientAccessControlTest.php:289
2025-08-28T11:48:18.4423266Z     285▕             'client_type' => 'public',
2025-08-28T11:48:18.4425953Z     286▕             // Missing user_access_scope - should fail validation
2025-08-28T11:48:18.4428038Z     287▕         ]);
2025-08-28T11:48:18.4428420Z     288▕
2025-08-28T11:48:18.4428890Z   ➜ 289▕         $response->assertStatus(422)
2025-08-28T11:48:18.4429660Z     290▕             ->assertJsonValidationErrors(['user_access_scope']);
2025-08-28T11:48:18.4430255Z     291▕     }
2025-08-28T11:48:18.4430578Z     292▕
2025-08-28T11:48:18.4431190Z     293▕     public function test_client_validation_for_custom_rules()
2025-08-28T11:48:18.4431604Z
2025-08-28T11:48:18.4434717Z   ────────────────────────────────────────────────────────────────────────────
2025-08-28T11:48:18.4447862Z    FAILED  Tests\Feature\OAuth\ClientAccessControlTest > client validation f…
2025-08-28T11:48:18.4450400Z   Expected response status code [422] but received 404.
2025-08-28T11:48:18.4453334Z Failed asserting that 404 is identical to 422.
2025-08-28T11:48:18.4458356Z
2025-08-28T11:48:18.4458869Z   at tests/Feature/OAuth/ClientAccessControlTest.php:306
2025-08-28T11:48:18.4494690Z     302▕             'user_access_scope' => 'custom',
2025-08-28T11:48:18.4497848Z     303▕             // Missing user_access_rules - should fail validation
2025-08-28T11:48:18.4498657Z     304▕         ]);
2025-08-28T11:48:18.4499142Z     305▕
2025-08-28T11:48:18.4499744Z   ➜ 306▕         $response->assertStatus(422)
2025-08-28T11:48:18.4500836Z     307▕             ->assertJsonValidationErrors(['user_access_rules']);
2025-08-28T11:48:18.4501758Z     308▕     }
2025-08-28T11:48:18.4502288Z     309▕
2025-08-28T11:48:18.4506250Z     310▕     public function test_client_validation_for_email_domains()
2025-08-28T11:48:18.4506687Z
2025-08-28T11:48:18.4507173Z   ────────────────────────────────────────────────────────────────────────────
2025-08-28T11:48:18.4519446Z    FAILED  Tests\Feature\OAuth\ClientAccessControlTest > client validation f…
2025-08-28T11:48:18.4521883Z   Expected response status code [422] but received 404.
2025-08-28T11:48:18.4522706Z Failed asserting that 404 is identical to 422.
2025-08-28T11:48:18.4528638Z
2025-08-28T11:48:18.4531072Z   at tests/Feature/OAuth/ClientAccessControlTest.php:325
2025-08-28T11:48:18.4567560Z     321▕                 'email_domains' => ['invalid-domain'], // Invalid domain format
2025-08-28T11:48:18.4570137Z     322▕             ],
2025-08-28T11:48:18.4570790Z     323▕         ]);
2025-08-28T11:48:18.4572009Z     324▕
2025-08-28T11:48:18.4572507Z   ➜ 325▕         $response->assertStatus(422)
2025-08-28T11:48:18.4573660Z     326▕             ->assertJsonValidationErrors(['user_access_rules.email_domains.0']);
2025-08-28T11:48:18.4574377Z     327▕     }
2025-08-28T11:48:18.4574720Z     328▕
2025-08-28T11:48:18.4575382Z     329▕     public function test_client_without_organization_is_rejected()
2025-08-28T11:48:18.4575832Z
2025-08-28T11:48:18.4578398Z   ────────────────────────────────────────────────────────────────────────────
2025-08-28T11:48:18.4594435Z    FAILED  Tests\Feature\OAuth\ClientAccessControlTest > cli…  QueryException
2025-08-28T11:48:18.4598000Z   SQLSTATE[23502]: Not null violation: 7 ERROR:  null value in column "organization_id" of relation "oauth_clients" violates not-null constraint
2025-08-28T11:48:18.4606749Z DETAIL:  Failing row contains (0198f081-932a-726e-ae90-20d62bdbc45f, null, null, Wilkinson Inc, $argon2id$v=19$m=65536,t=4,p=1$UFJmNGpiQ093UFNYQTl5Tg$FDO6cyFUUC..., null, ["https:\/\/www.thompson.com\/et-voluptatem-qui-autem-voluptas-s..., ["authorization_code","refresh_token"], f, 2025-08-28 11:48:00+00, 2025-08-28 11:48:00+00, null, null, null, null, null, null, null, null, confidential, null, all_users, null). (Connection: pgsql, SQL: insert into "oauth_clients" ("owner_id", "owner_type", "name", "secret", "redirect_uris", "grant_types", "revoked", "organization_id", "user_access_scope", "id", "updated_at", "created_at") values (?, ?, Wilkinson Inc, $argon2id$v=19$m=65536,t=4,p=1$UFJmNGpiQ093UFNYQTl5Tg$FDO6cyFUUCcyWuNIYKZf8m6VoSi52vDP3udNjYBUWzU, ["https:\/\/www.thompson.com\/et-voluptatem-qui-autem-voluptas-sit"], ["authorization_code","refresh_token"], 0, ?, all_users, 0198f081-932a-726e-ae90-20d62bdbc45f, 2025-08-28 11:48:00, 2025-08-28 11:48:00))
2025-08-28T11:48:18.4643449Z
2025-08-28T11:48:18.4646472Z   at vendor/laravel/framework/src/Illuminate/Database/Connection.php:570
2025-08-28T11:48:18.4729653Z     566▕             $this->bindValues($statement, $this->prepareBindings($bindings));
2025-08-28T11:48:18.4742562Z     567▕
2025-08-28T11:48:18.4743291Z     568▕             $this->recordsHaveBeenModified();
2025-08-28T11:48:18.4744091Z     569▕
2025-08-28T11:48:18.4744784Z   ➜ 570▕             return $statement->execute();
2025-08-28T11:48:18.4745284Z     571▕         });
2025-08-28T11:48:18.4745652Z     572▕     }
2025-08-28T11:48:18.4745974Z     573▕
2025-08-28T11:48:18.4746288Z     574▕     /**
2025-08-28T11:48:18.4746469Z
2025-08-28T11:48:18.4746713Z       [2m+14 vendor frames [22m
2025-08-28T11:48:18.4747262Z   15  tests/Feature/OAuth/ClientAccessControlTest.php:331
2025-08-28T11:48:18.4747635Z
2025-08-28T11:48:18.4748105Z   ────────────────────────────────────────────────────────────────────────────
2025-08-28T11:48:18.4756347Z    FAILED  Tests\Feature\PermissionManagementTest > can create permission
2025-08-28T11:48:18.4760409Z   Expected response status code [201, 301, 302, 303, 307, 308] but received 403.
2025-08-28T11:48:18.4761340Z Failed asserting that false is true.
2025-08-28T11:48:18.4765123Z
2025-08-28T11:48:18.4767341Z   at tests/Feature/PermissionManagementTest.php:58
2025-08-28T11:48:18.4793488Z      54▕         'name' => 'test:permission',
2025-08-28T11:48:18.4796609Z      55▕         'guard_name' => 'web',
2025-08-28T11:48:18.4797300Z      56▕     ]);
2025-08-28T11:48:18.4797767Z      57▕
2025-08-28T11:48:18.4798484Z   ➜  58▕     $response->assertRedirect(route('permissions.index'));
2025-08-28T11:48:18.4799705Z      59▕     $response->assertSessionHas('success');
2025-08-28T11:48:18.4800442Z      60▕
2025-08-28T11:48:18.4801418Z      61▕     $permission = Permission::where('name', 'test:permission')->first();
2025-08-28T11:48:18.4802405Z      62▕     expect($permission)->not->toBeNull();
2025-08-28T11:48:18.4805198Z
2025-08-28T11:48:18.4805758Z   ────────────────────────────────────────────────────────────────────────────
2025-08-28T11:48:18.4817219Z    FAILED  Tests\Feature\PermissionManagementTest > can update permission
2025-08-28T11:48:18.4821055Z   Expected response status code [201, 301, 302, 303, 307, 308] but received 403.
2025-08-28T11:48:18.4821776Z Failed asserting that false is true.
2025-08-28T11:48:18.4827452Z
2025-08-28T11:48:18.4830836Z   at tests/Feature/PermissionManagementTest.php:74
2025-08-28T11:48:18.4855346Z      70▕         'name' => 'new:permission',
2025-08-28T11:48:18.4857818Z      71▕         'guard_name' => 'web',
2025-08-28T11:48:18.4858532Z      72▕     ]);
2025-08-28T11:48:18.4859946Z      73▕
2025-08-28T11:48:18.4860564Z   ➜  74▕     $response->assertRedirect(route('permissions.index'));
2025-08-28T11:48:18.4861317Z      75▕     $response->assertSessionHas('success');
2025-08-28T11:48:18.4861801Z      76▕
2025-08-28T11:48:18.4862227Z      77▕     $permission->refresh();
2025-08-28T11:48:18.4862901Z      78▕     expect($permission->name)->toBe('new:permission');
2025-08-28T11:48:18.4863500Z
2025-08-28T11:48:18.4865945Z   ────────────────────────────────────────────────────────────────────────────
2025-08-28T11:48:18.4879892Z    FAILED  Tests\Feature\PermissionManagementTest > can delete permission wi…
2025-08-28T11:48:18.4888164Z   Expected response status code [201, 301, 302, 303, 307, 308] but received 500.
2025-08-28T11:48:18.4893002Z Failed asserting that false is true.
2025-08-28T11:48:18.4895574Z
2025-08-28T11:48:18.4895955Z The following exception occurred during the last request:
2025-08-28T11:48:18.4896330Z
2025-08-28T11:48:18.4897941Z Error: Call to private method App\Services\ActivityLogService::log() from scope App\Http\Controllers\PermissionController in /home/runner/work/baselaravel12/baselaravel12/app/Http/Controllers/PermissionController.php:119
2025-08-28T11:48:18.4899371Z Stack trace:
2025-08-28T11:48:18.4900852Z #0 /home/runner/work/baselaravel12/baselaravel12/vendor/laravel/framework/src/Illuminate/Routing/Controller.php(54): App\Http\Controllers\PermissionController->destroy()
2025-08-28T11:48:18.4903443Z #1 /home/runner/work/baselaravel12/baselaravel12/vendor/laravel/framework/src/Illuminate/Routing/ControllerDispatcher.php(43): Illuminate\Routing\Controller->callAction()
2025-08-28T11:48:18.4905861Z #2 /home/runner/work/baselaravel12/baselaravel12/vendor/laravel/framework/src/Illuminate/Routing/Route.php(265): Illuminate\Routing\ControllerDispatcher->dispatch()
2025-08-28T11:48:18.4908333Z #3 /home/runner/work/baselaravel12/baselaravel12/vendor/laravel/framework/src/Illuminate/Routing/Route.php(211): Illuminate\Routing\Route->runController()
2025-08-28T11:48:18.4910441Z #4 /home/runner/work/baselaravel12/baselaravel12/vendor/laravel/framework/src/Illuminate/Routing/Router.php(822): Illuminate\Routing\Route->run()
2025-08-28T11:48:18.4912713Z #5 /home/runner/work/baselaravel12/baselaravel12/vendor/laravel/framework/src/Illuminate/Pipeline/Pipeline.php(180): Illuminate\Routing\Router->Illuminate\Routing\{closure}()
2025-08-28T11:48:18.4915157Z #6 /home/runner/work/baselaravel12/baselaravel12/app/Http/Middleware/CheckPermission.php(128): Illuminate\Pipeline\Pipeline->Illuminate\Pipeline\{closure}()
2025-08-28T11:48:18.4917391Z #7 /home/runner/work/baselaravel12/baselaravel12/vendor/laravel/framework/src/Illuminate/Pipeline/Pipeline.php(219): App\Http\Middleware\CheckPermission->handle()
2025-08-28T11:48:18.4919706Z #8 /home/runner/work/baselaravel12/baselaravel12/app/Http/Middleware/SessionTrackingMiddleware.php(39): Illuminate\Pipeline\Pipeline->Illuminate\Pipeline\{closure}()
2025-08-28T11:48:18.4922118Z #9 /home/runner/work/baselaravel12/baselaravel12/vendor/laravel/framework/src/Illuminate/Pipeline/Pipeline.php(219): App\Http\Middleware\SessionTrackingMiddleware->handle()
2025-08-28T11:48:18.4924611Z #10 /home/runner/work/baselaravel12/baselaravel12/app/Http/Middleware/TrustedDeviceMiddleware.php(57): Illuminate\Pipeline\Pipeline->Illuminate\Pipeline\{closure}()
2025-08-28T11:48:18.4926958Z #11 /home/runner/work/baselaravel12/baselaravel12/vendor/laravel/framework/src/Illuminate/Pipeline/Pipeline.php(219): App\Http\Middleware\TrustedDeviceMiddleware->handle()
2025-08-28T11:48:18.4929224Z #12 /home/runner/work/baselaravel12/baselaravel12/app/Http/Middleware/EnsureMfaVerified.php(58): Illuminate\Pipeline\Pipeline->Illuminate\Pipeline\{closure}()
2025-08-28T11:48:18.4931470Z #13 /home/runner/work/baselaravel12/baselaravel12/vendor/laravel/framework/src/Illuminate/Pipeline/Pipeline.php(219): App\Http\Middleware\EnsureMfaVerified->handle()
2025-08-28T11:48:18.4934253Z #14 /home/runner/work/baselaravel12/baselaravel12/vendor/laravel/framework/src/Illuminate/Auth/Middleware/EnsureEmailIsVerified.php(41): Illuminate\Pipeline\Pipeline->Illuminate\Pipeline\{closure}()
2025-08-28T11:48:18.4936962Z #15 /home/runner/work/baselaravel12/baselaravel12/vendor/laravel/framework/src/Illuminate/Pipeline/Pipeline.php(219): Illuminate\Auth\Middleware\EnsureEmailIsVerified->handle()
2025-08-28T11:48:18.4939883Z #16 /home/runner/work/baselaravel12/baselaravel12/vendor/laravel/framework/src/Illuminate/Http/Middleware/AddLinkHeadersForPreloadedAssets.php(32): Illuminate\Pipeline\Pipeline->Illuminate\Pipeline\{closure}()
2025-08-28T11:48:18.4943202Z #17 /home/runner/work/baselaravel12/baselaravel12/vendor/laravel/framework/src/Illuminate/Pipeline/Pipeline.php(219): Illuminate\Http\Middleware\AddLinkHeadersForPreloadedAssets->handle()
2025-08-28T11:48:18.4945771Z #18 /home/runner/work/baselaravel12/baselaravel12/vendor/inertiajs/inertia-laravel/src/Middleware.php(96): Illuminate\Pipeline\Pipeline->Illuminate\Pipeline\{closure}()
2025-08-28T11:48:18.4947991Z #19 /home/runner/work/baselaravel12/baselaravel12/vendor/laravel/framework/src/Illuminate/Pipeline/Pipeline.php(219): Inertia\Middleware->handle()
2025-08-28T11:48:18.4950280Z #20 /home/runner/work/baselaravel12/baselaravel12/app/Http/Middleware/SetPermissionTeamContext.php(31): Illuminate\Pipeline\Pipeline->Illuminate\Pipeline\{closure}()
2025-08-28T11:48:18.4952726Z #21 /home/runner/work/baselaravel12/baselaravel12/vendor/laravel/framework/src/Illuminate/Pipeline/Pipeline.php(219): App\Http\Middleware\SetPermissionTeamContext->handle()
2025-08-28T11:48:18.4955252Z #22 /home/runner/work/baselaravel12/baselaravel12/app/Http/Middleware/HandleAppearance.php(21): Illuminate\Pipeline\Pipeline->Illuminate\Pipeline\{closure}()
2025-08-28T11:48:18.4957814Z #23 /home/runner/work/baselaravel12/baselaravel12/vendor/laravel/framework/src/Illuminate/Pipeline/Pipeline.php(219): App\Http\Middleware\HandleAppearance->handle()
2025-08-28T11:48:18.4960523Z #24 /home/runner/work/baselaravel12/baselaravel12/vendor/laravel/framework/src/Illuminate/Routing/Middleware/SubstituteBindings.php(50): Illuminate\Pipeline\Pipeline->Illuminate\Pipeline\{closure}()
2025-08-28T11:48:18.4963413Z #25 /home/runner/work/baselaravel12/baselaravel12/vendor/laravel/framework/src/Illuminate/Pipeline/Pipeline.php(219): Illuminate\Routing\Middleware\SubstituteBindings->handle()
2025-08-28T11:48:18.4966094Z #26 /home/runner/work/baselaravel12/baselaravel12/vendor/laravel/framework/src/Illuminate/Auth/Middleware/Authenticate.php(63): Illuminate\Pipeline\Pipeline->Illuminate\Pipeline\{closure}()
2025-08-28T11:48:18.4968646Z #27 /home/runner/work/baselaravel12/baselaravel12/vendor/laravel/framework/src/Illuminate/Pipeline/Pipeline.php(219): Illuminate\Auth\Middleware\Authenticate->handle()
2025-08-28T11:48:18.4971362Z #28 /home/runner/work/baselaravel12/baselaravel12/vendor/laravel/framework/src/Illuminate/Foundation/Http/Middleware/VerifyCsrfToken.php(87): Illuminate\Pipeline\Pipeline->Illuminate\Pipeline\{closure}()
2025-08-28T11:48:18.4974334Z #29 /home/runner/work/baselaravel12/baselaravel12/vendor/laravel/framework/src/Illuminate/Pipeline/Pipeline.php(219): Illuminate\Foundation\Http\Middleware\VerifyCsrfToken->handle()
2025-08-28T11:48:18.4977079Z #30 /home/runner/work/baselaravel12/baselaravel12/vendor/laravel/framework/src/Illuminate/View/Middleware/ShareErrorsFromSession.php(48): Illuminate\Pipeline\Pipeline->Illuminate\Pipeline\{closure}()
2025-08-28T11:48:18.4979785Z #31 /home/runner/work/baselaravel12/baselaravel12/vendor/laravel/framework/src/Illuminate/Pipeline/Pipeline.php(219): Illuminate\View\Middleware\ShareErrorsFromSession->handle()
2025-08-28T11:48:18.4982441Z #32 /home/runner/work/baselaravel12/baselaravel12/vendor/laravel/framework/src/Illuminate/Session/Middleware/StartSession.php(120): Illuminate\Pipeline\Pipeline->Illuminate\Pipeline\{closure}()
2025-08-28T11:48:18.4985378Z #33 /home/runner/work/baselaravel12/baselaravel12/vendor/laravel/framework/src/Illuminate/Session/Middleware/StartSession.php(63): Illuminate\Session\Middleware\StartSession->handleStatefulRequest()
2025-08-28T11:48:18.4987959Z #34 /home/runner/work/baselaravel12/baselaravel12/vendor/laravel/framework/src/Illuminate/Pipeline/Pipeline.php(219): Illuminate\Session\Middleware\StartSession->handle()
2025-08-28T11:48:18.4990673Z #35 /home/runner/work/baselaravel12/baselaravel12/vendor/laravel/framework/src/Illuminate/Cookie/Middleware/AddQueuedCookiesToResponse.php(36): Illuminate\Pipeline\Pipeline->Illuminate\Pipeline\{closure}()
2025-08-28T11:48:18.4993559Z #36 /home/runner/work/baselaravel12/baselaravel12/vendor/laravel/framework/src/Illuminate/Pipeline/Pipeline.php(219): Illuminate\Cookie\Middleware\AddQueuedCookiesToResponse->handle()
2025-08-28T11:48:18.4996434Z #37 /home/runner/work/baselaravel12/baselaravel12/vendor/laravel/framework/src/Illuminate/Cookie/Middleware/EncryptCookies.php(74): Illuminate\Pipeline\Pipeline->Illuminate\Pipeline\{closure}()
2025-08-28T11:48:18.4999015Z #38 /home/runner/work/baselaravel12/baselaravel12/vendor/laravel/framework/src/Illuminate/Pipeline/Pipeline.php(219): Illuminate\Cookie\Middleware\EncryptCookies->handle()
2025-08-28T11:48:18.5001496Z #39 /home/runner/work/baselaravel12/baselaravel12/vendor/laravel/framework/src/Illuminate/Pipeline/Pipeline.php(137): Illuminate\Pipeline\Pipeline->Illuminate\Pipeline\{closure}()
2025-08-28T11:48:18.5003926Z #40 /home/runner/work/baselaravel12/baselaravel12/vendor/laravel/framework/src/Illuminate/Routing/Router.php(821): Illuminate\Pipeline\Pipeline->then()
2025-08-28T11:48:18.5006118Z #41 /home/runner/work/baselaravel12/baselaravel12/vendor/laravel/framework/src/Illuminate/Routing/Router.php(800): Illuminate\Routing\Router->runRouteWithinStack()
2025-08-28T11:48:18.5008306Z #42 /home/runner/work/baselaravel12/baselaravel12/vendor/laravel/framework/src/Illuminate/Routing/Router.php(764): Illuminate\Routing\Router->runRoute()
2025-08-28T11:48:18.5010639Z #43 /home/runner/work/baselaravel12/baselaravel12/vendor/laravel/framework/src/Illuminate/Routing/Router.php(753): Illuminate\Routing\Router->dispatchToRoute()
2025-08-28T11:48:18.5012894Z #44 /home/runner/work/baselaravel12/baselaravel12/vendor/laravel/framework/src/Illuminate/Foundation/Http/Kernel.php(200): Illuminate\Routing\Router->dispatch()
2025-08-28T11:48:18.5015550Z #45 /home/runner/work/baselaravel12/baselaravel12/vendor/laravel/framework/src/Illuminate/Pipeline/Pipeline.php(180): Illuminate\Foundation\Http\Kernel->Illuminate\Foundation\Http\{closure}()
2025-08-28T11:48:18.5018500Z #46 /home/runner/work/baselaravel12/baselaravel12/vendor/laravel/framework/src/Illuminate/Foundation/Http/Middleware/TransformsRequest.php(21): Illuminate\Pipeline\Pipeline->Illuminate\Pipeline\{closure}()
2025-08-28T11:48:18.5021687Z #47 /home/runner/work/baselaravel12/baselaravel12/vendor/laravel/framework/src/Illuminate/Foundation/Http/Middleware/ConvertEmptyStringsToNull.php(31): Illuminate\Foundation\Http\Middleware\TransformsRequest->handle()
2025-08-28T11:48:18.5024867Z #48 /home/runner/work/baselaravel12/baselaravel12/vendor/laravel/framework/src/Illuminate/Pipeline/Pipeline.php(219): Illuminate\Foundation\Http\Middleware\ConvertEmptyStringsToNull->handle()
2025-08-28T11:48:18.5027788Z #49 /home/runner/work/baselaravel12/baselaravel12/vendor/laravel/framework/src/Illuminate/Foundation/Http/Middleware/TransformsRequest.php(21): Illuminate\Pipeline\Pipeline->Illuminate\Pipeline\{closure}()
2025-08-28T11:48:18.5030806Z #50 /home/runner/work/baselaravel12/baselaravel12/vendor/laravel/framework/src/Illuminate/Foundation/Http/Middleware/TrimStrings.php(51): Illuminate\Foundation\Http\Middleware\TransformsRequest->handle()
2025-08-28T11:48:18.5033722Z #51 /home/runner/work/baselaravel12/baselaravel12/vendor/laravel/framework/src/Illuminate/Pipeline/Pipeline.php(219): Illuminate\Foundation\Http\Middleware\TrimStrings->handle()
2025-08-28T11:48:18.5036459Z #52 /home/runner/work/baselaravel12/baselaravel12/vendor/laravel/framework/src/Illuminate/Http/Middleware/ValidatePostSize.php(27): Illuminate\Pipeline\Pipeline->Illuminate\Pipeline\{closure}()
2025-08-28T11:48:18.5039098Z #53 /home/runner/work/baselaravel12/baselaravel12/vendor/laravel/framework/src/Illuminate/Pipeline/Pipeline.php(219): Illuminate\Http\Middleware\ValidatePostSize->handle()
2025-08-28T11:48:18.5042038Z #54 /home/runner/work/baselaravel12/baselaravel12/vendor/laravel/framework/src/Illuminate/Foundation/Http/Middleware/PreventRequestsDuringMaintenance.php(109): Illuminate\Pipeline\Pipeline->Illuminate\Pipeline\{closure}()
2025-08-28T11:48:18.5045316Z #55 /home/runner/work/baselaravel12/baselaravel12/vendor/laravel/framework/src/Illuminate/Pipeline/Pipeline.php(219): Illuminate\Foundation\Http\Middleware\PreventRequestsDuringMaintenance->handle()
2025-08-28T11:48:18.5048275Z #56 /home/runner/work/baselaravel12/baselaravel12/vendor/laravel/framework/src/Illuminate/Http/Middleware/HandleCors.php(48): Illuminate\Pipeline\Pipeline->Illuminate\Pipeline\{closure}()
2025-08-28T11:48:18.5050802Z #57 /home/runner/work/baselaravel12/baselaravel12/vendor/laravel/framework/src/Illuminate/Pipeline/Pipeline.php(219): Illuminate\Http\Middleware\HandleCors->handle()
2025-08-28T11:48:18.5053581Z #58 /home/runner/work/baselaravel12/baselaravel12/vendor/laravel/framework/src/Illuminate/Http/Middleware/TrustProxies.php(58): Illuminate\Pipeline\Pipeline->Illuminate\Pipeline\{closure}()
2025-08-28T11:48:18.5056109Z #59 /home/runner/work/baselaravel12/baselaravel12/vendor/laravel/framework/src/Illuminate/Pipeline/Pipeline.php(219): Illuminate\Http\Middleware\TrustProxies->handle()
2025-08-28T11:48:18.5058872Z #60 /home/runner/work/baselaravel12/baselaravel12/vendor/laravel/framework/src/Illuminate/Foundation/Http/Middleware/InvokeDeferredCallbacks.php(22): Illuminate\Pipeline\Pipeline->Illuminate\Pipeline\{closure}()
2025-08-28T11:48:18.5061732Z #61 /home/runner/work/baselaravel12/baselaravel12/vendor/laravel/framework/src/Illuminate/Pipeline/Pipeline.php(219): Illuminate\Foundation\Http\Middleware\InvokeDeferredCallbacks->handle()
2025-08-28T11:48:18.5064811Z #62 /home/runner/work/baselaravel12/baselaravel12/vendor/laravel/framework/src/Illuminate/Http/Middleware/ValidatePathEncoding.php(26): Illuminate\Pipeline\Pipeline->Illuminate\Pipeline\{closure}()
2025-08-28T11:48:18.5067451Z #63 /home/runner/work/baselaravel12/baselaravel12/vendor/laravel/framework/src/Illuminate/Pipeline/Pipeline.php(219): Illuminate\Http\Middleware\ValidatePathEncoding->handle()
2025-08-28T11:48:18.5069936Z #64 /home/runner/work/baselaravel12/baselaravel12/vendor/laravel/framework/src/Illuminate/Pipeline/Pipeline.php(137): Illuminate\Pipeline\Pipeline->Illuminate\Pipeline\{closure}()
2025-08-28T11:48:18.5072330Z #65 /home/runner/work/baselaravel12/baselaravel12/vendor/laravel/framework/src/Illuminate/Foundation/Http/Kernel.php(175): Illuminate\Pipeline\Pipeline->then()
2025-08-28T11:48:18.5074924Z #66 /home/runner/work/baselaravel12/baselaravel12/vendor/laravel/framework/src/Illuminate/Foundation/Http/Kernel.php(144): Illuminate\Foundation\Http\Kernel->sendRequestThroughRouter()
2025-08-28T11:48:18.5077598Z #67 /home/runner/work/baselaravel12/baselaravel12/vendor/laravel/framework/src/Illuminate/Foundation/Testing/Concerns/MakesHttpRequests.php(607): Illuminate\Foundation\Http\Kernel->handle()
2025-08-28T11:48:18.5080405Z #68 /home/runner/work/baselaravel12/baselaravel12/vendor/laravel/framework/src/Illuminate/Foundation/Testing/Concerns/MakesHttpRequests.php(487): Illuminate\Foundation\Testing\TestCase->call()
2025-08-28T11:48:18.5082775Z #69 /home/runner/work/baselaravel12/baselaravel12/tests/Feature/PermissionManagementTest.php(84): Illuminate\Foundation\Testing\TestCase->delete()
2025-08-28T11:48:18.5085135Z #70 /home/runner/work/baselaravel12/baselaravel12/vendor/pestphp/pest/src/Factories/TestCaseMethodFactory.php(168): P\Tests\Feature\PermissionManagementTest->{closure}()
2025-08-28T11:48:18.5086827Z #71 [internal function]: P\Tests\Feature\PermissionManagementTest->Pest\Factories\{closure}()
2025-08-28T11:48:18.5088256Z #72 /home/runner/work/baselaravel12/baselaravel12/vendor/pestphp/pest/src/Concerns/Testable.php(429): call_user_func_array()
2025-08-28T11:48:18.5090337Z #73 /home/runner/work/baselaravel12/baselaravel12/vendor/pestphp/pest/src/Support/ExceptionTrace.php(26): P\Tests\Feature\PermissionManagementTest->Pest\Concerns\{closure}()
2025-08-28T11:48:18.5092529Z #74 /home/runner/work/baselaravel12/baselaravel12/vendor/pestphp/pest/src/Concerns/Testable.php(429): Pest\Support\ExceptionTrace::ensure()
2025-08-28T11:48:18.5094793Z #75 /home/runner/work/baselaravel12/baselaravel12/vendor/pestphp/pest/src/Concerns/Testable.php(331): P\Tests\Feature\PermissionManagementTest->__callClosure()
2025-08-28T11:48:18.5097487Z #76 /home/runner/work/baselaravel12/baselaravel12/vendor/pestphp/pest/src/Factories/TestCaseFactory.php(169) : eval()'d code(53): P\Tests\Feature\PermissionManagementTest->__runTest()
2025-08-28T11:48:18.5100262Z #77 /home/runner/work/baselaravel12/baselaravel12/vendor/phpunit/phpunit/src/Framework/TestCase.php(1316): P\Tests\Feature\PermissionManagementTest->__pest_evaluable_can_delete_permission_without_roles()
2025-08-28T11:48:18.5102714Z #78 /home/runner/work/baselaravel12/baselaravel12/vendor/phpunit/phpunit/src/Framework/TestCase.php(516): PHPUnit\Framework\TestCase->runTest()
2025-08-28T11:48:18.5105082Z #79 /home/runner/work/baselaravel12/baselaravel12/vendor/phpunit/phpunit/src/Framework/TestRunner/TestRunner.php(99): PHPUnit\Framework\TestCase->runBare()
2025-08-28T11:48:18.5107230Z #80 /home/runner/work/baselaravel12/baselaravel12/vendor/phpunit/phpunit/src/Framework/TestCase.php(357): PHPUnit\Framework\TestRunner->run()
2025-08-28T11:48:18.5109264Z #81 /home/runner/work/baselaravel12/baselaravel12/vendor/phpunit/phpunit/src/Framework/TestSuite.php(374): PHPUnit\Framework\TestCase->run()
2025-08-28T11:48:18.5111287Z #82 /home/runner/work/baselaravel12/baselaravel12/vendor/phpunit/phpunit/src/Framework/TestSuite.php(374): PHPUnit\Framework\TestSuite->run()
2025-08-28T11:48:18.5113720Z #83 /home/runner/work/baselaravel12/baselaravel12/vendor/phpunit/phpunit/src/Framework/TestSuite.php(374): PHPUnit\Framework\TestSuite->run()
2025-08-28T11:48:18.5115720Z #84 /home/runner/work/baselaravel12/baselaravel12/vendor/phpunit/phpunit/src/TextUI/TestRunner.php(64): PHPUnit\Framework\TestSuite->run()
2025-08-28T11:48:18.5117701Z #85 /home/runner/work/baselaravel12/baselaravel12/vendor/phpunit/phpunit/src/TextUI/Application.php(229): PHPUnit\TextUI\TestRunner->run()
2025-08-28T11:48:18.5119558Z #86 /home/runner/work/baselaravel12/baselaravel12/vendor/pestphp/pest/src/Kernel.php(103): PHPUnit\TextUI\Application->run()
2025-08-28T11:48:18.5121126Z #87 /home/runner/work/baselaravel12/baselaravel12/vendor/pestphp/pest/bin/pest(184): Pest\Kernel->handle()
2025-08-28T11:48:18.5122491Z #88 /home/runner/work/baselaravel12/baselaravel12/vendor/pestphp/pest/bin/pest(192): {closure}()
2025-08-28T11:48:18.5123406Z #89 {main}
2025-08-28T11:48:18.5123569Z
2025-08-28T11:48:18.5123960Z ----------------------------------------------------------------------------------
2025-08-28T11:48:18.5124354Z
2025-08-28T11:48:18.5125114Z Call to private method App\Services\ActivityLogService::log() from scope App\Http\Controllers\PermissionController
2025-08-28T11:48:18.5125791Z
2025-08-28T11:48:18.5126062Z   at tests/Feature/PermissionManagementTest.php:86
2025-08-28T11:48:18.5129343Z      82▕     $permission = Permission::factory()->create();
2025-08-28T11:48:18.5131978Z      83▕
2025-08-28T11:48:18.5132779Z      84▕     $response = $this->delete(route('permissions.destroy', $permission));
2025-08-28T11:48:18.5133716Z      85▕
2025-08-28T11:48:18.5134380Z   ➜  86▕     $response->assertRedirect(route('permissions.index'));
2025-08-28T11:48:18.5135157Z      87▕     $response->assertSessionHas('success');
2025-08-28T11:48:18.5135703Z      88▕
2025-08-28T11:48:18.5136422Z      89▕     expect(Permission::find($permission->id))->toBeNull();
2025-08-28T11:48:18.5137043Z      90▕ });
2025-08-28T11:48:18.5137294Z
2025-08-28T11:48:18.5137837Z   ────────────────────────────────────────────────────────────────────────────
2025-08-28T11:48:18.5138820Z    FAILED  Tests\Feature\PermissionManagementTest > permission name is requi…
2025-08-28T11:48:18.5139582Z   Session is missing expected key [errors].
2025-08-28T11:48:18.5140178Z Failed asserting that false is true.
2025-08-28T11:48:18.5140527Z
2025-08-28T11:48:18.5140882Z   at tests/Feature/PermissionManagementTest.php:111
2025-08-28T11:48:18.5141525Z     107▕         'name' => '',
2025-08-28T11:48:18.5142078Z     108▕         'guard_name' => 'web',
2025-08-28T11:48:18.5142585Z     109▕     ]);
2025-08-28T11:48:18.5142976Z     110▕
2025-08-28T11:48:18.5143728Z   ➜ 111▕     $response->assertSessionHasErrors(['name']);
2025-08-28T11:48:18.5144309Z     112▕ });
2025-08-28T11:48:18.5144687Z     113▕
2025-08-28T11:48:18.5145507Z     114▕ test('permission name must be unique', function () {
2025-08-28T11:48:18.5146674Z     115▕     Permission::factory()->create(['name' => 'duplicate:permission']);
2025-08-28T11:48:18.5147198Z
2025-08-28T11:48:18.5147740Z   ────────────────────────────────────────────────────────────────────────────
2025-08-28T11:48:18.5148700Z    FAILED  Tests\Feature\PermissionManagementTest > permission name must be…
2025-08-28T11:48:18.5149482Z   Session is missing expected key [errors].
2025-08-28T11:48:18.5150072Z Failed asserting that false is true.
2025-08-28T11:48:18.5150423Z
2025-08-28T11:48:18.5150757Z   at tests/Feature/PermissionManagementTest.php:122
2025-08-28T11:48:18.5151478Z     118▕         'name' => 'duplicate:permission',
2025-08-28T11:48:18.5152114Z     119▕         'guard_name' => 'web',
2025-08-28T11:48:18.5152610Z     120▕     ]);
2025-08-28T11:48:18.5153008Z     121▕
2025-08-28T11:48:18.5153752Z   ➜ 122▕     $response->assertSessionHasErrors(['name']);
2025-08-28T11:48:18.5154318Z     123▕ });
2025-08-28T11:48:18.5154748Z     124▕
2025-08-28T11:48:18.5155426Z     125▕ test('permission name must follow valid format', function () {
2025-08-28T11:48:18.5156322Z     126▕     $response = $this->post(route('permissions.store'), [
2025-08-28T11:48:18.5156781Z
2025-08-28T11:48:18.5157317Z   ────────────────────────────────────────────────────────────────────────────
2025-08-28T11:48:18.5158279Z    FAILED  Tests\Feature\PermissionManagementTest > permission name must fol…
2025-08-28T11:48:18.5159042Z   Session is missing expected key [errors].
2025-08-28T11:48:18.5159628Z Failed asserting that false is true.
2025-08-28T11:48:18.5160069Z
2025-08-28T11:48:18.5160462Z   at tests/Feature/PermissionManagementTest.php:131
2025-08-28T11:48:18.5174648Z     127▕         'name' => 'Invalid Permission Name!@#',
2025-08-28T11:48:18.5176606Z     128▕         'guard_name' => 'web',
2025-08-28T11:48:18.5178362Z     129▕     ]);
2025-08-28T11:48:18.5180080Z     130▕
2025-08-28T11:48:18.5181940Z   ➜ 131▕     $response->assertSessionHasErrors(['name']);
2025-08-28T11:48:18.5183971Z     132▕ });
2025-08-28T11:48:18.5185584Z     133▕
2025-08-28T11:48:18.5187372Z     134▕ test('can search permissions', function () {
2025-08-28T11:48:18.5189529Z     135▕     Permission::create(['name' => 'org:read', 'guard_name' => 'web']);
2025-08-28T11:48:18.5193700Z
2025-08-28T11:48:18.5195455Z   ────────────────────────────────────────────────────────────────────────────
2025-08-28T11:48:18.5200869Z    FAILED  Tests\Feature\RoleManagementTest > can create role with permissio…
2025-08-28T11:48:18.5205448Z   Expected response status code [201, 301, 302, 303, 307, 308] but received 403.
2025-08-28T11:48:18.5207383Z Failed asserting that false is true.
2025-08-28T11:48:18.5210922Z
2025-08-28T11:48:18.5213365Z   at tests/Feature/RoleManagementTest.php:69
2025-08-28T11:48:18.5242586Z      65▕         'name' => 'Test Role',
2025-08-28T11:48:18.5245576Z      66▕         'permissions' => ['view roles', 'create roles'],
2025-08-28T11:48:18.5248009Z      67▕     ]);
2025-08-28T11:48:18.5250002Z      68▕
2025-08-28T11:48:18.5252117Z   ➜  69▕     $response->assertRedirect(route('roles.index'));
2025-08-28T11:48:18.5268871Z      70▕     $response->assertSessionHas('success');
2025-08-28T11:48:18.5291699Z      71▕
2025-08-28T11:48:18.5292288Z      72▕     setPermissionsTeamId($this->organization->id);
2025-08-28T11:48:18.5293462Z      73▕     $role = Role::where('name', 'Test Role')->where('team_id', $this->organization->id)->first();
2025-08-28T11:48:18.5293971Z
2025-08-28T11:48:18.5294458Z   ────────────────────────────────────────────────────────────────────────────
2025-08-28T11:48:18.5295225Z    FAILED  Tests\Feature\RoleManagementTest > can update role permissions
2025-08-28T11:48:18.5296066Z   Expected response status code [201, 301, 302, 303, 307, 308] but received 403.
2025-08-28T11:48:18.5296720Z Failed asserting that false is true.
2025-08-28T11:48:18.5296990Z
2025-08-28T11:48:18.5297242Z   at tests/Feature/RoleManagementTest.php:92
2025-08-28T11:48:18.5318943Z      88▕         'name' => $role->name,
2025-08-28T11:48:18.5329681Z      89▕         'permissions' => ['view roles', 'create roles', 'edit roles'],
2025-08-28T11:48:18.5330325Z      90▕     ]);
2025-08-28T11:48:18.5330666Z      91▕
2025-08-28T11:48:18.5331244Z   ➜  92▕     $response->assertRedirect(route('roles.index'));
2025-08-28T11:48:18.5331975Z      93▕     $response->assertSessionHas('success');
2025-08-28T11:48:18.5333912Z      94▕
2025-08-28T11:48:18.5335555Z      95▕     $role->refresh();
2025-08-28T11:48:18.5337433Z      96▕     expect($role->permissions)->toHaveCount(3);
2025-08-28T11:48:18.5339026Z
2025-08-28T11:48:18.5340733Z   ────────────────────────────────────────────────────────────────────────────
2025-08-28T11:48:18.5346157Z    FAILED  Tests\Feature\RoleManagementTest > can delete role without users
2025-08-28T11:48:18.5355021Z   Expected response status code [201, 301, 302, 303, 307, 308] but received 500.
2025-08-28T11:48:18.5355762Z Failed asserting that false is true.
2025-08-28T11:48:18.5356078Z
2025-08-28T11:48:18.5356443Z The following exception occurred during the last request:
2025-08-28T11:48:18.5356822Z
2025-08-28T11:48:18.5358347Z Error: Call to private method App\Services\ActivityLogService::log() from scope App\Http\Controllers\RoleController in /home/runner/work/baselaravel12/baselaravel12/app/Http/Controllers/RoleController.php:139
2025-08-28T11:48:18.5359722Z Stack trace:
2025-08-28T11:48:18.5361147Z #0 /home/runner/work/baselaravel12/baselaravel12/vendor/laravel/framework/src/Illuminate/Routing/Controller.php(54): App\Http\Controllers\RoleController->destroy()
2025-08-28T11:48:18.5363734Z #1 /home/runner/work/baselaravel12/baselaravel12/vendor/laravel/framework/src/Illuminate/Routing/ControllerDispatcher.php(43): Illuminate\Routing\Controller->callAction()
2025-08-28T11:48:18.5366146Z #2 /home/runner/work/baselaravel12/baselaravel12/vendor/laravel/framework/src/Illuminate/Routing/Route.php(265): Illuminate\Routing\ControllerDispatcher->dispatch()
2025-08-28T11:48:18.5368377Z #3 /home/runner/work/baselaravel12/baselaravel12/vendor/laravel/framework/src/Illuminate/Routing/Route.php(211): Illuminate\Routing\Route->runController()
2025-08-28T11:48:18.5370497Z #4 /home/runner/work/baselaravel12/baselaravel12/vendor/laravel/framework/src/Illuminate/Routing/Router.php(822): Illuminate\Routing\Route->run()
2025-08-28T11:48:18.5372774Z #5 /home/runner/work/baselaravel12/baselaravel12/vendor/laravel/framework/src/Illuminate/Pipeline/Pipeline.php(180): Illuminate\Routing\Router->Illuminate\Routing\{closure}()
2025-08-28T11:48:18.5383912Z #6 /home/runner/work/baselaravel12/baselaravel12/app/Http/Middleware/CheckPermission.php(128): Illuminate\Pipeline\Pipeline->Illuminate\Pipeline\{closure}()
2025-08-28T11:48:18.5386312Z #7 /home/runner/work/baselaravel12/baselaravel12/vendor/laravel/framework/src/Illuminate/Pipeline/Pipeline.php(219): App\Http\Middleware\CheckPermission->handle()
2025-08-28T11:48:18.5388858Z #8 /home/runner/work/baselaravel12/baselaravel12/app/Http/Middleware/SessionTrackingMiddleware.php(39): Illuminate\Pipeline\Pipeline->Illuminate\Pipeline\{closure}()
2025-08-28T11:48:18.5391279Z #9 /home/runner/work/baselaravel12/baselaravel12/vendor/laravel/framework/src/Illuminate/Pipeline/Pipeline.php(219): App\Http\Middleware\SessionTrackingMiddleware->handle()
2025-08-28T11:48:18.5394418Z #10 /home/runner/work/baselaravel12/baselaravel12/app/Http/Middleware/TrustedDeviceMiddleware.php(57): Illuminate\Pipeline\Pipeline->Illuminate\Pipeline\{closure}()
2025-08-28T11:48:18.5396784Z #11 /home/runner/work/baselaravel12/baselaravel12/vendor/laravel/framework/src/Illuminate/Pipeline/Pipeline.php(219): App\Http\Middleware\TrustedDeviceMiddleware->handle()
2025-08-28T11:48:18.5399084Z #12 /home/runner/work/baselaravel12/baselaravel12/app/Http/Middleware/EnsureMfaVerified.php(58): Illuminate\Pipeline\Pipeline->Illuminate\Pipeline\{closure}()
2025-08-28T11:48:18.5401358Z #13 /home/runner/work/baselaravel12/baselaravel12/vendor/laravel/framework/src/Illuminate/Pipeline/Pipeline.php(219): App\Http\Middleware\EnsureMfaVerified->handle()
2025-08-28T11:48:18.5404311Z #14 /home/runner/work/baselaravel12/baselaravel12/vendor/laravel/framework/src/Illuminate/Auth/Middleware/EnsureEmailIsVerified.php(41): Illuminate\Pipeline\Pipeline->Illuminate\Pipeline\{closure}()
2025-08-28T11:48:18.5407009Z #15 /home/runner/work/baselaravel12/baselaravel12/vendor/laravel/framework/src/Illuminate/Pipeline/Pipeline.php(219): Illuminate\Auth\Middleware\EnsureEmailIsVerified->handle()
2025-08-28T11:48:18.5423365Z #16 /home/runner/work/baselaravel12/baselaravel12/vendor/laravel/framework/src/Illuminate/Http/Middleware/AddLinkHeadersForPreloadedAssets.php(32): Illuminate\Pipeline\Pipeline->Illuminate\Pipeline\{closure}()
2025-08-28T11:48:18.5426310Z #17 /home/runner/work/baselaravel12/baselaravel12/vendor/laravel/framework/src/Illuminate/Pipeline/Pipeline.php(219): Illuminate\Http\Middleware\AddLinkHeadersForPreloadedAssets->handle()
2025-08-28T11:48:18.5428828Z #18 /home/runner/work/baselaravel12/baselaravel12/vendor/inertiajs/inertia-laravel/src/Middleware.php(96): Illuminate\Pipeline\Pipeline->Illuminate\Pipeline\{closure}()
2025-08-28T11:48:18.5431055Z #19 /home/runner/work/baselaravel12/baselaravel12/vendor/laravel/framework/src/Illuminate/Pipeline/Pipeline.php(219): Inertia\Middleware->handle()
2025-08-28T11:48:18.5433477Z #20 /home/runner/work/baselaravel12/baselaravel12/app/Http/Middleware/SetPermissionTeamContext.php(31): Illuminate\Pipeline\Pipeline->Illuminate\Pipeline\{closure}()
2025-08-28T11:48:18.5435901Z #21 /home/runner/work/baselaravel12/baselaravel12/vendor/laravel/framework/src/Illuminate/Pipeline/Pipeline.php(219): App\Http\Middleware\SetPermissionTeamContext->handle()
2025-08-28T11:48:18.5438237Z #22 /home/runner/work/baselaravel12/baselaravel12/app/Http/Middleware/HandleAppearance.php(21): Illuminate\Pipeline\Pipeline->Illuminate\Pipeline\{closure}()
2025-08-28T11:48:18.5440529Z #23 /home/runner/work/baselaravel12/baselaravel12/vendor/laravel/framework/src/Illuminate/Pipeline/Pipeline.php(219): App\Http\Middleware\HandleAppearance->handle()
2025-08-28T11:48:18.5450847Z #24 /home/runner/work/baselaravel12/baselaravel12/vendor/laravel/framework/src/Illuminate/Routing/Middleware/SubstituteBindings.php(50): Illuminate\Pipeline\Pipeline->Illuminate\Pipeline\{closure}()
2025-08-28T11:48:18.5453765Z #25 /home/runner/work/baselaravel12/baselaravel12/vendor/laravel/framework/src/Illuminate/Pipeline/Pipeline.php(219): Illuminate\Routing\Middleware\SubstituteBindings->handle()
2025-08-28T11:48:18.5456405Z #26 /home/runner/work/baselaravel12/baselaravel12/vendor/laravel/framework/src/Illuminate/Auth/Middleware/Authenticate.php(63): Illuminate\Pipeline\Pipeline->Illuminate\Pipeline\{closure}()
2025-08-28T11:48:18.5458906Z #27 /home/runner/work/baselaravel12/baselaravel12/vendor/laravel/framework/src/Illuminate/Pipeline/Pipeline.php(219): Illuminate\Auth\Middleware\Authenticate->handle()
2025-08-28T11:48:18.5461783Z #28 /home/runner/work/baselaravel12/baselaravel12/vendor/laravel/framework/src/Illuminate/Foundation/Http/Middleware/VerifyCsrfToken.php(87): Illuminate\Pipeline\Pipeline->Illuminate\Pipeline\{closure}()
2025-08-28T11:48:18.5464657Z #29 /home/runner/work/baselaravel12/baselaravel12/vendor/laravel/framework/src/Illuminate/Pipeline/Pipeline.php(219): Illuminate\Foundation\Http\Middleware\VerifyCsrfToken->handle()
2025-08-28T11:48:18.5467372Z #30 /home/runner/work/baselaravel12/baselaravel12/vendor/laravel/framework/src/Illuminate/View/Middleware/ShareErrorsFromSession.php(48): Illuminate\Pipeline\Pipeline->Illuminate\Pipeline\{closure}()
2025-08-28T11:48:18.5470035Z #31 /home/runner/work/baselaravel12/baselaravel12/vendor/laravel/framework/src/Illuminate/Pipeline/Pipeline.php(219): Illuminate\View\Middleware\ShareErrorsFromSession->handle()
2025-08-28T11:48:18.5472660Z #32 /home/runner/work/baselaravel12/baselaravel12/vendor/laravel/framework/src/Illuminate/Session/Middleware/StartSession.php(120): Illuminate\Pipeline\Pipeline->Illuminate\Pipeline\{closure}()
2025-08-28T11:48:18.5475558Z #33 /home/runner/work/baselaravel12/baselaravel12/vendor/laravel/framework/src/Illuminate/Session/Middleware/StartSession.php(63): Illuminate\Session\Middleware\StartSession->handleStatefulRequest()
2025-08-28T11:48:18.5478325Z #34 /home/runner/work/baselaravel12/baselaravel12/vendor/laravel/framework/src/Illuminate/Pipeline/Pipeline.php(219): Illuminate\Session\Middleware\StartSession->handle()
2025-08-28T11:48:18.5481080Z #35 /home/runner/work/baselaravel12/baselaravel12/vendor/laravel/framework/src/Illuminate/Cookie/Middleware/AddQueuedCookiesToResponse.php(36): Illuminate\Pipeline\Pipeline->Illuminate\Pipeline\{closure}()
2025-08-28T11:48:18.5483962Z #36 /home/runner/work/baselaravel12/baselaravel12/vendor/laravel/framework/src/Illuminate/Pipeline/Pipeline.php(219): Illuminate\Cookie\Middleware\AddQueuedCookiesToResponse->handle()
2025-08-28T11:48:18.5486640Z #37 /home/runner/work/baselaravel12/baselaravel12/vendor/laravel/framework/src/Illuminate/Cookie/Middleware/EncryptCookies.php(74): Illuminate\Pipeline\Pipeline->Illuminate\Pipeline\{closure}()
2025-08-28T11:48:18.5489185Z #38 /home/runner/work/baselaravel12/baselaravel12/vendor/laravel/framework/src/Illuminate/Pipeline/Pipeline.php(219): Illuminate\Cookie\Middleware\EncryptCookies->handle()
2025-08-28T11:48:18.5491698Z #39 /home/runner/work/baselaravel12/baselaravel12/vendor/laravel/framework/src/Illuminate/Pipeline/Pipeline.php(137): Illuminate\Pipeline\Pipeline->Illuminate\Pipeline\{closure}()
2025-08-28T11:48:18.5504255Z #40 /home/runner/work/baselaravel12/baselaravel12/vendor/laravel/framework/src/Illuminate/Routing/Router.php(821): Illuminate\Pipeline\Pipeline->then()
2025-08-28T11:48:18.5506592Z #41 /home/runner/work/baselaravel12/baselaravel12/vendor/laravel/framework/src/Illuminate/Routing/Router.php(800): Illuminate\Routing\Router->runRouteWithinStack()
2025-08-28T11:48:18.5508881Z #42 /home/runner/work/baselaravel12/baselaravel12/vendor/laravel/framework/src/Illuminate/Routing/Router.php(764): Illuminate\Routing\Router->runRoute()
2025-08-28T11:48:18.5511151Z #43 /home/runner/work/baselaravel12/baselaravel12/vendor/laravel/framework/src/Illuminate/Routing/Router.php(753): Illuminate\Routing\Router->dispatchToRoute()
2025-08-28T11:48:18.5513639Z #44 /home/runner/work/baselaravel12/baselaravel12/vendor/laravel/framework/src/Illuminate/Foundation/Http/Kernel.php(200): Illuminate\Routing\Router->dispatch()
2025-08-28T11:48:18.5516215Z #45 /home/runner/work/baselaravel12/baselaravel12/vendor/laravel/framework/src/Illuminate/Pipeline/Pipeline.php(180): Illuminate\Foundation\Http\Kernel->Illuminate\Foundation\Http\{closure}()
2025-08-28T11:48:18.5519133Z #46 /home/runner/work/baselaravel12/baselaravel12/vendor/laravel/framework/src/Illuminate/Foundation/Http/Middleware/TransformsRequest.php(21): Illuminate\Pipeline\Pipeline->Illuminate\Pipeline\{closure}()
2025-08-28T11:48:18.5531159Z #47 /home/runner/work/baselaravel12/baselaravel12/vendor/laravel/framework/src/Illuminate/Foundation/Http/Middleware/ConvertEmptyStringsToNull.php(31): Illuminate\Foundation\Http\Middleware\TransformsRequest->handle()
2025-08-28T11:48:18.5534447Z #48 /home/runner/work/baselaravel12/baselaravel12/vendor/laravel/framework/src/Illuminate/Pipeline/Pipeline.php(219): Illuminate\Foundation\Http\Middleware\ConvertEmptyStringsToNull->handle()
2025-08-28T11:48:18.5537381Z #49 /home/runner/work/baselaravel12/baselaravel12/vendor/laravel/framework/src/Illuminate/Foundation/Http/Middleware/TransformsRequest.php(21): Illuminate\Pipeline\Pipeline->Illuminate\Pipeline\{closure}()
2025-08-28T11:48:18.5540366Z #50 /home/runner/work/baselaravel12/baselaravel12/vendor/laravel/framework/src/Illuminate/Foundation/Http/Middleware/TrimStrings.php(51): Illuminate\Foundation\Http\Middleware\TransformsRequest->handle()
2025-08-28T11:48:18.5543363Z #51 /home/runner/work/baselaravel12/baselaravel12/vendor/laravel/framework/src/Illuminate/Pipeline/Pipeline.php(219): Illuminate\Foundation\Http\Middleware\TrimStrings->handle()
2025-08-28T11:48:18.5546070Z #52 /home/runner/work/baselaravel12/baselaravel12/vendor/laravel/framework/src/Illuminate/Http/Middleware/ValidatePostSize.php(27): Illuminate\Pipeline\Pipeline->Illuminate\Pipeline\{closure}()
2025-08-28T11:48:18.5548909Z #53 /home/runner/work/baselaravel12/baselaravel12/vendor/laravel/framework/src/Illuminate/Pipeline/Pipeline.php(219): Illuminate\Http\Middleware\ValidatePostSize->handle()
2025-08-28T11:48:18.5551827Z #54 /home/runner/work/baselaravel12/baselaravel12/vendor/laravel/framework/src/Illuminate/Foundation/Http/Middleware/PreventRequestsDuringMaintenance.php(109): Illuminate\Pipeline\Pipeline->Illuminate\Pipeline\{closure}()
2025-08-28T11:48:18.5555523Z #55 /home/runner/work/baselaravel12/baselaravel12/vendor/laravel/framework/src/Illuminate/Pipeline/Pipeline.php(219): Illuminate\Foundation\Http\Middleware\PreventRequestsDuringMaintenance->handle()
2025-08-28T11:48:18.5558291Z #56 /home/runner/work/baselaravel12/baselaravel12/vendor/laravel/framework/src/Illuminate/Http/Middleware/HandleCors.php(48): Illuminate\Pipeline\Pipeline->Illuminate\Pipeline\{closure}()
2025-08-28T11:48:18.5560808Z #57 /home/runner/work/baselaravel12/baselaravel12/vendor/laravel/framework/src/Illuminate/Pipeline/Pipeline.php(219): Illuminate\Http\Middleware\HandleCors->handle()
2025-08-28T11:48:18.5563498Z #58 /home/runner/work/baselaravel12/baselaravel12/vendor/laravel/framework/src/Illuminate/Http/Middleware/TrustProxies.php(58): Illuminate\Pipeline\Pipeline->Illuminate\Pipeline\{closure}()
2025-08-28T11:48:18.5566038Z #59 /home/runner/work/baselaravel12/baselaravel12/vendor/laravel/framework/src/Illuminate/Pipeline/Pipeline.php(219): Illuminate\Http\Middleware\TrustProxies->handle()
2025-08-28T11:48:18.5568835Z #60 /home/runner/work/baselaravel12/baselaravel12/vendor/laravel/framework/src/Illuminate/Foundation/Http/Middleware/InvokeDeferredCallbacks.php(22): Illuminate\Pipeline\Pipeline->Illuminate\Pipeline\{closure}()
2025-08-28T11:48:18.5571698Z #61 /home/runner/work/baselaravel12/baselaravel12/vendor/laravel/framework/src/Illuminate/Pipeline/Pipeline.php(219): Illuminate\Foundation\Http\Middleware\InvokeDeferredCallbacks->handle()
2025-08-28T11:48:18.5574594Z #62 /home/runner/work/baselaravel12/baselaravel12/vendor/laravel/framework/src/Illuminate/Http/Middleware/ValidatePathEncoding.php(26): Illuminate\Pipeline\Pipeline->Illuminate\Pipeline\{closure}()
2025-08-28T11:48:18.5577297Z #63 /home/runner/work/baselaravel12/baselaravel12/vendor/laravel/framework/src/Illuminate/Pipeline/Pipeline.php(219): Illuminate\Http\Middleware\ValidatePathEncoding->handle()
2025-08-28T11:48:18.5579867Z #64 /home/runner/work/baselaravel12/baselaravel12/vendor/laravel/framework/src/Illuminate/Pipeline/Pipeline.php(137): Illuminate\Pipeline\Pipeline->Illuminate\Pipeline\{closure}()
2025-08-28T11:48:18.5582271Z #65 /home/runner/work/baselaravel12/baselaravel12/vendor/laravel/framework/src/Illuminate/Foundation/Http/Kernel.php(175): Illuminate\Pipeline\Pipeline->then()
2025-08-28T11:48:18.5585101Z #66 /home/runner/work/baselaravel12/baselaravel12/vendor/laravel/framework/src/Illuminate/Foundation/Http/Kernel.php(144): Illuminate\Foundation\Http\Kernel->sendRequestThroughRouter()
2025-08-28T11:48:18.5587869Z #67 /home/runner/work/baselaravel12/baselaravel12/vendor/laravel/framework/src/Illuminate/Foundation/Testing/Concerns/MakesHttpRequests.php(607): Illuminate\Foundation\Http\Kernel->handle()
2025-08-28T11:48:18.5590678Z #68 /home/runner/work/baselaravel12/baselaravel12/vendor/laravel/framework/src/Illuminate/Foundation/Testing/Concerns/MakesHttpRequests.php(487): Illuminate\Foundation\Testing\TestCase->call()
2025-08-28T11:48:18.5593007Z #69 /home/runner/work/baselaravel12/baselaravel12/tests/Feature/RoleManagementTest.php(107): Illuminate\Foundation\Testing\TestCase->delete()
2025-08-28T11:48:18.5595316Z #70 /home/runner/work/baselaravel12/baselaravel12/vendor/pestphp/pest/src/Factories/TestCaseMethodFactory.php(168): P\Tests\Feature\RoleManagementTest->{closure}()
2025-08-28T11:48:18.5596937Z #71 [internal function]: P\Tests\Feature\RoleManagementTest->Pest\Factories\{closure}()
2025-08-28T11:48:18.5598375Z #72 /home/runner/work/baselaravel12/baselaravel12/vendor/pestphp/pest/src/Concerns/Testable.php(429): call_user_func_array()
2025-08-28T11:48:18.5600647Z #73 /home/runner/work/baselaravel12/baselaravel12/vendor/pestphp/pest/src/Support/ExceptionTrace.php(26): P\Tests\Feature\RoleManagementTest->Pest\Concerns\{closure}()
2025-08-28T11:48:18.5602800Z #74 /home/runner/work/baselaravel12/baselaravel12/vendor/pestphp/pest/src/Concerns/Testable.php(429): Pest\Support\ExceptionTrace::ensure()
2025-08-28T11:48:18.5605015Z #75 /home/runner/work/baselaravel12/baselaravel12/vendor/pestphp/pest/src/Concerns/Testable.php(331): P\Tests\Feature\RoleManagementTest->__callClosure()
2025-08-28T11:48:18.5607321Z #76 /home/runner/work/baselaravel12/baselaravel12/vendor/pestphp/pest/src/Factories/TestCaseFactory.php(169) : eval()'d code(53): P\Tests\Feature\RoleManagementTest->__runTest()
2025-08-28T11:48:18.5609865Z #77 /home/runner/work/baselaravel12/baselaravel12/vendor/phpunit/phpunit/src/Framework/TestCase.php(1316): P\Tests\Feature\RoleManagementTest->__pest_evaluable_can_delete_role_without_users()
2025-08-28T11:48:18.5612171Z #78 /home/runner/work/baselaravel12/baselaravel12/vendor/phpunit/phpunit/src/Framework/TestCase.php(516): PHPUnit\Framework\TestCase->runTest()
2025-08-28T11:48:18.5614437Z #79 /home/runner/work/baselaravel12/baselaravel12/vendor/phpunit/phpunit/src/Framework/TestRunner/TestRunner.php(99): PHPUnit\Framework\TestCase->runBare()
2025-08-28T11:48:18.5616539Z #80 /home/runner/work/baselaravel12/baselaravel12/vendor/phpunit/phpunit/src/Framework/TestCase.php(357): PHPUnit\Framework\TestRunner->run()
2025-08-28T11:48:18.5618498Z #81 /home/runner/work/baselaravel12/baselaravel12/vendor/phpunit/phpunit/src/Framework/TestSuite.php(374): PHPUnit\Framework\TestCase->run()
2025-08-28T11:48:18.5620446Z #82 /home/runner/work/baselaravel12/baselaravel12/vendor/phpunit/phpunit/src/Framework/TestSuite.php(374): PHPUnit\Framework\TestSuite->run()
2025-08-28T11:48:18.5622410Z #83 /home/runner/work/baselaravel12/baselaravel12/vendor/phpunit/phpunit/src/Framework/TestSuite.php(374): PHPUnit\Framework\TestSuite->run()
2025-08-28T11:48:18.5624514Z #84 /home/runner/work/baselaravel12/baselaravel12/vendor/phpunit/phpunit/src/TextUI/TestRunner.php(64): PHPUnit\Framework\TestSuite->run()
2025-08-28T11:48:18.5626455Z #85 /home/runner/work/baselaravel12/baselaravel12/vendor/phpunit/phpunit/src/TextUI/Application.php(229): PHPUnit\TextUI\TestRunner->run()
2025-08-28T11:48:18.5628269Z #86 /home/runner/work/baselaravel12/baselaravel12/vendor/pestphp/pest/src/Kernel.php(103): PHPUnit\TextUI\Application->run()
2025-08-28T11:48:18.5629838Z #87 /home/runner/work/baselaravel12/baselaravel12/vendor/pestphp/pest/bin/pest(184): Pest\Kernel->handle()
2025-08-28T11:48:18.5631156Z #88 /home/runner/work/baselaravel12/baselaravel12/vendor/pestphp/pest/bin/pest(192): {closure}()
2025-08-28T11:48:18.5631872Z #89 {main}
2025-08-28T11:48:18.5632036Z
2025-08-28T11:48:18.5632602Z ----------------------------------------------------------------------------------
2025-08-28T11:48:18.5632998Z
2025-08-28T11:48:18.5633856Z Call to private method App\Services\ActivityLogService::log() from scope App\Http\Controllers\RoleController
2025-08-28T11:48:18.5634534Z
2025-08-28T11:48:18.5634766Z   at tests/Feature/RoleManagementTest.php:109
2025-08-28T11:48:18.5635403Z     105▕     ]);
2025-08-28T11:48:18.5635727Z     106▕
2025-08-28T11:48:18.5636307Z     107▕     $response = $this->delete(route('roles.destroy', $role));
2025-08-28T11:48:18.5636847Z     108▕
2025-08-28T11:48:18.5637384Z   ➜ 109▕     $response->assertRedirect(route('roles.index'));
2025-08-28T11:48:18.5638060Z     110▕     $response->assertSessionHas('success');
2025-08-28T11:48:18.5638529Z     111▕
2025-08-28T11:48:18.5639224Z     112▕     expect(Role::find($role->id))->toBeNull();
2025-08-28T11:48:18.5639704Z     113▕ });
2025-08-28T11:48:18.5639865Z
2025-08-28T11:48:18.5640335Z   ────────────────────────────────────────────────────────────────────────────
2025-08-28T11:48:18.5641110Z    FAILED  Tests\Feature\RoleManagementTest > role name is required
2025-08-28T11:48:18.5641993Z   Session is missing expected key [errors].
2025-08-28T11:48:18.5642502Z Failed asserting that false is true.
2025-08-28T11:48:18.5642772Z
2025-08-28T11:48:18.5642998Z   at tests/Feature/RoleManagementTest.php:140
2025-08-28T11:48:18.5643718Z     136▕         'name' => '',
2025-08-28T11:48:18.5644195Z     137▕         'permissions' => [],
2025-08-28T11:48:18.5644619Z     138▕     ]);
2025-08-28T11:48:18.5644936Z     139▕
2025-08-28T11:48:18.5645433Z   ➜ 140▕     $response->assertSessionHasErrors(['name']);
2025-08-28T11:48:18.5645937Z     141▕ });
2025-08-28T11:48:18.5646253Z     142▕
2025-08-28T11:48:18.5646699Z     143▕ test('can search roles', function () {
2025-08-28T11:48:18.5647408Z     144▕     setPermissionsTeamId($this->organization->id);
2025-08-28T11:48:18.5647759Z
2025-08-28T11:48:18.5648221Z   ────────────────────────────────────────────────────────────────────────────
2025-08-28T11:48:18.5649113Z    FAILED  Tests\Feature\TrustedDeviceTest > trusted device…   QueryException
2025-08-28T11:48:18.5650354Z   SQLSTATE[23503]: Foreign key violation: 7 ERROR:  insert or update on table "activity_log" violates foreign key constraint "activity_log_organization_id_foreign"
2025-08-28T11:48:18.5654643Z DETAIL:  Key (organization_id)=(01k3r83gn4ysvf1r72ys1ehs2h) is not present in table "organizations". (Connection: pgsql, SQL: insert into "activity_log" ("log_name", "properties", "batch_uuid", "event", "subject_id", "subject_type", "description", "id", "organization_id", "updated_at", "created_at") values (user, {"attributes":{"name":"Milton Welch","email":"sbotsford@example.net","avatar":null}}, ?, created, 01k3r83gvcz7nsvxe0yd7wwxqf, App\Models\User, User created, 01k3r83gvkcqbc9xy9baj8yw56, 01k3r83gn4ysvf1r72ys1ehs2h, 2025-08-28 11:48:12, 2025-08-28 11:48:12))
2025-08-28T11:48:18.5665429Z
2025-08-28T11:48:18.5665895Z   at vendor/laravel/framework/src/Illuminate/Database/Connection.php:570
2025-08-28T11:48:18.5753675Z     566▕             $this->bindValues($statement, $this->prepareBindings($bindings));
2025-08-28T11:48:18.5754298Z     567▕
2025-08-28T11:48:18.5754772Z     568▕             $this->recordsHaveBeenModified();
2025-08-28T11:48:18.5755235Z     569▕
2025-08-28T11:48:18.5755714Z   ➜ 570▕             return $statement->execute();
2025-08-28T11:48:18.5756218Z     571▕         });
2025-08-28T11:48:18.5756587Z     572▕     }
2025-08-28T11:48:18.5756913Z     573▕
2025-08-28T11:48:18.5757229Z     574▕     /**
2025-08-28T11:48:18.5757409Z
2025-08-28T11:48:18.5759698Z       [2m+21 vendor frames [22m
2025-08-28T11:48:18.5760343Z   22  tests/Feature/TrustedDeviceTest.php:12
2025-08-28T11:48:18.5760684Z
2025-08-28T11:48:18.5767722Z   ────────────────────────────────────────────────────────────────────────────
2025-08-28T11:48:18.5784924Z    FAILED  Tests\Feature\TrustedDeviceTest > user can create…  QueryException
2025-08-28T11:48:18.5788994Z   SQLSTATE[23503]: Foreign key violation: 7 ERROR:  insert or update on table "activity_log" violates foreign key constraint "activity_log_organization_id_foreign"
2025-08-28T11:48:18.5794007Z DETAIL:  Key (organization_id)=(01k3r83gn4ysvf1r72ys1ehs2h) is not present in table "organizations". (Connection: pgsql, SQL: insert into "activity_log" ("log_name", "properties", "batch_uuid", "event", "subject_id", "subject_type", "description", "id", "organization_id", "updated_at", "created_at") values (user, {"attributes":{"name":"Lesley Runte","email":"bgrimes@example.com","avatar":null}}, ?, created, 01k3r83gyb2skhjc4vxzvpgc81, App\Models\User, User created, 01k3r83gyht30dcv5rerdf1vk6, 01k3r83gn4ysvf1r72ys1ehs2h, 2025-08-28 11:48:12, 2025-08-28 11:48:12))
2025-08-28T11:48:18.5861765Z
2025-08-28T11:48:18.5867096Z   at vendor/laravel/framework/src/Illuminate/Database/Connection.php:570
2025-08-28T11:48:18.5946253Z     566▕             $this->bindValues($statement, $this->prepareBindings($bindings));
2025-08-28T11:48:18.5947193Z     567▕
2025-08-28T11:48:18.5947953Z     568▕             $this->recordsHaveBeenModified();
2025-08-28T11:48:18.5948657Z     569▕
2025-08-28T11:48:18.5949335Z   ➜ 570▕             return $statement->execute();
2025-08-28T11:48:18.5950031Z     571▕         });
2025-08-28T11:48:18.5950573Z     572▕     }
2025-08-28T11:48:18.5951016Z     573▕
2025-08-28T11:48:18.5951448Z     574▕     /**
2025-08-28T11:48:18.5958763Z
2025-08-28T11:48:18.5959341Z       [2m+21 vendor frames [22m
2025-08-28T11:48:18.5960103Z   22  tests/Feature/TrustedDeviceTest.php:12
2025-08-28T11:48:18.5960594Z
2025-08-28T11:48:18.5961258Z   ────────────────────────────────────────────────────────────────────────────
2025-08-28T11:48:18.5976533Z    FAILED  Tests\Feature\TrustedDeviceTest > trusted device…   QueryException
2025-08-28T11:48:18.5982283Z   SQLSTATE[23503]: Foreign key violation: 7 ERROR:  insert or update on table "activity_log" violates foreign key constraint "activity_log_organization_id_foreign"
2025-08-28T11:48:18.5987189Z DETAIL:  Key (organization_id)=(01k3r83gn4ysvf1r72ys1ehs2h) is not present in table "organizations". (Connection: pgsql, SQL: insert into "activity_log" ("log_name", "properties", "batch_uuid", "event", "subject_id", "subject_type", "description", "id", "organization_id", "updated_at", "created_at") values (user, {"attributes":{"name":"Carley Bartell","email":"boehm.antonietta@example.com","avatar":null}}, ?, created, 01k3r83h1928ct159tv56mnk05, App\Models\User, User created, 01k3r83h1fn7f72avgtvx8vnh3, 01k3r83gn4ysvf1r72ys1ehs2h, 2025-08-28 11:48:12, 2025-08-28 11:48:12))
2025-08-28T11:48:18.6049607Z
2025-08-28T11:48:18.6053514Z   at vendor/laravel/framework/src/Illuminate/Database/Connection.php:570
2025-08-28T11:48:18.6133454Z     566▕             $this->bindValues($statement, $this->prepareBindings($bindings));
2025-08-28T11:48:18.6140730Z     567▕
2025-08-28T11:48:18.6141268Z     568▕             $this->recordsHaveBeenModified();
2025-08-28T11:48:18.6141777Z     569▕
2025-08-28T11:48:18.6142497Z   ➜ 570▕             return $statement->execute();
2025-08-28T11:48:18.6143243Z     571▕         });
2025-08-28T11:48:18.6143636Z     572▕     }
2025-08-28T11:48:18.6143966Z     573▕
2025-08-28T11:48:18.6144286Z     574▕     /**
2025-08-28T11:48:18.6144469Z
2025-08-28T11:48:18.6144719Z       [2m+21 vendor frames [22m
2025-08-28T11:48:18.6145216Z   22  tests/Feature/TrustedDeviceTest.php:12
2025-08-28T11:48:18.6145541Z
2025-08-28T11:48:18.6148750Z   ────────────────────────────────────────────────────────────────────────────
2025-08-28T11:48:18.6161633Z    FAILED  Tests\Feature\TrustedDeviceTest > user can update…  QueryException
2025-08-28T11:48:18.6165435Z   SQLSTATE[23503]: Foreign key violation: 7 ERROR:  insert or update on table "activity_log" violates foreign key constraint "activity_log_organization_id_foreign"
2025-08-28T11:48:18.6171051Z DETAIL:  Key (organization_id)=(01k3r83gn4ysvf1r72ys1ehs2h) is not present in table "organizations". (Connection: pgsql, SQL: insert into "activity_log" ("log_name", "properties", "batch_uuid", "event", "subject_id", "subject_type", "description", "id", "organization_id", "updated_at", "created_at") values (user, {"attributes":{"name":"Prof. Santa Conroy MD","email":"quentin.rice@example.org","avatar":null}}, ?, created, 01k3r83h471244bzph9s1fysbt, App\Models\User, User created, 01k3r83h4exgmvjj95cfj9zjy9, 01k3r83gn4ysvf1r72ys1ehs2h, 2025-08-28 11:48:13, 2025-08-28 11:48:13))
2025-08-28T11:48:18.6235268Z
2025-08-28T11:48:18.6238823Z   at vendor/laravel/framework/src/Illuminate/Database/Connection.php:570
2025-08-28T11:48:18.6320198Z     566▕             $this->bindValues($statement, $this->prepareBindings($bindings));
2025-08-28T11:48:18.6325917Z     567▕
2025-08-28T11:48:18.6326452Z     568▕             $this->recordsHaveBeenModified();
2025-08-28T11:48:18.6326956Z     569▕
2025-08-28T11:48:18.6327454Z   ➜ 570▕             return $statement->execute();
2025-08-28T11:48:18.6327946Z     571▕         });
2025-08-28T11:48:18.6328309Z     572▕     }
2025-08-28T11:48:18.6328650Z     573▕
2025-08-28T11:48:18.6328981Z     574▕     /**
2025-08-28T11:48:18.6329162Z
2025-08-28T11:48:18.6329419Z       [2m+21 vendor frames [22m
2025-08-28T11:48:18.6329904Z   22  tests/Feature/TrustedDeviceTest.php:12
2025-08-28T11:48:18.6330223Z
2025-08-28T11:48:18.6331804Z   ────────────────────────────────────────────────────────────────────────────
2025-08-28T11:48:18.6347708Z    FAILED  Tests\Feature\TrustedDeviceTest > user can revoke…  QueryException
2025-08-28T11:48:18.6354244Z   SQLSTATE[23503]: Foreign key violation: 7 ERROR:  insert or update on table "activity_log" violates foreign key constraint "activity_log_organization_id_foreign"
2025-08-28T11:48:18.6358865Z DETAIL:  Key (organization_id)=(01k3r83gn4ysvf1r72ys1ehs2h) is not present in table "organizations". (Connection: pgsql, SQL: insert into "activity_log" ("log_name", "properties", "batch_uuid", "event", "subject_id", "subject_type", "description", "id", "organization_id", "updated_at", "created_at") values (user, {"attributes":{"name":"Aliya Dickens","email":"ibauch@example.org","avatar":null}}, ?, created, 01k3r83h741s4vvcee01q5xqgk, App\Models\User, User created, 01k3r83h7bjfe32vbxq527kch1, 01k3r83gn4ysvf1r72ys1ehs2h, 2025-08-28 11:48:13, 2025-08-28 11:48:13))
2025-08-28T11:48:18.6419606Z
2025-08-28T11:48:18.6424159Z   at vendor/laravel/framework/src/Illuminate/Database/Connection.php:570
2025-08-28T11:48:18.6504927Z     566▕             $this->bindValues($statement, $this->prepareBindings($bindings));
2025-08-28T11:48:18.6511825Z     567▕
2025-08-28T11:48:18.6512381Z     568▕             $this->recordsHaveBeenModified();
2025-08-28T11:48:18.6512881Z     569▕
2025-08-28T11:48:18.6513564Z   ➜ 570▕             return $statement->execute();
2025-08-28T11:48:18.6514075Z     571▕         });
2025-08-28T11:48:18.6514437Z     572▕     }
2025-08-28T11:48:18.6514764Z     573▕
2025-08-28T11:48:18.6515086Z     574▕     /**
2025-08-28T11:48:18.6515268Z
2025-08-28T11:48:18.6515519Z       [2m+21 vendor frames [22m
2025-08-28T11:48:18.6516324Z   22  tests/Feature/TrustedDeviceTest.php:12
2025-08-28T11:48:18.6516677Z
2025-08-28T11:48:18.6519059Z   ────────────────────────────────────────────────────────────────────────────
2025-08-28T11:48:18.6533384Z    FAILED  Tests\Feature\TrustedDeviceTest > user cannot acc…  QueryException
2025-08-28T11:48:18.6540741Z   SQLSTATE[23503]: Foreign key violation: 7 ERROR:  insert or update on table "activity_log" violates foreign key constraint "activity_log_organization_id_foreign"
2025-08-28T11:48:18.6545583Z DETAIL:  Key (organization_id)=(01k3r83gn4ysvf1r72ys1ehs2h) is not present in table "organizations". (Connection: pgsql, SQL: insert into "activity_log" ("log_name", "properties", "batch_uuid", "event", "subject_id", "subject_type", "description", "id", "organization_id", "updated_at", "created_at") values (user, {"attributes":{"name":"Dr. Adele Mohr Sr.","email":"elaina14@example.org","avatar":null}}, ?, created, 01k3r83ha3a793829hevk1my7m, App\Models\User, User created, 01k3r83ha97pgmngv4vdptp5y3, 01k3r83gn4ysvf1r72ys1ehs2h, 2025-08-28 11:48:13, 2025-08-28 11:48:13))
2025-08-28T11:48:18.6606819Z
2025-08-28T11:48:18.6609670Z   at vendor/laravel/framework/src/Illuminate/Database/Connection.php:570
2025-08-28T11:48:18.6690498Z     566▕             $this->bindValues($statement, $this->prepareBindings($bindings));
2025-08-28T11:48:18.6704657Z     567▕
2025-08-28T11:48:18.6705201Z     568▕             $this->recordsHaveBeenModified();
2025-08-28T11:48:18.6705707Z     569▕
2025-08-28T11:48:18.6706185Z   ➜ 570▕             return $statement->execute();
2025-08-28T11:48:18.6706693Z     571▕         });
2025-08-28T11:48:18.6707061Z     572▕     }
2025-08-28T11:48:18.6707386Z     573▕
2025-08-28T11:48:18.6707714Z     574▕     /**
2025-08-28T11:48:18.6707899Z
2025-08-28T11:48:18.6708156Z       [2m+21 vendor frames [22m
2025-08-28T11:48:18.6708643Z   22  tests/Feature/TrustedDeviceTest.php:12
2025-08-28T11:48:18.6708964Z
2025-08-28T11:48:18.6709467Z   ────────────────────────────────────────────────────────────────────────────
2025-08-28T11:48:18.6720172Z    FAILED  Tests\Feature\TrustedDeviceTest > user can revoke…  QueryException
2025-08-28T11:48:18.6723426Z   SQLSTATE[23503]: Foreign key violation: 7 ERROR:  insert or update on table "activity_log" violates foreign key constraint "activity_log_organization_id_foreign"
2025-08-28T11:48:18.6728371Z DETAIL:  Key (organization_id)=(01k3r83gn4ysvf1r72ys1ehs2h) is not present in table "organizations". (Connection: pgsql, SQL: insert into "activity_log" ("log_name", "properties", "batch_uuid", "event", "subject_id", "subject_type", "description", "id", "organization_id", "updated_at", "created_at") values (user, {"attributes":{"name":"Sigrid Jacobs MD","email":"larry.reichel@example.net","avatar":null}}, ?, created, 01k3r83hdfearkwjwqta8bnbm3, App\Models\User, User created, 01k3r83hdngp0z43wr7jy00zg0, 01k3r83gn4ysvf1r72ys1ehs2h, 2025-08-28 11:48:13, 2025-08-28 11:48:13))
2025-08-28T11:48:18.6793702Z
2025-08-28T11:48:18.6798737Z   at vendor/laravel/framework/src/Illuminate/Database/Connection.php:570
2025-08-28T11:48:18.6880892Z     566▕             $this->bindValues($statement, $this->prepareBindings($bindings));
2025-08-28T11:48:18.6883779Z     567▕
2025-08-28T11:48:18.6884319Z     568▕             $this->recordsHaveBeenModified();
2025-08-28T11:48:18.6884824Z     569▕
2025-08-28T11:48:18.6885315Z   ➜ 570▕             return $statement->execute();
2025-08-28T11:48:18.6885820Z     571▕         });
2025-08-28T11:48:18.6886195Z     572▕     }
2025-08-28T11:48:18.6886528Z     573▕
2025-08-28T11:48:18.6886843Z     574▕     /**
2025-08-28T11:48:18.6887030Z
2025-08-28T11:48:18.6887285Z       [2m+21 vendor frames [22m
2025-08-28T11:48:18.6887779Z   22  tests/Feature/TrustedDeviceTest.php:12
2025-08-28T11:48:18.6888095Z
2025-08-28T11:48:18.6890644Z   ────────────────────────────────────────────────────────────────────────────
2025-08-28T11:48:18.6908575Z    FAILED  Tests\Feature\TrustedDeviceTest > user can cleanu…  QueryException
2025-08-28T11:48:18.6912427Z   SQLSTATE[23503]: Foreign key violation: 7 ERROR:  insert or update on table "activity_log" violates foreign key constraint "activity_log_organization_id_foreign"
2025-08-28T11:48:18.6917426Z DETAIL:  Key (organization_id)=(01k3r83gn4ysvf1r72ys1ehs2h) is not present in table "organizations". (Connection: pgsql, SQL: insert into "activity_log" ("log_name", "properties", "batch_uuid", "event", "subject_id", "subject_type", "description", "id", "organization_id", "updated_at", "created_at") values (user, {"attributes":{"name":"Kiana Kemmer","email":"lynn.block@example.org","avatar":null}}, ?, created, 01k3r83hgce63w267a2dswh2dk, App\Models\User, User created, 01k3r83hgj8yxbq6q595yqnmhq, 01k3r83gn4ysvf1r72ys1ehs2h, 2025-08-28 11:48:13, 2025-08-28 11:48:13))
2025-08-28T11:48:18.6980892Z
2025-08-28T11:48:18.6983948Z   at vendor/laravel/framework/src/Illuminate/Database/Connection.php:570
2025-08-28T11:48:18.7072486Z     566▕             $this->bindValues($statement, $this->prepareBindings($bindings));
2025-08-28T11:48:18.7073384Z     567▕
2025-08-28T11:48:18.7073910Z     568▕             $this->recordsHaveBeenModified();
2025-08-28T11:48:18.7074409Z     569▕
2025-08-28T11:48:18.7074894Z   ➜ 570▕             return $statement->execute();
2025-08-28T11:48:18.7075397Z     571▕         });
2025-08-28T11:48:18.7075752Z     572▕     }
2025-08-28T11:48:18.7076085Z     573▕
2025-08-28T11:48:18.7076405Z     574▕     /**
2025-08-28T11:48:18.7076585Z
2025-08-28T11:48:18.7076834Z       [2m+21 vendor frames [22m
2025-08-28T11:48:18.7077321Z   22  tests/Feature/TrustedDeviceTest.php:12
2025-08-28T11:48:18.7077640Z
2025-08-28T11:48:18.7080475Z   ────────────────────────────────────────────────────────────────────────────
2025-08-28T11:48:18.7096046Z    FAILED  Tests\Feature\TrustedDeviceTest > trusted device…   QueryException
2025-08-28T11:48:18.7102471Z   SQLSTATE[23503]: Foreign key violation: 7 ERROR:  insert or update on table "activity_log" violates foreign key constraint "activity_log_organization_id_foreign"
2025-08-28T11:48:18.7107290Z DETAIL:  Key (organization_id)=(01k3r83gn4ysvf1r72ys1ehs2h) is not present in table "organizations". (Connection: pgsql, SQL: insert into "activity_log" ("log_name", "properties", "batch_uuid", "event", "subject_id", "subject_type", "description", "id", "organization_id", "updated_at", "created_at") values (user, {"attributes":{"name":"Miss Tanya Abbott III","email":"lyla44@example.com","avatar":null}}, ?, created, 01k3r83hk84kttk3tdw8v0wbn3, App\Models\User, User created, 01k3r83hkecckk805rewrw4q9t, 01k3r83gn4ysvf1r72ys1ehs2h, 2025-08-28 11:48:13, 2025-08-28 11:48:13))
2025-08-28T11:48:18.7168476Z
2025-08-28T11:48:18.7171756Z   at vendor/laravel/framework/src/Illuminate/Database/Connection.php:570
2025-08-28T11:48:18.7253249Z     566▕             $this->bindValues($statement, $this->prepareBindings($bindings));
2025-08-28T11:48:18.7263258Z     567▕
2025-08-28T11:48:18.7263830Z     568▕             $this->recordsHaveBeenModified();
2025-08-28T11:48:18.7264336Z     569▕
2025-08-28T11:48:18.7265101Z   ➜ 570▕             return $statement->execute();
2025-08-28T11:48:18.7265657Z     571▕         });
2025-08-28T11:48:18.7266022Z     572▕     }
2025-08-28T11:48:18.7266358Z     573▕
2025-08-28T11:48:18.7266687Z     574▕     /**
2025-08-28T11:48:18.7266869Z
2025-08-28T11:48:18.7267123Z       [2m+21 vendor frames [22m
2025-08-28T11:48:18.7267624Z   22  tests/Feature/TrustedDeviceTest.php:12
2025-08-28T11:48:18.7267942Z
2025-08-28T11:48:18.7270202Z   ────────────────────────────────────────────────────────────────────────────
2025-08-28T11:48:18.7284077Z    FAILED  Tests\Feature\TrustedDeviceTest > trusted device…   QueryException
2025-08-28T11:48:18.7290479Z   SQLSTATE[23503]: Foreign key violation: 7 ERROR:  insert or update on table "activity_log" violates foreign key constraint "activity_log_organization_id_foreign"
2025-08-28T11:48:18.7295260Z DETAIL:  Key (organization_id)=(01k3r83gn4ysvf1r72ys1ehs2h) is not present in table "organizations". (Connection: pgsql, SQL: insert into "activity_log" ("log_name", "properties", "batch_uuid", "event", "subject_id", "subject_type", "description", "id", "organization_id", "updated_at", "created_at") values (user, {"attributes":{"name":"Jess Olson","email":"magnus68@example.net","avatar":null}}, ?, created, 01k3r83hp8kxqnqqxbjw91ya8z, App\Models\User, User created, 01k3r83hpe03scdq93pz9f83mt, 01k3r83gn4ysvf1r72ys1ehs2h, 2025-08-28 11:48:13, 2025-08-28 11:48:13))
2025-08-28T11:48:18.7357339Z
2025-08-28T11:48:18.7360257Z   at vendor/laravel/framework/src/Illuminate/Database/Connection.php:570
2025-08-28T11:48:18.7457682Z     566▕             $this->bindValues($statement, $this->prepareBindings($bindings));
2025-08-28T11:48:18.7466290Z     567▕
2025-08-28T11:48:18.7466848Z     568▕             $this->recordsHaveBeenModified();
2025-08-28T11:48:18.7467368Z     569▕
2025-08-28T11:48:18.7467852Z   ➜ 570▕             return $statement->execute();
2025-08-28T11:48:18.7468361Z     571▕         });
2025-08-28T11:48:18.7468718Z     572▕     }
2025-08-28T11:48:18.7469082Z     573▕
2025-08-28T11:48:18.7469402Z     574▕     /**
2025-08-28T11:48:18.7469583Z
2025-08-28T11:48:18.7469832Z       [2m+21 vendor frames [22m
2025-08-28T11:48:18.7470332Z   22  tests/Feature/TrustedDeviceTest.php:12
2025-08-28T11:48:18.7470650Z
2025-08-28T11:48:18.7471148Z   ────────────────────────────────────────────────────────────────────────────
2025-08-28T11:48:18.7475987Z    FAILED  Tests\Feature\TrustedDeviceTest > trusted device…   QueryException
2025-08-28T11:48:18.7480704Z   SQLSTATE[23503]: Foreign key violation: 7 ERROR:  insert or update on table "activity_log" violates foreign key constraint "activity_log_organization_id_foreign"
2025-08-28T11:48:18.7485830Z DETAIL:  Key (organization_id)=(01k3r83gn4ysvf1r72ys1ehs2h) is not present in table "organizations". (Connection: pgsql, SQL: insert into "activity_log" ("log_name", "properties", "batch_uuid", "event", "subject_id", "subject_type", "description", "id", "organization_id", "updated_at", "created_at") values (user, {"attributes":{"name":"Domenica Bode Sr.","email":"zula.sanford@example.com","avatar":null}}, ?, created, 01k3r83hs7c5t70gtmmxnqgq2n, App\Models\User, User created, 01k3r83hsde17457a3pwbma3e1, 01k3r83gn4ysvf1r72ys1ehs2h, 2025-08-28 11:48:13, 2025-08-28 11:48:13))
2025-08-28T11:48:18.7549351Z
2025-08-28T11:48:18.7554669Z   at vendor/laravel/framework/src/Illuminate/Database/Connection.php:570
2025-08-28T11:48:18.7638120Z     566▕             $this->bindValues($statement, $this->prepareBindings($bindings));
2025-08-28T11:48:18.7644067Z     567▕
2025-08-28T11:48:18.7648940Z     568▕             $this->recordsHaveBeenModified();
2025-08-28T11:48:18.7650985Z     569▕
2025-08-28T11:48:18.7651507Z   ➜ 570▕             return $statement->execute();
2025-08-28T11:48:18.7652026Z     571▕         });
2025-08-28T11:48:18.7652396Z     572▕     }
2025-08-28T11:48:18.7652723Z     573▕
2025-08-28T11:48:18.7653235Z     574▕     /**
2025-08-28T11:48:18.7653432Z
2025-08-28T11:48:18.7653967Z       [2m+21 vendor frames [22m
2025-08-28T11:48:18.7654507Z   22  tests/Feature/TrustedDeviceTest.php:12
2025-08-28T11:48:18.7654831Z
2025-08-28T11:48:18.7655328Z   ────────────────────────────────────────────────────────────────────────────
2025-08-28T11:48:18.7668933Z    FAILED  Tests\Feature\TrustedDeviceTest > trusted device…   QueryException
2025-08-28T11:48:18.7675847Z   SQLSTATE[23503]: Foreign key violation: 7 ERROR:  insert or update on table "activity_log" violates foreign key constraint "activity_log_organization_id_foreign"
2025-08-28T11:48:18.7680586Z DETAIL:  Key (organization_id)=(01k3r83gn4ysvf1r72ys1ehs2h) is not present in table "organizations". (Connection: pgsql, SQL: insert into "activity_log" ("log_name", "properties", "batch_uuid", "event", "subject_id", "subject_type", "description", "id", "organization_id", "updated_at", "created_at") values (user, {"attributes":{"name":"Dr. Keith Zieme PhD","email":"wendy85@example.com","avatar":null}}, ?, created, 01k3r83hw5wax8gb1v03c8ssyy, App\Models\User, User created, 01k3r83hwc2t8fmhqkxxrfqp55, 01k3r83gn4ysvf1r72ys1ehs2h, 2025-08-28 11:48:13, 2025-08-28 11:48:13))
2025-08-28T11:48:18.7742610Z
2025-08-28T11:48:18.7744599Z   at vendor/laravel/framework/src/Illuminate/Database/Connection.php:570
2025-08-28T11:48:18.7824745Z     566▕             $this->bindValues($statement, $this->prepareBindings($bindings));
2025-08-28T11:48:18.7833920Z     567▕
2025-08-28T11:48:18.7834443Z     568▕             $this->recordsHaveBeenModified();
2025-08-28T11:48:18.7834935Z     569▕
2025-08-28T11:48:18.7835396Z   ➜ 570▕             return $statement->execute();
2025-08-28T11:48:18.7835878Z     571▕         });
2025-08-28T11:48:18.7836228Z     572▕     }
2025-08-28T11:48:18.7836532Z     573▕
2025-08-28T11:48:18.7836840Z     574▕     /**
2025-08-28T11:48:18.7837012Z
2025-08-28T11:48:18.7837258Z       [2m+21 vendor frames [22m
2025-08-28T11:48:18.7837731Z   22  tests/Feature/TrustedDeviceTest.php:12
2025-08-28T11:48:18.7838048Z
2025-08-28T11:48:18.7856938Z
2025-08-28T11:48:18.7864435Z   Tests:    143 failed, 2 risky, 5 skipped, 388 passed (2852 assertions)
2025-08-28T11:48:18.7868156Z   Duration: 1165.45s
2025-08-28T11:48:18.7868361Z
2025-08-28T11:48:18.8530037Z ##[error]Process completed with exit code 2.
2025-08-28T11:48:18.8605837Z Post job cleanup.
2025-08-28T11:48:18.9562907Z [command]/usr/bin/git version
2025-08-28T11:48:18.9603635Z git version 2.51.0
2025-08-28T11:48:18.9651648Z Temporarily overriding HOME='/home/runner/work/_temp/24e901d5-4240-4c8c-a2c5-0c33747f9f79' before making global git config changes
2025-08-28T11:48:18.9654553Z Adding repository directory to the temporary git global config as a safe directory
2025-08-28T11:48:18.9658994Z [command]/usr/bin/git config --global --add safe.directory /home/runner/work/baselaravel12/baselaravel12
2025-08-28T11:48:18.9702274Z [command]/usr/bin/git config --local --name-only --get-regexp core\.sshCommand
2025-08-28T11:48:18.9738422Z [command]/usr/bin/git submodule foreach --recursive sh -c "git config --local --name-only --get-regexp 'core\.sshCommand' && git config --local --unset-all 'core.sshCommand' || :"
2025-08-28T11:48:18.9984267Z [command]/usr/bin/git config --local --name-only --get-regexp http\.https\:\/\/github\.com\/\.extraheader
2025-08-28T11:48:19.0010307Z http.https://github.com/.extraheader
2025-08-28T11:48:19.0025328Z [command]/usr/bin/git config --local --unset-all http.https://github.com/.extraheader
2025-08-28T11:48:19.0059613Z [command]/usr/bin/git submodule foreach --recursive sh -c "git config --local --name-only --get-regexp 'http\.https\:\/\/github\.com\/\.extraheader' && git config --local --unset-all 'http.https://github.com/.extraheader' || :"
2025-08-28T11:48:19.0381702Z Print service container logs: 3c61d57abe6c46f5baa94ad22e033a84_postgres17_ab2933
2025-08-28T11:48:19.0386870Z ##[command]/usr/bin/docker logs --details fbad97637e628eb3ae30fe7c96937a85ea585ce63aeeb648645ccd01f1a518b0
2025-08-28T11:48:19.0529479Z  initdb: warning: enabling "trust" authentication for local connections
2025-08-28T11:48:19.0530557Z  initdb: hint: You can change this by editing pg_hba.conf or using the option -A, or --auth-local and --auth-host, the next time you run initdb.
2025-08-28T11:48:19.0532368Z  2025-08-28 11:27:48.380 UTC [1] LOG:  starting PostgreSQL 17.6 (Debian 17.6-1.pgdg13+1) on x86_64-pc-linux-gnu, compiled by gcc (Debian 14.2.0-19) 14.2.0, 64-bit
2025-08-28T11:48:19.0533578Z  2025-08-28 11:27:48.381 UTC [1] LOG:  listening on IPv4 address "0.0.0.0", port 5432
2025-08-28T11:48:19.0534254Z  2025-08-28 11:27:48.381 UTC [1] LOG:  listening on IPv6 address "::", port 5432
2025-08-28T11:48:19.0535089Z  2025-08-28 11:27:48.382 UTC [1] LOG:  listening on Unix socket "/var/run/postgresql/.s.PGSQL.5432"
2025-08-28T11:48:19.0536149Z  2025-08-28 11:27:48.385 UTC [63] LOG:  database system was shut down at 2025-08-28 11:27:48 UTC
2025-08-28T11:48:19.0536948Z  2025-08-28 11:27:48.389 UTC [1] LOG:  database system is ready to accept connections
2025-08-28T11:48:19.0537684Z  2025-08-28 11:27:57.387 UTC [74] FATAL:  role "root" does not exist
2025-08-28T11:48:19.0538284Z  2025-08-28 11:28:07.459 UTC [82] FATAL:  role "root" does not exist
2025-08-28T11:48:19.0538851Z  2025-08-28 11:28:17.618 UTC [89] FATAL:  role "root" does not exist
2025-08-28T11:48:19.0539416Z  2025-08-28 11:28:27.732 UTC [98] FATAL:  role "root" does not exist
2025-08-28T11:48:19.0540106Z  2025-08-28 11:28:37.828 UTC [105] FATAL:  role "root" does not exist
2025-08-28T11:48:19.0540679Z  2025-08-28 11:28:47.957 UTC [115] FATAL:  role "root" does not exist
2025-08-28T11:48:19.0541401Z  2025-08-28 11:28:58.057 UTC [126] FATAL:  role "root" does not exist
2025-08-28T11:48:19.0542146Z  The files belonging to this database system will be owned by user "postgres".
2025-08-28T11:48:19.0542920Z  2025-08-28 11:29:08.155 UTC [152] FATAL:  role "root" does not exist
2025-08-28T11:48:19.0564804Z  2025-08-28 11:29:18.242 UTC [177] FATAL:  role "root" does not exist
2025-08-28T11:48:19.0565433Z  2025-08-28 11:29:28.329 UTC [188] FATAL:  role "root" does not exist
2025-08-28T11:48:19.0566058Z  2025-08-28 11:29:38.414 UTC [234] FATAL:  role "root" does not exist
2025-08-28T11:48:19.0566626Z  2025-08-28 11:29:48.552 UTC [245] FATAL:  role "root" does not exist
2025-08-28T11:48:19.0567203Z  2025-08-28 11:29:58.635 UTC [256] FATAL:  role "root" does not exist
2025-08-28T11:48:19.0567764Z  2025-08-28 11:30:08.719 UTC [267] FATAL:  role "root" does not exist
2025-08-28T11:48:19.0568340Z  2025-08-28 11:30:18.805 UTC [277] FATAL:  role "root" does not exist
2025-08-28T11:48:19.0568896Z  2025-08-28 11:30:28.887 UTC [290] FATAL:  role "root" does not exist
2025-08-28T11:48:19.0569469Z  2025-08-28 11:30:38.972 UTC [299] FATAL:  role "root" does not exist
2025-08-28T11:48:19.0570017Z  2025-08-28 11:30:49.077 UTC [310] FATAL:  role "root" does not exist
2025-08-28T11:48:19.0570589Z  2025-08-28 11:30:59.163 UTC [319] FATAL:  role "root" does not exist
2025-08-28T11:48:19.0571140Z  2025-08-28 11:31:09.247 UTC [348] FATAL:  role "root" does not exist
2025-08-28T11:48:19.0571703Z  2025-08-28 11:31:19.327 UTC [362] FATAL:  role "root" does not exist
2025-08-28T11:48:19.0572258Z  2025-08-28 11:31:29.422 UTC [372] FATAL:  role "root" does not exist
2025-08-28T11:48:19.0572809Z  2025-08-28 11:31:39.507 UTC [389] FATAL:  role "root" does not exist
2025-08-28T11:48:19.0573508Z  2025-08-28 11:31:49.592 UTC [402] FATAL:  role "root" does not exist
2025-08-28T11:48:19.0574056Z  2025-08-28 11:31:59.678 UTC [413] FATAL:  role "root" does not exist
2025-08-28T11:48:19.0574617Z  2025-08-28 11:32:09.761 UTC [426] FATAL:  role "root" does not exist
2025-08-28T11:48:19.0575189Z  2025-08-28 11:32:19.854 UTC [435] FATAL:  role "root" does not exist
2025-08-28T11:48:19.0576178Z  2025-08-28 11:32:29.937 UTC [457] FATAL:  role "root" does not exist
2025-08-28T11:48:19.0577089Z  2025-08-28 11:32:36.281 UTC [458] ERROR:  duplicate key value violates unique constraint "unique_active_conversation_device"
2025-08-28T11:48:19.0578314Z  2025-08-28 11:32:36.281 UTC [458] DETAIL:  Key (conversation_id, device_id)=(01k3r76tt8svxqh4m82jccxqgg, 01k3r76y9frex59eexezwykwsr) already exists.
2025-08-28T11:48:19.0580570Z  2025-08-28 11:32:36.281 UTC [458] STATEMENT:  insert into "chat_encryption_keys" ("is_active", "conversation_id", "user_id", "device_id", "device_fingerprint", "encrypted_key", "public_key", "key_version", "algorithm", "key_strength", "id", "updated_at", "created_at") values ($1, $2, $3, $4, $5, $6, $7, $8, $9, $10, $11, $12, $13)
2025-08-28T11:48:19.0582470Z  2025-08-28 11:32:36.281 UTC [458] ERROR:  current transaction is aborted, commands ignored until end of transaction block
2025-08-28T11:48:19.0618444Z  2025-08-28 11:32:36.281 UTC [458] STATEMENT:  DEALLOCATE pdo_stmt_00000015
2025-08-28T11:48:19.0619292Z  2025-08-28 11:32:36.282 UTC [458] ERROR:  current transaction is aborted, commands ignored until end of transaction block
2025-08-28T11:48:19.0620252Z  2025-08-28 11:32:36.282 UTC [458] STATEMENT:  select * from "user_devices" where "user_id" = $1 limit 1
2025-08-28T11:48:19.0621281Z  2025-08-28 11:32:36.283 UTC [458] ERROR:  current transaction is aborted, commands ignored until end of transaction block
2025-08-28T11:48:19.0622315Z  2025-08-28 11:32:36.283 UTC [458] STATEMENT:  select * from "user_devices" where "user_id" = $1 limit 1
2025-08-28T11:48:19.0623377Z  2025-08-28 11:32:36.283 UTC [458] ERROR:  current transaction is aborted, commands ignored until end of transaction block
2025-08-28T11:48:19.0624304Z  2025-08-28 11:32:36.283 UTC [458] STATEMENT:  select * from "user_devices" where "user_id" = $1 limit 1
2025-08-28T11:48:19.0625003Z  2025-08-28 11:32:40.023 UTC [467] FATAL:  role "root" does not exist
2025-08-28T11:48:19.0625548Z  2025-08-28 11:32:48.484 UTC [61] LOG:  checkpoint starting: time
2025-08-28T11:48:19.0626104Z  2025-08-28 11:32:50.110 UTC [477] FATAL:  role "root" does not exist
2025-08-28T11:48:19.0626640Z  2025-08-28 11:33:00.205 UTC [491] FATAL:  role "root" does not exist
2025-08-28T11:48:19.0627182Z  2025-08-28 11:33:10.290 UTC [504] FATAL:  role "root" does not exist
2025-08-28T11:48:19.0627742Z  2025-08-28 11:33:20.379 UTC [517] FATAL:  role "root" does not exist
2025-08-28T11:48:19.0633872Z  2025-08-28 11:33:30.465 UTC [530] FATAL:  role "root" does not exist
2025-08-28T11:48:19.0634476Z  2025-08-28 11:33:40.552 UTC [550] FATAL:  role "root" does not exist
2025-08-28T11:48:19.0635095Z  2025-08-28 11:33:48.650 UTC [558] ERROR:  value too long for type character(26)
2025-08-28T11:48:19.0636754Z  2025-08-28 11:33:48.650 UTC [558] STATEMENT:  insert into "chat_encryption_keys" ("is_active", "conversation_id", "user_id", "device_id", "device_fingerprint", "encrypted_key", "public_key", "key_version", "algorithm", "key_strength", "id", "updated_at", "created_at") values ($1, $2, $3, $4, $5, $6, $7, $8, $9, $10, $11, $12, $13)
2025-08-28T11:48:19.0638658Z  2025-08-28 11:33:48.650 UTC [558] ERROR:  current transaction is aborted, commands ignored until end of transaction block
2025-08-28T11:48:19.0639523Z  2025-08-28 11:33:48.650 UTC [558] STATEMENT:  DEALLOCATE pdo_stmt_0000000f
2025-08-28T11:48:19.0640395Z  2025-08-28 11:33:49.743 UTC [564] ERROR:  duplicate key value violates unique constraint "unique_active_conversation_device"
2025-08-28T11:48:19.0641605Z  2025-08-28 11:33:49.743 UTC [564] DETAIL:  Key (conversation_id, device_id)=(01k3r795h9rv28xths92aptf4h, 01k3r79616n6p6f1zbcrvae47w) already exists.
2025-08-28T11:48:19.0645092Z  2025-08-28 11:33:49.743 UTC [564] STATEMENT:  insert into "chat_encryption_keys" ("is_active", "conversation_id", "user_id", "device_id", "device_fingerprint", "encrypted_key", "public_key", "key_version", "algorithm", "key_strength", "id", "updated_at", "created_at") values ($1, $2, $3, $4, $5, $6, $7, $8, $9, $10, $11, $12, $13)
2025-08-28T11:48:19.0646802Z  2025-08-28 11:33:49.744 UTC [564] ERROR:  current transaction is aborted, commands ignored until end of transaction block
2025-08-28T11:48:19.0647590Z  2025-08-28 11:33:49.744 UTC [564] STATEMENT:  DEALLOCATE pdo_stmt_00000011
2025-08-28T11:48:19.0648134Z  2025-08-28 11:33:50.637 UTC [573] FATAL:  role "root" does not exist
2025-08-28T11:48:19.0649679Z  2025-08-28 11:33:54.934 UTC [61] LOG:  checkpoint complete: wrote 648 buffers (4.0%); 0 WAL file(s) added, 0 removed, 0 recycled; write=66.424 s, sync=0.014 s, total=66.450 s; sync files=832, longest=0.002 s, average=0.001 s; distance=6948 kB, estimate=6948 kB; lsn=0/2409408, redo lsn=0/1FDE970
2025-08-28T11:48:19.0651114Z  2025-08-28 11:34:00.720 UTC [583] FATAL:  role "root" does not exist
2025-08-28T11:48:19.0651626Z  2025-08-28 11:34:10.805 UTC [595] FATAL:  role "root" does not exist
2025-08-28T11:48:19.0652132Z  2025-08-28 11:34:20.891 UTC [606] FATAL:  role "root" does not exist
2025-08-28T11:48:19.0652620Z  2025-08-28 11:34:30.988 UTC [621] FATAL:  role "root" does not exist
2025-08-28T11:48:19.0653557Z  2025-08-28 11:34:33.010 UTC [639] ERROR:  column "role" of relation "sys_users" does not exist at character 94
2025-08-28T11:48:19.0654889Z  2025-08-28 11:34:33.010 UTC [639] STATEMENT:  insert into "sys_users" ("name", "email", "email_verified_at", "password", "remember_token", "role", "id", "updated_at", "created_at") values ($1, $2, $3, $4, $5, $6, $7, $8, $9)
2025-08-28T11:48:19.0657853Z  2025-08-28 11:34:33.110 UTC [640] ERROR:  column "role" of relation "sys_users" does not exist at character 94
2025-08-28T11:48:19.0659163Z  2025-08-28 11:34:33.110 UTC [640] STATEMENT:  insert into "sys_users" ("name", "email", "email_verified_at", "password", "remember_token", "role", "id", "updated_at", "created_at") values ($1, $2, $3, $4, $5, $6, $7, $8, $9)
2025-08-28T11:48:19.0660460Z  2025-08-28 11:34:33.211 UTC [641] ERROR:  column "role" of relation "sys_users" does not exist at character 94
2025-08-28T11:48:19.0661284Z  2025-08-28 11:34:33.211 UTC [641] STATEMENT:  insert into "sys_users" ("name", "email", "email_verified_at", "password", "remember_token", "role", "id", "updated_at", "created_at") values ($1, $2, $3, $4, $5, $6, $7, $8, $9)
2025-08-28T11:48:19.0662087Z  2025-08-28 11:34:33.314 UTC [642] ERROR:  column "role" of relation "sys_users" does not exist at character 94
2025-08-28T11:48:19.0662867Z  2025-08-28 11:34:33.314 UTC [642] STATEMENT:  insert into "sys_users" ("name", "email", "email_verified_at", "password", "remember_token", "role", "id", "updated_at", "created_at") values ($1, $2, $3, $4, $5, $6, $7, $8, $9)
2025-08-28T11:48:19.0663983Z  2025-08-28 11:34:33.427 UTC [643] ERROR:  column "role" of relation "sys_users" does not exist at character 94
2025-08-28T11:48:19.0664757Z  2025-08-28 11:34:33.427 UTC [643] STATEMENT:  insert into "sys_users" ("name", "email", "email_verified_at", "password", "remember_token", "role", "id", "updated_at", "created_at") values ($1, $2, $3, $4, $5, $6, $7, $8, $9)
2025-08-28T11:48:19.0665520Z  2025-08-28 11:34:33.528 UTC [644] ERROR:  column "role" of relation "sys_users" does not exist at character 94
2025-08-28T11:48:19.0666281Z  2025-08-28 11:34:33.528 UTC [644] STATEMENT:  insert into "sys_users" ("name", "email", "email_verified_at", "password", "remember_token", "role", "id", "updated_at", "created_at") values ($1, $2, $3, $4, $5, $6, $7, $8, $9)
2025-08-28T11:48:19.0667066Z  2025-08-28 11:34:33.629 UTC [645] ERROR:  column "role" of relation "sys_users" does not exist at character 94
2025-08-28T11:48:19.0667819Z  2025-08-28 11:34:33.629 UTC [645] STATEMENT:  insert into "sys_users" ("name", "email", "email_verified_at", "password", "remember_token", "role", "id", "updated_at", "created_at") values ($1, $2, $3, $4, $5, $6, $7, $8, $9)
2025-08-28T11:48:19.0668576Z  2025-08-28 11:34:33.730 UTC [646] ERROR:  column "role" of relation "sys_users" does not exist at character 94
2025-08-28T11:48:19.0669505Z  2025-08-28 11:34:33.730 UTC [646] STATEMENT:  insert into "sys_users" ("name", "email", "email_verified_at", "password", "remember_token", "role", "id", "updated_at", "created_at") values ($1, $2, $3, $4, $5, $6, $7, $8, $9)
2025-08-28T11:48:19.0670267Z  2025-08-28 11:34:33.831 UTC [647] ERROR:  column "role" of relation "sys_users" does not exist at character 94
2025-08-28T11:48:19.0671014Z  2025-08-28 11:34:33.831 UTC [647] STATEMENT:  insert into "sys_users" ("name", "email", "email_verified_at", "password", "remember_token", "role", "id", "updated_at", "created_at") values ($1, $2, $3, $4, $5, $6, $7, $8, $9)
2025-08-28T11:48:19.0671888Z  2025-08-28 11:34:33.932 UTC [648] ERROR:  column "role" of relation "sys_users" does not exist at character 94
2025-08-28T11:48:19.0672638Z  2025-08-28 11:34:33.932 UTC [648] STATEMENT:  insert into "sys_users" ("name", "email", "email_verified_at", "password", "remember_token", "role", "id", "updated_at", "created_at") values ($1, $2, $3, $4, $5, $6, $7, $8, $9)
2025-08-28T11:48:19.0673836Z  2025-08-28 11:34:34.043 UTC [649] ERROR:  column "role" of relation "sys_users" does not exist at character 94
2025-08-28T11:48:19.0674620Z  2025-08-28 11:34:34.043 UTC [649] STATEMENT:  insert into "sys_users" ("name", "email", "email_verified_at", "password", "remember_token", "role", "id", "updated_at", "created_at") values ($1, $2, $3, $4, $5, $6, $7, $8, $9)
2025-08-28T11:48:19.0675387Z  2025-08-28 11:34:34.145 UTC [650] ERROR:  column "role" of relation "sys_users" does not exist at character 94
2025-08-28T11:48:19.0676158Z  2025-08-28 11:34:34.145 UTC [650] STATEMENT:  insert into "sys_users" ("name", "email", "email_verified_at", "password", "remember_token", "role", "id", "updated_at", "created_at") values ($1, $2, $3, $4, $5, $6, $7, $8, $9)
2025-08-28T11:48:19.0676921Z  2025-08-28 11:34:34.248 UTC [651] ERROR:  column "role" of relation "sys_users" does not exist at character 94
2025-08-28T11:48:19.0677685Z  2025-08-28 11:34:34.248 UTC [651] STATEMENT:  insert into "sys_users" ("name", "email", "email_verified_at", "password", "remember_token", "role", "id", "updated_at", "created_at") values ($1, $2, $3, $4, $5, $6, $7, $8, $9)
2025-08-28T11:48:19.0678448Z  2025-08-28 11:34:34.350 UTC [652] ERROR:  column "role" of relation "sys_users" does not exist at character 94
2025-08-28T11:48:19.0679210Z  2025-08-28 11:34:34.350 UTC [652] STATEMENT:  insert into "sys_users" ("name", "email", "email_verified_at", "password", "remember_token", "role", "id", "updated_at", "created_at") values ($1, $2, $3, $4, $5, $6, $7, $8, $9)
2025-08-28T11:48:19.0679979Z  2025-08-28 11:34:34.453 UTC [653] ERROR:  column "role" of relation "sys_users" does not exist at character 94
2025-08-28T11:48:19.0680741Z  2025-08-28 11:34:34.453 UTC [653] STATEMENT:  insert into "sys_users" ("name", "email", "email_verified_at", "password", "remember_token", "role", "id", "updated_at", "created_at") values ($1, $2, $3, $4, $5, $6, $7, $8, $9)
2025-08-28T11:48:19.0681519Z  2025-08-28 11:34:34.553 UTC [654] ERROR:  column "role" of relation "sys_users" does not exist at character 94
2025-08-28T11:48:19.0682290Z  2025-08-28 11:34:34.553 UTC [654] STATEMENT:  insert into "sys_users" ("name", "email", "email_verified_at", "password", "remember_token", "role", "id", "updated_at", "created_at") values ($1, $2, $3, $4, $5, $6, $7, $8, $9)
2025-08-28T11:48:19.0683300Z  2025-08-28 11:34:34.665 UTC [655] ERROR:  column "role" of relation "sys_users" does not exist at character 94
2025-08-28T11:48:19.0684116Z  2025-08-28 11:34:34.665 UTC [655] STATEMENT:  insert into "sys_users" ("name", "email", "email_verified_at", "password", "remember_token", "role", "id", "updated_at", "created_at") values ($1, $2, $3, $4, $5, $6, $7, $8, $9)
2025-08-28T11:48:19.0684867Z  2025-08-28 11:34:34.765 UTC [656] ERROR:  column "role" of relation "sys_users" does not exist at character 94
2025-08-28T11:48:19.0685758Z  2025-08-28 11:34:34.765 UTC [656] STATEMENT:  insert into "sys_users" ("name", "email", "email_verified_at", "password", "remember_token", "role", "id", "updated_at", "created_at") values ($1, $2, $3, $4, $5, $6, $7, $8, $9)
2025-08-28T11:48:19.0686552Z  2025-08-28 11:34:34.865 UTC [657] ERROR:  column "role" of relation "sys_users" does not exist at character 94
2025-08-28T11:48:19.0687301Z  2025-08-28 11:34:34.865 UTC [657] STATEMENT:  insert into "sys_users" ("name", "email", "email_verified_at", "password", "remember_token", "role", "id", "updated_at", "created_at") values ($1, $2, $3, $4, $5, $6, $7, $8, $9)
2025-08-28T11:48:19.0688092Z  2025-08-28 11:34:41.074 UTC [667] FATAL:  role "root" does not exist
2025-08-28T11:48:19.0688423Z  2025-08-28 11:34:51.162 UTC [677] FATAL:  role "root" does not exist
2025-08-28T11:48:19.0688748Z  2025-08-28 11:35:01.245 UTC [686] FATAL:  role "root" does not exist
2025-08-28T11:48:19.0689068Z  2025-08-28 11:35:11.332 UTC [696] FATAL:  role "root" does not exist
2025-08-28T11:48:19.0689386Z  2025-08-28 11:35:21.413 UTC [705] FATAL:  role "root" does not exist
2025-08-28T11:48:19.0689697Z  2025-08-28 11:35:31.501 UTC [714] FATAL:  role "root" does not exist
2025-08-28T11:48:19.0690017Z  2025-08-28 11:35:41.585 UTC [722] FATAL:  role "root" does not exist
2025-08-28T11:48:19.0690328Z  2025-08-28 11:35:51.670 UTC [730] FATAL:  role "root" does not exist
2025-08-28T11:48:19.0690642Z  2025-08-28 11:36:01.756 UTC [738] FATAL:  role "root" does not exist
2025-08-28T11:48:19.0690959Z  2025-08-28 11:36:11.843 UTC [747] FATAL:  role "root" does not exist
2025-08-28T11:48:19.0691274Z  2025-08-28 11:36:21.930 UTC [755] FATAL:  role "root" does not exist
2025-08-28T11:48:19.0691797Z  2025-08-28 11:36:27.992 UTC [756] ERROR:  new row for relation "chat_participants" violates check constraint "chat_participants_role_check"
2025-08-28T11:48:19.0692836Z  2025-08-28 11:36:27.992 UTC [756] DETAIL:  Failing row contains (01k3r7e0jew2zdtykyk7g9pe1c, 01k3r7e0j46hkb0dcgx28kd9dj, 01k3r7e0ga7383z9qkbzvkavjx, moderator, 2025-08-28 11:36:28, null, null, null, null, f, 2025-08-28 11:36:27, 2025-08-28 11:36:27, null).
2025-08-28T11:48:19.0694378Z  2025-08-28 11:36:27.992 UTC [756] STATEMENT:  update "chat_participants" set "role" = $1, "updated_at" = $2 where "chat_participants"."conversation_id" = $3 and "chat_participants"."conversation_id" is not null and "user_id" = $4 and "chat_participants"."deleted_at" is null
2025-08-28T11:48:19.0695362Z  2025-08-28 11:36:27.993 UTC [756] ERROR:  current transaction is aborted, commands ignored until end of transaction block
2025-08-28T11:48:19.0695867Z  2025-08-28 11:36:27.993 UTC [756] STATEMENT:  DEALLOCATE pdo_stmt_00000029
2025-08-28T11:48:19.0696239Z  2025-08-28 11:36:32.011 UTC [766] FATAL:  role "root" does not exist
2025-08-28T11:48:19.0696566Z  2025-08-28 11:36:42.097 UTC [776] FATAL:  role "root" does not exist
2025-08-28T11:48:19.0696886Z  2025-08-28 11:36:52.185 UTC [787] FATAL:  role "root" does not exist
2025-08-28T11:48:19.0697200Z  2025-08-28 11:37:02.270 UTC [798] FATAL:  role "root" does not exist
2025-08-28T11:48:19.0697513Z  2025-08-28 11:37:12.358 UTC [809] FATAL:  role "root" does not exist
2025-08-28T11:48:19.0698031Z  2025-08-28 11:37:12.623 UTC [801] ERROR:  null value in column "encrypted_content" of relation "chat_messages" violates not-null constraint
2025-08-28T11:48:19.0699248Z  2025-08-28 11:37:12.623 UTC [801] DETAIL:  Failing row contains (01k3r7fc5e8pvhkgw9yzg2prfw, 01k3r7fc4hy8jf09q731ra09hw, 01k3r7f8pacdcb7fs4pesxmk55, null, text, null, null, null, null, f, null, sent, 2025-08-28 11:37:12, 2025-08-28 11:37:12, null, null, null, null, null, null, null, null, null, null, null, normal, null, null, null, null, null, null).
2025-08-28T11:48:19.0700516Z  2025-08-28 11:37:12.623 UTC [801] STATEMENT:  insert into "chat_messages" ("conversation_id", "sender_id", "id", "updated_at", "created_at") values ($1, $2, $3, $4, $5)
2025-08-28T11:48:19.0701221Z  2025-08-28 11:37:12.624 UTC [801] ERROR:  current transaction is aborted, commands ignored until end of transaction block
2025-08-28T11:48:19.0701712Z  2025-08-28 11:37:12.624 UTC [801] STATEMENT:  DEALLOCATE pdo_stmt_0000001a
2025-08-28T11:48:19.0702364Z  2025-08-28 11:37:16.385 UTC [810] ERROR:  null value in column "encrypted_content" of relation "chat_messages" violates not-null constraint
2025-08-28T11:48:19.0703892Z  2025-08-28 11:37:16.385 UTC [810] DETAIL:  Failing row contains (01k3r7ffv0d3sk08zsk57xwfxw, 01k3r7fft30vd3h9tjh0nkh7va, 01k3r7fc8f4wyvnevme0jnqc81, null, text, null, null, null, null, f, null, sent, 2025-08-28 11:37:16, 2025-08-28 11:37:16, null, null, null, null, null, null, null, null, null, null, null, normal, null, null, null, null, null, null).
2025-08-28T11:48:19.0705300Z  2025-08-28 11:37:16.385 UTC [810] STATEMENT:  insert into "chat_messages" ("conversation_id", "sender_id", "id", "updated_at", "created_at") values ($1, $2, $3, $4, $5)
2025-08-28T11:48:19.0706010Z  2025-08-28 11:37:16.385 UTC [810] ERROR:  current transaction is aborted, commands ignored until end of transaction block
2025-08-28T11:48:19.0706495Z  2025-08-28 11:37:16.385 UTC [810] STATEMENT:  DEALLOCATE pdo_stmt_0000001a
2025-08-28T11:48:19.0706856Z  2025-08-28 11:37:22.446 UTC [820] FATAL:  role "root" does not exist
2025-08-28T11:48:19.0707186Z  2025-08-28 11:37:32.531 UTC [832] FATAL:  role "root" does not exist
2025-08-28T11:48:19.0707687Z  2025-08-28 11:37:35.009 UTC [833] ERROR:  null value in column "encrypted_content" of relation "chat_messages" violates not-null constraint
2025-08-28T11:48:19.0708899Z  2025-08-28 11:37:35.009 UTC [833] DETAIL:  Failing row contains (01k3r7g210c180rp9txbt3skqq, 01k3r7g2038erd1t9b6ahmqr2z, 01k3r7g08bvcq7h32vrt32q2nv, null, text, null, null, null, null, f, null, sent, 2025-08-28 11:37:35, 2025-08-28 11:37:35, null, null, null, null, null, null, null, null, null, null, null, normal, null, null, null, null, null, null).
2025-08-28T11:48:19.0710166Z  2025-08-28 11:37:35.009 UTC [833] STATEMENT:  insert into "chat_messages" ("conversation_id", "sender_id", "id", "updated_at", "created_at") values ($1, $2, $3, $4, $5)
2025-08-28T11:48:19.0710871Z  2025-08-28 11:37:35.009 UTC [833] ERROR:  current transaction is aborted, commands ignored until end of transaction block
2025-08-28T11:48:19.0711353Z  2025-08-28 11:37:35.009 UTC [833] STATEMENT:  DEALLOCATE pdo_stmt_0000001a
2025-08-28T11:48:19.0711881Z  2025-08-28 11:37:38.481 UTC [834] ERROR:  null value in column "encrypted_content" of relation "chat_messages" violates not-null constraint
2025-08-28T11:48:19.0713328Z  2025-08-28 11:37:38.481 UTC [834] DETAIL:  Failing row contains (01k3r7g5dggy4nr3nwnj8bhnjh, 01k3r7g5d25d4583z9jm05wpe8, 01k3r7g23n62ywqazhjkfjesm4, null, text, null, null, null, null, f, null, sent, 2025-08-28 11:37:38, 2025-08-28 11:37:38, null, null, null, null, null, null, null, null, null, null, null, normal, null, null, null, null, null, null).
2025-08-28T11:48:19.0714644Z  2025-08-28 11:37:38.481 UTC [834] STATEMENT:  insert into "chat_messages" ("conversation_id", "sender_id", "id", "updated_at", "created_at") values ($1, $2, $3, $4, $5)
2025-08-28T11:48:19.0715336Z  2025-08-28 11:37:38.481 UTC [834] ERROR:  current transaction is aborted, commands ignored until end of transaction block
2025-08-28T11:48:19.0715826Z  2025-08-28 11:37:38.481 UTC [834] STATEMENT:  DEALLOCATE pdo_stmt_00000023
2025-08-28T11:48:19.0716172Z  2025-08-28 11:37:42.617 UTC [843] FATAL:  role "root" does not exist
2025-08-28T11:48:19.0716501Z  2025-08-28 11:37:49.034 UTC [61] LOG:  checkpoint starting: time
2025-08-28T11:48:19.0716825Z  2025-08-28 11:37:52.703 UTC [855] FATAL:  role "root" does not exist
2025-08-28T11:48:19.0717332Z  2025-08-28 11:37:54.410 UTC [847] ERROR:  null value in column "encrypted_content" of relation "chat_messages" violates not-null constraint
2025-08-28T11:48:19.0718534Z  2025-08-28 11:37:54.410 UTC [847] DETAIL:  Failing row contains (01k3r7gmz98mxxwfen67stb291, 01k3r7gmz0c6f60nnj0eeray2y, 01k3r7ghcyx6p9evgwf1xzkc80, null, text, null, null, null, null, f, null, sent, 2025-08-28 11:37:54, 2025-08-28 11:37:54, null, null, null, null, null, null, null, null, null, null, null, normal, null, null, null, null, null, null).
2025-08-28T11:48:19.0719916Z  2025-08-28 11:37:54.410 UTC [847] STATEMENT:  insert into "chat_messages" ("conversation_id", "sender_id", "id", "updated_at", "created_at") values ($1, $2, $3, $4, $5)
2025-08-28T11:48:19.0720618Z  2025-08-28 11:37:54.411 UTC [847] ERROR:  current transaction is aborted, commands ignored until end of transaction block
2025-08-28T11:48:19.0721091Z  2025-08-28 11:37:54.411 UTC [847] STATEMENT:  DEALLOCATE pdo_stmt_00000021
2025-08-28T11:48:19.0721537Z  2025-08-28 11:38:02.801 UTC [867] FATAL:  role "root" does not exist
2025-08-28T11:48:19.0722658Z  2025-08-28 11:38:04.669 UTC [61] LOG:  checkpoint complete: wrote 158 buffers (1.0%); 0 WAL file(s) added, 0 removed, 1 recycled; write=15.630 s, sync=0.004 s, total=15.636 s; sync files=81, longest=0.001 s, average=0.001 s; distance=6104 kB, estimate=6863 kB; lsn=0/260E138, redo lsn=0/25D4AC0
2025-08-28T11:48:19.0723670Z  2025-08-28 11:38:12.885 UTC [885] FATAL:  role "root" does not exist
2025-08-28T11:48:19.0723995Z  2025-08-28 11:38:22.975 UTC [895] FATAL:  role "root" does not exist
2025-08-28T11:48:19.0724526Z  2025-08-28 11:38:28.903 UTC [896] ERROR:  null value in column "device_id" of relation "chat_encryption_keys" violates not-null constraint
2025-08-28T11:48:19.0725633Z  2025-08-28 11:38:28.903 UTC [896] DETAIL:  Failing row contains (01k3r7hpn6c2vcxz58nb78v593, 01k3r7hpkv7a7rkxjm7zex0gcq, 01k3r7hkhqh090fw7yc0rngdek, CaclscxFpRAA7/gJLRj7vinhhoJhhW1HeIo6TMuNQHZKtRjRJEdXFAtV09QVvz/z..., -----BEGIN PUBLIC KEY-----
2025-08-28T11:48:19.0726789Z  	MIICIjANBgkqhkiG9w0BAQEFAAOCAg8AMIICC..., null, t, 2025-08-28 11:38:28, 2025-08-28 11:38:28, null, null, 1, null, RSA-4096-OAEP, 4096, null, null).
2025-08-28T11:48:19.0727863Z  2025-08-28 11:38:28.903 UTC [896] STATEMENT:  insert into "chat_encryption_keys" ("is_active", "conversation_id", "user_id", "encrypted_key", "public_key", "key_version", "algorithm", "key_strength", "id", "updated_at", "created_at") values ($1, $2, $3, $4, $5, $6, $7, $8, $9, $10, $11)
2025-08-28T11:48:19.0728843Z  2025-08-28 11:38:28.903 UTC [896] ERROR:  current transaction is aborted, commands ignored until end of transaction block
2025-08-28T11:48:19.0729327Z  2025-08-28 11:38:28.903 UTC [896] STATEMENT:  DEALLOCATE pdo_stmt_0000001d
2025-08-28T11:48:19.0729844Z  2025-08-28 11:38:31.972 UTC [898] ERROR:  null value in column "device_id" of relation "chat_encryption_keys" violates not-null constraint
2025-08-28T11:48:19.0730924Z  2025-08-28 11:38:31.972 UTC [898] DETAIL:  Failing row contains (01k3r7hsn3wpyy4v51ws3erbsv, 01k3r7hsj5h90cf09803bf9m6y, 01k3r7hpr3r0savgr22qb17jbt, NqbTWA7wt40nfzx2dwi3XjpusbHPky/gz0MadRsmFp5zdj2q5gFi7wcl2tzCnIWt..., -----BEGIN PUBLIC KEY-----
2025-08-28T11:48:19.0732048Z  	MIICIjANBgkqhkiG9w0BAQEFAAOCAg8AMIICC..., null, t, 2025-08-28 11:38:31, 2025-08-28 11:38:31, null, null, 1, null, RSA-4096-OAEP, 4096, null, null).
2025-08-28T11:48:19.0733158Z  2025-08-28 11:38:31.972 UTC [898] STATEMENT:  insert into "chat_encryption_keys" ("is_active", "conversation_id", "user_id", "encrypted_key", "public_key", "algorithm", "key_strength", "id", "updated_at", "created_at") values ($1, $2, $3, $4, $5, $6, $7, $8, $9, $10)
2025-08-28T11:48:19.0734086Z  2025-08-28 11:38:31.972 UTC [898] ERROR:  current transaction is aborted, commands ignored until end of transaction block
2025-08-28T11:48:19.0734562Z  2025-08-28 11:38:31.972 UTC [898] STATEMENT:  DEALLOCATE pdo_stmt_0000004c
2025-08-28T11:48:19.0734897Z  2025-08-28 11:38:33.061 UTC [906] FATAL:  role "root" does not exist
2025-08-28T11:48:19.0735396Z  2025-08-28 11:38:37.758 UTC [899] ERROR:  null value in column "device_id" of relation "chat_encryption_keys" violates not-null constraint
2025-08-28T11:48:19.0736491Z  2025-08-28 11:38:37.758 UTC [899] DETAIL:  Failing row contains (01k3r7hz9x85r15pk822vnmjdq, 01k3r7hxyydpjrjnyymn3q67xw, 01k3r7hsqsx9m5bbah9qb1pt5c, fpUjU+XW09YKd9Ue0jFyr2efmxR5JekzKSJqNNKFBcMk1bqbbX/ePUN01eZOIqTj..., -----BEGIN PUBLIC KEY-----
2025-08-28T11:48:19.0737616Z  	MIICIjANBgkqhkiG9w0BAQEFAAOCAg8AMIICC..., null, t, 2025-08-28 11:38:37, 2025-08-28 11:38:37, null, null, 1, null, RSA-4096-OAEP, 4096, null, null).
2025-08-28T11:48:19.0738756Z  2025-08-28 11:38:37.758 UTC [899] STATEMENT:  insert into "chat_encryption_keys" ("is_active", "conversation_id", "user_id", "encrypted_key", "public_key", "algorithm", "key_strength", "id", "updated_at", "created_at") values ($1, $2, $3, $4, $5, $6, $7, $8, $9, $10)
2025-08-28T11:48:19.0739711Z  2025-08-28 11:38:37.758 UTC [899] ERROR:  current transaction is aborted, commands ignored until end of transaction block
2025-08-28T11:48:19.0740308Z  2025-08-28 11:38:37.758 UTC [899] STATEMENT:  DEALLOCATE pdo_stmt_0000001e
2025-08-28T11:48:19.0740748Z  2025-08-28 11:38:39.866 UTC [907] ERROR:  column "role" of relation "sys_users" does not exist at character 94
2025-08-28T11:48:19.0741539Z  2025-08-28 11:38:39.866 UTC [907] STATEMENT:  insert into "sys_users" ("name", "email", "email_verified_at", "password", "remember_token", "role", "id", "updated_at", "created_at") values ($1, $2, $3, $4, $5, $6, $7, $8, $9)
2025-08-28T11:48:19.0742218Z  2025-08-28 11:38:43.148 UTC [916] FATAL:  role "root" does not exist
2025-08-28T11:48:19.0742863Z  2025-08-28 11:38:44.307 UTC [908] ERROR:  null value in column "device_id" of relation "chat_encryption_keys" violates not-null constraint
2025-08-28T11:48:19.0744065Z  2025-08-28 11:38:44.307 UTC [908] DETAIL:  Failing row contains (01k3r7j5pj15sh3hh80qg2hh09, 01k3r7j5khtxsk64raxhaeet3w, 01k3r7j1egyjskh5hyr5e5wd27, g88cwtEtAdiNttVQt6Ws6k0NN+/s8s9aVoBtwEv6Wl+R+1VzmuUKZzTw7kv3mbzE..., -----BEGIN PUBLIC KEY-----
2025-08-28T11:48:19.0745205Z  	MIICIjANBgkqhkiG9w0BAQEFAAOCAg8AMIICC..., null, t, 2025-08-28 11:38:44, 2025-08-28 11:38:44, null, null, 1, null, RSA-4096-OAEP, 4096, null, null).
2025-08-28T11:48:19.0746226Z  2025-08-28 11:38:44.307 UTC [908] STATEMENT:  insert into "chat_encryption_keys" ("is_active", "conversation_id", "user_id", "encrypted_key", "public_key", "algorithm", "key_strength", "id", "updated_at", "created_at") values ($1, $2, $3, $4, $5, $6, $7, $8, $9, $10)
2025-08-28T11:48:19.0747173Z  2025-08-28 11:38:44.307 UTC [908] ERROR:  current transaction is aborted, commands ignored until end of transaction block
2025-08-28T11:48:19.0747668Z  2025-08-28 11:38:44.307 UTC [908] STATEMENT:  DEALLOCATE pdo_stmt_0000004b
2025-08-28T11:48:19.0748030Z  2025-08-28 11:38:53.229 UTC [929] FATAL:  role "root" does not exist
2025-08-28T11:48:19.0748367Z  2025-08-28 11:39:03.333 UTC [938] FATAL:  role "root" does not exist
2025-08-28T11:48:19.0748693Z  2025-08-28 11:39:13.421 UTC [951] FATAL:  role "root" does not exist
2025-08-28T11:48:19.0749005Z  2025-08-28 11:39:23.508 UTC [959] FATAL:  role "root" does not exist
2025-08-28T11:48:19.0749322Z  2025-08-28 11:39:33.594 UTC [968] FATAL:  role "root" does not exist
2025-08-28T11:48:19.0749640Z  2025-08-28 11:39:43.679 UTC [976] FATAL:  role "root" does not exist
2025-08-28T11:48:19.0749953Z  2025-08-28 11:39:53.767 UTC [985] FATAL:  role "root" does not exist
2025-08-28T11:48:19.0750272Z  2025-08-28 11:40:03.851 UTC [993] FATAL:  role "root" does not exist
2025-08-28T11:48:19.0750604Z  2025-08-28 11:40:13.936 UTC [1003] FATAL:  role "root" does not exist
2025-08-28T11:48:19.0750927Z  2025-08-28 11:40:24.022 UTC [1010] FATAL:  role "root" does not exist
2025-08-28T11:48:19.0751249Z  2025-08-28 11:40:34.113 UTC [1018] FATAL:  role "root" does not exist
2025-08-28T11:48:19.0751566Z  2025-08-28 11:40:44.200 UTC [1026] FATAL:  role "root" does not exist
2025-08-28T11:48:19.0751886Z  2025-08-28 11:40:54.286 UTC [1034] FATAL:  role "root" does not exist
2025-08-28T11:48:19.0752211Z  2025-08-28 11:41:04.374 UTC [1042] FATAL:  role "root" does not exist
2025-08-28T11:48:19.0752508Z  This user must also own the server process.
2025-08-28T11:48:19.0752741Z
2025-08-28T11:48:19.0752978Z  The database cluster will be initialized with locale "en_US.utf8".
2025-08-28T11:48:19.0753600Z  The default database encoding has accordingly been set to "UTF8".
2025-08-28T11:48:19.0754025Z  The default text search configuration will be set to "english".
2025-08-28T11:48:19.0754308Z
2025-08-28T11:48:19.0754598Z  Data page checksums are disabled.
2025-08-28T11:48:19.0754816Z
2025-08-28T11:48:19.0755065Z  fixing permissions on existing directory /var/lib/postgresql/data ... ok
2025-08-28T11:48:19.0755407Z  creating subdirectories ... ok
2025-08-28T11:48:19.0755679Z  selecting dynamic shared memory implementation ... posix
2025-08-28T11:48:19.0755983Z  selecting default "max_connections" ... 100
2025-08-28T11:48:19.0756351Z  selecting default "shared_buffers" ... 128MB
2025-08-28T11:48:19.0756600Z  selecting default time zone ... Etc/UTC
2025-08-28T11:48:19.0756842Z  creating configuration files ... ok
2025-08-28T11:48:19.0757079Z  running bootstrap script ... ok
2025-08-28T11:48:19.0757329Z  performing post-bootstrap initialization ... ok
2025-08-28T11:48:19.0757593Z  syncing data to disk ... ok
2025-08-28T11:48:19.0757776Z
2025-08-28T11:48:19.0757911Z
2025-08-28T11:48:19.0758100Z  Success. You can now start the database server using:
2025-08-28T11:48:19.0758352Z
2025-08-28T11:48:19.0758551Z      pg_ctl -D /var/lib/postgresql/data -l logfile start
2025-08-28T11:48:19.0758799Z
2025-08-28T11:48:19.0759318Z  waiting for server to start....2025-08-28 11:27:48.069 UTC [47] LOG:  starting PostgreSQL 17.6 (Debian 17.6-1.pgdg13+1) on x86_64-pc-linux-gnu, compiled by gcc (Debian 14.2.0-19) 14.2.0, 64-bit
2025-08-28T11:48:19.0760034Z  2025-08-28 11:27:48.070 UTC [47] LOG:  listening on Unix socket "/var/run/postgresql/.s.PGSQL.5432"
2025-08-28T11:48:19.0760503Z  2025-08-28 11:27:48.073 UTC [50] LOG:  database system was shut down at 2025-08-28 11:27:47 UTC
2025-08-28T11:48:19.0760933Z  2025-08-28 11:27:48.078 UTC [47] LOG:  database system is ready to accept connections
2025-08-28T11:48:19.0761240Z   done
2025-08-28T11:48:19.0761385Z  server started
2025-08-28T11:48:19.0761551Z  CREATE DATABASE
2025-08-28T11:48:19.0761704Z
2025-08-28T11:48:19.0761836Z
2025-08-28T11:48:19.0762113Z  /usr/local/bin/docker-entrypoint.sh: ignoring /docker-entrypoint-initdb.d/*
2025-08-28T11:48:19.0762455Z
2025-08-28T11:48:19.0762753Z  waiting for server to shut down...2025-08-28 11:27:48.260 UTC [47] LOG:  received fast shutdown request
2025-08-28T11:48:19.0763305Z  .2025-08-28 11:27:48.261 UTC [47] LOG:  aborting any active transactions
2025-08-28T11:48:19.0763783Z  2025-08-28 11:27:48.264 UTC [47] LOG:  background worker "logical replication launcher" (PID 53) exited with exit code 1
2025-08-28T11:48:19.0764230Z  2025-08-28 11:27:48.265 UTC [48] LOG:  shutting down
2025-08-28T11:48:19.0764558Z  2025-08-28 11:27:48.265 UTC [48] LOG:  checkpoint starting: shutdown immediate
2025-08-28T11:48:19.0765434Z  2025-08-28 11:27:48.284 UTC [48] LOG:  checkpoint complete: wrote 925 buffers (5.6%); 0 WAL file(s) added, 0 removed, 0 recycled; write=0.014 s, sync=0.003 s, total=0.019 s; sync files=301, longest=0.002 s, average=0.001 s; distance=4256 kB, estimate=4256 kB; lsn=0/1915960, redo lsn=0/1915960
2025-08-28T11:48:19.0766278Z  2025-08-28 11:27:48.290 UTC [47] LOG:  database system is shut down
2025-08-28T11:48:19.0766546Z   done
2025-08-28T11:48:19.0766695Z  server stopped
2025-08-28T11:48:19.0766855Z
2025-08-28T11:48:19.0767044Z  PostgreSQL init process complete; ready for start up.
2025-08-28T11:48:19.0767299Z
2025-08-28T11:48:19.0767560Z  2025-08-28 11:41:14.464 UTC [1051] FATAL:  role "root" does not exist
2025-08-28T11:48:19.0767894Z  2025-08-28 11:41:24.555 UTC [1059] FATAL:  role "root" does not exist
2025-08-28T11:48:19.0768212Z  2025-08-28 11:41:34.639 UTC [1069] FATAL:  role "root" does not exist
2025-08-28T11:48:19.0768541Z  2025-08-28 11:41:44.720 UTC [1076] FATAL:  role "root" does not exist
2025-08-28T11:48:19.0768862Z  2025-08-28 11:41:54.808 UTC [1084] FATAL:  role "root" does not exist
2025-08-28T11:48:19.0769180Z  2025-08-28 11:42:04.894 UTC [1091] FATAL:  role "root" does not exist
2025-08-28T11:48:19.0769504Z  2025-08-28 11:42:14.979 UTC [1100] FATAL:  role "root" does not exist
2025-08-28T11:48:19.0769829Z  2025-08-28 11:42:25.059 UTC [1108] FATAL:  role "root" does not exist
2025-08-28T11:48:19.0770262Z  2025-08-28 11:42:35.147 UTC [1116] FATAL:  role "root" does not exist
2025-08-28T11:48:19.0770589Z  2025-08-28 11:42:45.255 UTC [1125] FATAL:  role "root" does not exist
2025-08-28T11:48:19.0770914Z  2025-08-28 11:42:49.676 UTC [61] LOG:  checkpoint starting: time
2025-08-28T11:48:19.0771240Z  2025-08-28 11:42:55.354 UTC [1134] FATAL:  role "root" does not exist
2025-08-28T11:48:19.0771561Z  2025-08-28 11:43:05.426 UTC [1144] FATAL:  role "root" does not exist
2025-08-28T11:48:19.0771986Z  2025-08-28 11:43:15.509 UTC [1159] FATAL:  role "root" does not exist
2025-08-28T11:48:19.0772306Z  2025-08-28 11:43:25.594 UTC [1172] FATAL:  role "root" does not exist
2025-08-28T11:48:19.0772624Z  2025-08-28 11:43:35.677 UTC [1189] FATAL:  role "root" does not exist
2025-08-28T11:48:19.0772938Z  2025-08-28 11:43:45.764 UTC [1200] FATAL:  role "root" does not exist
2025-08-28T11:48:19.0773365Z  2025-08-28 11:43:55.851 UTC [1214] FATAL:  role "root" does not exist
2025-08-28T11:48:19.0773686Z  2025-08-28 11:44:05.936 UTC [1226] FATAL:  role "root" does not exist
2025-08-28T11:48:19.0774208Z  2025-08-28 11:44:12.384 UTC [1227] ERROR:  null value in column "encrypted_content" of relation "chat_messages" violates not-null constraint
2025-08-28T11:48:19.0775429Z  2025-08-28 11:44:12.384 UTC [1227] DETAIL:  Failing row contains (01k3r7w62zrp1rwpp04ryjxs0e, 01k3r7w2dzbvn6mv515vsg844t, 01k3r7w2dcgq5x093v3rgxd55f, null, text, null, null, null, null, f, null, sent, 2025-08-28 11:44:12, 2025-08-28 11:44:12, null, null, null, null, null, null, null, null, null, null, null, normal, null, null, null, null, null, null).
2025-08-28T11:48:19.0776738Z  2025-08-28 11:44:12.384 UTC [1227] STATEMENT:  insert into "chat_messages" ("conversation_id", "sender_id", "type", "id", "updated_at", "created_at") values ($1, $2, $3, $4, $5, $6)
2025-08-28T11:48:19.0777472Z  2025-08-28 11:44:12.385 UTC [1227] ERROR:  current transaction is aborted, commands ignored until end of transaction block
2025-08-28T11:48:19.0777971Z  2025-08-28 11:44:12.385 UTC [1227] STATEMENT:  DEALLOCATE pdo_stmt_00000017
2025-08-28T11:48:19.0778326Z  2025-08-28 11:44:16.020 UTC [1237] FATAL:  role "root" does not exist
2025-08-28T11:48:19.0778831Z  2025-08-28 11:44:18.328 UTC [1229] ERROR:  null value in column "encrypted_content" of relation "chat_messages" violates not-null constraint
2025-08-28T11:48:19.0780041Z  2025-08-28 11:44:18.328 UTC [1229] DETAIL:  Failing row contains (01k3r7wbwqj5687q24103kbcca, 01k3r7w66c0msxhckxnzasxdjw, 01k3r7w65vgbrpv5wahdw8fyet, null, text, null, null, null, null, f, null, sent, 2025-08-28 11:44:18, 2025-08-28 11:44:18, null, null, null, null, null, null, null, null, null, null, null, normal, null, null, null, null, null, null).
2025-08-28T11:48:19.0781329Z  2025-08-28 11:44:18.328 UTC [1229] STATEMENT:  insert into "chat_messages" ("conversation_id", "sender_id", "type", "id", "updated_at", "created_at") values ($1, $2, $3, $4, $5, $6)
2025-08-28T11:48:19.0782061Z  2025-08-28 11:44:18.328 UTC [1229] ERROR:  current transaction is aborted, commands ignored until end of transaction block
2025-08-28T11:48:19.0782546Z  2025-08-28 11:44:18.328 UTC [1229] STATEMENT:  DEALLOCATE pdo_stmt_00000017
2025-08-28T11:48:19.0783172Z  2025-08-28 11:44:22.263 UTC [1238] ERROR:  null value in column "encrypted_content" of relation "chat_messages" violates not-null constraint
2025-08-28T11:48:19.0784380Z  2025-08-28 11:44:22.263 UTC [1238] DETAIL:  Failing row contains (01k3r7wfqp7krke10j2vj7kb99, 01k3r7wbzyyg5wxheab9ex8fjr, 01k3r7wbzez5bbnnzv13bhbmrh, null, text, null, null, null, null, f, null, sent, 2025-08-28 11:44:22, 2025-08-28 11:44:22, null, null, null, null, null, null, null, null, null, null, null, normal, null, null, null, null, null, null).
2025-08-28T11:48:19.0785661Z  2025-08-28 11:44:22.263 UTC [1238] STATEMENT:  insert into "chat_messages" ("conversation_id", "sender_id", "type", "id", "updated_at", "created_at") values ($1, $2, $3, $4, $5, $6)
2025-08-28T11:48:19.0786420Z  2025-08-28 11:44:22.263 UTC [1238] ERROR:  current transaction is aborted, commands ignored until end of transaction block
2025-08-28T11:48:19.0787017Z  2025-08-28 11:44:22.263 UTC [1238] STATEMENT:  DEALLOCATE pdo_stmt_00000017
2025-08-28T11:48:19.0787896Z  2025-08-28 11:44:23.533 UTC [61] LOG:  checkpoint complete: wrote 692 buffers (4.2%); 0 WAL file(s) added, 0 removed, 3 recycled; write=93.848 s, sync=0.006 s, total=93.857 s; sync files=101, longest=0.003 s, average=0.001 s; distance=55369 kB, estimate=55369 kB; lsn=0/7391180, redo lsn=0/5BE7180
2025-08-28T11:48:19.0789063Z  2025-08-28 11:44:24.858 UTC [1239] ERROR:  null value in column "encrypted_content" of relation "chat_messages" violates not-null constraint
2025-08-28T11:48:19.0790274Z  2025-08-28 11:44:24.858 UTC [1239] DETAIL:  Failing row contains (01k3r7wj8shmg9g86fjxt4f326, 01k3r7wfv99bptadj6ecrrhmvy, 01k3r7wftrenctsz6xdbktz7pw, null, text, null, null, null, null, f, null, sent, 2025-08-28 11:44:24, 2025-08-28 11:44:24, null, null, null, null, null, null, null, null, null, null, null, normal, null, null, null, null, null, null).
2025-08-28T11:48:19.0791566Z  2025-08-28 11:44:24.858 UTC [1239] STATEMENT:  insert into "chat_messages" ("conversation_id", "sender_id", "type", "id", "updated_at", "created_at") values ($1, $2, $3, $4, $5, $6)
2025-08-28T11:48:19.0792293Z  2025-08-28 11:44:24.858 UTC [1239] ERROR:  current transaction is aborted, commands ignored until end of transaction block
2025-08-28T11:48:19.0792769Z  2025-08-28 11:44:24.858 UTC [1239] STATEMENT:  DEALLOCATE pdo_stmt_00000017
2025-08-28T11:48:19.0793354Z  2025-08-28 11:44:26.101 UTC [1247] FATAL:  role "root" does not exist
2025-08-28T11:48:19.0812428Z  2025-08-28 11:44:27.392 UTC [1240] ERROR:  null value in column "encrypted_content" of relation "chat_messages" violates not-null constraint
2025-08-28T11:48:19.0814493Z  2025-08-28 11:44:27.392 UTC [1240] DETAIL:  Failing row contains (01k3r7wmqz92ybf86fpf9s0895, 01k3r7wjc2gc0zf0dxq5ygk43m, 01k3r7wjbjnkt8cx6x56kat1mx, null, text, null, null, null, null, f, null, sent, 2025-08-28 11:44:27, 2025-08-28 11:44:27, null, null, null, null, null, null, null, null, null, null, null, normal, null, null, null, null, null, null).
2025-08-28T11:48:19.0816642Z  2025-08-28 11:44:27.392 UTC [1240] STATEMENT:  insert into "chat_messages" ("conversation_id", "sender_id", "type", "id", "updated_at", "created_at") values ($1, $2, $3, $4, $5, $6)
2025-08-28T11:48:19.0817841Z  2025-08-28 11:44:27.393 UTC [1240] ERROR:  current transaction is aborted, commands ignored until end of transaction block
2025-08-28T11:48:19.0818650Z  2025-08-28 11:44:27.393 UTC [1240] STATEMENT:  DEALLOCATE pdo_stmt_00000017
2025-08-28T11:48:19.0819529Z  2025-08-28 11:44:31.547 UTC [1248] ERROR:  null value in column "encrypted_content" of relation "chat_messages" violates not-null constraint
2025-08-28T11:48:19.0821525Z  2025-08-28 11:44:31.547 UTC [1248] DETAIL:  Failing row contains (01k3r7wrsvtkbm2mpw1tv5jnk7, 01k3r7wmv9gkpcd81gkh5fmwm7, 01k3r7wmtr6t4capqmk2ayzz1j, null, text, null, null, null, null, f, null, sent, 2025-08-28 11:44:31, 2025-08-28 11:44:31, null, null, null, null, null, null, null, null, null, null, null, normal, null, null, null, null, null, null).
2025-08-28T11:48:19.0823818Z  2025-08-28 11:44:31.547 UTC [1248] STATEMENT:  insert into "chat_messages" ("conversation_id", "sender_id", "type", "id", "updated_at", "created_at") values ($1, $2, $3, $4, $5, $6)
2025-08-28T11:48:19.0825080Z  2025-08-28 11:44:31.548 UTC [1248] ERROR:  current transaction is aborted, commands ignored until end of transaction block
2025-08-28T11:48:19.0825950Z  2025-08-28 11:44:31.548 UTC [1248] STATEMENT:  DEALLOCATE pdo_stmt_00000017
2025-08-28T11:48:19.0826882Z  2025-08-28 11:44:34.841 UTC [1250] ERROR:  null value in column "encrypted_content" of relation "chat_messages" violates not-null constraint
2025-08-28T11:48:19.0829019Z  2025-08-28 11:44:34.841 UTC [1250] DETAIL:  Failing row contains (01k3r7ww0rapdbggbp1g35prkr, 01k3r7wrx11r2xzd6x84mfe37c, 01k3r7wrwhr197hjec13vetgrm, null, text, null, null, null, null, f, null, sent, 2025-08-28 11:44:34, 2025-08-28 11:44:34, null, null, null, null, null, null, null, null, null, null, null, normal, null, null, null, null, null, null).
2025-08-28T11:48:19.0831238Z  2025-08-28 11:44:34.841 UTC [1250] STATEMENT:  insert into "chat_messages" ("conversation_id", "sender_id", "type", "id", "updated_at", "created_at") values ($1, $2, $3, $4, $5, $6)
2025-08-28T11:48:19.0832440Z  2025-08-28 11:44:34.841 UTC [1250] ERROR:  current transaction is aborted, commands ignored until end of transaction block
2025-08-28T11:48:19.0834478Z  2025-08-28 11:44:34.841 UTC [1250] STATEMENT:  DEALLOCATE pdo_stmt_00000017
2025-08-28T11:48:19.0835054Z  2025-08-28 11:44:36.184 UTC [1258] FATAL:  role "root" does not exist
2025-08-28T11:48:19.0835601Z  2025-08-28 11:44:46.272 UTC [1269] FATAL:  role "root" does not exist
2025-08-28T11:48:19.0836429Z  2025-08-28 11:44:51.049 UTC [1270] ERROR:  null value in column "encrypted_content" of relation "chat_messages" violates not-null constraint
2025-08-28T11:48:19.0838427Z  2025-08-28 11:44:51.049 UTC [1270] DETAIL:  Failing row contains (01k3r7xbv8nd883mjv5whkr4e1, 01k3r7x8n29qafrea2n85w58yq, 01k3r7x8mjwcexrgtrwpanhw9h, null, text, null, null, null, null, f, null, sent, 2025-08-28 11:44:51, 2025-08-28 11:44:51, null, null, null, null, null, null, null, null, null, null, null, normal, null, null, null, null, null, null).
2025-08-28T11:48:19.0840550Z  2025-08-28 11:44:51.049 UTC [1270] STATEMENT:  insert into "chat_messages" ("conversation_id", "sender_id", "type", "id", "updated_at", "created_at") values ($1, $2, $3, $4, $5, $6)
2025-08-28T11:48:19.0841750Z  2025-08-28 11:44:51.050 UTC [1270] ERROR:  current transaction is aborted, commands ignored until end of transaction block
2025-08-28T11:48:19.0842542Z  2025-08-28 11:44:51.050 UTC [1270] STATEMENT:  DEALLOCATE pdo_stmt_00000017
2025-08-28T11:48:19.0843541Z  2025-08-28 11:44:53.680 UTC [1272] ERROR:  null value in column "encrypted_content" of relation "chat_messages" violates not-null constraint
2025-08-28T11:48:19.0845544Z  2025-08-28 11:44:53.680 UTC [1272] DETAIL:  Failing row contains (01k3r7xedf45e50590z941q48z, 01k3r7xbyg1cb6sg6z1qfxhjv8, 01k3r7xbxzaaxbmzf7c6wrp33y, null, text, null, null, null, null, f, null, sent, 2025-08-28 11:44:53, 2025-08-28 11:44:53, null, null, null, null, null, null, null, null, null, null, null, normal, null, null, null, null, null, null).
2025-08-28T11:48:19.0850793Z  2025-08-28 11:44:53.680 UTC [1272] STATEMENT:  insert into "chat_messages" ("conversation_id", "sender_id", "type", "id", "updated_at", "created_at") values ($1, $2, $3, $4, $5, $6)
2025-08-28T11:48:19.0852145Z  2025-08-28 11:44:53.680 UTC [1272] ERROR:  current transaction is aborted, commands ignored until end of transaction block
2025-08-28T11:48:19.0853018Z  2025-08-28 11:44:53.680 UTC [1272] STATEMENT:  DEALLOCATE pdo_stmt_00000017
2025-08-28T11:48:19.0854133Z  2025-08-28 11:44:55.644 UTC [1273] ERROR:  null value in column "encrypted_content" of relation "chat_messages" violates not-null constraint
2025-08-28T11:48:19.0856122Z  2025-08-28 11:44:55.644 UTC [1273] DETAIL:  Failing row contains (01k3r7xgav9gtszw173jdg11x5, 01k3r7xegq3vb5fqt0cfrn4cqb, 01k3r7xeg7x7ym44hxxj38mwyg, null, text, null, null, null, null, f, null, sent, 2025-08-28 11:44:55, 2025-08-28 11:44:55, null, null, null, null, null, null, null, null, null, null, null, normal, null, null, null, null, null, null).
2025-08-28T11:48:19.0858229Z  2025-08-28 11:44:55.644 UTC [1273] STATEMENT:  insert into "chat_messages" ("conversation_id", "sender_id", "type", "id", "updated_at", "created_at") values ($1, $2, $3, $4, $5, $6)
2025-08-28T11:48:19.0859451Z  2025-08-28 11:44:55.644 UTC [1273] ERROR:  current transaction is aborted, commands ignored until end of transaction block
2025-08-28T11:48:19.0860245Z  2025-08-28 11:44:55.644 UTC [1273] STATEMENT:  DEALLOCATE pdo_stmt_00000017
2025-08-28T11:48:19.0860817Z  2025-08-28 11:44:56.356 UTC [1282] FATAL:  role "root" does not exist
2025-08-28T11:48:19.0862831Z  2025-08-28 11:44:57.995 UTC [1274] ERROR:  null value in column "encrypted_content" of relation "chat_messages" violates not-null constraint
2025-08-28T11:48:19.0865239Z  2025-08-28 11:44:57.995 UTC [1274] DETAIL:  Failing row contains (01k3r7xjmag7s1b2h7n9mekw6t, 01k3r7xgeftg9rbsdew3rxwbe7, 01k3r7xgdysd8nacg8sdpnv5t7, null, text, null, null, null, null, f, null, sent, 2025-08-28 11:44:57, 2025-08-28 11:44:57, null, null, null, null, null, null, null, null, null, null, null, normal, null, null, null, null, null, null).
2025-08-28T11:48:19.0867525Z  2025-08-28 11:44:57.995 UTC [1274] STATEMENT:  insert into "chat_messages" ("conversation_id", "sender_id", "type", "id", "updated_at", "created_at") values ($1, $2, $3, $4, $5, $6)
2025-08-28T11:48:19.0868722Z  2025-08-28 11:44:57.995 UTC [1274] ERROR:  current transaction is aborted, commands ignored until end of transaction block
2025-08-28T11:48:19.0869526Z  2025-08-28 11:44:57.995 UTC [1274] STATEMENT:  DEALLOCATE pdo_stmt_00000017
2025-08-28T11:48:19.0870093Z  2025-08-28 11:45:06.443 UTC [1292] FATAL:  role "root" does not exist
2025-08-28T11:48:19.0870637Z  2025-08-28 11:45:16.540 UTC [1302] FATAL:  role "root" does not exist
2025-08-28T11:48:19.0871176Z  2025-08-28 11:45:26.622 UTC [1312] FATAL:  role "root" does not exist
2025-08-28T11:48:19.0871700Z  2025-08-28 11:45:36.705 UTC [1323] FATAL:  role "root" does not exist
2025-08-28T11:48:19.0872227Z  2025-08-28 11:45:46.788 UTC [1333] FATAL:  role "root" does not exist
2025-08-28T11:48:19.0872754Z  2025-08-28 11:45:56.890 UTC [1343] FATAL:  role "root" does not exist
2025-08-28T11:48:19.0873461Z  2025-08-28 11:46:06.974 UTC [1353] FATAL:  role "root" does not exist
2025-08-28T11:48:19.0873805Z  2025-08-28 11:46:17.065 UTC [1364] FATAL:  role "root" does not exist
2025-08-28T11:48:19.0874164Z  2025-08-28 11:46:27.148 UTC [1375] FATAL:  role "root" does not exist
2025-08-28T11:48:19.0874507Z  2025-08-28 11:46:37.240 UTC [1386] FATAL:  role "root" does not exist
2025-08-28T11:48:19.0874832Z  2025-08-28 11:46:47.327 UTC [1396] FATAL:  role "root" does not exist
2025-08-28T11:48:19.0875146Z  2025-08-28 11:46:57.414 UTC [1407] FATAL:  role "root" does not exist
2025-08-28T11:48:19.0875470Z  2025-08-28 11:47:07.503 UTC [1417] FATAL:  role "root" does not exist
2025-08-28T11:48:19.0875786Z  2025-08-28 11:47:17.587 UTC [1426] FATAL:  role "root" does not exist
2025-08-28T11:48:19.0876097Z  2025-08-28 11:47:27.685 UTC [1435] FATAL:  role "root" does not exist
2025-08-28T11:48:19.0876410Z  2025-08-28 11:47:37.769 UTC [1446] FATAL:  role "root" does not exist
2025-08-28T11:48:19.0876930Z  2025-08-28 11:47:47.535 UTC [1447] ERROR:  new row for relation "user_devices" violates check constraint "user_devices_security_level_check"
2025-08-28T11:48:19.0877740Z  2025-08-28 11:47:47.535 UTC [1447] DETAIL:  Failing row contains (01k3r82nseqmcrp3y5vxgnj293, 01k3r82ktzbwhd1hhg8axyg84b, iPhone 15, mobile, -----BEGIN PUBLIC KEY-----
2025-08-28T11:48:19.0878821Z  	MIICIjANBgkqhkiG9w0BAQEFAAOCAg8AMIICC..., device1_fingerprint_68b041e110b35, iOS, null, null, f, t, 2025-08-28 11:47:45, 2025-08-28 11:47:45, 2025-08-28 11:47:47, ["messaging","encryption"], compromised, 2, null, null, null, null, 0, null).
2025-08-28T11:48:19.0879794Z  2025-08-28 11:47:47.535 UTC [1447] STATEMENT:  update "user_devices" set "security_level" = $1, "is_trusted" = $2, "updated_at" = $3 where "id" = $4
2025-08-28T11:48:19.0880464Z  2025-08-28 11:47:47.535 UTC [1447] ERROR:  current transaction is aborted, commands ignored until end of transaction block
2025-08-28T11:48:19.0880977Z  2025-08-28 11:47:47.535 UTC [1447] STATEMENT:  DEALLOCATE pdo_stmt_00000015
2025-08-28T11:48:19.0881346Z  2025-08-28 11:47:47.855 UTC [1456] FATAL:  role "root" does not exist
2025-08-28T11:48:19.0881681Z  2025-08-28 11:47:49.593 UTC [61] LOG:  checkpoint starting: time
2025-08-28T11:48:19.0882039Z  2025-08-28 11:47:55.988 UTC [1466] ERROR:  value too long for type character(26)
2025-08-28T11:48:19.0882988Z  2025-08-28 11:47:55.988 UTC [1466] STATEMENT:  insert into "activity_log" ("log_name", "properties", "batch_uuid", "event", "subject_id", "subject_type", "description", "id", "updated_at", "created_at") values ($1, $2, $3, $4, $5, $6, $7, $8, $9, $10)
2025-08-28T11:48:19.0884707Z  2025-08-28 11:47:55.988 UTC [1466] ERROR:  current transaction is aborted, commands ignored until end of transaction block
2025-08-28T11:48:19.0885521Z  2025-08-28 11:47:55.988 UTC [1466] STATEMENT:  DEALLOCATE pdo_stmt_0000000d
2025-08-28T11:48:19.0886425Z  2025-08-28 11:47:56.114 UTC [1467] ERROR:  null value in column "created_by" of relation "organization_units" violates not-null constraint
2025-08-28T11:48:19.0888197Z  2025-08-28 11:47:56.114 UTC [1467] DETAIL:  Failing row contains (01k3r830jh526hympc4ewerv8a, 01k3r830j9p75yjak6vkjtv7ef, TEST_UNIT, Test Unit, department, null, null, null, null, t, 0, 2025-08-28 11:47:56+00, 2025-08-28 11:47:56+00, null, null).
2025-08-28T11:48:19.0890085Z  2025-08-28 11:47:56.114 UTC [1467] STATEMENT:  insert into "organization_units" ("organization_id", "unit_code", "name", "unit_type", "is_active", "id", "updated_at", "created_at") values ($1, $2, $3, $4, $5, $6, $7, $8)
2025-08-28T11:48:19.0891439Z  2025-08-28 11:47:56.114 UTC [1467] ERROR:  current transaction is aborted, commands ignored until end of transaction block
2025-08-28T11:48:19.0892243Z  2025-08-28 11:47:56.114 UTC [1467] STATEMENT:  DEALLOCATE pdo_stmt_0000000b
2025-08-28T11:48:19.0893244Z  2025-08-28 11:47:56.225 UTC [1468] ERROR:  null value in column "created_by" of relation "organization_units" violates not-null constraint
2025-08-28T11:48:19.0894804Z  2025-08-28 11:47:56.225 UTC [1468] DETAIL:  Failing row contains (01k3r830p0p5611mtt8r1m96nk, 01k3r830nrjbmh4vt8b00bd5j1, TEST_UNIT, Test Unit, department, null, null, null, null, t, 0, 2025-08-28 11:47:56+00, 2025-08-28 11:47:56+00, null, null).
2025-08-28T11:48:19.0895941Z  2025-08-28 11:47:56.225 UTC [1468] STATEMENT:  insert into "organization_units" ("organization_id", "unit_code", "name", "unit_type", "is_active", "id", "updated_at", "created_at") values ($1, $2, $3, $4, $5, $6, $7, $8)
2025-08-28T11:48:19.0896758Z  2025-08-28 11:47:56.225 UTC [1468] ERROR:  current transaction is aborted, commands ignored until end of transaction block
2025-08-28T11:48:19.0897243Z  2025-08-28 11:47:56.225 UTC [1468] STATEMENT:  DEALLOCATE pdo_stmt_0000000b
2025-08-28T11:48:19.0897619Z  2025-08-28 11:47:56.512 UTC [1469] ERROR:  value too long for type character(26)
2025-08-28T11:48:19.0898389Z  2025-08-28 11:47:56.512 UTC [1469] STATEMENT:  insert into "activity_log" ("log_name", "properties", "batch_uuid", "event", "subject_id", "subject_type", "description", "id", "updated_at", "created_at") values ($1, $2, $3, $4, $5, $6, $7, $8, $9, $10)
2025-08-28T11:48:19.0899283Z  2025-08-28 11:47:56.512 UTC [1469] ERROR:  current transaction is aborted, commands ignored until end of transaction block
2025-08-28T11:48:19.0899773Z  2025-08-28 11:47:56.512 UTC [1469] STATEMENT:  DEALLOCATE pdo_stmt_00000019
2025-08-28T11:48:19.0900135Z  2025-08-28 11:47:56.801 UTC [1470] ERROR:  value too long for type character(26)
2025-08-28T11:48:19.0900914Z  2025-08-28 11:47:56.801 UTC [1470] STATEMENT:  insert into "activity_log" ("log_name", "properties", "batch_uuid", "event", "subject_id", "subject_type", "description", "id", "updated_at", "created_at") values ($1, $2, $3, $4, $5, $6, $7, $8, $9, $10)
2025-08-28T11:48:19.0901801Z  2025-08-28 11:47:56.801 UTC [1470] ERROR:  current transaction is aborted, commands ignored until end of transaction block
2025-08-28T11:48:19.0902280Z  2025-08-28 11:47:56.801 UTC [1470] STATEMENT:  DEALLOCATE pdo_stmt_00000019
2025-08-28T11:48:19.0902644Z  2025-08-28 11:47:57.110 UTC [1471] ERROR:  value too long for type character(26)
2025-08-28T11:48:19.0903615Z  2025-08-28 11:47:57.110 UTC [1471] STATEMENT:  insert into "activity_log" ("log_name", "properties", "batch_uuid", "event", "subject_id", "subject_type", "description", "id", "updated_at", "created_at") values ($1, $2, $3, $4, $5, $6, $7, $8, $9, $10)
2025-08-28T11:48:19.0904734Z  2025-08-28 11:47:57.110 UTC [1471] ERROR:  current transaction is aborted, commands ignored until end of transaction block
2025-08-28T11:48:19.0905601Z  2025-08-28 11:47:57.110 UTC [1471] STATEMENT:  DEALLOCATE pdo_stmt_0000001c
2025-08-28T11:48:19.0906033Z  2025-08-28 11:47:57.420 UTC [1472] ERROR:  value too long for type character(26)
2025-08-28T11:48:19.0906835Z  2025-08-28 11:47:57.420 UTC [1472] STATEMENT:  insert into "activity_log" ("log_name", "properties", "batch_uuid", "event", "subject_id", "subject_type", "description", "id", "updated_at", "created_at") values ($1, $2, $3, $4, $5, $6, $7, $8, $9, $10)
2025-08-28T11:48:19.0907838Z  2025-08-28 11:47:57.420 UTC [1472] ERROR:  current transaction is aborted, commands ignored until end of transaction block
2025-08-28T11:48:19.0908320Z  2025-08-28 11:47:57.420 UTC [1472] STATEMENT:  DEALLOCATE pdo_stmt_0000001c
2025-08-28T11:48:19.0908686Z  2025-08-28 11:47:57.714 UTC [1473] ERROR:  value too long for type character(26)
2025-08-28T11:48:19.0909460Z  2025-08-28 11:47:57.714 UTC [1473] STATEMENT:  insert into "activity_log" ("log_name", "properties", "batch_uuid", "event", "subject_id", "subject_type", "description", "id", "updated_at", "created_at") values ($1, $2, $3, $4, $5, $6, $7, $8, $9, $10)
2025-08-28T11:48:19.0910357Z  2025-08-28 11:47:57.714 UTC [1473] ERROR:  current transaction is aborted, commands ignored until end of transaction block
2025-08-28T11:48:19.0910840Z  2025-08-28 11:47:57.714 UTC [1473] STATEMENT:  DEALLOCATE pdo_stmt_0000001c
2025-08-28T11:48:19.0911187Z  2025-08-28 11:47:57.946 UTC [1482] FATAL:  role "root" does not exist
2025-08-28T11:48:19.0911550Z  2025-08-28 11:47:58.026 UTC [1474] ERROR:  value too long for type character(26)
2025-08-28T11:48:19.0912319Z  2025-08-28 11:47:58.026 UTC [1474] STATEMENT:  insert into "activity_log" ("log_name", "properties", "batch_uuid", "event", "subject_id", "subject_type", "description", "id", "updated_at", "created_at") values ($1, $2, $3, $4, $5, $6, $7, $8, $9, $10)
2025-08-28T11:48:19.0913419Z  2025-08-28 11:47:58.026 UTC [1474] ERROR:  current transaction is aborted, commands ignored until end of transaction block
2025-08-28T11:48:19.0913920Z  2025-08-28 11:47:58.026 UTC [1474] STATEMENT:  DEALLOCATE pdo_stmt_0000001c
2025-08-28T11:48:19.0914285Z  2025-08-28 11:47:58.320 UTC [1483] ERROR:  value too long for type character(26)
2025-08-28T11:48:19.0915038Z  2025-08-28 11:47:58.320 UTC [1483] STATEMENT:  insert into "activity_log" ("log_name", "properties", "batch_uuid", "event", "subject_id", "subject_type", "description", "id", "updated_at", "created_at") values ($1, $2, $3, $4, $5, $6, $7, $8, $9, $10)
2025-08-28T11:48:19.0915928Z  2025-08-28 11:47:58.320 UTC [1483] ERROR:  current transaction is aborted, commands ignored until end of transaction block
2025-08-28T11:48:19.0916406Z  2025-08-28 11:47:58.320 UTC [1483] STATEMENT:  DEALLOCATE pdo_stmt_0000001c
2025-08-28T11:48:19.0916763Z  2025-08-28 11:47:59.347 UTC [1487] ERROR:  value too long for type character(26)
2025-08-28T11:48:19.0917528Z  2025-08-28 11:47:59.347 UTC [1487] STATEMENT:  insert into "activity_log" ("log_name", "properties", "batch_uuid", "event", "subject_id", "subject_type", "description", "id", "updated_at", "created_at") values ($1, $2, $3, $4, $5, $6, $7, $8, $9, $10)
2025-08-28T11:48:19.0918563Z  2025-08-28 11:47:59.347 UTC [1487] ERROR:  current transaction is aborted, commands ignored until end of transaction block
2025-08-28T11:48:19.0919347Z  2025-08-28 11:47:59.347 UTC [1487] STATEMENT:  DEALLOCATE pdo_stmt_0000001c
2025-08-28T11:48:19.0919883Z  2025-08-28 11:47:59.642 UTC [1488] ERROR:  value too long for type character(26)
2025-08-28T11:48:19.0921081Z  2025-08-28 11:47:59.642 UTC [1488] STATEMENT:  insert into "activity_log" ("log_name", "properties", "batch_uuid", "event", "subject_id", "subject_type", "description", "id", "updated_at", "created_at") values ($1, $2, $3, $4, $5, $6, $7, $8, $9, $10)
2025-08-28T11:48:19.0922578Z  2025-08-28 11:47:59.642 UTC [1488] ERROR:  current transaction is aborted, commands ignored until end of transaction block
2025-08-28T11:48:19.0923589Z  2025-08-28 11:47:59.642 UTC [1488] STATEMENT:  DEALLOCATE pdo_stmt_0000001c
2025-08-28T11:48:19.0924659Z  2025-08-28 11:48:00.427 UTC [1492] ERROR:  null value in column "organization_id" of relation "oauth_clients" violates not-null constraint
2025-08-28T11:48:19.0926384Z  2025-08-28 11:48:00.427 UTC [1492] DETAIL:  Failing row contains (0198f081-932a-726e-ae90-20d62bdbc45f, null, null, Wilkinson Inc, $argon2id$v=19$m=65536,t=4,p=1$UFJmNGpiQ093UFNYQTl5Tg$FDO6cyFUUC..., null, ["https:\/\/www.thompson.com\/et-voluptatem-qui-autem-voluptas-s..., ["authorization_code","refresh_token"], f, 2025-08-28 11:48:00+00, 2025-08-28 11:48:00+00, null, null, null, null, null, null, null, null, confidential, null, all_users, null).
2025-08-28T11:48:19.0928328Z  2025-08-28 11:48:00.427 UTC [1492] STATEMENT:  insert into "oauth_clients" ("owner_id", "owner_type", "name", "secret", "redirect_uris", "grant_types", "revoked", "organization_id", "user_access_scope", "id", "updated_at", "created_at") values ($1, $2, $3, $4, $5, $6, $7, $8, $9, $10, $11, $12)
2025-08-28T11:48:19.0929327Z  2025-08-28 11:48:00.428 UTC [1492] ERROR:  current transaction is aborted, commands ignored until end of transaction block
2025-08-28T11:48:19.0929820Z  2025-08-28 11:48:00.428 UTC [1492] STATEMENT:  DEALLOCATE pdo_stmt_0000001a
2025-08-28T11:48:19.0930172Z  2025-08-28 11:48:08.046 UTC [1549] FATAL:  role "root" does not exist
2025-08-28T11:48:19.0930730Z  2025-08-28 11:48:12.788 UTC [1578] ERROR:  insert or update on table "activity_log" violates foreign key constraint "activity_log_organization_id_foreign"
2025-08-28T11:48:19.0931480Z  2025-08-28 11:48:12.788 UTC [1578] DETAIL:  Key (organization_id)=(01k3r83gn4ysvf1r72ys1ehs2h) is not present in table "organizations".
2025-08-28T11:48:19.0932475Z  2025-08-28 11:48:12.788 UTC [1578] STATEMENT:  insert into "activity_log" ("log_name", "properties", "batch_uuid", "event", "subject_id", "subject_type", "description", "id", "organization_id", "updated_at", "created_at") values ($1, $2, $3, $4, $5, $6, $7, $8, $9, $10, $11)
2025-08-28T11:48:19.0933653Z  2025-08-28 11:48:12.789 UTC [1578] ERROR:  current transaction is aborted, commands ignored until end of transaction block
2025-08-28T11:48:19.0934149Z  2025-08-28 11:48:12.789 UTC [1578] STATEMENT:  DEALLOCATE pdo_stmt_00000004
2025-08-28T11:48:19.0934722Z  2025-08-28 11:48:12.882 UTC [1579] ERROR:  insert or update on table "activity_log" violates foreign key constraint "activity_log_organization_id_foreign"
2025-08-28T11:48:19.0935463Z  2025-08-28 11:48:12.882 UTC [1579] DETAIL:  Key (organization_id)=(01k3r83gn4ysvf1r72ys1ehs2h) is not present in table "organizations".
2025-08-28T11:48:19.0936462Z  2025-08-28 11:48:12.882 UTC [1579] STATEMENT:  insert into "activity_log" ("log_name", "properties", "batch_uuid", "event", "subject_id", "subject_type", "description", "id", "organization_id", "updated_at", "created_at") values ($1, $2, $3, $4, $5, $6, $7, $8, $9, $10, $11)
2025-08-28T11:48:19.0937413Z  2025-08-28 11:48:12.883 UTC [1579] ERROR:  current transaction is aborted, commands ignored until end of transaction block
2025-08-28T11:48:19.0937898Z  2025-08-28 11:48:12.883 UTC [1579] STATEMENT:  DEALLOCATE pdo_stmt_00000004
2025-08-28T11:48:19.0938460Z  2025-08-28 11:48:12.977 UTC [1580] ERROR:  insert or update on table "activity_log" violates foreign key constraint "activity_log_organization_id_foreign"
2025-08-28T11:48:19.0939189Z  2025-08-28 11:48:12.977 UTC [1580] DETAIL:  Key (organization_id)=(01k3r83gn4ysvf1r72ys1ehs2h) is not present in table "organizations".
2025-08-28T11:48:19.0940180Z  2025-08-28 11:48:12.977 UTC [1580] STATEMENT:  insert into "activity_log" ("log_name", "properties", "batch_uuid", "event", "subject_id", "subject_type", "description", "id", "organization_id", "updated_at", "created_at") values ($1, $2, $3, $4, $5, $6, $7, $8, $9, $10, $11)
2025-08-28T11:48:19.0941124Z  2025-08-28 11:48:12.977 UTC [1580] ERROR:  current transaction is aborted, commands ignored until end of transaction block
2025-08-28T11:48:19.0941613Z  2025-08-28 11:48:12.977 UTC [1580] STATEMENT:  DEALLOCATE pdo_stmt_00000004
2025-08-28T11:48:19.0942297Z  2025-08-28 11:48:13.071 UTC [1581] ERROR:  insert or update on table "activity_log" violates foreign key constraint "activity_log_organization_id_foreign"
2025-08-28T11:48:19.0943203Z  2025-08-28 11:48:13.071 UTC [1581] DETAIL:  Key (organization_id)=(01k3r83gn4ysvf1r72ys1ehs2h) is not present in table "organizations".
2025-08-28T11:48:19.0944207Z  2025-08-28 11:48:13.071 UTC [1581] STATEMENT:  insert into "activity_log" ("log_name", "properties", "batch_uuid", "event", "subject_id", "subject_type", "description", "id", "organization_id", "updated_at", "created_at") values ($1, $2, $3, $4, $5, $6, $7, $8, $9, $10, $11)
2025-08-28T11:48:19.0945273Z  2025-08-28 11:48:13.072 UTC [1581] ERROR:  current transaction is aborted, commands ignored until end of transaction block
2025-08-28T11:48:19.0945753Z  2025-08-28 11:48:13.072 UTC [1581] STATEMENT:  DEALLOCATE pdo_stmt_00000004
2025-08-28T11:48:19.0946322Z  2025-08-28 11:48:13.164 UTC [1582] ERROR:  insert or update on table "activity_log" violates foreign key constraint "activity_log_organization_id_foreign"
2025-08-28T11:48:19.0947053Z  2025-08-28 11:48:13.164 UTC [1582] DETAIL:  Key (organization_id)=(01k3r83gn4ysvf1r72ys1ehs2h) is not present in table "organizations".
2025-08-28T11:48:19.0948033Z  2025-08-28 11:48:13.164 UTC [1582] STATEMENT:  insert into "activity_log" ("log_name", "properties", "batch_uuid", "event", "subject_id", "subject_type", "description", "id", "organization_id", "updated_at", "created_at") values ($1, $2, $3, $4, $5, $6, $7, $8, $9, $10, $11)
2025-08-28T11:48:19.0948973Z  2025-08-28 11:48:13.165 UTC [1582] ERROR:  current transaction is aborted, commands ignored until end of transaction block
2025-08-28T11:48:19.0949468Z  2025-08-28 11:48:13.165 UTC [1582] STATEMENT:  DEALLOCATE pdo_stmt_00000004
2025-08-28T11:48:19.0950041Z  2025-08-28 11:48:13.259 UTC [1583] ERROR:  insert or update on table "activity_log" violates foreign key constraint "activity_log_organization_id_foreign"
2025-08-28T11:48:19.0950786Z  2025-08-28 11:48:13.259 UTC [1583] DETAIL:  Key (organization_id)=(01k3r83gn4ysvf1r72ys1ehs2h) is not present in table "organizations".
2025-08-28T11:48:19.0951779Z  2025-08-28 11:48:13.259 UTC [1583] STATEMENT:  insert into "activity_log" ("log_name", "properties", "batch_uuid", "event", "subject_id", "subject_type", "description", "id", "organization_id", "updated_at", "created_at") values ($1, $2, $3, $4, $5, $6, $7, $8, $9, $10, $11)
2025-08-28T11:48:19.0952736Z  2025-08-28 11:48:13.259 UTC [1583] ERROR:  current transaction is aborted, commands ignored until end of transaction block
2025-08-28T11:48:19.0953336Z  2025-08-28 11:48:13.259 UTC [1583] STATEMENT:  DEALLOCATE pdo_stmt_00000004
2025-08-28T11:48:19.0953905Z  2025-08-28 11:48:13.367 UTC [1584] ERROR:  insert or update on table "activity_log" violates foreign key constraint "activity_log_organization_id_foreign"
2025-08-28T11:48:19.0954638Z  2025-08-28 11:48:13.367 UTC [1584] DETAIL:  Key (organization_id)=(01k3r83gn4ysvf1r72ys1ehs2h) is not present in table "organizations".
2025-08-28T11:48:19.0955645Z  2025-08-28 11:48:13.367 UTC [1584] STATEMENT:  insert into "activity_log" ("log_name", "properties", "batch_uuid", "event", "subject_id", "subject_type", "description", "id", "organization_id", "updated_at", "created_at") values ($1, $2, $3, $4, $5, $6, $7, $8, $9, $10, $11)
2025-08-28T11:48:19.0956602Z  2025-08-28 11:48:13.367 UTC [1584] ERROR:  current transaction is aborted, commands ignored until end of transaction block
2025-08-28T11:48:19.0957092Z  2025-08-28 11:48:13.367 UTC [1584] STATEMENT:  DEALLOCATE pdo_stmt_00000004
2025-08-28T11:48:19.0957666Z  2025-08-28 11:48:13.460 UTC [1585] ERROR:  insert or update on table "activity_log" violates foreign key constraint "activity_log_organization_id_foreign"
2025-08-28T11:48:19.0958574Z  2025-08-28 11:48:13.460 UTC [1585] DETAIL:  Key (organization_id)=(01k3r83gn4ysvf1r72ys1ehs2h) is not present in table "organizations".
2025-08-28T11:48:19.0959759Z  2025-08-28 11:48:13.460 UTC [1585] STATEMENT:  insert into "activity_log" ("log_name", "properties", "batch_uuid", "event", "subject_id", "subject_type", "description", "id", "organization_id", "updated_at", "created_at") values ($1, $2, $3, $4, $5, $6, $7, $8, $9, $10, $11)
2025-08-28T11:48:19.0960723Z  2025-08-28 11:48:13.460 UTC [1585] ERROR:  current transaction is aborted, commands ignored until end of transaction block
2025-08-28T11:48:19.0961205Z  2025-08-28 11:48:13.460 UTC [1585] STATEMENT:  DEALLOCATE pdo_stmt_00000004
2025-08-28T11:48:19.0961896Z  2025-08-28 11:48:13.552 UTC [1586] ERROR:  insert or update on table "activity_log" violates foreign key constraint "activity_log_organization_id_foreign"
2025-08-28T11:48:19.0962628Z  2025-08-28 11:48:13.552 UTC [1586] DETAIL:  Key (organization_id)=(01k3r83gn4ysvf1r72ys1ehs2h) is not present in table "organizations".
2025-08-28T11:48:19.0963730Z  2025-08-28 11:48:13.552 UTC [1586] STATEMENT:  insert into "activity_log" ("log_name", "properties", "batch_uuid", "event", "subject_id", "subject_type", "description", "id", "organization_id", "updated_at", "created_at") values ($1, $2, $3, $4, $5, $6, $7, $8, $9, $10, $11)
2025-08-28T11:48:19.0964672Z  2025-08-28 11:48:13.552 UTC [1586] ERROR:  current transaction is aborted, commands ignored until end of transaction block
2025-08-28T11:48:19.0965149Z  2025-08-28 11:48:13.552 UTC [1586] STATEMENT:  DEALLOCATE pdo_stmt_00000004
2025-08-28T11:48:19.0965712Z  2025-08-28 11:48:13.648 UTC [1587] ERROR:  insert or update on table "activity_log" violates foreign key constraint "activity_log_organization_id_foreign"
2025-08-28T11:48:19.0966443Z  2025-08-28 11:48:13.648 UTC [1587] DETAIL:  Key (organization_id)=(01k3r83gn4ysvf1r72ys1ehs2h) is not present in table "organizations".
2025-08-28T11:48:19.0967419Z  2025-08-28 11:48:13.648 UTC [1587] STATEMENT:  insert into "activity_log" ("log_name", "properties", "batch_uuid", "event", "subject_id", "subject_type", "description", "id", "organization_id", "updated_at", "created_at") values ($1, $2, $3, $4, $5, $6, $7, $8, $9, $10, $11)
2025-08-28T11:48:19.0968366Z  2025-08-28 11:48:13.648 UTC [1587] ERROR:  current transaction is aborted, commands ignored until end of transaction block
2025-08-28T11:48:19.0968839Z  2025-08-28 11:48:13.648 UTC [1587] STATEMENT:  DEALLOCATE pdo_stmt_00000004
2025-08-28T11:48:19.0969400Z  2025-08-28 11:48:13.743 UTC [1588] ERROR:  insert or update on table "activity_log" violates foreign key constraint "activity_log_organization_id_foreign"
2025-08-28T11:48:19.0970137Z  2025-08-28 11:48:13.743 UTC [1588] DETAIL:  Key (organization_id)=(01k3r83gn4ysvf1r72ys1ehs2h) is not present in table "organizations".
2025-08-28T11:48:19.0971118Z  2025-08-28 11:48:13.743 UTC [1588] STATEMENT:  insert into "activity_log" ("log_name", "properties", "batch_uuid", "event", "subject_id", "subject_type", "description", "id", "organization_id", "updated_at", "created_at") values ($1, $2, $3, $4, $5, $6, $7, $8, $9, $10, $11)
2025-08-28T11:48:19.0972059Z  2025-08-28 11:48:13.743 UTC [1588] ERROR:  current transaction is aborted, commands ignored until end of transaction block
2025-08-28T11:48:19.0972540Z  2025-08-28 11:48:13.743 UTC [1588] STATEMENT:  DEALLOCATE pdo_stmt_00000004
2025-08-28T11:48:19.0973230Z  2025-08-28 11:48:13.838 UTC [1589] ERROR:  insert or update on table "activity_log" violates foreign key constraint "activity_log_organization_id_foreign"
2025-08-28T11:48:19.0973947Z  2025-08-28 11:48:13.838 UTC [1589] DETAIL:  Key (organization_id)=(01k3r83gn4ysvf1r72ys1ehs2h) is not present in table "organizations".
2025-08-28T11:48:19.0974934Z  2025-08-28 11:48:13.838 UTC [1589] STATEMENT:  insert into "activity_log" ("log_name", "properties", "batch_uuid", "event", "subject_id", "subject_type", "description", "id", "organization_id", "updated_at", "created_at") values ($1, $2, $3, $4, $5, $6, $7, $8, $9, $10, $11)
2025-08-28T11:48:19.0975880Z  2025-08-28 11:48:13.839 UTC [1589] ERROR:  current transaction is aborted, commands ignored until end of transaction block
2025-08-28T11:48:19.0976506Z  2025-08-28 11:48:13.839 UTC [1589] STATEMENT:  DEALLOCATE pdo_stmt_00000004
2025-08-28T11:48:19.0976864Z  2025-08-28 11:48:18.148 UTC [1608] FATAL:  role "root" does not exist
2025-08-28T11:48:19.0983922Z Stop and remove container: 3c61d57abe6c46f5baa94ad22e033a84_postgres17_ab2933
2025-08-28T11:48:19.0989902Z ##[command]/usr/bin/docker rm --force fbad97637e628eb3ae30fe7c96937a85ea585ce63aeeb648645ccd01f1a518b0
2025-08-28T11:48:19.3270691Z fbad97637e628eb3ae30fe7c96937a85ea585ce63aeeb648645ccd01f1a518b0
2025-08-28T11:48:19.3318614Z Remove container network: github_network_b760c3d7f2dc4c2a869869fdd4c271d7
2025-08-28T11:48:19.3335207Z ##[command]/usr/bin/docker network rm github_network_b760c3d7f2dc4c2a869869fdd4c271d7
2025-08-28T11:48:19.4269448Z github_network_b760c3d7f2dc4c2a869869fdd4c271d7
2025-08-28T11:48:19.4332284Z Cleaning up orphan processes
